
*** Running vivado
    with args -log system_top.vds -m64 -product Vivado -mode batch -messageDb vivado.pb -notrace -source system_top.tcl



****** Vivado v2020.2 (64-bit)
  **** SW Build 3064766 on Wed Nov 18 09:12:45 MST 2020
  **** IP Build 3064653 on Wed Nov 18 14:17:31 MST 2020
    ** Copyright 1986-2020 Xilinx, Inc. All Rights Reserved.

source system_top.tcl -notrace
INFO: [IP_Flow 19-234] Refreshing IP repositories
INFO: [IP_Flow 19-1700] Loaded user IP repository 'c:/Users/Zhangshi/Desktop/my_git/e203_zs/rtl/e203'.
WARNING: [IP_Flow 19-2248] Failed to load user IP repository 'c:/Users/Zhangshi/Desktop/my_git/e203_zs/user_ip/e203'; Can't find the specified path.
If this directory should no longer be in your list of user repositories, go to the IP Settings dialog and remove it.
WARNING: [IP_Flow 19-2248] Failed to load user IP repository 'c:/Users/Zhangshi/Desktop/my_git/e203_zs/user_ip/e203_with_eaxi_ports'; Can't find the specified path.
If this directory should no longer be in your list of user repositories, go to the IP Settings dialog and remove it.
INFO: [IP_Flow 19-2313] Loaded Vivado IP repository 'E:/Xilinx/Vivado/2020.2/data/ip'.
WARNING: [IP_Flow 19-4995] The host OS only allows 260 characters in a normal path. The IP cache path is more than 80 characters. If you experience issues with IP caching, please consider changing the IP cache to a location with a shorter path. Alternately consider using the OS subst command to map part of the path to a drive letter. 
Current IP cache path is c:/Users/Zhangshi/Desktop/my_git/e203_zs/prj/e203_with_eaxi_ports/e203_with_eaxi_ports.cache/ip 
Command: synth_design -top system_top -part xc7a200tfbg484-2
Starting synth_design
Attempting to get a license for feature 'Synthesis' and/or device 'xc7a200t'
INFO: [Common 17-349] Got license for feature 'Synthesis' and/or device 'xc7a200t'
INFO: [Device 21-403] Loading part xc7a200tfbg484-2
INFO: [Synth 8-7079] Multithreading enabled for synth_design using a maximum of 2 processes.
INFO: [Synth 8-7078] Launching helper process for spawning children vivado processes
INFO: [Synth 8-7075] Helper process launched with PID 21276
WARNING: [Synth 8-2507] parameter declaration becomes local in apb_uart_sv with formal parameter declaration list [C:/Users/Zhangshi/Desktop/my_git/e203_zs/rtl/e203/perips/apb_uart/apb_uart.v:36]
WARNING: [Synth 8-2507] parameter declaration becomes local in apb_uart_sv with formal parameter declaration list [C:/Users/Zhangshi/Desktop/my_git/e203_zs/rtl/e203/perips/apb_uart/apb_uart.v:38]
WARNING: [Synth 8-2507] parameter declaration becomes local in apb_uart_sv with formal parameter declaration list [C:/Users/Zhangshi/Desktop/my_git/e203_zs/rtl/e203/perips/apb_uart/apb_uart.v:39]
---------------------------------------------------------------------------------
Starting RTL Elaboration : Time (s): cpu = 00:00:04 ; elapsed = 00:00:04 . Memory (MB): peak = 1185.422 ; gain = 44.793
---------------------------------------------------------------------------------
INFO: [Synth 8-6157] synthesizing module 'system_top' [C:/Users/Zhangshi/Desktop/my_git/e203_zs/rtl/system_top.v:3]
INFO: [Synth 8-6157] synthesizing module 'mmcm' [C:/Users/Zhangshi/Desktop/my_git/e203_zs/prj/e203_with_eaxi_ports/e203_with_eaxi_ports.runs/synth_1/.Xil/Vivado-24252-Lab/realtime/mmcm_stub.v:5]
INFO: [Synth 8-6155] done synthesizing module 'mmcm' (1#1) [C:/Users/Zhangshi/Desktop/my_git/e203_zs/prj/e203_with_eaxi_ports/e203_with_eaxi_ports.runs/synth_1/.Xil/Vivado-24252-Lab/realtime/mmcm_stub.v:5]
WARNING: [Synth 8-7071] port 'clk_out1' of module 'mmcm' is unconnected for instance 'ip_mmcm' [C:/Users/Zhangshi/Desktop/my_git/e203_zs/rtl/system_top.v:86]
WARNING: [Synth 8-7023] instance 'ip_mmcm' of module 'mmcm' has 5 connections declared, but only 4 given [C:/Users/Zhangshi/Desktop/my_git/e203_zs/rtl/system_top.v:86]
INFO: [Synth 8-6157] synthesizing module 'reset_sys' [C:/Users/Zhangshi/Desktop/my_git/e203_zs/prj/e203_with_eaxi_ports/e203_with_eaxi_ports.runs/synth_1/.Xil/Vivado-24252-Lab/realtime/reset_sys_stub.v:6]
INFO: [Synth 8-6155] done synthesizing module 'reset_sys' (2#1) [C:/Users/Zhangshi/Desktop/my_git/e203_zs/prj/e203_with_eaxi_ports/e203_with_eaxi_ports.runs/synth_1/.Xil/Vivado-24252-Lab/realtime/reset_sys_stub.v:6]
INFO: [Synth 8-6157] synthesizing module 'system' [C:/Users/Zhangshi/Desktop/my_git/e203_zs/rtl/e203/system.v:3]
INFO: [Synth 8-6157] synthesizing module 'PULLUP' [E:/Xilinx/Vivado/2020.2/scripts/rt/data/unisim_comp.v:69810]
INFO: [Synth 8-6155] done synthesizing module 'PULLUP' (3#1) [E:/Xilinx/Vivado/2020.2/scripts/rt/data/unisim_comp.v:69810]
INFO: [Synth 8-6157] synthesizing module 'IOBUF' [E:/Xilinx/Vivado/2020.2/scripts/rt/data/unisim_comp.v:36242]
	Parameter DRIVE bound to: 12 - type: integer 
	Parameter IBUF_LOW_PWR bound to: TRUE - type: string 
	Parameter IOSTANDARD bound to: DEFAULT - type: string 
	Parameter SLEW bound to: SLOW - type: string 
INFO: [Synth 8-6155] done synthesizing module 'IOBUF' (4#1) [E:/Xilinx/Vivado/2020.2/scripts/rt/data/unisim_comp.v:36242]
INFO: [Synth 8-6157] synthesizing module 'IOBUF__parameterized0' [E:/Xilinx/Vivado/2020.2/scripts/rt/data/unisim_comp.v:36242]
	Parameter DRIVE bound to: 12 - type: integer 
	Parameter IBUF_LOW_PWR bound to: TRUE - type: string 
	Parameter IOSTANDARD bound to: DEFAULT - type: string 
	Parameter SLEW bound to: SLOW - type: string 
INFO: [Synth 8-6155] done synthesizing module 'IOBUF__parameterized0' (4#1) [E:/Xilinx/Vivado/2020.2/scripts/rt/data/unisim_comp.v:36242]
INFO: [Synth 8-6157] synthesizing module 'e203_soc_top' [C:/Users/Zhangshi/Desktop/my_git/e203_zs/rtl/e203/soc/e203_soc_top.v:19]
INFO: [Synth 8-6157] synthesizing module 'e203_subsys_top' [C:/Users/Zhangshi/Desktop/my_git/e203_zs/rtl/e203/subsys/e203_subsys_top.v:31]
INFO: [Synth 8-6157] synthesizing module 'e203_subsys_main' [C:/Users/Zhangshi/Desktop/my_git/e203_zs/rtl/e203/subsys/e203_subsys_main.v:32]
INFO: [Synth 8-6157] synthesizing module 'sirv_ResetCatchAndSync_2' [C:/Users/Zhangshi/Desktop/my_git/e203_zs/rtl/e203/perips/sirv_ResetCatchAndSync_2.v:19]
INFO: [Synth 8-6157] synthesizing module 'sirv_AsyncResetRegVec_129' [C:/Users/Zhangshi/Desktop/my_git/e203_zs/rtl/e203/perips/sirv_AsyncResetRegVec_129.v:19]
INFO: [Synth 8-6157] synthesizing module 'sirv_AsyncResetReg' [C:/Users/Zhangshi/Desktop/my_git/e203_zs/rtl/e203/perips/sirv_AsyncResetReg.v:19]
INFO: [Synth 8-6155] done synthesizing module 'sirv_AsyncResetReg' (5#1) [C:/Users/Zhangshi/Desktop/my_git/e203_zs/rtl/e203/perips/sirv_AsyncResetReg.v:19]
INFO: [Synth 8-6155] done synthesizing module 'sirv_AsyncResetRegVec_129' (6#1) [C:/Users/Zhangshi/Desktop/my_git/e203_zs/rtl/e203/perips/sirv_AsyncResetRegVec_129.v:19]
INFO: [Synth 8-6155] done synthesizing module 'sirv_ResetCatchAndSync_2' (7#1) [C:/Users/Zhangshi/Desktop/my_git/e203_zs/rtl/e203/perips/sirv_ResetCatchAndSync_2.v:19]
INFO: [Synth 8-6157] synthesizing module 'e203_subsys_hclkgen' [C:/Users/Zhangshi/Desktop/my_git/e203_zs/rtl/e203/subsys/e203_subsys_hclkgen.v:31]
INFO: [Synth 8-6157] synthesizing module 'e203_subsys_pll' [C:/Users/Zhangshi/Desktop/my_git/e203_zs/rtl/e203/subsys/e203_subsys_pll.v:31]
INFO: [Synth 8-6155] done synthesizing module 'e203_subsys_pll' (8#1) [C:/Users/Zhangshi/Desktop/my_git/e203_zs/rtl/e203/subsys/e203_subsys_pll.v:31]
INFO: [Synth 8-6157] synthesizing module 'e203_subsys_hclkgen_rstsync' [C:/Users/Zhangshi/Desktop/my_git/e203_zs/rtl/e203/subsys/e203_subsys_hclkgen_rstsync.v:29]
	Parameter RST_SYNC_LEVEL bound to: 2 - type: integer 
INFO: [Synth 8-6155] done synthesizing module 'e203_subsys_hclkgen_rstsync' (9#1) [C:/Users/Zhangshi/Desktop/my_git/e203_zs/rtl/e203/subsys/e203_subsys_hclkgen_rstsync.v:29]
INFO: [Synth 8-6157] synthesizing module 'e203_subsys_pllclkdiv' [C:/Users/Zhangshi/Desktop/my_git/e203_zs/rtl/e203/subsys/e203_subsys_pllclkdiv.v:31]
INFO: [Synth 8-6157] synthesizing module 'sirv_gnrl_dfflr' [C:/Users/Zhangshi/Desktop/my_git/e203_zs/rtl/e203/general/sirv_gnrl_dffs.v:87]
	Parameter DW bound to: 6 - type: integer 
INFO: [Synth 8-6155] done synthesizing module 'sirv_gnrl_dfflr' (10#1) [C:/Users/Zhangshi/Desktop/my_git/e203_zs/rtl/e203/general/sirv_gnrl_dffs.v:87]
INFO: [Synth 8-6157] synthesizing module 'sirv_gnrl_dfflr__parameterized0' [C:/Users/Zhangshi/Desktop/my_git/e203_zs/rtl/e203/general/sirv_gnrl_dffs.v:87]
	Parameter DW bound to: 1 - type: integer 
INFO: [Synth 8-6155] done synthesizing module 'sirv_gnrl_dfflr__parameterized0' (10#1) [C:/Users/Zhangshi/Desktop/my_git/e203_zs/rtl/e203/general/sirv_gnrl_dffs.v:87]
INFO: [Synth 8-6157] synthesizing module 'e203_clkgate' [C:/Users/Zhangshi/Desktop/my_git/e203_zs/rtl/e203/core/e203_clkgate.v:28]
INFO: [Synth 8-6155] done synthesizing module 'e203_clkgate' (11#1) [C:/Users/Zhangshi/Desktop/my_git/e203_zs/rtl/e203/core/e203_clkgate.v:28]
INFO: [Synth 8-6155] done synthesizing module 'e203_subsys_pllclkdiv' (12#1) [C:/Users/Zhangshi/Desktop/my_git/e203_zs/rtl/e203/subsys/e203_subsys_pllclkdiv.v:31]
INFO: [Synth 8-6157] synthesizing module 'e203_subsys_gfcm' [C:/Users/Zhangshi/Desktop/my_git/e203_zs/rtl/e203/subsys/e203_subsys_gfcm.v:31]
	Parameter SYNC_LEVEL bound to: 3 - type: integer 
INFO: [Synth 8-6155] done synthesizing module 'e203_subsys_gfcm' (13#1) [C:/Users/Zhangshi/Desktop/my_git/e203_zs/rtl/e203/subsys/e203_subsys_gfcm.v:31]
INFO: [Synth 8-6155] done synthesizing module 'e203_subsys_hclkgen' (14#1) [C:/Users/Zhangshi/Desktop/my_git/e203_zs/rtl/e203/subsys/e203_subsys_hclkgen.v:31]
INFO: [Synth 8-6157] synthesizing module 'e203_cpu_top' [C:/Users/Zhangshi/Desktop/my_git/e203_zs/rtl/e203/core/e203_cpu_top.v:30]
INFO: [Synth 8-6157] synthesizing module 'e203_cpu' [C:/Users/Zhangshi/Desktop/my_git/e203_zs/rtl/e203/core/e203_cpu.v:30]
	Parameter MASTER bound to: 1 - type: integer 
INFO: [Synth 8-6157] synthesizing module 'e203_reset_ctrl' [C:/Users/Zhangshi/Desktop/my_git/e203_zs/rtl/e203/core/e203_reset_ctrl.v:29]
	Parameter MASTER bound to: 1 - type: integer 
	Parameter RST_SYNC_LEVEL bound to: 2 - type: integer 
INFO: [Synth 8-6155] done synthesizing module 'e203_reset_ctrl' (15#1) [C:/Users/Zhangshi/Desktop/my_git/e203_zs/rtl/e203/core/e203_reset_ctrl.v:29]
INFO: [Synth 8-6157] synthesizing module 'e203_clk_ctrl' [C:/Users/Zhangshi/Desktop/my_git/e203_zs/rtl/e203/core/e203_clk_ctrl.v:30]
INFO: [Synth 8-6157] synthesizing module 'sirv_gnrl_dffr' [C:/Users/Zhangshi/Desktop/my_git/e203_zs/rtl/e203/general/sirv_gnrl_dffs.v:209]
	Parameter DW bound to: 1 - type: integer 
INFO: [Synth 8-6155] done synthesizing module 'sirv_gnrl_dffr' (16#1) [C:/Users/Zhangshi/Desktop/my_git/e203_zs/rtl/e203/general/sirv_gnrl_dffs.v:209]
INFO: [Synth 8-6155] done synthesizing module 'e203_clk_ctrl' (17#1) [C:/Users/Zhangshi/Desktop/my_git/e203_zs/rtl/e203/core/e203_clk_ctrl.v:30]
INFO: [Synth 8-6157] synthesizing module 'e203_irq_sync' [C:/Users/Zhangshi/Desktop/my_git/e203_zs/rtl/e203/core/e203_irq_sync.v:29]
	Parameter MASTER bound to: 1 - type: integer 
INFO: [Synth 8-6157] synthesizing module 'sirv_gnrl_sync' [C:/Users/Zhangshi/Desktop/my_git/e203_zs/rtl/e203/general/sirv_gnrl_bufs.v:99]
	Parameter DP bound to: 2 - type: integer 
	Parameter DW bound to: 1 - type: integer 
INFO: [Synth 8-6155] done synthesizing module 'sirv_gnrl_sync' (18#1) [C:/Users/Zhangshi/Desktop/my_git/e203_zs/rtl/e203/general/sirv_gnrl_bufs.v:99]
INFO: [Synth 8-6155] done synthesizing module 'e203_irq_sync' (19#1) [C:/Users/Zhangshi/Desktop/my_git/e203_zs/rtl/e203/core/e203_irq_sync.v:29]
INFO: [Synth 8-6157] synthesizing module 'e203_subsys_nice_core' [C:/Users/Zhangshi/Desktop/my_git/e203_zs/rtl/e203/subsys/e203_subsys_nice_core.v:28]
	Parameter ROWBUF_DP bound to: 4 - type: integer 
	Parameter ROWBUF_IDX_W bound to: 2 - type: integer 
	Parameter ROW_IDX_W bound to: 2 - type: integer 
	Parameter COL_IDX_W bound to: 4 - type: integer 
	Parameter PIPE_NUM bound to: 3 - type: integer 
	Parameter NICE_FSM_WIDTH bound to: 2 - type: integer 
	Parameter IDLE bound to: 2'b00 
	Parameter LBUF bound to: 2'b01 
	Parameter SBUF bound to: 2'b10 
	Parameter ROWSUM bound to: 2'b11 
INFO: [Synth 8-6157] synthesizing module 'sirv_gnrl_dfflr__parameterized1' [C:/Users/Zhangshi/Desktop/my_git/e203_zs/rtl/e203/general/sirv_gnrl_dffs.v:87]
	Parameter DW bound to: 32 - type: integer 
INFO: [Synth 8-6155] done synthesizing module 'sirv_gnrl_dfflr__parameterized1' (19#1) [C:/Users/Zhangshi/Desktop/my_git/e203_zs/rtl/e203/general/sirv_gnrl_dffs.v:87]
INFO: [Synth 8-6157] synthesizing module 'sirv_gnrl_dfflr__parameterized2' [C:/Users/Zhangshi/Desktop/my_git/e203_zs/rtl/e203/general/sirv_gnrl_dffs.v:87]
	Parameter DW bound to: 2 - type: integer 
INFO: [Synth 8-6155] done synthesizing module 'sirv_gnrl_dfflr__parameterized2' (19#1) [C:/Users/Zhangshi/Desktop/my_git/e203_zs/rtl/e203/general/sirv_gnrl_dffs.v:87]
INFO: [Synth 8-6155] done synthesizing module 'e203_subsys_nice_core' (20#1) [C:/Users/Zhangshi/Desktop/my_git/e203_zs/rtl/e203/subsys/e203_subsys_nice_core.v:28]
INFO: [Synth 8-6157] synthesizing module 'e203_core' [C:/Users/Zhangshi/Desktop/my_git/e203_zs/rtl/e203/core/e203_core.v:30]
INFO: [Synth 8-6157] synthesizing module 'e203_ifu' [C:/Users/Zhangshi/Desktop/my_git/e203_zs/rtl/e203/core/e203_ifu.v:29]
INFO: [Synth 8-6157] synthesizing module 'e203_ifu_ifetch' [C:/Users/Zhangshi/Desktop/my_git/e203_zs/rtl/e203/core/e203_ifu_ifetch.v:29]
INFO: [Synth 8-6157] synthesizing module 'sirv_gnrl_dffrs' [C:/Users/Zhangshi/Desktop/my_git/e203_zs/rtl/e203/general/sirv_gnrl_dffs.v:177]
	Parameter DW bound to: 1 - type: integer 
INFO: [Synth 8-6155] done synthesizing module 'sirv_gnrl_dffrs' (21#1) [C:/Users/Zhangshi/Desktop/my_git/e203_zs/rtl/e203/general/sirv_gnrl_dffs.v:177]
INFO: [Synth 8-6157] synthesizing module 'sirv_gnrl_dfflr__parameterized3' [C:/Users/Zhangshi/Desktop/my_git/e203_zs/rtl/e203/general/sirv_gnrl_dffs.v:87]
	Parameter DW bound to: 16 - type: integer 
INFO: [Synth 8-6155] done synthesizing module 'sirv_gnrl_dfflr__parameterized3' (21#1) [C:/Users/Zhangshi/Desktop/my_git/e203_zs/rtl/e203/general/sirv_gnrl_dffs.v:87]
INFO: [Synth 8-6157] synthesizing module 'sirv_gnrl_dfflr__parameterized4' [C:/Users/Zhangshi/Desktop/my_git/e203_zs/rtl/e203/general/sirv_gnrl_dffs.v:87]
	Parameter DW bound to: 5 - type: integer 
INFO: [Synth 8-6155] done synthesizing module 'sirv_gnrl_dfflr__parameterized4' (21#1) [C:/Users/Zhangshi/Desktop/my_git/e203_zs/rtl/e203/general/sirv_gnrl_dffs.v:87]
INFO: [Synth 8-6157] synthesizing module 'e203_ifu_minidec' [C:/Users/Zhangshi/Desktop/my_git/e203_zs/rtl/e203/core/e203_ifu_minidec.v:28]
INFO: [Synth 8-6157] synthesizing module 'e203_exu_decode' [C:/Users/Zhangshi/Desktop/my_git/e203_zs/rtl/e203/core/e203_exu_decode.v:29]
INFO: [Synth 8-6155] done synthesizing module 'e203_exu_decode' (22#1) [C:/Users/Zhangshi/Desktop/my_git/e203_zs/rtl/e203/core/e203_exu_decode.v:29]
INFO: [Synth 8-6155] done synthesizing module 'e203_ifu_minidec' (23#1) [C:/Users/Zhangshi/Desktop/my_git/e203_zs/rtl/e203/core/e203_ifu_minidec.v:28]
INFO: [Synth 8-6157] synthesizing module 'e203_ifu_litebpu' [C:/Users/Zhangshi/Desktop/my_git/e203_zs/rtl/e203/core/e203_ifu_litebpu.v:28]
INFO: [Synth 8-6155] done synthesizing module 'e203_ifu_litebpu' (24#1) [C:/Users/Zhangshi/Desktop/my_git/e203_zs/rtl/e203/core/e203_ifu_litebpu.v:28]
INFO: [Synth 8-6155] done synthesizing module 'e203_ifu_ifetch' (25#1) [C:/Users/Zhangshi/Desktop/my_git/e203_zs/rtl/e203/core/e203_ifu_ifetch.v:29]
INFO: [Synth 8-6157] synthesizing module 'e203_ifu_ift2icb' [C:/Users/Zhangshi/Desktop/my_git/e203_zs/rtl/e203/core/e203_ifu_ift2icb.v:30]
	Parameter ICB_STATE_WIDTH bound to: 2 - type: integer 
	Parameter ICB_STATE_IDLE bound to: 2'b00 
	Parameter ICB_STATE_1ST bound to: 2'b01 
	Parameter ICB_STATE_WAIT2ND bound to: 2'b10 
	Parameter ICB_STATE_2ND bound to: 2'b11 
INFO: [Synth 8-6157] synthesizing module 'sirv_gnrl_bypbuf' [C:/Users/Zhangshi/Desktop/my_git/e203_zs/rtl/e203/general/sirv_gnrl_bufs.v:306]
	Parameter DP bound to: 1 - type: integer 
	Parameter DW bound to: 33 - type: integer 
INFO: [Synth 8-6157] synthesizing module 'sirv_gnrl_fifo' [C:/Users/Zhangshi/Desktop/my_git/e203_zs/rtl/e203/general/sirv_gnrl_bufs.v:381]
	Parameter CUT_READY bound to: 1 - type: integer 
	Parameter MSKO bound to: 0 - type: integer 
	Parameter DP bound to: 1 - type: integer 
	Parameter DW bound to: 33 - type: integer 
INFO: [Synth 8-6157] synthesizing module 'sirv_gnrl_dffl' [C:/Users/Zhangshi/Desktop/my_git/e203_zs/rtl/e203/general/sirv_gnrl_dffs.v:133]
	Parameter DW bound to: 33 - type: integer 
INFO: [Synth 8-6155] done synthesizing module 'sirv_gnrl_dffl' (26#1) [C:/Users/Zhangshi/Desktop/my_git/e203_zs/rtl/e203/general/sirv_gnrl_dffs.v:133]
INFO: [Synth 8-6157] synthesizing module 'sirv_gnrl_dfflrs' [C:/Users/Zhangshi/Desktop/my_git/e203_zs/rtl/e203/general/sirv_gnrl_dffs.v:40]
	Parameter DW bound to: 1 - type: integer 
INFO: [Synth 8-6155] done synthesizing module 'sirv_gnrl_dfflrs' (27#1) [C:/Users/Zhangshi/Desktop/my_git/e203_zs/rtl/e203/general/sirv_gnrl_dffs.v:40]
INFO: [Synth 8-6155] done synthesizing module 'sirv_gnrl_fifo' (28#1) [C:/Users/Zhangshi/Desktop/my_git/e203_zs/rtl/e203/general/sirv_gnrl_bufs.v:381]
INFO: [Synth 8-6155] done synthesizing module 'sirv_gnrl_bypbuf' (29#1) [C:/Users/Zhangshi/Desktop/my_git/e203_zs/rtl/e203/general/sirv_gnrl_bufs.v:306]
INFO: [Synth 8-6157] synthesizing module 'sirv_gnrl_dffl__parameterized0' [C:/Users/Zhangshi/Desktop/my_git/e203_zs/rtl/e203/general/sirv_gnrl_dffs.v:133]
	Parameter DW bound to: 2 - type: integer 
INFO: [Synth 8-6155] done synthesizing module 'sirv_gnrl_dffl__parameterized0' (29#1) [C:/Users/Zhangshi/Desktop/my_git/e203_zs/rtl/e203/general/sirv_gnrl_dffs.v:133]
INFO: [Synth 8-6157] synthesizing module 'sirv_gnrl_dffl__parameterized1' [C:/Users/Zhangshi/Desktop/my_git/e203_zs/rtl/e203/general/sirv_gnrl_dffs.v:133]
	Parameter DW bound to: 16 - type: integer 
INFO: [Synth 8-6155] done synthesizing module 'sirv_gnrl_dffl__parameterized1' (29#1) [C:/Users/Zhangshi/Desktop/my_git/e203_zs/rtl/e203/general/sirv_gnrl_dffs.v:133]
INFO: [Synth 8-6155] done synthesizing module 'e203_ifu_ift2icb' (30#1) [C:/Users/Zhangshi/Desktop/my_git/e203_zs/rtl/e203/core/e203_ifu_ift2icb.v:30]
INFO: [Synth 8-6155] done synthesizing module 'e203_ifu' (31#1) [C:/Users/Zhangshi/Desktop/my_git/e203_zs/rtl/e203/core/e203_ifu.v:29]
INFO: [Synth 8-6157] synthesizing module 'e203_exu' [C:/Users/Zhangshi/Desktop/my_git/e203_zs/rtl/e203/core/e203_exu.v:29]
INFO: [Synth 8-6157] synthesizing module 'e203_exu_regfile' [C:/Users/Zhangshi/Desktop/my_git/e203_zs/rtl/e203/core/e203_exu_regfile.v:28]
INFO: [Synth 8-6157] synthesizing module 'sirv_gnrl_dffl__parameterized2' [C:/Users/Zhangshi/Desktop/my_git/e203_zs/rtl/e203/general/sirv_gnrl_dffs.v:133]
	Parameter DW bound to: 32 - type: integer 
INFO: [Synth 8-6155] done synthesizing module 'sirv_gnrl_dffl__parameterized2' (31#1) [C:/Users/Zhangshi/Desktop/my_git/e203_zs/rtl/e203/general/sirv_gnrl_dffs.v:133]
INFO: [Synth 8-6155] done synthesizing module 'e203_exu_regfile' (32#1) [C:/Users/Zhangshi/Desktop/my_git/e203_zs/rtl/e203/core/e203_exu_regfile.v:28]
INFO: [Synth 8-6157] synthesizing module 'e203_exu_disp' [C:/Users/Zhangshi/Desktop/my_git/e203_zs/rtl/e203/core/e203_exu_disp.v:29]
INFO: [Synth 8-6155] done synthesizing module 'e203_exu_disp' (33#1) [C:/Users/Zhangshi/Desktop/my_git/e203_zs/rtl/e203/core/e203_exu_disp.v:29]
INFO: [Synth 8-6157] synthesizing module 'e203_exu_oitf' [C:/Users/Zhangshi/Desktop/my_git/e203_zs/rtl/e203/core/e203_exu_oitf.v:29]
INFO: [Synth 8-6157] synthesizing module 'sirv_gnrl_dffl__parameterized3' [C:/Users/Zhangshi/Desktop/my_git/e203_zs/rtl/e203/general/sirv_gnrl_dffs.v:133]
	Parameter DW bound to: 5 - type: integer 
INFO: [Synth 8-6155] done synthesizing module 'sirv_gnrl_dffl__parameterized3' (33#1) [C:/Users/Zhangshi/Desktop/my_git/e203_zs/rtl/e203/general/sirv_gnrl_dffs.v:133]
INFO: [Synth 8-6157] synthesizing module 'sirv_gnrl_dffl__parameterized4' [C:/Users/Zhangshi/Desktop/my_git/e203_zs/rtl/e203/general/sirv_gnrl_dffs.v:133]
	Parameter DW bound to: 1 - type: integer 
INFO: [Synth 8-6155] done synthesizing module 'sirv_gnrl_dffl__parameterized4' (33#1) [C:/Users/Zhangshi/Desktop/my_git/e203_zs/rtl/e203/general/sirv_gnrl_dffs.v:133]
INFO: [Synth 8-6155] done synthesizing module 'e203_exu_oitf' (34#1) [C:/Users/Zhangshi/Desktop/my_git/e203_zs/rtl/e203/core/e203_exu_oitf.v:29]
INFO: [Synth 8-6157] synthesizing module 'e203_exu_alu' [C:/Users/Zhangshi/Desktop/my_git/e203_zs/rtl/e203/core/e203_exu_alu.v:32]
INFO: [Synth 8-6157] synthesizing module 'e203_exu_nice' [C:/Users/Zhangshi/Desktop/my_git/e203_zs/rtl/e203/core/e203_exu_nice.v:30]
INFO: [Synth 8-6157] synthesizing module 'sirv_gnrl_fifo__parameterized0' [C:/Users/Zhangshi/Desktop/my_git/e203_zs/rtl/e203/general/sirv_gnrl_bufs.v:381]
	Parameter CUT_READY bound to: 1 - type: integer 
	Parameter MSKO bound to: 0 - type: integer 
	Parameter DP bound to: 4 - type: integer 
	Parameter DW bound to: 1 - type: integer 
INFO: [Synth 8-6157] synthesizing module 'sirv_gnrl_dfflr__parameterized5' [C:/Users/Zhangshi/Desktop/my_git/e203_zs/rtl/e203/general/sirv_gnrl_dffs.v:87]
	Parameter DW bound to: 3 - type: integer 
INFO: [Synth 8-6155] done synthesizing module 'sirv_gnrl_dfflr__parameterized5' (34#1) [C:/Users/Zhangshi/Desktop/my_git/e203_zs/rtl/e203/general/sirv_gnrl_dffs.v:87]
INFO: [Synth 8-6157] synthesizing module 'sirv_gnrl_dfflr__parameterized6' [C:/Users/Zhangshi/Desktop/my_git/e203_zs/rtl/e203/general/sirv_gnrl_dffs.v:87]
	Parameter DW bound to: 4 - type: integer 
INFO: [Synth 8-6155] done synthesizing module 'sirv_gnrl_dfflr__parameterized6' (34#1) [C:/Users/Zhangshi/Desktop/my_git/e203_zs/rtl/e203/general/sirv_gnrl_dffs.v:87]
INFO: [Synth 8-6155] done synthesizing module 'sirv_gnrl_fifo__parameterized0' (34#1) [C:/Users/Zhangshi/Desktop/my_git/e203_zs/rtl/e203/general/sirv_gnrl_bufs.v:381]
INFO: [Synth 8-6155] done synthesizing module 'e203_exu_nice' (35#1) [C:/Users/Zhangshi/Desktop/my_git/e203_zs/rtl/e203/core/e203_exu_nice.v:30]
INFO: [Synth 8-6157] synthesizing module 'e203_exu_alu_csrctrl' [C:/Users/Zhangshi/Desktop/my_git/e203_zs/rtl/e203/core/e203_exu_alu_csrctrl.v:29]
INFO: [Synth 8-6155] done synthesizing module 'e203_exu_alu_csrctrl' (36#1) [C:/Users/Zhangshi/Desktop/my_git/e203_zs/rtl/e203/core/e203_exu_alu_csrctrl.v:29]
INFO: [Synth 8-6157] synthesizing module 'e203_exu_alu_bjp' [C:/Users/Zhangshi/Desktop/my_git/e203_zs/rtl/e203/core/e203_exu_alu_bjp.v:32]
INFO: [Synth 8-6155] done synthesizing module 'e203_exu_alu_bjp' (37#1) [C:/Users/Zhangshi/Desktop/my_git/e203_zs/rtl/e203/core/e203_exu_alu_bjp.v:32]
INFO: [Synth 8-6157] synthesizing module 'e203_exu_alu_lsuagu' [C:/Users/Zhangshi/Desktop/my_git/e203_zs/rtl/e203/core/e203_exu_alu_lsuagu.v:32]
	Parameter ICB_STATE_WIDTH bound to: 4 - type: integer 
	Parameter ICB_STATE_IDLE bound to: 4'b0000 
	Parameter ICB_STATE_1ST bound to: 4'b0001 
	Parameter ICB_STATE_WAIT2ND bound to: 4'b0010 
	Parameter ICB_STATE_2ND bound to: 4'b0011 
	Parameter ICB_STATE_AMOALU bound to: 4'b0100 
	Parameter ICB_STATE_AMORDY bound to: 4'b0101 
	Parameter ICB_STATE_WBCK bound to: 4'b0110 
INFO: [Synth 8-6155] done synthesizing module 'e203_exu_alu_lsuagu' (38#1) [C:/Users/Zhangshi/Desktop/my_git/e203_zs/rtl/e203/core/e203_exu_alu_lsuagu.v:32]
INFO: [Synth 8-6157] synthesizing module 'e203_exu_alu_rglr' [C:/Users/Zhangshi/Desktop/my_git/e203_zs/rtl/e203/core/e203_exu_alu_rglr.v:30]
INFO: [Synth 8-6155] done synthesizing module 'e203_exu_alu_rglr' (39#1) [C:/Users/Zhangshi/Desktop/my_git/e203_zs/rtl/e203/core/e203_exu_alu_rglr.v:30]
INFO: [Synth 8-6157] synthesizing module 'e203_exu_alu_muldiv' [C:/Users/Zhangshi/Desktop/my_git/e203_zs/rtl/e203/core/e203_exu_alu_muldiv.v:32]
	Parameter MULDIV_STATE_WIDTH bound to: 3 - type: integer 
	Parameter MULDIV_STATE_0TH bound to: 3'b000 
	Parameter MULDIV_STATE_EXEC bound to: 3'b001 
	Parameter MULDIV_STATE_REMD_CHCK bound to: 3'b010 
	Parameter MULDIV_STATE_QUOT_CORR bound to: 3'b011 
	Parameter MULDIV_STATE_REMD_CORR bound to: 3'b100 
	Parameter EXEC_CNT_W bound to: 6 - type: integer 
	Parameter EXEC_CNT_1 bound to: 6'b000001 
	Parameter EXEC_CNT_16 bound to: 6'b010000 
	Parameter EXEC_CNT_32 bound to: 6'b100000 
INFO: [Synth 8-6155] done synthesizing module 'e203_exu_alu_muldiv' (40#1) [C:/Users/Zhangshi/Desktop/my_git/e203_zs/rtl/e203/core/e203_exu_alu_muldiv.v:32]
INFO: [Synth 8-6157] synthesizing module 'e203_exu_alu_dpath' [C:/Users/Zhangshi/Desktop/my_git/e203_zs/rtl/e203/core/e203_exu_alu_dpath.v:29]
	Parameter DPATH_MUX_WIDTH bound to: 85 - type: integer 
INFO: [Synth 8-6155] done synthesizing module 'e203_exu_alu_dpath' (41#1) [C:/Users/Zhangshi/Desktop/my_git/e203_zs/rtl/e203/core/e203_exu_alu_dpath.v:29]
INFO: [Synth 8-6155] done synthesizing module 'e203_exu_alu' (42#1) [C:/Users/Zhangshi/Desktop/my_git/e203_zs/rtl/e203/core/e203_exu_alu.v:32]
INFO: [Synth 8-6157] synthesizing module 'e203_exu_longpwbck' [C:/Users/Zhangshi/Desktop/my_git/e203_zs/rtl/e203/core/e203_exu_longpwbck.v:30]
WARNING: [Synth 8-693] zero replication count - replication ignored [C:/Users/Zhangshi/Desktop/my_git/e203_zs/rtl/e203/core/e203_exu_longpwbck.v:141]
WARNING: [Synth 8-693] zero replication count - replication ignored [C:/Users/Zhangshi/Desktop/my_git/e203_zs/rtl/e203/core/e203_exu_longpwbck.v:144]
INFO: [Synth 8-6155] done synthesizing module 'e203_exu_longpwbck' (43#1) [C:/Users/Zhangshi/Desktop/my_git/e203_zs/rtl/e203/core/e203_exu_longpwbck.v:30]
INFO: [Synth 8-6157] synthesizing module 'e203_exu_wbck' [C:/Users/Zhangshi/Desktop/my_git/e203_zs/rtl/e203/core/e203_exu_wbck.v:30]
WARNING: [Synth 8-693] zero replication count - replication ignored [C:/Users/Zhangshi/Desktop/my_git/e203_zs/rtl/e203/core/e203_exu_wbck.v:93]
INFO: [Synth 8-6155] done synthesizing module 'e203_exu_wbck' (44#1) [C:/Users/Zhangshi/Desktop/my_git/e203_zs/rtl/e203/core/e203_exu_wbck.v:30]
INFO: [Synth 8-6157] synthesizing module 'e203_exu_commit' [C:/Users/Zhangshi/Desktop/my_git/e203_zs/rtl/e203/core/e203_exu_commit.v:31]
INFO: [Synth 8-6157] synthesizing module 'e203_exu_branchslv' [C:/Users/Zhangshi/Desktop/my_git/e203_zs/rtl/e203/core/e203_exu_branchslv.v:30]
INFO: [Synth 8-6155] done synthesizing module 'e203_exu_branchslv' (45#1) [C:/Users/Zhangshi/Desktop/my_git/e203_zs/rtl/e203/core/e203_exu_branchslv.v:30]
INFO: [Synth 8-6157] synthesizing module 'e203_exu_excp' [C:/Users/Zhangshi/Desktop/my_git/e203_zs/rtl/e203/core/e203_exu_excp.v:29]
INFO: [Synth 8-6155] done synthesizing module 'e203_exu_excp' (46#1) [C:/Users/Zhangshi/Desktop/my_git/e203_zs/rtl/e203/core/e203_exu_excp.v:29]
INFO: [Synth 8-6155] done synthesizing module 'e203_exu_commit' (47#1) [C:/Users/Zhangshi/Desktop/my_git/e203_zs/rtl/e203/core/e203_exu_commit.v:31]
INFO: [Synth 8-6157] synthesizing module 'e203_exu_csr' [C:/Users/Zhangshi/Desktop/my_git/e203_zs/rtl/e203/core/e203_exu_csr.v:29]
INFO: [Synth 8-6155] done synthesizing module 'e203_exu_csr' (48#1) [C:/Users/Zhangshi/Desktop/my_git/e203_zs/rtl/e203/core/e203_exu_csr.v:29]
INFO: [Synth 8-6155] done synthesizing module 'e203_exu' (49#1) [C:/Users/Zhangshi/Desktop/my_git/e203_zs/rtl/e203/core/e203_exu.v:29]
INFO: [Synth 8-6157] synthesizing module 'e203_lsu' [C:/Users/Zhangshi/Desktop/my_git/e203_zs/rtl/e203/core/e203_lsu.v:28]
INFO: [Synth 8-6157] synthesizing module 'e203_lsu_ctrl' [C:/Users/Zhangshi/Desktop/my_git/e203_zs/rtl/e203/core/e203_lsu_ctrl.v:28]
	Parameter LSU_ARBT_I_PTR_W bound to: 1 - type: integer 
	Parameter LSU_ARBT_I_NUM bound to: 2 - type: integer 
	Parameter USR_W bound to: 39 - type: integer 
	Parameter USR_PACK_EXCL bound to: 0 - type: integer 
	Parameter SPLT_FIFO_W bound to: 44 - type: integer 
INFO: [Synth 8-6157] synthesizing module 'sirv_gnrl_icb_arbt' [C:/Users/Zhangshi/Desktop/my_git/e203_zs/rtl/e203/general/sirv_gnrl_icbs.v:37]
	Parameter AW bound to: 32 - type: integer 
	Parameter DW bound to: 32 - type: integer 
	Parameter USR_W bound to: 39 - type: integer 
	Parameter ARBT_SCHEME bound to: 0 - type: integer 
	Parameter FIFO_OUTS_NUM bound to: 1 - type: integer 
	Parameter FIFO_CUT_READY bound to: 0 - type: integer 
	Parameter ARBT_NUM bound to: 2 - type: integer 
	Parameter ALLOW_0CYCL_RSP bound to: 0 - type: integer 
	Parameter ARBT_PTR_W bound to: 1 - type: integer 
INFO: [Synth 8-6157] synthesizing module 'sirv_gnrl_pipe_stage' [C:/Users/Zhangshi/Desktop/my_git/e203_zs/rtl/e203/general/sirv_gnrl_bufs.v:28]
	Parameter CUT_READY bound to: 0 - type: integer 
	Parameter DP bound to: 1 - type: integer 
	Parameter DW bound to: 1 - type: integer 
INFO: [Synth 8-6155] done synthesizing module 'sirv_gnrl_pipe_stage' (50#1) [C:/Users/Zhangshi/Desktop/my_git/e203_zs/rtl/e203/general/sirv_gnrl_bufs.v:28]
INFO: [Synth 8-6155] done synthesizing module 'sirv_gnrl_icb_arbt' (51#1) [C:/Users/Zhangshi/Desktop/my_git/e203_zs/rtl/e203/general/sirv_gnrl_icbs.v:37]
INFO: [Synth 8-6157] synthesizing module 'sirv_gnrl_pipe_stage__parameterized0' [C:/Users/Zhangshi/Desktop/my_git/e203_zs/rtl/e203/general/sirv_gnrl_bufs.v:28]
	Parameter CUT_READY bound to: 0 - type: integer 
	Parameter DP bound to: 1 - type: integer 
	Parameter DW bound to: 44 - type: integer 
INFO: [Synth 8-6157] synthesizing module 'sirv_gnrl_dffl__parameterized5' [C:/Users/Zhangshi/Desktop/my_git/e203_zs/rtl/e203/general/sirv_gnrl_dffs.v:133]
	Parameter DW bound to: 44 - type: integer 
INFO: [Synth 8-6155] done synthesizing module 'sirv_gnrl_dffl__parameterized5' (51#1) [C:/Users/Zhangshi/Desktop/my_git/e203_zs/rtl/e203/general/sirv_gnrl_dffs.v:133]
INFO: [Synth 8-6155] done synthesizing module 'sirv_gnrl_pipe_stage__parameterized0' (51#1) [C:/Users/Zhangshi/Desktop/my_git/e203_zs/rtl/e203/general/sirv_gnrl_bufs.v:28]
INFO: [Synth 8-6155] done synthesizing module 'e203_lsu_ctrl' (52#1) [C:/Users/Zhangshi/Desktop/my_git/e203_zs/rtl/e203/core/e203_lsu_ctrl.v:28]
INFO: [Synth 8-6155] done synthesizing module 'e203_lsu' (53#1) [C:/Users/Zhangshi/Desktop/my_git/e203_zs/rtl/e203/core/e203_lsu.v:28]
INFO: [Synth 8-6157] synthesizing module 'e203_biu' [C:/Users/Zhangshi/Desktop/my_git/e203_zs/rtl/e203/core/e203_biu.v:29]
	Parameter BIU_ARBT_I_NUM bound to: 2 - type: integer 
	Parameter BIU_ARBT_I_PTR_W bound to: 1 - type: integer 
	Parameter BIU_SPLT_I_NUM_0 bound to: 4 - type: integer 
	Parameter BIU_SPLT_I_NUM_1 bound to: 5 - type: integer 
	Parameter BIU_SPLT_I_NUM_2 bound to: 6 - type: integer 
	Parameter BIU_SPLT_I_NUM bound to: 6 - type: integer 
INFO: [Synth 8-6157] synthesizing module 'sirv_gnrl_icb_arbt__parameterized0' [C:/Users/Zhangshi/Desktop/my_git/e203_zs/rtl/e203/general/sirv_gnrl_icbs.v:37]
	Parameter AW bound to: 32 - type: integer 
	Parameter DW bound to: 32 - type: integer 
	Parameter USR_W bound to: 1 - type: integer 
	Parameter ARBT_SCHEME bound to: 0 - type: integer 
	Parameter FIFO_OUTS_NUM bound to: 1 - type: integer 
	Parameter FIFO_CUT_READY bound to: 1 - type: integer 
	Parameter ARBT_NUM bound to: 2 - type: integer 
	Parameter ALLOW_0CYCL_RSP bound to: 0 - type: integer 
	Parameter ARBT_PTR_W bound to: 1 - type: integer 
INFO: [Synth 8-6157] synthesizing module 'sirv_gnrl_pipe_stage__parameterized1' [C:/Users/Zhangshi/Desktop/my_git/e203_zs/rtl/e203/general/sirv_gnrl_bufs.v:28]
	Parameter CUT_READY bound to: 1 - type: integer 
	Parameter DP bound to: 1 - type: integer 
	Parameter DW bound to: 1 - type: integer 
INFO: [Synth 8-6155] done synthesizing module 'sirv_gnrl_pipe_stage__parameterized1' (53#1) [C:/Users/Zhangshi/Desktop/my_git/e203_zs/rtl/e203/general/sirv_gnrl_bufs.v:28]
INFO: [Synth 8-6155] done synthesizing module 'sirv_gnrl_icb_arbt__parameterized0' (53#1) [C:/Users/Zhangshi/Desktop/my_git/e203_zs/rtl/e203/general/sirv_gnrl_icbs.v:37]
INFO: [Synth 8-6157] synthesizing module 'sirv_gnrl_icb_buffer' [C:/Users/Zhangshi/Desktop/my_git/e203_zs/rtl/e203/general/sirv_gnrl_icbs.v:351]
	Parameter OUTS_CNT_W bound to: 1 - type: integer 
	Parameter AW bound to: 32 - type: integer 
	Parameter DW bound to: 32 - type: integer 
	Parameter CMD_CUT_READY bound to: 1 - type: integer 
	Parameter RSP_CUT_READY bound to: 1 - type: integer 
	Parameter CMD_DP bound to: 1 - type: integer 
	Parameter RSP_DP bound to: 1 - type: integer 
	Parameter USR_W bound to: 1 - type: integer 
	Parameter CMD_PACK_W bound to: 78 - type: integer 
	Parameter RSP_PACK_W bound to: 35 - type: integer 
INFO: [Synth 8-6157] synthesizing module 'sirv_gnrl_fifo__parameterized1' [C:/Users/Zhangshi/Desktop/my_git/e203_zs/rtl/e203/general/sirv_gnrl_bufs.v:381]
	Parameter CUT_READY bound to: 1 - type: integer 
	Parameter MSKO bound to: 0 - type: integer 
	Parameter DP bound to: 1 - type: integer 
	Parameter DW bound to: 78 - type: integer 
INFO: [Synth 8-6157] synthesizing module 'sirv_gnrl_dffl__parameterized6' [C:/Users/Zhangshi/Desktop/my_git/e203_zs/rtl/e203/general/sirv_gnrl_dffs.v:133]
	Parameter DW bound to: 78 - type: integer 
INFO: [Synth 8-6155] done synthesizing module 'sirv_gnrl_dffl__parameterized6' (53#1) [C:/Users/Zhangshi/Desktop/my_git/e203_zs/rtl/e203/general/sirv_gnrl_dffs.v:133]
INFO: [Synth 8-6155] done synthesizing module 'sirv_gnrl_fifo__parameterized1' (53#1) [C:/Users/Zhangshi/Desktop/my_git/e203_zs/rtl/e203/general/sirv_gnrl_bufs.v:381]
INFO: [Synth 8-6157] synthesizing module 'sirv_gnrl_fifo__parameterized2' [C:/Users/Zhangshi/Desktop/my_git/e203_zs/rtl/e203/general/sirv_gnrl_bufs.v:381]
	Parameter CUT_READY bound to: 1 - type: integer 
	Parameter MSKO bound to: 0 - type: integer 
	Parameter DP bound to: 1 - type: integer 
	Parameter DW bound to: 35 - type: integer 
INFO: [Synth 8-6157] synthesizing module 'sirv_gnrl_dffl__parameterized7' [C:/Users/Zhangshi/Desktop/my_git/e203_zs/rtl/e203/general/sirv_gnrl_dffs.v:133]
	Parameter DW bound to: 35 - type: integer 
INFO: [Synth 8-6155] done synthesizing module 'sirv_gnrl_dffl__parameterized7' (53#1) [C:/Users/Zhangshi/Desktop/my_git/e203_zs/rtl/e203/general/sirv_gnrl_dffs.v:133]
INFO: [Synth 8-6155] done synthesizing module 'sirv_gnrl_fifo__parameterized2' (53#1) [C:/Users/Zhangshi/Desktop/my_git/e203_zs/rtl/e203/general/sirv_gnrl_bufs.v:381]
INFO: [Synth 8-6155] done synthesizing module 'sirv_gnrl_icb_buffer' (54#1) [C:/Users/Zhangshi/Desktop/my_git/e203_zs/rtl/e203/general/sirv_gnrl_icbs.v:351]
INFO: [Synth 8-6157] synthesizing module 'sirv_gnrl_icb_splt' [C:/Users/Zhangshi/Desktop/my_git/e203_zs/rtl/e203/general/sirv_gnrl_icbs.v:648]
	Parameter AW bound to: 32 - type: integer 
	Parameter DW bound to: 32 - type: integer 
	Parameter FIFO_OUTS_NUM bound to: 1 - type: integer 
	Parameter FIFO_CUT_READY bound to: 1 - type: integer 
	Parameter SPLT_NUM bound to: 6 - type: integer 
	Parameter SPLT_PTR_1HOT bound to: 1 - type: integer 
	Parameter SPLT_PTR_W bound to: 6 - type: integer 
	Parameter ALLOW_DIFF bound to: 0 - type: integer 
	Parameter ALLOW_0CYCL_RSP bound to: 1 - type: integer 
	Parameter VLD_MSK_PAYLOAD bound to: 0 - type: integer 
	Parameter USR_W bound to: 1 - type: integer 
INFO: [Synth 8-6157] synthesizing module 'sirv_gnrl_pipe_stage__parameterized2' [C:/Users/Zhangshi/Desktop/my_git/e203_zs/rtl/e203/general/sirv_gnrl_bufs.v:28]
	Parameter CUT_READY bound to: 1 - type: integer 
	Parameter DP bound to: 1 - type: integer 
	Parameter DW bound to: 6 - type: integer 
INFO: [Synth 8-6157] synthesizing module 'sirv_gnrl_dffl__parameterized8' [C:/Users/Zhangshi/Desktop/my_git/e203_zs/rtl/e203/general/sirv_gnrl_dffs.v:133]
	Parameter DW bound to: 6 - type: integer 
INFO: [Synth 8-6155] done synthesizing module 'sirv_gnrl_dffl__parameterized8' (54#1) [C:/Users/Zhangshi/Desktop/my_git/e203_zs/rtl/e203/general/sirv_gnrl_dffs.v:133]
INFO: [Synth 8-6155] done synthesizing module 'sirv_gnrl_pipe_stage__parameterized2' (54#1) [C:/Users/Zhangshi/Desktop/my_git/e203_zs/rtl/e203/general/sirv_gnrl_bufs.v:28]
INFO: [Synth 8-6155] done synthesizing module 'sirv_gnrl_icb_splt' (55#1) [C:/Users/Zhangshi/Desktop/my_git/e203_zs/rtl/e203/general/sirv_gnrl_icbs.v:648]
INFO: [Synth 8-6155] done synthesizing module 'e203_biu' (56#1) [C:/Users/Zhangshi/Desktop/my_git/e203_zs/rtl/e203/core/e203_biu.v:29]
INFO: [Synth 8-6155] done synthesizing module 'e203_core' (57#1) [C:/Users/Zhangshi/Desktop/my_git/e203_zs/rtl/e203/core/e203_core.v:30]
INFO: [Synth 8-6157] synthesizing module 'e203_itcm_ctrl' [C:/Users/Zhangshi/Desktop/my_git/e203_zs/rtl/e203/core/e203_itcm_ctrl.v:31]
	Parameter ITCM_ARBT_I_NUM bound to: 2 - type: integer 
	Parameter ITCM_ARBT_I_PTR_W bound to: 1 - type: integer 
INFO: [Synth 8-6157] synthesizing module 'sirv_gnrl_icb_n2w' [C:/Users/Zhangshi/Desktop/my_git/e203_zs/rtl/e203/general/sirv_gnrl_icbs.v:503]
	Parameter AW bound to: 16 - type: integer 
	Parameter USR_W bound to: 1 - type: integer 
	Parameter FIFO_OUTS_NUM bound to: 1 - type: integer 
	Parameter FIFO_CUT_READY bound to: 0 - type: integer 
	Parameter X_W bound to: 32 - type: integer 
	Parameter Y_W bound to: 64 - type: integer 
INFO: [Synth 8-6155] done synthesizing module 'sirv_gnrl_icb_n2w' (58#1) [C:/Users/Zhangshi/Desktop/my_git/e203_zs/rtl/e203/general/sirv_gnrl_icbs.v:503]
INFO: [Synth 8-6157] synthesizing module 'sirv_gnrl_icb_arbt__parameterized1' [C:/Users/Zhangshi/Desktop/my_git/e203_zs/rtl/e203/general/sirv_gnrl_icbs.v:37]
	Parameter AW bound to: 16 - type: integer 
	Parameter DW bound to: 64 - type: integer 
	Parameter USR_W bound to: 1 - type: integer 
	Parameter ARBT_SCHEME bound to: 0 - type: integer 
	Parameter FIFO_OUTS_NUM bound to: 1 - type: integer 
	Parameter FIFO_CUT_READY bound to: 0 - type: integer 
	Parameter ARBT_NUM bound to: 2 - type: integer 
	Parameter ALLOW_0CYCL_RSP bound to: 0 - type: integer 
	Parameter ARBT_PTR_W bound to: 1 - type: integer 
INFO: [Synth 8-6155] done synthesizing module 'sirv_gnrl_icb_arbt__parameterized1' (58#1) [C:/Users/Zhangshi/Desktop/my_git/e203_zs/rtl/e203/general/sirv_gnrl_icbs.v:37]
INFO: [Synth 8-6157] synthesizing module 'sirv_sram_icb_ctrl' [C:/Users/Zhangshi/Desktop/my_git/e203_zs/rtl/e203/general/sirv_sram_icb_ctrl.v:29]
	Parameter DW bound to: 64 - type: integer 
	Parameter MW bound to: 8 - type: integer 
	Parameter AW bound to: 16 - type: integer 
	Parameter AW_LSB bound to: 3 - type: integer 
	Parameter USR_W bound to: 2 - type: integer 
	Parameter BUF_CMD_PACK_W bound to: 91 - type: integer 
INFO: [Synth 8-6157] synthesizing module 'sirv_gnrl_bypbuf__parameterized0' [C:/Users/Zhangshi/Desktop/my_git/e203_zs/rtl/e203/general/sirv_gnrl_bufs.v:306]
	Parameter DP bound to: 1 - type: integer 
	Parameter DW bound to: 91 - type: integer 
INFO: [Synth 8-6157] synthesizing module 'sirv_gnrl_fifo__parameterized3' [C:/Users/Zhangshi/Desktop/my_git/e203_zs/rtl/e203/general/sirv_gnrl_bufs.v:381]
	Parameter CUT_READY bound to: 1 - type: integer 
	Parameter MSKO bound to: 0 - type: integer 
	Parameter DP bound to: 1 - type: integer 
	Parameter DW bound to: 91 - type: integer 
INFO: [Synth 8-6157] synthesizing module 'sirv_gnrl_dffl__parameterized9' [C:/Users/Zhangshi/Desktop/my_git/e203_zs/rtl/e203/general/sirv_gnrl_dffs.v:133]
	Parameter DW bound to: 91 - type: integer 
INFO: [Synth 8-6155] done synthesizing module 'sirv_gnrl_dffl__parameterized9' (58#1) [C:/Users/Zhangshi/Desktop/my_git/e203_zs/rtl/e203/general/sirv_gnrl_dffs.v:133]
INFO: [Synth 8-6155] done synthesizing module 'sirv_gnrl_fifo__parameterized3' (58#1) [C:/Users/Zhangshi/Desktop/my_git/e203_zs/rtl/e203/general/sirv_gnrl_bufs.v:381]
INFO: [Synth 8-6155] done synthesizing module 'sirv_gnrl_bypbuf__parameterized0' (58#1) [C:/Users/Zhangshi/Desktop/my_git/e203_zs/rtl/e203/general/sirv_gnrl_bufs.v:306]
INFO: [Synth 8-6157] synthesizing module 'sirv_1cyc_sram_ctrl' [C:/Users/Zhangshi/Desktop/my_git/e203_zs/rtl/e203/general/sirv_1cyc_sram_ctrl.v:29]
	Parameter DW bound to: 64 - type: integer 
	Parameter MW bound to: 8 - type: integer 
	Parameter AW bound to: 16 - type: integer 
	Parameter AW_LSB bound to: 3 - type: integer 
	Parameter USR_W bound to: 2 - type: integer 
INFO: [Synth 8-6157] synthesizing module 'sirv_gnrl_pipe_stage__parameterized3' [C:/Users/Zhangshi/Desktop/my_git/e203_zs/rtl/e203/general/sirv_gnrl_bufs.v:28]
	Parameter CUT_READY bound to: 0 - type: integer 
	Parameter DP bound to: 1 - type: integer 
	Parameter DW bound to: 2 - type: integer 
INFO: [Synth 8-6155] done synthesizing module 'sirv_gnrl_pipe_stage__parameterized3' (58#1) [C:/Users/Zhangshi/Desktop/my_git/e203_zs/rtl/e203/general/sirv_gnrl_bufs.v:28]
INFO: [Synth 8-6155] done synthesizing module 'sirv_1cyc_sram_ctrl' (59#1) [C:/Users/Zhangshi/Desktop/my_git/e203_zs/rtl/e203/general/sirv_1cyc_sram_ctrl.v:29]
INFO: [Synth 8-6155] done synthesizing module 'sirv_sram_icb_ctrl' (60#1) [C:/Users/Zhangshi/Desktop/my_git/e203_zs/rtl/e203/general/sirv_sram_icb_ctrl.v:29]
INFO: [Synth 8-6155] done synthesizing module 'e203_itcm_ctrl' (61#1) [C:/Users/Zhangshi/Desktop/my_git/e203_zs/rtl/e203/core/e203_itcm_ctrl.v:31]
INFO: [Synth 8-6157] synthesizing module 'e203_dtcm_ctrl' [C:/Users/Zhangshi/Desktop/my_git/e203_zs/rtl/e203/core/e203_dtcm_ctrl.v:31]
	Parameter DTCM_ARBT_I_NUM bound to: 2 - type: integer 
	Parameter DTCM_ARBT_I_PTR_W bound to: 1 - type: integer 
INFO: [Synth 8-6157] synthesizing module 'sirv_gnrl_icb_arbt__parameterized2' [C:/Users/Zhangshi/Desktop/my_git/e203_zs/rtl/e203/general/sirv_gnrl_icbs.v:37]
	Parameter AW bound to: 16 - type: integer 
	Parameter DW bound to: 32 - type: integer 
	Parameter USR_W bound to: 1 - type: integer 
	Parameter ARBT_SCHEME bound to: 0 - type: integer 
	Parameter FIFO_OUTS_NUM bound to: 1 - type: integer 
	Parameter FIFO_CUT_READY bound to: 0 - type: integer 
	Parameter ARBT_NUM bound to: 2 - type: integer 
	Parameter ALLOW_0CYCL_RSP bound to: 0 - type: integer 
	Parameter ARBT_PTR_W bound to: 1 - type: integer 
INFO: [Synth 8-6155] done synthesizing module 'sirv_gnrl_icb_arbt__parameterized2' (61#1) [C:/Users/Zhangshi/Desktop/my_git/e203_zs/rtl/e203/general/sirv_gnrl_icbs.v:37]
INFO: [Synth 8-6157] synthesizing module 'sirv_sram_icb_ctrl__parameterized0' [C:/Users/Zhangshi/Desktop/my_git/e203_zs/rtl/e203/general/sirv_sram_icb_ctrl.v:29]
INFO: [Common 17-14] Message 'Synth 8-6157' appears 100 times and further instances of the messages will be disabled. Use the Tcl command set_msg_config to change the current settings.
	Parameter DW bound to: 32 - type: integer 
	Parameter MW bound to: 4 - type: integer 
	Parameter AW bound to: 16 - type: integer 
	Parameter AW_LSB bound to: 2 - type: integer 
	Parameter USR_W bound to: 1 - type: integer 
	Parameter BUF_CMD_PACK_W bound to: 54 - type: integer 
	Parameter DP bound to: 1 - type: integer 
	Parameter DW bound to: 54 - type: integer 
	Parameter CUT_READY bound to: 1 - type: integer 
	Parameter MSKO bound to: 0 - type: integer 
	Parameter DP bound to: 1 - type: integer 
	Parameter DW bound to: 54 - type: integer 
	Parameter DW bound to: 54 - type: integer 
INFO: [Synth 8-6155] done synthesizing module 'sirv_gnrl_dffl__parameterized10' (61#1) [C:/Users/Zhangshi/Desktop/my_git/e203_zs/rtl/e203/general/sirv_gnrl_dffs.v:133]
INFO: [Synth 8-6155] done synthesizing module 'sirv_gnrl_fifo__parameterized4' (61#1) [C:/Users/Zhangshi/Desktop/my_git/e203_zs/rtl/e203/general/sirv_gnrl_bufs.v:381]
INFO: [Synth 8-6155] done synthesizing module 'sirv_gnrl_bypbuf__parameterized1' (61#1) [C:/Users/Zhangshi/Desktop/my_git/e203_zs/rtl/e203/general/sirv_gnrl_bufs.v:306]
	Parameter DW bound to: 32 - type: integer 
	Parameter MW bound to: 4 - type: integer 
	Parameter AW bound to: 16 - type: integer 
	Parameter AW_LSB bound to: 2 - type: integer 
	Parameter USR_W bound to: 1 - type: integer 
INFO: [Synth 8-6155] done synthesizing module 'sirv_1cyc_sram_ctrl__parameterized0' (61#1) [C:/Users/Zhangshi/Desktop/my_git/e203_zs/rtl/e203/general/sirv_1cyc_sram_ctrl.v:29]
INFO: [Synth 8-6155] done synthesizing module 'sirv_sram_icb_ctrl__parameterized0' (61#1) [C:/Users/Zhangshi/Desktop/my_git/e203_zs/rtl/e203/general/sirv_sram_icb_ctrl.v:29]
INFO: [Synth 8-6155] done synthesizing module 'e203_dtcm_ctrl' (62#1) [C:/Users/Zhangshi/Desktop/my_git/e203_zs/rtl/e203/core/e203_dtcm_ctrl.v:31]
INFO: [Synth 8-6155] done synthesizing module 'e203_cpu' (63#1) [C:/Users/Zhangshi/Desktop/my_git/e203_zs/rtl/e203/core/e203_cpu.v:30]
	Parameter DP bound to: 8192 - type: integer 
	Parameter DW bound to: 64 - type: integer 
	Parameter FORCE_X2ZERO bound to: 0 - type: integer 
	Parameter MW bound to: 8 - type: integer 
	Parameter AW bound to: 13 - type: integer 
	Parameter DP bound to: 8192 - type: integer 
	Parameter FORCE_X2ZERO bound to: 1'b0 
	Parameter DW bound to: 64 - type: integer 
	Parameter MW bound to: 8 - type: integer 
	Parameter AW bound to: 13 - type: integer 
INFO: [Synth 8-6155] done synthesizing module 'sirv_sim_ram' (64#1) [C:/Users/Zhangshi/Desktop/my_git/e203_zs/rtl/e203/general/sirv_sim_ram.v:27]
INFO: [Synth 8-6155] done synthesizing module 'sirv_gnrl_ram' (65#1) [C:/Users/Zhangshi/Desktop/my_git/e203_zs/rtl/e203/general/sirv_gnrl_ram.v:28]
INFO: [Common 17-14] Message 'Synth 8-6155' appears 100 times and further instances of the messages will be disabled. Use the Tcl command set_msg_config to change the current settings.
	Parameter DP bound to: 16384 - type: integer 
	Parameter DW bound to: 32 - type: integer 
	Parameter FORCE_X2ZERO bound to: 1 - type: integer 
	Parameter MW bound to: 4 - type: integer 
	Parameter AW bound to: 14 - type: integer 
	Parameter DP bound to: 16384 - type: integer 
	Parameter FORCE_X2ZERO bound to: 1'b0 
	Parameter DW bound to: 32 - type: integer 
	Parameter MW bound to: 4 - type: integer 
	Parameter AW bound to: 14 - type: integer 
	Parameter PLIC_IRQ_NUM bound to: 17 - type: integer 
	Parameter PLIC_PRIO_WIDTH bound to: 3 - type: integer 
	Parameter PLIC_IRQ_NUM bound to: 17 - type: integer 
	Parameter PLIC_IRQ_NUM_LOG2 bound to: 6 - type: integer 
	Parameter PLIC_ICB_RSP_FLOP bound to: 1 - type: integer 
	Parameter PLIC_IRQ_I_FLOP bound to: 1 - type: integer 
	Parameter PLIC_IRQ_O_FLOP bound to: 1 - type: integer 
	Parameter PLIC_PEND_ARRAY bound to: 1 - type: integer 
	Parameter DW bound to: 17 - type: integer 
	Parameter DW bound to: 6 - type: integer 
	Parameter DW bound to: 3 - type: integer 
	Parameter CUT_READY bound to: 1 - type: integer 
	Parameter DP bound to: 1 - type: integer 
	Parameter DW bound to: 32 - type: integer 
	Parameter CMD_PACK_W bound to: 65 - type: integer 
	Parameter RSP_PACK_W bound to: 33 - type: integer 
	Parameter ICB_FIFO_DP bound to: 2 - type: integer 
	Parameter ICB_FIFO_CUT_READY bound to: 1 - type: integer 
	Parameter AW bound to: 32 - type: integer 
	Parameter DW bound to: 32 - type: integer 
	Parameter SPLT_FIFO_OUTS_NUM bound to: 1 - type: integer 
	Parameter SPLT_FIFO_CUT_READY bound to: 1 - type: integer 
	Parameter O0_BASE_ADDR bound to: 268435456 - type: integer 
	Parameter O0_BASE_REGION_LSB bound to: 15 - type: integer 
	Parameter O1_BASE_ADDR bound to: 268468224 - type: integer 
	Parameter O1_BASE_REGION_LSB bound to: 12 - type: integer 
	Parameter O2_BASE_ADDR bound to: 268509184 - type: integer 
	Parameter O2_BASE_REGION_LSB bound to: 12 - type: integer 
	Parameter O3_BASE_ADDR bound to: 268513280 - type: integer 
	Parameter O3_BASE_REGION_LSB bound to: 12 - type: integer 
	Parameter O4_BASE_ADDR bound to: 268517376 - type: integer 
	Parameter O4_BASE_REGION_LSB bound to: 12 - type: integer 
	Parameter O5_BASE_ADDR bound to: 268521472 - type: integer 
	Parameter O5_BASE_REGION_LSB bound to: 12 - type: integer 
	Parameter O6_BASE_ADDR bound to: 268578816 - type: integer 
	Parameter O6_BASE_REGION_LSB bound to: 12 - type: integer 
	Parameter O7_BASE_ADDR bound to: 268582912 - type: integer 
	Parameter O7_BASE_REGION_LSB bound to: 12 - type: integer 
	Parameter O8_BASE_ADDR bound to: 268587008 - type: integer 
	Parameter O8_BASE_REGION_LSB bound to: 12 - type: integer 
	Parameter O9_BASE_ADDR bound to: 268644352 - type: integer 
	Parameter O9_BASE_REGION_LSB bound to: 12 - type: integer 
	Parameter O10_BASE_ADDR bound to: 268648448 - type: integer 
	Parameter O10_BASE_REGION_LSB bound to: 12 - type: integer 
	Parameter O11_BASE_ADDR bound to: 268652544 - type: integer 
	Parameter O11_BASE_REGION_LSB bound to: 12 - type: integer 
	Parameter O12_BASE_ADDR bound to: 285212672 - type: integer 
	Parameter O12_BASE_REGION_LSB bound to: 24 - type: integer 
	Parameter O13_BASE_ADDR bound to: 268697600 - type: integer 
	Parameter O13_BASE_REGION_LSB bound to: 12 - type: integer 
	Parameter O14_BASE_ADDR bound to: 268701696 - type: integer 
	Parameter O14_BASE_REGION_LSB bound to: 12 - type: integer 
	Parameter O15_BASE_ADDR bound to: 268705792 - type: integer 
	Parameter O15_BASE_REGION_LSB bound to: 3 - type: integer 
	Parameter BASE_REGION_MSB bound to: 31 - type: integer 
	Parameter SPLT_I_NUM bound to: 17 - type: integer 
	Parameter OUTS_CNT_W bound to: 1 - type: integer 
	Parameter AW bound to: 32 - type: integer 
	Parameter DW bound to: 32 - type: integer 
	Parameter CMD_CUT_READY bound to: 1 - type: integer 
	Parameter RSP_CUT_READY bound to: 1 - type: integer 
	Parameter CMD_DP bound to: 2 - type: integer 
	Parameter RSP_DP bound to: 2 - type: integer 
	Parameter USR_W bound to: 1 - type: integer 
	Parameter CMD_PACK_W bound to: 78 - type: integer 
	Parameter RSP_PACK_W bound to: 35 - type: integer 
	Parameter CUT_READY bound to: 1 - type: integer 
	Parameter MSKO bound to: 0 - type: integer 
	Parameter DP bound to: 2 - type: integer 
	Parameter DW bound to: 78 - type: integer 
	Parameter CUT_READY bound to: 1 - type: integer 
	Parameter MSKO bound to: 0 - type: integer 
	Parameter DP bound to: 2 - type: integer 
	Parameter DW bound to: 35 - type: integer 
	Parameter AW bound to: 32 - type: integer 
	Parameter DW bound to: 32 - type: integer 
	Parameter FIFO_OUTS_NUM bound to: 1 - type: integer 
	Parameter FIFO_CUT_READY bound to: 1 - type: integer 
	Parameter SPLT_NUM bound to: 17 - type: integer 
	Parameter SPLT_PTR_1HOT bound to: 1 - type: integer 
	Parameter SPLT_PTR_W bound to: 17 - type: integer 
	Parameter ALLOW_DIFF bound to: 0 - type: integer 
	Parameter ALLOW_0CYCL_RSP bound to: 1 - type: integer 
	Parameter VLD_MSK_PAYLOAD bound to: 1 - type: integer 
	Parameter USR_W bound to: 1 - type: integer 
	Parameter CUT_READY bound to: 1 - type: integer 
	Parameter DP bound to: 1 - type: integer 
	Parameter DW bound to: 17 - type: integer 
	Parameter DW bound to: 17 - type: integer 
