Copyright 1986-2020 Xilinx, Inc. All Rights Reserved.
---------------------------------------------------------------------------------------------------------------
| Tool Version : Vivado v.2020.2 (win64) Build 3064766 Wed Nov 18 09:12:45 MST 2020
| Date         : Mon Feb  3 23:43:30 2025
| Host         : Lab running 64-bit major release  (build 9200)
| Command      : report_utilization -file system_top_utilization_synth.rpt -pb system_top_utilization_synth.pb
| Design       : system_top
| Device       : 7a200tfbg484-2
| Design State : Synthesized
---------------------------------------------------------------------------------------------------------------

Utilization Design Information

Table of Contents
-----------------
1. Slice Logic
1.1 Summary of Registers by Type
2. Memory
3. DSP
4. IO and GT Specific
5. Clocking
6. Specific Feature
7. Primitives
8. Black Boxes
9. Instantiated Netlists

1. Slice Logic
--------------

+----------------------------+-------+-------+-----------+-------+
|          Site Type         |  Used | Fixed | Available | Util% |
+----------------------------+-------+-------+-----------+-------+
| Slice LUTs*                | 11328 |     0 |    134600 |  8.42 |
|   LUT as Logic             | 11312 |     0 |    134600 |  8.40 |
|   LUT as Memory            |    16 |     0 |     46200 |  0.03 |
|     LUT as Distributed RAM |    16 |     0 |           |       |
|     LUT as Shift Register  |     0 |     0 |           |       |
| Slice Registers            | 11261 |     0 |    269200 |  4.18 |
|   Register as Flip Flop    | 11237 |     0 |    269200 |  4.17 |
|   Register as Latch        |    24 |     0 |    269200 | <0.01 |
| F7 Muxes                   |   529 |     0 |     67300 |  0.79 |
| F8 Muxes                   |   119 |     0 |     33650 |  0.35 |
+----------------------------+-------+-------+-----------+-------+
* Warning! The Final LUT count, after physical optimizations and full implementation, is typically lower. Run opt_design after synthesis, if not already completed, for a more realistic count.


1.1 Summary of Registers by Type
--------------------------------

+-------+--------------+-------------+--------------+
| Total | Clock Enable | Synchronous | Asynchronous |
+-------+--------------+-------------+--------------+
| 0     |            _ |           - |            - |
| 0     |            _ |           - |          Set |
| 0     |            _ |           - |        Reset |
| 0     |            _ |         Set |            - |
| 0     |            _ |       Reset |            - |
| 0     |          Yes |           - |            - |
| 410   |          Yes |           - |          Set |
| 8107  |          Yes |           - |        Reset |
| 51    |          Yes |         Set |            - |
| 2693  |          Yes |       Reset |            - |
+-------+--------------+-------------+--------------+


2. Memory
---------

+-------------------+------+-------+-----------+-------+
|     Site Type     | Used | Fixed | Available | Util% |
+-------------------+------+-------+-----------+-------+
| Block RAM Tile    |   32 |     0 |       365 |  8.77 |
|   RAMB36/FIFO*    |   32 |     0 |       365 |  8.77 |
|     RAMB36E1 only |   32 |       |           |       |
|   RAMB18          |    0 |     0 |       730 |  0.00 |
+-------------------+------+-------+-----------+-------+
* Note: Each Block RAM Tile only has one FIFO logic available and therefore can accommodate only one FIFO36E1 or one FIFO18E1. However, if a FIFO18E1 occupies a Block RAM Tile, that tile can still accommodate a RAMB18E1


3. DSP
------

+-----------+------+-------+-----------+-------+
| Site Type | Used | Fixed | Available | Util% |
+-----------+------+-------+-----------+-------+
| DSPs      |    0 |     0 |       740 |  0.00 |
+-----------+------+-------+-----------+-------+


4. IO and GT Specific
---------------------

+-----------------------------+------+-------+-----------+-------+
|          Site Type          | Used | Fixed | Available | Util% |
+-----------------------------+------+-------+-----------+-------+
| Bonded IOB                  |   80 |     0 |       285 | 28.07 |
| Bonded IPADs                |    0 |     0 |        14 |  0.00 |
| Bonded OPADs                |    0 |     0 |         8 |  0.00 |
| PHY_CONTROL                 |    0 |     0 |        10 |  0.00 |
| PHASER_REF                  |    0 |     0 |        10 |  0.00 |
| OUT_FIFO                    |    0 |     0 |        40 |  0.00 |
| IN_FIFO                     |    0 |     0 |        40 |  0.00 |
| IDELAYCTRL                  |    0 |     0 |        10 |  0.00 |
| IBUFDS                      |    0 |     0 |       274 |  0.00 |
| GTPE2_CHANNEL               |    0 |     0 |         4 |  0.00 |
| PHASER_OUT/PHASER_OUT_PHY   |    0 |     0 |        40 |  0.00 |
| PHASER_IN/PHASER_IN_PHY     |    0 |     0 |        40 |  0.00 |
| IDELAYE2/IDELAYE2_FINEDELAY |    0 |     0 |       500 |  0.00 |
| IBUFDS_GTE2                 |    0 |     0 |         2 |  0.00 |
| ILOGIC                      |    0 |     0 |       285 |  0.00 |
| OLOGIC                      |    0 |     0 |       285 |  0.00 |
+-----------------------------+------+-------+-----------+-------+


5. Clocking
-----------

+------------+------+-------+-----------+-------+
|  Site Type | Used | Fixed | Available | Util% |
+------------+------+-------+-----------+-------+
| BUFGCTRL   |    2 |     0 |        32 |  6.25 |
| BUFIO      |    0 |     0 |        40 |  0.00 |
| MMCME2_ADV |    0 |     0 |        10 |  0.00 |
| PLLE2_ADV  |    0 |     0 |        10 |  0.00 |
| BUFMRCE    |    0 |     0 |        20 |  0.00 |
| BUFHCE     |    0 |     0 |       120 |  0.00 |
| BUFR       |    0 |     0 |        40 |  0.00 |
+------------+------+-------+-----------+-------+


6. Specific Feature
-------------------

+-------------+------+-------+-----------+-------+
|  Site Type  | Used | Fixed | Available | Util% |
+-------------+------+-------+-----------+-------+
| BSCANE2     |    0 |     0 |         4 |  0.00 |
| CAPTUREE2   |    0 |     0 |         1 |  0.00 |
| DNA_PORT    |    0 |     0 |         1 |  0.00 |
| EFUSE_USR   |    0 |     0 |         1 |  0.00 |
| FRAME_ECCE2 |    0 |     0 |         1 |  0.00 |
| ICAPE2      |    0 |     0 |         2 |  0.00 |
| PCIE_2_1    |    0 |     0 |         1 |  0.00 |
| STARTUPE2   |    0 |     0 |         1 |  0.00 |
| XADC        |    0 |     0 |         1 |  0.00 |
+-------------+------+-------+-----------+-------+


7. Primitives
-------------

+----------+------+---------------------+
| Ref Name | Used | Functional Category |
+----------+------+---------------------+
| FDCE     | 8083 |        Flop & Latch |
| LUT6     | 6144 |                 LUT |
| FDRE     | 2693 |        Flop & Latch |
| LUT5     | 2473 |                 LUT |
| LUT4     | 1567 |                 LUT |
| LUT3     | 1265 |                 LUT |
| LUT2     |  947 |                 LUT |
| MUXF7    |  529 |               MuxFx |
| FDPE     |  410 |        Flop & Latch |
| CARRY4   |  393 |          CarryLogic |
| LUT1     |  304 |                 LUT |
| MUXF8    |  119 |               MuxFx |
| IBUF     |   76 |                  IO |
| OBUFT    |   73 |                  IO |
| FDSE     |   51 |        Flop & Latch |
| RAMB36E1 |   32 |        Block Memory |
| RAMD32   |   24 |  Distributed Memory |
| LDCE     |   24 |        Flop & Latch |
| RAMS32   |    8 |  Distributed Memory |
| PULLUP   |    7 |                 I/O |
| OBUF     |    4 |                  IO |
| BUFG     |    2 |               Clock |
+----------+------+---------------------+


8. Black Boxes
--------------

+-----------+------+
|  Ref Name | Used |
+-----------+------+
| reset_sys |    1 |
| mmcm      |    1 |
+-----------+------+


9. Instantiated Netlists
------------------------

+----------+------+
| Ref Name | Used |
+----------+------+


