#-----------------------------------------------------------
# Vivado v2020.2 (64-bit)
# SW Build 3064766 on Wed Nov 18 09:12:45 MST 2020
# IP Build 3064653 on Wed Nov 18 14:17:31 MST 2020
# Start of session at: Wed Feb  5 15:30:46 2025
# Process ID: 13628
# Current directory: C:/Users/Zhangshi/Desktop/my_git/e203_zs/prj/e203_zs
# Command line: vivado.exe -gui_launcher_event rodinguilauncherevent2024 C:\Users\Zhangshi\Desktop\my_git\e203_zs\prj\e203_zs\e203_zs.xpr
# Log file: C:/Users/Zhangshi/Desktop/my_git/e203_zs/prj/e203_zs/vivado.log
# Journal file: C:/Users/Zhangshi/Desktop/my_git/e203_zs/prj/e203_zs\vivado.jou
#-----------------------------------------------------------
start_gui
open_project C:/Users/Zhangshi/Desktop/my_git/e203_zs/prj/e203_zs/e203_zs.xpr
INFO: [Project 1-313] Project file moved from 'C:/Users/Zhangshi/Desktop/risc-v-oppenyes/my_e203/prj/e203_zs' since last save.
WARNING: [filemgmt 56-2] Default IP Output Path : Could not find the directory 'C:/Users/Zhangshi/Desktop/my_git/e203_zs/prj/e203_zs/e203_zs.gen/sources_1', nor could it be found using path 'C:/Users/Zhangshi/Desktop/risc-v-oppenyes/my_e203/prj/e203_zs/e203_zs.gen/sources_1'.
Scanning sources...
Finished scanning sources
INFO: [IP_Flow 19-234] Refreshing IP repositories
INFO: [IP_Flow 19-1704] No user IP repositories specified
INFO: [IP_Flow 19-2313] Loaded Vivado IP repository 'E:/Xilinx/Vivado/2020.2/data/ip'.
open_project: Time (s): cpu = 00:00:20 ; elapsed = 00:00:13 . Memory (MB): peak = 1332.781 ; gain = 190.992
update_compile_order -fileset sources_1
open_hw_manager
connect_hw_server -allow_non_jtag
INFO: [Labtools 27-2285] Connecting to hw_server url TCP:localhost:3121
INFO: [Labtools 27-2222] Launching hw_server...
INFO: [Labtools 27-2221] Launch Output:

****** Xilinx hw_server v2020.2
  **** Build date : Nov 18 2020 at 10:01:48
    ** Copyright 1986-2020 Xilinx, Inc. All Rights Reserved.


INFO: [Labtools 27-3415] Connecting to cs_server url TCP:localhost:3042
INFO: [Labtools 27-3417] Launching cs_server...
INFO: [Labtools 27-2221] Launch Output:


******** Xilinx cs_server v2020.2
  ****** Build date   : Nov 04 2020-05:02:56
    **** Build number : 2020.2.1604437376
      ** Copyright 2017-2020 Xilinx, Inc. All Rights Reserved.



connect_hw_server: Time (s): cpu = 00:00:01 ; elapsed = 00:00:08 . Memory (MB): peak = 1470.152 ; gain = 0.000
open_hw_target
INFO: [Labtoolstcl 44-466] Opening hw_target localhost:3121/xilinx_tcf/Digilent/210251A08870
current_hw_device [get_hw_devices xc7a200t_0]
refresh_hw_device -update_hw_probes false [lindex [get_hw_devices xc7a200t_0] 0]
INFO: [Labtools 27-1434] Device xc7a200t (JTAG device index = 0) is programmed with a design that has no supported debug core(s) in it.
reset_run synth_1
reset_run reset_sys_synth_1
reset_run mmcm_synth_1
launch_runs impl_1 -to_step write_bitstream -jobs 16
[Wed Feb  5 15:31:48 2025] Launched reset_sys_synth_1, mmcm_synth_1, synth_1...
Run output will be captured here:
reset_sys_synth_1: C:/Users/Zhangshi/Desktop/my_git/e203_zs/prj/e203_zs/e203_zs.runs/reset_sys_synth_1/runme.log
mmcm_synth_1: C:/Users/Zhangshi/Desktop/my_git/e203_zs/prj/e203_zs/e203_zs.runs/mmcm_synth_1/runme.log
synth_1: C:/Users/Zhangshi/Desktop/my_git/e203_zs/prj/e203_zs/e203_zs.runs/synth_1/runme.log
[Wed Feb  5 15:31:48 2025] Launched impl_1...
Run output will be captured here: C:/Users/Zhangshi/Desktop/my_git/e203_zs/prj/e203_zs/e203_zs.runs/impl_1/runme.log
set_property PROBES.FILE {} [get_hw_devices xc7a200t_0]
set_property FULL_PROBES.FILE {} [get_hw_devices xc7a200t_0]
set_property PROGRAM.FILE {C:/Users/Zhangshi/Desktop/my_git/e203_zs/system_top.bit} [get_hw_devices xc7a200t_0]
program_hw_devices [get_hw_devices xc7a200t_0]
INFO: [Labtools 27-3164] End of startup status: HIGH
program_hw_devices: Time (s): cpu = 00:00:06 ; elapsed = 00:00:06 . Memory (MB): peak = 3071.578 ; gain = 0.000
refresh_hw_device [lindex [get_hw_devices xc7a200t_0] 0]
INFO: [Labtools 27-1434] Device xc7a200t (JTAG device index = 0) is programmed with a design that has no supported debug core(s) in it.
create_hw_cfgmem -hw_device [lindex [get_hw_devices xc7a200t_0] 0] [lindex [get_cfgmem_parts {mt25ql128-spi-x1_x2_x4}] 0]
set_property PROGRAM.BLANK_CHECK  0 [ get_property PROGRAM.HW_CFGMEM [lindex [get_hw_devices xc7a200t_0] 0]]
set_property PROGRAM.ERASE  1 [ get_property PROGRAM.HW_CFGMEM [lindex [get_hw_devices xc7a200t_0] 0]]
set_property PROGRAM.CFG_PROGRAM  1 [ get_property PROGRAM.HW_CFGMEM [lindex [get_hw_devices xc7a200t_0] 0]]
set_property PROGRAM.VERIFY  1 [ get_property PROGRAM.HW_CFGMEM [lindex [get_hw_devices xc7a200t_0] 0]]
set_property PROGRAM.CHECKSUM  0 [ get_property PROGRAM.HW_CFGMEM [lindex [get_hw_devices xc7a200t_0] 0]]
refresh_hw_device [lindex [get_hw_devices xc7a200t_0] 0]
INFO: [Labtools 27-1434] Device xc7a200t (JTAG device index = 0) is programmed with a design that has no supported debug core(s) in it.
set_property PROGRAM.ADDRESS_RANGE  {use_file} [ get_property PROGRAM.HW_CFGMEM [lindex [get_hw_devices xc7a200t_0] 0]]
set_property PROGRAM.FILES [list "E:/VMware/Share/system.mcs" ] [ get_property PROGRAM.HW_CFGMEM [lindex [get_hw_devices xc7a200t_0] 0]]
set_property PROGRAM.PRM_FILE {} [ get_property PROGRAM.HW_CFGMEM [lindex [get_hw_devices xc7a200t_0] 0]]
set_property PROGRAM.UNUSED_PIN_TERMINATION {pull-none} [ get_property PROGRAM.HW_CFGMEM [lindex [get_hw_devices xc7a200t_0] 0]]
set_property PROGRAM.BLANK_CHECK  0 [ get_property PROGRAM.HW_CFGMEM [lindex [get_hw_devices xc7a200t_0] 0]]
set_property PROGRAM.ERASE  1 [ get_property PROGRAM.HW_CFGMEM [lindex [get_hw_devices xc7a200t_0] 0]]
set_property PROGRAM.CFG_PROGRAM  1 [ get_property PROGRAM.HW_CFGMEM [lindex [get_hw_devices xc7a200t_0] 0]]
set_property PROGRAM.VERIFY  1 [ get_property PROGRAM.HW_CFGMEM [lindex [get_hw_devices xc7a200t_0] 0]]
set_property PROGRAM.CHECKSUM  0 [ get_property PROGRAM.HW_CFGMEM [lindex [get_hw_devices xc7a200t_0] 0]]
startgroup 
create_hw_bitstream -hw_device [lindex [get_hw_devices xc7a200t_0] 0] [get_property PROGRAM.HW_CFGMEM_BITFILE [ lindex [get_hw_devices xc7a200t_0] 0]]; program_hw_devices [lindex [get_hw_devices xc7a200t_0] 0]; refresh_hw_device [lindex [get_hw_devices xc7a200t_0] 0];
INFO: [Labtools 27-3164] End of startup status: HIGH
INFO: [Labtools 27-2302] Device xc7a200t (JTAG device index = 0) is programmed with a design that has 1 SPI core(s).
program_hw_cfgmem -hw_cfgmem [ get_property PROGRAM.HW_CFGMEM [lindex [get_hw_devices xc7a200t_0] 0]]
Mfg ID : 20   Memory Type : ba   Memory Capacity : 18   Device ID 1 : 0   Device ID 2 : 0
Performing Erase Operation...
Erase Operation successful.
Performing Program and Verify Operations...
Program/Verify Operation successful.
INFO: [Labtoolstcl 44-377] Flash programming completed successfully
program_hw_cfgmem: Time (s): cpu = 00:00:05 ; elapsed = 00:03:43 . Memory (MB): peak = 3102.906 ; gain = 31.328
endgroup
write_cfgmem  -format mcs -size 16 -interface SPIx4 -loadbit {up 0x00000000 "C:/Users/Zhangshi/Desktop/my_git/e203_zs/prj/e203_zs/e203_zs.runs/impl_1/system.bit" } -file "C:/Users/Zhangshi/Desktop/my_git/e203_zs/prj/e203_zs/system.mcs"
Command: write_cfgmem -format mcs -size 16 -interface SPIx4 -loadbit {up 0x00000000 "C:/Users/Zhangshi/Desktop/my_git/e203_zs/prj/e203_zs/e203_zs.runs/impl_1/system.bit" } -file C:/Users/Zhangshi/Desktop/my_git/e203_zs/prj/e203_zs/system.mcs
Creating config memory files...
Creating bitstream load up from address 0x00000000
Loading bitfile C:/Users/Zhangshi/Desktop/my_git/e203_zs/prj/e203_zs/e203_zs.runs/impl_1/system.bit
Writing file C:/Users/Zhangshi/Desktop/my_git/e203_zs/prj/e203_zs/system.mcs
Writing log file C:/Users/Zhangshi/Desktop/my_git/e203_zs/prj/e203_zs/system.prm
===================================
Configuration Memory information
===================================
File Format        MCS
Interface          SPIX4
Size               16M
Start Address      0x00000000
End Address        0x00FFFFFF

Addr1         Addr2         Date                    File(s)
0x00000000    0x00947A5B    Feb  5 15:41:02 2025    C:/Users/Zhangshi/Desktop/my_git/e203_zs/prj/e203_zs/e203_zs.runs/impl_1/system.bit
0 Infos, 0 Warnings, 0 Critical Warnings and 0 Errors encountered.
write_cfgmem completed successfully
set_property PROGRAM.FILES "C:/Users/Zhangshi/Desktop/my_git/e203_zs/prj/e203_zs/system.mcs" [ get_property PROGRAM.HW_CFGMEM [lindex [get_hw_devices xc7a200t_0] 0]]
set_property PROGRAM.ADDRESS_RANGE  {use_file} [ get_property PROGRAM.HW_CFGMEM [lindex [get_hw_devices xc7a200t_0] 0]]
set_property PROGRAM.FILES [list "C:/Users/Zhangshi/Desktop/my_git/e203_zs/prj/e203_zs/system.mcs" ] [ get_property PROGRAM.HW_CFGMEM [lindex [get_hw_devices xc7a200t_0] 0]]
set_property PROGRAM.PRM_FILE {} [ get_property PROGRAM.HW_CFGMEM [lindex [get_hw_devices xc7a200t_0] 0]]
set_property PROGRAM.UNUSED_PIN_TERMINATION {pull-none} [ get_property PROGRAM.HW_CFGMEM [lindex [get_hw_devices xc7a200t_0] 0]]
set_property PROGRAM.BLANK_CHECK  0 [ get_property PROGRAM.HW_CFGMEM [lindex [get_hw_devices xc7a200t_0] 0]]
set_property PROGRAM.ERASE  1 [ get_property PROGRAM.HW_CFGMEM [lindex [get_hw_devices xc7a200t_0] 0]]
set_property PROGRAM.CFG_PROGRAM  1 [ get_property PROGRAM.HW_CFGMEM [lindex [get_hw_devices xc7a200t_0] 0]]
set_property PROGRAM.VERIFY  1 [ get_property PROGRAM.HW_CFGMEM [lindex [get_hw_devices xc7a200t_0] 0]]
set_property PROGRAM.CHECKSUM  0 [ get_property PROGRAM.HW_CFGMEM [lindex [get_hw_devices xc7a200t_0] 0]]
startgroup 
create_hw_bitstream -hw_device [lindex [get_hw_devices xc7a200t_0] 0] [get_property PROGRAM.HW_CFGMEM_BITFILE [ lindex [get_hw_devices xc7a200t_0] 0]]; program_hw_devices [lindex [get_hw_devices xc7a200t_0] 0]; refresh_hw_device [lindex [get_hw_devices xc7a200t_0] 0];
INFO: [Labtools 27-3164] End of startup status: HIGH
INFO: [Labtools 27-2302] Device xc7a200t (JTAG device index = 0) is programmed with a design that has 1 SPI core(s).
program_hw_cfgmem -hw_cfgmem [ get_property PROGRAM.HW_CFGMEM [lindex [get_hw_devices xc7a200t_0] 0]]
Mfg ID : 20   Memory Type : ba   Memory Capacity : 18   Device ID 1 : 0   Device ID 2 : 0
Performing Erase Operation...
Erase Operation successful.
Performing Program and Verify Operations...
Program/Verify Operation successful.
INFO: [Labtoolstcl 44-377] Flash programming completed successfully
program_hw_cfgmem: Time (s): cpu = 00:00:03 ; elapsed = 00:03:43 . Memory (MB): peak = 3286.262 ; gain = 0.000
endgroup
exit
INFO: [Common 17-206] Exiting Vivado at Wed Feb  5 16:31:21 2025...
