Copyright 1986-2020 Xilinx, Inc. All Rights Reserved.
------------------------------------------------------------------------------------------------
| Tool Version : Vivado v.2020.2 (win64) Build 3064766 Wed Nov 18 09:12:45 MST 2020
| Date         : Sat Apr  5 17:53:49 2025
| Host         : Lab running 64-bit major release  (build 9200)
| Command      : report_clock_utilization -file system_top_wrapper_clock_utilization_routed.rpt
| Design       : system_top_wrapper
| Device       : 7a200t-fbg484
| Speed File   : -2  PRODUCTION 1.23 2018-06-13
| Design State : Routed
------------------------------------------------------------------------------------------------

Clock Utilization Report

Table of Contents
-----------------
1. Clock Primitive Utilization
2. Global Clock Resources
3. Global Clock Source Details
4. Local Clock Details
5. Clock Regions: Key Resource Utilization
6. Clock Regions : Global Clock Summary
7. Device Cell Placement Summary for Global Clock g0
8. Device Cell Placement Summary for Global Clock g1
9. Device Cell Placement Summary for Global Clock g2
10. Device Cell Placement Summary for Global Clock g3
11. Device Cell Placement Summary for Global Clock g4
12. Device Cell Placement Summary for Global Clock g5
13. Device Cell Placement Summary for Global Clock g6
14. Device Cell Placement Summary for Global Clock g7
15. Device Cell Placement Summary for Global Clock g8
16. Device Cell Placement Summary for Global Clock g9
17. Clock Region Cell Placement per Global Clock: Region X0Y1
18. Clock Region Cell Placement per Global Clock: Region X1Y1
19. Clock Region Cell Placement per Global Clock: Region X0Y2
20. Clock Region Cell Placement per Global Clock: Region X1Y2
21. Clock Region Cell Placement per Global Clock: Region X0Y3
22. Clock Region Cell Placement per Global Clock: Region X1Y3
23. Clock Region Cell Placement per Global Clock: Region X1Y4

1. Clock Primitive Utilization
------------------------------

+----------+------+-----------+-----+--------------+--------+
| Type     | Used | Available | LOC | Clock Region | Pblock |
+----------+------+-----------+-----+--------------+--------+
| BUFGCTRL |    9 |        32 |   0 |            0 |      0 |
| BUFH     |    1 |       120 |   0 |            0 |      0 |
| BUFIO    |    0 |        40 |   0 |            0 |      0 |
| BUFMR    |    0 |        20 |   0 |            0 |      0 |
| BUFR     |    0 |        40 |   0 |            0 |      0 |
| MMCM     |    2 |        10 |   1 |            0 |      0 |
| PLL      |    1 |        10 |   1 |            0 |      0 |
+----------+------+-----------+-----+--------------+--------+


2. Global Clock Resources
-------------------------

+-----------+-----------+-----------------+------------+---------------+--------------+-------------------+-------------+-----------------+--------------+--------------------------------------------------------------------------------------------+-----------------------------------------------------------------------------------------------------+--------------------------------------------------------------------------------------------+
| Global Id | Source Id | Driver Type/Pin | Constraint | Site          | Clock Region | Load Clock Region | Clock Loads | Non-Clock Loads | Clock Period | Clock                                                                                      | Driver Pin                                                                                          | Net                                                                                        |
+-----------+-----------+-----------------+------------+---------------+--------------+-------------------+-------------+-----------------+--------------+--------------------------------------------------------------------------------------------+-----------------------------------------------------------------------------------------------------+--------------------------------------------------------------------------------------------+
| g0        | src0      | BUFG/O          | None       | BUFGCTRL_X0Y3 | n/a          |                 5 |       13292 |               0 |       62.500 | clk_out2_system_top_clk_wiz_0_0                                                            | system_top_i/clk_wiz_0/inst/clkout2_buf/O                                                           | system_top_i/clk_wiz_0/inst/clk_out2                                                       |
| g1        | src1      | BUFG/O          | None       | BUFGCTRL_X0Y0 | n/a          |                 4 |        8288 |               0 |       10.000 | clk_pll_i                                                                                  | system_top_i/mig_7series_0/u_system_top_mig_7series_0_1_mig/u_ddr3_infrastructure/u_bufg_clkdiv0/O  | system_top_i/mig_7series_0/u_system_top_mig_7series_0_1_mig/u_ddr3_infrastructure/CLK      |
| g2        | src2      | BUFG/O          | None       | BUFGCTRL_X0Y4 | n/a          |                 2 |         992 |               1 |    30517.582 | sys_clk_pin                                                                                | CLK32768KHZ_IBUF_BUFG_inst/O                                                                        | CLK32768KHZ_IBUF_BUFG                                                                      |
| g3        | src3      | BUFG/O          | None       | BUFGCTRL_X0Y5 | n/a          |                 2 |         461 |               0 |       33.000 | dbg_hub/inst/BSCANID.u_xsdbm_id/SWITCH_N_EXT_BSCAN.bscan_inst/SERIES7_BSCAN.bscan_inst/TCK | dbg_hub/inst/BSCANID.u_xsdbm_id/SWITCH_N_EXT_BSCAN.u_bufg_icon_tck/O                                | dbg_hub/inst/BSCANID.u_xsdbm_id/itck_i                                                     |
| g4        | src4      | BUFG/O          | None       | BUFGCTRL_X0Y1 | n/a          |                 4 |         327 |               2 |              |                                                                                            | system_top_i/lcd_rgb_snake_0/inst/u_clk_div/clk_25m_reg_0_BUFG_inst/O                               | system_top_i/lcd_rgb_snake_0/inst/u_clk_div/clk_25m_reg_0_BUFG                             |
| g5        | src5      | BUFG/O          | None       | BUFGCTRL_X0Y6 | n/a          |                 1 |         197 |               0 |              |                                                                                            | system_top_i/system_e203_0/inst/dut_io_pads_jtag_TCK_i_ival_BUFG_inst/O                             | system_top_i/system_e203_0/inst/dut_io_pads_jtag_TCK_i_ival_BUFG                           |
| g6        | src6      | BUFG/O          | None       | BUFGCTRL_X0Y2 | n/a          |                 3 |          63 |               0 |        5.000 | clk_out1_system_top_clk_wiz_0_0                                                            | system_top_i/clk_wiz_0/inst/clkout1_buf/O                                                           | system_top_i/clk_wiz_0/inst/clk_out1                                                       |
| g7        | src7      | BUFG/O          | None       | BUFGCTRL_X0Y8 | n/a          |                 1 |           1 |               0 |       20.000 | clk_out3_system_top_clk_wiz_0_0                                                            | system_top_i/clk_wiz_0/inst/clkout3_buf/O                                                           | system_top_i/clk_wiz_0/inst/clk_out3                                                       |
| g8        | src8      | BUFG/O          | None       | BUFGCTRL_X0Y7 | n/a          |                 1 |           1 |               0 |       10.000 | clkfbout_system_top_clk_wiz_0_0                                                            | system_top_i/clk_wiz_0/inst/clkf_buf/O                                                              | system_top_i/clk_wiz_0/inst/clkfbout_buf_system_top_clk_wiz_0_0                            |
| g9        | src9      | BUFH/O          | None       | BUFHCE_X1Y24  | X1Y2         |                 1 |           1 |               0 |       10.000 | pll_clk3_out                                                                               | system_top_i/mig_7series_0/u_system_top_mig_7series_0_1_mig/u_ddr3_infrastructure/u_bufh_pll_clk3/O | system_top_i/mig_7series_0/u_system_top_mig_7series_0_1_mig/u_ddr3_infrastructure/pll_clk3 |
+-----------+-----------+-----------------+------------+---------------+--------------+-------------------+-------------+-----------------+--------------+--------------------------------------------------------------------------------------------+-----------------------------------------------------------------------------------------------------+--------------------------------------------------------------------------------------------+
* Clock Loads column represents the clock pin loads (pin count)
** Non-Clock Loads column represents the non-clock pin loads (pin count)


3. Global Clock Source Details
------------------------------

+-----------+-----------+---------------------+-----------------+-----------------+--------------+-------------+-----------------+---------------------+--------------------------------------------------------------------------------------------+------------------------------------------------------------------------------------------------------------+------------------------------------------------------------------------------------------------+
| Source Id | Global Id | Driver Type/Pin     | Constraint      | Site            | Clock Region | Clock Loads | Non-Clock Loads | Source Clock Period | Source Clock                                                                               | Driver Pin                                                                                                 | Net                                                                                            |
+-----------+-----------+---------------------+-----------------+-----------------+--------------+-------------+-----------------+---------------------+--------------------------------------------------------------------------------------------+------------------------------------------------------------------------------------------------------------+------------------------------------------------------------------------------------------------+
| src0      | g0        | MMCME2_ADV/CLKOUT1  | None            | MMCME2_ADV_X0Y2 | X0Y2         |           1 |               0 |              62.500 | clk_out2_system_top_clk_wiz_0_0                                                            | system_top_i/clk_wiz_0/inst/mmcm_adv_inst/CLKOUT1                                                          | system_top_i/clk_wiz_0/inst/clk_out2_system_top_clk_wiz_0_0                                    |
| src1      | g1        | MMCME2_ADV/CLKFBOUT | MMCME2_ADV_X1Y2 | MMCME2_ADV_X1Y2 | X1Y2         |           1 |               0 |              10.000 | clk_pll_i                                                                                  | system_top_i/mig_7series_0/u_system_top_mig_7series_0_1_mig/u_ddr3_infrastructure/gen_mmcm.mmcm_i/CLKFBOUT | system_top_i/mig_7series_0/u_system_top_mig_7series_0_1_mig/u_ddr3_infrastructure/clk_pll_i    |
| src2      | g2        | IBUF/O              | IOB_X0Y124      | IOB_X0Y124      | X0Y2         |           1 |               0 |           30517.582 | sys_clk_pin                                                                                | CLK32768KHZ_IBUF_inst/O                                                                                    | CLK32768KHZ_IBUF                                                                               |
| src3      | g3        | BSCANE2/TCK         | None            | BSCAN_X0Y0      | X0Y2         |           1 |               0 |              33.000 | dbg_hub/inst/BSCANID.u_xsdbm_id/SWITCH_N_EXT_BSCAN.bscan_inst/SERIES7_BSCAN.bscan_inst/TCK | dbg_hub/inst/BSCANID.u_xsdbm_id/SWITCH_N_EXT_BSCAN.bscan_inst/SERIES7_BSCAN.bscan_inst/TCK                 | dbg_hub/inst/BSCANID.u_xsdbm_id/SWITCH_N_EXT_BSCAN.bscan_inst/tck_bs                           |
| src4      | g4        | FDCE/Q              | None            | SLICE_X84Y108   | X1Y2         |           1 |               0 |                     |                                                                                            | system_top_i/lcd_rgb_snake_0/inst/u_clk_div/clk_25m_reg/Q                                                  | system_top_i/lcd_rgb_snake_0/inst/u_clk_div/clk_25m_reg_0                                      |
| src5      | g5        | IBUF/O              | IOB_X0Y106      | IOB_X0Y106      | X0Y2         |           1 |               0 |                     |                                                                                            | system_top_i/system_e203_0/inst/IOBUF_jtag_TCK/IBUF/O                                                      | system_top_i/system_e203_0/inst/IOBUF_jtag_TCK/O                                               |
| src6      | g6        | MMCME2_ADV/CLKOUT0  | None            | MMCME2_ADV_X0Y2 | X0Y2         |           1 |               0 |               5.000 | clk_out1_system_top_clk_wiz_0_0                                                            | system_top_i/clk_wiz_0/inst/mmcm_adv_inst/CLKOUT0                                                          | system_top_i/clk_wiz_0/inst/clk_out1_system_top_clk_wiz_0_0                                    |
| src7      | g7        | MMCME2_ADV/CLKOUT2  | None            | MMCME2_ADV_X0Y2 | X0Y2         |           1 |               0 |              20.000 | clk_out3_system_top_clk_wiz_0_0                                                            | system_top_i/clk_wiz_0/inst/mmcm_adv_inst/CLKOUT2                                                          | system_top_i/clk_wiz_0/inst/clk_out3_system_top_clk_wiz_0_0                                    |
| src8      | g8        | MMCME2_ADV/CLKFBOUT | None            | MMCME2_ADV_X0Y2 | X0Y2         |           1 |               0 |              10.000 | clkfbout_system_top_clk_wiz_0_0                                                            | system_top_i/clk_wiz_0/inst/mmcm_adv_inst/CLKFBOUT                                                         | system_top_i/clk_wiz_0/inst/clkfbout_system_top_clk_wiz_0_0                                    |
| src9      | g9        | PLLE2_ADV/CLKOUT3   | PLLE2_ADV_X1Y2  | PLLE2_ADV_X1Y2  | X1Y2         |           1 |               0 |              10.000 | pll_clk3_out                                                                               | system_top_i/mig_7series_0/u_system_top_mig_7series_0_1_mig/u_ddr3_infrastructure/plle2_i/CLKOUT3          | system_top_i/mig_7series_0/u_system_top_mig_7series_0_1_mig/u_ddr3_infrastructure/pll_clk3_out |
+-----------+-----------+---------------------+-----------------+-----------------+--------------+-------------+-----------------+---------------------+--------------------------------------------------------------------------------------------+------------------------------------------------------------------------------------------------------------+------------------------------------------------------------------------------------------------+
* Clock Loads column represents the clock pin loads (pin count)
** Non-Clock Loads column represents the non-clock pin loads (pin count)


4. Local Clock Details
----------------------

+----------+----------------------------+----------------------+-------------------------------------+--------------+-------------+-----------------+--------------+---------------+----------------------------------------------------------------------------------------------------------------------------------------------------------------------------------------------------------------------------------+-------------------------------------------------------------------------------------------------------------------------------------------------------------------------------------------------------------------------------+
| Local Id | Driver Type/Pin            | Constraint           | Site/BEL                            | Clock Region | Clock Loads | Non-Clock Loads | Clock Period | Clock         | Driver Pin                                                                                                                                                                                                                       | Net                                                                                                                                                                                                                           |
+----------+----------------------------+----------------------+-------------------------------------+--------------+-------------+-----------------+--------------+---------------+----------------------------------------------------------------------------------------------------------------------------------------------------------------------------------------------------------------------------------+-------------------------------------------------------------------------------------------------------------------------------------------------------------------------------------------------------------------------------||
| 0        | PLLE2_ADV/CLKOUT0          | PLLE2_ADV_X1Y2       | PLLE2_ADV_X1Y2/PLLE2_ADV            | X1Y2         |           9 |               4 |        1.250 | freq_refclk   | system_top_i/mig_7series_0/u_system_top_mig_7series_0_1_mig/u_ddr3_infrastructure/plle2_i/CLKOUT0                                                                                                                                | system_top_i/mig_7series_0/u_system_top_mig_7series_0_1_mig/u_ddr3_infrastructure/freq_refclk                                                                                                                                 - Static -
| 1        | PLLE2_ADV/CLKOUT1          | PLLE2_ADV_X1Y2       | PLLE2_ADV_X1Y2/PLLE2_ADV            | X1Y2         |           2 |              11 |        2.500 | mem_refclk    | system_top_i/mig_7series_0/u_system_top_mig_7series_0_1_mig/u_ddr3_infrastructure/plle2_i/CLKOUT1                                                                                                                                | system_top_i/mig_7series_0/u_system_top_mig_7series_0_1_mig/u_ddr3_infrastructure/mem_refclk                                                                                                                                  - Static -
| 2        | PHASER_OUT_PHY/OCLKDELAYED | PHASER_OUT_PHY_X1Y12 | PHASER_OUT_PHY_X1Y12/PHASER_OUT_PHY | X1Y3         |           2 |               0 |        2.500 | oserdes_clk   | system_top_i/mig_7series_0/u_system_top_mig_7series_0_1_mig/u_memc_ui_top_axi/mem_intfc0/ddr_phy_top0/u_ddr_mc_phy_wrapper/u_ddr_mc_phy/ddr_phy_4lanes_0.u_ddr_phy_4lanes/ddr_byte_lane_A.ddr_byte_lane_A/phaser_out/OCLKDELAYED | system_top_i/mig_7series_0/u_system_top_mig_7series_0_1_mig/u_memc_ui_top_axi/mem_intfc0/ddr_phy_top0/u_ddr_mc_phy_wrapper/u_ddr_mc_phy/ddr_phy_4lanes_0.u_ddr_phy_4lanes/ddr_byte_lane_A.ddr_byte_lane_A/oserdes_clk_delayed - Static -
| 3        | PHASER_OUT_PHY/OCLKDELAYED | PHASER_OUT_PHY_X1Y13 | PHASER_OUT_PHY_X1Y13/PHASER_OUT_PHY | X1Y3         |           2 |               0 |        2.500 | oserdes_clk_1 | system_top_i/mig_7series_0/u_system_top_mig_7series_0_1_mig/u_memc_ui_top_axi/mem_intfc0/ddr_phy_top0/u_ddr_mc_phy_wrapper/u_ddr_mc_phy/ddr_phy_4lanes_0.u_ddr_phy_4lanes/ddr_byte_lane_B.ddr_byte_lane_B/phaser_out/OCLKDELAYED | system_top_i/mig_7series_0/u_system_top_mig_7series_0_1_mig/u_memc_ui_top_axi/mem_intfc0/ddr_phy_top0/u_ddr_mc_phy_wrapper/u_ddr_mc_phy/ddr_phy_4lanes_0.u_ddr_phy_4lanes/ddr_byte_lane_B.ddr_byte_lane_B/oserdes_clk_delayed - Static -
| 4        | PHASER_OUT_PHY/OCLKDELAYED | PHASER_OUT_PHY_X1Y14 | PHASER_OUT_PHY_X1Y14/PHASER_OUT_PHY | X1Y3         |           2 |               0 |        2.500 | oserdes_clk_2 | system_top_i/mig_7series_0/u_system_top_mig_7series_0_1_mig/u_memc_ui_top_axi/mem_intfc0/ddr_phy_top0/u_ddr_mc_phy_wrapper/u_ddr_mc_phy/ddr_phy_4lanes_0.u_ddr_phy_4lanes/ddr_byte_lane_C.ddr_byte_lane_C/phaser_out/OCLKDELAYED | system_top_i/mig_7series_0/u_system_top_mig_7series_0_1_mig/u_memc_ui_top_axi/mem_intfc0/ddr_phy_top0/u_ddr_mc_phy_wrapper/u_ddr_mc_phy/ddr_phy_4lanes_0.u_ddr_phy_4lanes/ddr_byte_lane_C.ddr_byte_lane_C/oserdes_clk_delayed - Static -
| 5        | PHASER_OUT_PHY/OCLKDELAYED | PHASER_OUT_PHY_X1Y15 | PHASER_OUT_PHY_X1Y15/PHASER_OUT_PHY | X1Y3         |           2 |               0 |        2.500 | oserdes_clk_3 | system_top_i/mig_7series_0/u_system_top_mig_7series_0_1_mig/u_memc_ui_top_axi/mem_intfc0/ddr_phy_top0/u_ddr_mc_phy_wrapper/u_ddr_mc_phy/ddr_phy_4lanes_0.u_ddr_phy_4lanes/ddr_byte_lane_D.ddr_byte_lane_D/phaser_out/OCLKDELAYED | system_top_i/mig_7series_0/u_system_top_mig_7series_0_1_mig/u_memc_ui_top_axi/mem_intfc0/ddr_phy_top0/u_ddr_mc_phy_wrapper/u_ddr_mc_phy/ddr_phy_4lanes_0.u_ddr_phy_4lanes/ddr_byte_lane_D.ddr_byte_lane_D/oserdes_clk_delayed - Static -
+----------+----------------------------+----------------------+-------------------------------------+--------------+-------------+-----------------+--------------+---------------+----------------------------------------------------------------------------------------------------------------------------------------------------------------------------------------------------------------------------------+-------------------------------------------------------------------------------------------------------------------------------------------------------------------------------------------------------------------------------||
* Local Clocks in this context represents only clocks driven by non-global buffers
** Clock Loads column represents the clock pin loads (pin count)
*** Non-Clock Loads column represents the non-clock pin loads (pin count)


5. Clock Regions: Key Resource Utilization
------------------------------------------

+-------------------+--------------+--------------+--------------+--------------+--------------+--------------+--------------+--------------+--------------+--------------+--------------+--------------+--------------+--------------+--------------+
|                   | Global Clock |     BUFRs    |    BUFMRs    |    BUFIOs    |     MMCM     |      PLL     |      GT      |      PCI     |    ILOGIC    |    OLOGIC    |      FF      |     LUTM     |    RAMB18    |    RAMB36    |    DSP48E2   |
+-------------------+------+-------+------+-------+------+-------+------+-------+------+-------+------+-------+------+-------+------+-------+------+-------+------+-------+------+-------+------+-------+------+-------+------+-------+------+-------+
| Clock Region Name | Used | Avail | Used | Avail | Used | Avail | Used | Avail | Used | Avail | Used | Avail | Used | Avail | Used | Avail | Used | Avail | Used | Avail | Used | Avail | Used | Avail | Used | Avail | Used | Avail | Used | Avail |
+-------------------+------+-------+------+-------+------+-------+------+-------+------+-------+------+-------+------+-------+------+-------+------+-------+------+-------+------+-------+------+-------+------+-------+------+-------+------+-------+
| X0Y0              |    0 |    12 |    0 |     4 |    0 |     2 |    0 |     4 |    0 |     1 |    0 |     1 |    0 |     4 |    0 |     0 |    0 |    50 |    0 |    50 |    0 |  2700 |    0 |   800 |    0 |    60 |    0 |    30 |    0 |    60 |
| X1Y0              |    0 |    12 |    0 |     4 |    0 |     2 |    0 |     4 |    0 |     1 |    0 |     1 |    0 |     4 |    0 |     0 |    0 |    50 |    0 |    50 |    0 |  2500 |    0 |   800 |    0 |    40 |    0 |    20 |    0 |    40 |
| X0Y1              |    2 |    12 |    0 |     4 |    0 |     2 |    0 |     4 |    0 |     1 |    0 |     1 |    0 |     0 |    0 |     0 |    0 |    50 |    0 |    50 |  216 |  4200 |   51 |  1400 |    0 |   100 |    3 |    50 |    0 |   100 |
| X1Y1              |    3 |    12 |    0 |     4 |    0 |     2 |    0 |     4 |    0 |     1 |    0 |     1 |    0 |     0 |    0 |     0 |    0 |    50 |    0 |    50 | 2755 |  4000 | 1002 |  1400 |    0 |    80 |   28 |    40 |    0 |    80 |
| X0Y2              |    4 |    12 |    0 |     4 |    0 |     2 |    0 |     4 |    1 |     1 |    0 |     1 |    0 |     0 |    0 |     0 |    0 |    50 |    0 |    50 | 2723 |  3600 | 1011 |  1400 |    0 |   100 |    1 |    50 |    0 |   100 |
| X1Y2              |    8 |    12 |    0 |     4 |    0 |     2 |    0 |     4 |    1 |     1 |    1 |     1 |    0 |     0 |    0 |     0 |    0 |    50 |    0 |    50 | 8898 |  4000 | 3154 |  1400 |    0 |    80 |    1 |    40 |    0 |    80 |
| X0Y3              |    3 |    12 |    0 |     4 |    0 |     2 |    0 |     4 |    0 |     1 |    0 |     1 |    0 |     0 |    0 |     0 |    0 |    50 |    0 |    50 |  156 |  3600 |   79 |  1400 |    0 |   100 |    0 |    50 |    0 |   100 |
| X1Y3              |    3 |    12 |    0 |     4 |    0 |     2 |    0 |     4 |    0 |     1 |    0 |     1 |    0 |     0 |    0 |     0 |    0 |    50 |    8 |    50 | 7411 |  4000 | 2489 |  1400 |    0 |    80 |    0 |    40 |    0 |    80 |
| X0Y4              |    0 |    12 |    0 |     4 |    0 |     2 |    0 |     4 |    0 |     1 |    0 |     1 |    0 |     4 |    0 |     1 |    0 |    50 |    0 |    50 |    0 |  2550 |    0 |   750 |    0 |    50 |    0 |    25 |    0 |    60 |
| X1Y4              |    1 |    12 |    0 |     4 |    0 |     2 |    0 |     4 |    0 |     1 |    0 |     1 |    0 |     4 |    0 |     0 |    0 |    50 |    0 |    50 |  587 |  2500 |  248 |   800 |    0 |    40 |    0 |    20 |    0 |    40 |
+-------------------+------+-------+------+-------+------+-------+------+-------+------+-------+------+-------+------+-------+------+-------+------+-------+------+-------+------+-------+------+-------+------+-------+------+-------+------+-------+
* Global Clock column represents track count; while other columns represents cell counts


6. Clock Regions : Global Clock Summary
---------------------------------------

All Modules
+----+----+----+
|    | X0 | X1 |
+----+----+----+
| Y4 |  0 |  1 |
| Y3 |  3 |  3 |
| Y2 |  4 |  8 |
| Y1 |  2 |  3 |
| Y0 |  0 |  0 |
+----+----+----+


7. Device Cell Placement Summary for Global Clock g0
----------------------------------------------------

+-----------+-----------------+-------------------+---------------------------------+-------------+----------------+-------------+----------+----------------+----------+--------------------------------------+
| Global Id | Driver Type/Pin | Driver Region (D) | Clock                           | Period (ns) | Waveform (ns)  | Slice Loads | IO Loads | Clocking Loads | GT Loads | Net                                  |
+-----------+-----------------+-------------------+---------------------------------+-------------+----------------+-------------+----------+----------------+----------+--------------------------------------+
| g0        | BUFG/O          | n/a               | clk_out2_system_top_clk_wiz_0_0 |      62.500 | {0.000 31.250} |       13181 |        0 |              0 |        0 | system_top_i/clk_wiz_0/inst/clk_out2 |
+-----------+-----------------+-------------------+---------------------------------+-------------+----------------+-------------+----------+----------------+----------+--------------------------------------+
* Slice Loads column represents load cell count of all cell types other than IO, GT and clock resources
** IO Loads column represents load cell count of IO types
*** Clocking Loads column represents load cell count that are clock resources (global clock buffer, MMCM, PLL, etc)
**** GT Loads column represents load cell count of GT types


+----+-------+-------+-----------------------+
|    | X0    | X1    | HORIZONTAL PROG DELAY |
+----+-------+-------+-----------------------+
| Y4 |     0 |     0 |                     0 |
| Y3 |     0 |  1345 |                     0 |
| Y2 |  2335 |  7278 |                     0 |
| Y1 |   140 |  2083 |                     0 |
| Y0 |     0 |     0 |                     0 |
+----+-------+-------+-----------------------+


8. Device Cell Placement Summary for Global Clock g1
----------------------------------------------------

+-----------+-----------------+-------------------+-----------+-------------+---------------+-------------+----------+----------------+----------+---------------------------------------------------------------------------------------+
| Global Id | Driver Type/Pin | Driver Region (D) | Clock     | Period (ns) | Waveform (ns) | Slice Loads | IO Loads | Clocking Loads | GT Loads | Net                                                                                   |
+-----------+-----------------+-------------------+-----------+-------------+---------------+-------------+----------+----------------+----------+---------------------------------------------------------------------------------------+
| g1        | BUFG/O          | n/a               | clk_pll_i |      10.000 | {0.000 5.000} |        8101 |        0 |              1 |        0 | system_top_i/mig_7series_0/u_system_top_mig_7series_0_1_mig/u_ddr3_infrastructure/CLK |
+-----------+-----------------+-------------------+-----------+-------------+---------------+-------------+----------+----------------+----------+---------------------------------------------------------------------------------------+
* Slice Loads column represents load cell count of all cell types other than IO, GT and clock resources
** IO Loads column represents load cell count of IO types
*** Clocking Loads column represents load cell count that are clock resources (global clock buffer, MMCM, PLL, etc)
**** GT Loads column represents load cell count of GT types


+----+------+-------+-----------------------+
|    | X0   | X1    | HORIZONTAL PROG DELAY |
+----+------+-------+-----------------------+
| Y4 |    0 |   587 |                     0 |
| Y3 |  102 |  6533 |                     0 |
| Y2 |    0 |   880 |                     0 |
| Y1 |    0 |     0 |                     0 |
| Y0 |    0 |     0 |                     0 |
+----+------+-------+-----------------------+


9. Device Cell Placement Summary for Global Clock g2
----------------------------------------------------

+-----------+-----------------+-------------------+-------------+-------------+-------------------+-------------+----------+----------------+----------+-----------------------+
| Global Id | Driver Type/Pin | Driver Region (D) | Clock       | Period (ns) | Waveform (ns)     | Slice Loads | IO Loads | Clocking Loads | GT Loads | Net                   |
+-----------+-----------------+-------------------+-------------+-------------+-------------------+-------------+----------+----------------+----------+-----------------------+
| g2        | BUFG/O          | n/a               | sys_clk_pin |   30517.582 | {0.000 15258.791} |         993 |        0 |              0 |        0 | CLK32768KHZ_IBUF_BUFG |
+-----------+-----------------+-------------------+-------------+-------------+-------------------+-------------+----------+----------------+----------+-----------------------+
* Slice Loads column represents load cell count of all cell types other than IO, GT and clock resources
** IO Loads column represents load cell count of IO types
*** Clocking Loads column represents load cell count that are clock resources (global clock buffer, MMCM, PLL, etc)
**** GT Loads column represents load cell count of GT types


+----+----+------+-----------------------+
|    | X0 | X1   | HORIZONTAL PROG DELAY |
+----+----+------+-----------------------+
| Y4 |  0 |    0 |                     0 |
| Y3 |  0 |    0 |                     0 |
| Y2 |  0 |  541 |                     0 |
| Y1 |  0 |  452 |                     0 |
| Y0 |  0 |    0 |                     0 |
+----+----+------+-----------------------+


10. Device Cell Placement Summary for Global Clock g3
-----------------------------------------------------

+-----------+-----------------+-------------------+--------------------------------------------------------------------------------------------+-------------+----------------+-------------+----------+----------------+----------+----------------------------------------+
| Global Id | Driver Type/Pin | Driver Region (D) | Clock                                                                                      | Period (ns) | Waveform (ns)  | Slice Loads | IO Loads | Clocking Loads | GT Loads | Net                                    |
+-----------+-----------------+-------------------+--------------------------------------------------------------------------------------------+-------------+----------------+-------------+----------+----------------+----------+----------------------------------------+
| g3        | BUFG/O          | n/a               | dbg_hub/inst/BSCANID.u_xsdbm_id/SWITCH_N_EXT_BSCAN.bscan_inst/SERIES7_BSCAN.bscan_inst/TCK |      33.000 | {0.000 16.500} |         458 |        0 |              0 |        0 | dbg_hub/inst/BSCANID.u_xsdbm_id/itck_i |
+-----------+-----------------+-------------------+--------------------------------------------------------------------------------------------+-------------+----------------+-------------+----------+----------------+----------+----------------------------------------+
* Slice Loads column represents load cell count of all cell types other than IO, GT and clock resources
** IO Loads column represents load cell count of IO types
*** Clocking Loads column represents load cell count that are clock resources (global clock buffer, MMCM, PLL, etc)
**** GT Loads column represents load cell count of GT types


+----+------+----+-----------------------+
|    | X0   | X1 | HORIZONTAL PROG DELAY |
+----+------+----+-----------------------+
| Y4 |    0 |  0 |                     0 |
| Y3 |    9 |  0 |                     0 |
| Y2 |  449 |  0 |                     0 |
| Y1 |    0 |  0 |                     0 |
| Y0 |    0 |  0 |                     0 |
+----+------+----+-----------------------+


11. Device Cell Placement Summary for Global Clock g4
-----------------------------------------------------

+-----------+-----------------+-------------------+-------+-------------+---------------+-------------+----------+----------------+----------+----------------------------------------------------------------+
| Global Id | Driver Type/Pin | Driver Region (D) | Clock | Period (ns) | Waveform (ns) | Slice Loads | IO Loads | Clocking Loads | GT Loads | Net                                                            |
+-----------+-----------------+-------------------+-------+-------------+---------------+-------------+----------+----------------+----------+----------------------------------------------------------------+
| g4        | BUFG/O          | n/a               |       |             |               |         328 |        1 |              0 |        0 | system_top_i/lcd_rgb_snake_0/inst/u_clk_div/clk_25m_reg_0_BUFG |
+-----------+-----------------+-------------------+-------+-------------+---------------+-------------+----------+----------------+----------+----------------------------------------------------------------+
* Slice Loads column represents load cell count of all cell types other than IO, GT and clock resources
** IO Loads column represents load cell count of IO types
*** Clocking Loads column represents load cell count that are clock resources (global clock buffer, MMCM, PLL, etc)
**** GT Loads column represents load cell count of GT types


+----+-----+------+-----------------------+
|    | X0  | X1   | HORIZONTAL PROG DELAY |
+----+-----+------+-----------------------+
| Y4 |   0 |    0 |                     0 |
| Y3 |   0 |    0 |                     0 |
| Y2 |   1 |    1 |                     0 |
| Y1 |  79 |  248 |                     0 |
| Y0 |   0 |    0 |                     0 |
+----+-----+------+-----------------------+


12. Device Cell Placement Summary for Global Clock g5
-----------------------------------------------------

+-----------+-----------------+-------------------+-------+-------------+---------------+-------------+----------+----------------+----------+------------------------------------------------------------------+
| Global Id | Driver Type/Pin | Driver Region (D) | Clock | Period (ns) | Waveform (ns) | Slice Loads | IO Loads | Clocking Loads | GT Loads | Net                                                              |
+-----------+-----------------+-------------------+-------+-------------+---------------+-------------+----------+----------------+----------+------------------------------------------------------------------+
| g5        | BUFG/O          | n/a               |       |             |               |         197 |        0 |              0 |        0 | system_top_i/system_e203_0/inst/dut_io_pads_jtag_TCK_i_ival_BUFG |
+-----------+-----------------+-------------------+-------+-------------+---------------+-------------+----------+----------------+----------+------------------------------------------------------------------+
* Slice Loads column represents load cell count of all cell types other than IO, GT and clock resources
** IO Loads column represents load cell count of IO types
*** Clocking Loads column represents load cell count that are clock resources (global clock buffer, MMCM, PLL, etc)
**** GT Loads column represents load cell count of GT types


+----+----+------+-----------------------+
|    | X0 | X1   | HORIZONTAL PROG DELAY |
+----+----+------+-----------------------+
| Y4 |  0 |    0 |                     0 |
| Y3 |  0 |    0 |                     0 |
| Y2 |  0 |  197 |                     0 |
| Y1 |  0 |    0 |                     0 |
| Y0 |  0 |    0 |                     0 |
+----+----+------+-----------------------+


13. Device Cell Placement Summary for Global Clock g6
-----------------------------------------------------

+-----------+-----------------+-------------------+---------------------------------+-------------+---------------+-------------+----------+----------------+----------+--------------------------------------+
| Global Id | Driver Type/Pin | Driver Region (D) | Clock                           | Period (ns) | Waveform (ns) | Slice Loads | IO Loads | Clocking Loads | GT Loads | Net                                  |
+-----------+-----------------+-------------------+---------------------------------+-------------+---------------+-------------+----------+----------------+----------+--------------------------------------+
| g6        | BUFG/O          | n/a               | clk_out1_system_top_clk_wiz_0_0 |       5.000 | {0.000 2.500} |          62 |        0 |              1 |        0 | system_top_i/clk_wiz_0/inst/clk_out1 |
+-----------+-----------------+-------------------+---------------------------------+-------------+---------------+-------------+----------+----------------+----------+--------------------------------------+
* Slice Loads column represents load cell count of all cell types other than IO, GT and clock resources
** IO Loads column represents load cell count of IO types
*** Clocking Loads column represents load cell count that are clock resources (global clock buffer, MMCM, PLL, etc)
**** GT Loads column represents load cell count of GT types


+----+-----+-----+-----------------------+
|    | X0  | X1  | HORIZONTAL PROG DELAY |
+----+-----+-----+-----------------------+
| Y4 |   0 |   0 |                     0 |
| Y3 |  46 |   1 |                     0 |
| Y2 |   0 |  16 |                     0 |
| Y1 |   0 |   0 |                     0 |
| Y0 |   0 |   0 |                     0 |
+----+-----+-----+-----------------------+


14. Device Cell Placement Summary for Global Clock g7
-----------------------------------------------------

+-----------+-----------------+-------------------+---------------------------------+-------------+----------------+-------------+----------+----------------+----------+--------------------------------------+
| Global Id | Driver Type/Pin | Driver Region (D) | Clock                           | Period (ns) | Waveform (ns)  | Slice Loads | IO Loads | Clocking Loads | GT Loads | Net                                  |
+-----------+-----------------+-------------------+---------------------------------+-------------+----------------+-------------+----------+----------------+----------+--------------------------------------+
| g7        | BUFG/O          | n/a               | clk_out3_system_top_clk_wiz_0_0 |      20.000 | {0.000 10.000} |           1 |        0 |              0 |        0 | system_top_i/clk_wiz_0/inst/clk_out3 |
+-----------+-----------------+-------------------+---------------------------------+-------------+----------------+-------------+----------+----------------+----------+--------------------------------------+
* Slice Loads column represents load cell count of all cell types other than IO, GT and clock resources
** IO Loads column represents load cell count of IO types
*** Clocking Loads column represents load cell count that are clock resources (global clock buffer, MMCM, PLL, etc)
**** GT Loads column represents load cell count of GT types


+----+----+----+-----------------------+
|    | X0 | X1 | HORIZONTAL PROG DELAY |
+----+----+----+-----------------------+
| Y4 |  0 |  0 |                     0 |
| Y3 |  0 |  0 |                     0 |
| Y2 |  0 |  1 |                     0 |
| Y1 |  0 |  0 |                     0 |
| Y0 |  0 |  0 |                     0 |
+----+----+----+-----------------------+


15. Device Cell Placement Summary for Global Clock g8
-----------------------------------------------------

+-----------+-----------------+-------------------+---------------------------------+-------------+---------------+-------------+----------+----------------+----------+-----------------------------------------------------------------+
| Global Id | Driver Type/Pin | Driver Region (D) | Clock                           | Period (ns) | Waveform (ns) | Slice Loads | IO Loads | Clocking Loads | GT Loads | Net                                                             |
+-----------+-----------------+-------------------+---------------------------------+-------------+---------------+-------------+----------+----------------+----------+-----------------------------------------------------------------+
| g8        | BUFG/O          | n/a               | clkfbout_system_top_clk_wiz_0_0 |      10.000 | {0.000 5.000} |           0 |        0 |              1 |        0 | system_top_i/clk_wiz_0/inst/clkfbout_buf_system_top_clk_wiz_0_0 |
+-----------+-----------------+-------------------+---------------------------------+-------------+---------------+-------------+----------+----------------+----------+-----------------------------------------------------------------+
* Slice Loads column represents load cell count of all cell types other than IO, GT and clock resources
** IO Loads column represents load cell count of IO types
*** Clocking Loads column represents load cell count that are clock resources (global clock buffer, MMCM, PLL, etc)
**** GT Loads column represents load cell count of GT types


+----+----+----+-----------------------+
|    | X0 | X1 | HORIZONTAL PROG DELAY |
+----+----+----+-----------------------+
| Y4 |  0 |  0 |                     0 |
| Y3 |  0 |  0 |                     0 |
| Y2 |  1 |  0 |                     0 |
| Y1 |  0 |  0 |                     0 |
| Y0 |  0 |  0 |                     0 |
+----+----+----+-----------------------+


16. Device Cell Placement Summary for Global Clock g9
-----------------------------------------------------

+-----------+-----------------+-------------------+--------------+-------------+---------------+-------------+----------+----------------+----------+--------------------------------------------------------------------------------------------+
| Global Id | Driver Type/Pin | Driver Region (D) | Clock        | Period (ns) | Waveform (ns) | Slice Loads | IO Loads | Clocking Loads | GT Loads | Net                                                                                        |
+-----------+-----------------+-------------------+--------------+-------------+---------------+-------------+----------+----------------+----------+--------------------------------------------------------------------------------------------+
| g9        | BUFH/O          | X1Y2              | pll_clk3_out |      10.000 | {0.000 5.000} |           0 |        0 |              1 |        0 | system_top_i/mig_7series_0/u_system_top_mig_7series_0_1_mig/u_ddr3_infrastructure/pll_clk3 |
+-----------+-----------------+-------------------+--------------+-------------+---------------+-------------+----------+----------------+----------+--------------------------------------------------------------------------------------------+
* Slice Loads column represents load cell count of all cell types other than IO, GT and clock resources
** IO Loads column represents load cell count of IO types
*** Clocking Loads column represents load cell count that are clock resources (global clock buffer, MMCM, PLL, etc)
**** GT Loads column represents load cell count of GT types


+----+----+--------+-----------------------+
|    | X0 | X1     | HORIZONTAL PROG DELAY |
+----+----+--------+-----------------------+
| Y4 |  0 |      0 |                     0 |
| Y3 |  0 |      0 |                     0 |
| Y2 |  0 |  (D) 1 |                     0 |
| Y1 |  0 |      0 |                     0 |
| Y0 |  0 |      0 |                     0 |
+----+----+--------+-----------------------+


17. Clock Region Cell Placement per Global Clock: Region X0Y1
-------------------------------------------------------------

+-----------+-------+-----------------+------------+-------------+-----------------+-----+--------+------+-----+----+------+-----+---------+----------------------------------------------------------------+
| Global Id | Track | Driver Type/Pin | Constraint | Clock Loads | Non-Clock Loads | FF  | LUTRAM | RAMB | DSP | GT | MMCM | PLL | Hard IP | Net                                                            |
+-----------+-------+-----------------+------------+-------------+-----------------+-----+--------+------+-----+----+------+-----+---------+----------------------------------------------------------------+
| g0        | n/a   | BUFG/O          | None       |         140 |               0 | 137 |      0 |    3 |   0 |  0 |    0 |   0 |       0 | system_top_i/clk_wiz_0/inst/clk_out2                           |
| g4        | n/a   | BUFG/O          | None       |          79 |               0 |  79 |      0 |    0 |   0 |  0 |    0 |   0 |       0 | system_top_i/lcd_rgb_snake_0/inst/u_clk_div/clk_25m_reg_0_BUFG |
+-----------+-------+-----------------+------------+-------------+-----------------+-----+--------+------+-----+----+------+-----+---------+----------------------------------------------------------------+
* Clock Loads column represents the clock pin loads (pin count)
** Non-Clock Loads column represents the non-clock pin loads (pin count)
*** Columns FF, LUTRAM, RAMB through 'Hard IP' represents load cell counts


18. Clock Region Cell Placement per Global Clock: Region X1Y1
-------------------------------------------------------------

+-----------+-------+-----------------+------------+-------------+-----------------+------+--------+------+-----+----+------+-----+---------+----------------------------------------------------------------+
| Global Id | Track | Driver Type/Pin | Constraint | Clock Loads | Non-Clock Loads | FF   | LUTRAM | RAMB | DSP | GT | MMCM | PLL | Hard IP | Net                                                            |
+-----------+-------+-----------------+------------+-------------+-----------------+------+--------+------+-----+----+------+-----+---------+----------------------------------------------------------------+
| g0        | n/a   | BUFG/O          | None       |        2083 |               0 | 2055 |      0 |   28 |   0 |  0 |    0 |   0 |       0 | system_top_i/clk_wiz_0/inst/clk_out2                           |
| g2        | n/a   | BUFG/O          | None       |         452 |               0 |  452 |      0 |    0 |   0 |  0 |    0 |   0 |       0 | CLK32768KHZ_IBUF_BUFG                                          |
| g4        | n/a   | BUFG/O          | None       |         248 |               0 |  248 |      0 |    0 |   0 |  0 |    0 |   0 |       0 | system_top_i/lcd_rgb_snake_0/inst/u_clk_div/clk_25m_reg_0_BUFG |
+-----------+-------+-----------------+------------+-------------+-----------------+------+--------+------+-----+----+------+-----+---------+----------------------------------------------------------------+
* Clock Loads column represents the clock pin loads (pin count)
** Non-Clock Loads column represents the non-clock pin loads (pin count)
*** Columns FF, LUTRAM, RAMB through 'Hard IP' represents load cell counts


19. Clock Region Cell Placement per Global Clock: Region X0Y2
-------------------------------------------------------------

+-----------+-------+-----------------+------------+-------------+-----------------+------+--------+------+-----+----+------+-----+---------+-----------------------------------------------------------------+
| Global Id | Track | Driver Type/Pin | Constraint | Clock Loads | Non-Clock Loads | FF   | LUTRAM | RAMB | DSP | GT | MMCM | PLL | Hard IP | Net                                                             |
+-----------+-------+-----------------+------------+-------------+-----------------+------+--------+------+-----+----+------+-----+---------+-----------------------------------------------------------------+
| g0        | n/a   | BUFG/O          | None       |        2335 |               0 | 2274 |     60 |    1 |   0 |  0 |    0 |   0 |       0 | system_top_i/clk_wiz_0/inst/clk_out2                            |
| g3        | n/a   | BUFG/O          | None       |         449 |               0 |  449 |      0 |    0 |   0 |  0 |    0 |   0 |       0 | dbg_hub/inst/BSCANID.u_xsdbm_id/itck_i                          |
| g4        | n/a   | BUFG/O          | None       |           0 |               1 |    0 |      0 |    0 |   0 |  0 |    0 |   0 |       0 | system_top_i/lcd_rgb_snake_0/inst/u_clk_div/clk_25m_reg_0_BUFG  |
| g8        | n/a   | BUFG/O          | None       |           1 |               0 |    0 |      0 |    0 |   0 |  0 |    1 |   0 |       0 | system_top_i/clk_wiz_0/inst/clkfbout_buf_system_top_clk_wiz_0_0 |
+-----------+-------+-----------------+------------+-------------+-----------------+------+--------+------+-----+----+------+-----+---------+-----------------------------------------------------------------+
* Clock Loads column represents the clock pin loads (pin count)
** Non-Clock Loads column represents the non-clock pin loads (pin count)
*** Columns FF, LUTRAM, RAMB through 'Hard IP' represents load cell counts


20. Clock Region Cell Placement per Global Clock: Region X1Y2
-------------------------------------------------------------

+-----------+-------+-----------------+------------+-------------+-----------------+------+--------+------+-----+----+------+-----+---------+--------------------------------------------------------------------------------------------+
| Global Id | Track | Driver Type/Pin | Constraint | Clock Loads | Non-Clock Loads | FF   | LUTRAM | RAMB | DSP | GT | MMCM | PLL | Hard IP | Net                                                                                        |
+-----------+-------+-----------------+------------+-------------+-----------------+------+--------+------+-----+----+------+-----+---------+--------------------------------------------------------------------------------------------+
| g0        | n/a   | BUFG/O          | None       |        7278 |               0 | 7274 |      3 |    1 |   0 |  0 |    0 |   0 |       0 | system_top_i/clk_wiz_0/inst/clk_out2                                                       |
| g1        | n/a   | BUFG/O          | None       |         880 |               0 |  871 |      1 |    0 |   0 |  0 |    1 |   0 |       0 | system_top_i/mig_7series_0/u_system_top_mig_7series_0_1_mig/u_ddr3_infrastructure/CLK      |
| g2        | n/a   | BUFG/O          | None       |         540 |               1 |  541 |      0 |    0 |   0 |  0 |    0 |   0 |       0 | CLK32768KHZ_IBUF_BUFG                                                                      |
| g4        | n/a   | BUFG/O          | None       |           0 |               1 |    0 |      0 |    0 |   0 |  0 |    0 |   0 |       0 | system_top_i/lcd_rgb_snake_0/inst/u_clk_div/clk_25m_reg_0_BUFG                             |
| g5        | n/a   | BUFG/O          | None       |         197 |               0 |  197 |      0 |    0 |   0 |  0 |    0 |   0 |       0 | system_top_i/system_e203_0/inst/dut_io_pads_jtag_TCK_i_ival_BUFG                           |
| g6        | n/a   | BUFG/O          | None       |          16 |               0 |   15 |      0 |    0 |   0 |  0 |    0 |   1 |       0 | system_top_i/clk_wiz_0/inst/clk_out1                                                       |
| g7        | n/a   | BUFG/O          | None       |           1 |               0 |    1 |      0 |    0 |   0 |  0 |    0 |   0 |       0 | system_top_i/clk_wiz_0/inst/clk_out3                                                       |
| g9        | n/a   | BUFH/O          | None       |           1 |               0 |    0 |      0 |    0 |   0 |  0 |    1 |   0 |       0 | system_top_i/mig_7series_0/u_system_top_mig_7series_0_1_mig/u_ddr3_infrastructure/pll_clk3 |
+-----------+-------+-----------------+------------+-------------+-----------------+------+--------+------+-----+----+------+-----+---------+--------------------------------------------------------------------------------------------+
* Clock Loads column represents the clock pin loads (pin count)
** Non-Clock Loads column represents the non-clock pin loads (pin count)
*** Columns FF, LUTRAM, RAMB through 'Hard IP' represents load cell counts


21. Clock Region Cell Placement per Global Clock: Region X0Y3
-------------------------------------------------------------

+-----------+-------+-----------------+------------+-------------+-----------------+-----+--------+------+-----+----+------+-----+---------+---------------------------------------------------------------------------------------+
| Global Id | Track | Driver Type/Pin | Constraint | Clock Loads | Non-Clock Loads | FF  | LUTRAM | RAMB | DSP | GT | MMCM | PLL | Hard IP | Net                                                                                   |
+-----------+-------+-----------------+------------+-------------+-----------------+-----+--------+------+-----+----+------+-----+---------+---------------------------------------------------------------------------------------+
| g1        | n/a   | BUFG/O          | None       |         102 |               0 | 102 |      0 |    0 |   0 |  0 |    0 |   0 |       0 | system_top_i/mig_7series_0/u_system_top_mig_7series_0_1_mig/u_ddr3_infrastructure/CLK |
| g3        | n/a   | BUFG/O          | None       |           9 |               0 |   9 |      0 |    0 |   0 |  0 |    0 |   0 |       0 | dbg_hub/inst/BSCANID.u_xsdbm_id/itck_i                                                |
| g6        | n/a   | BUFG/O          | None       |          46 |               0 |  45 |      0 |    0 |   0 |  0 |    0 |   0 |       0 | system_top_i/clk_wiz_0/inst/clk_out1                                                  |
+-----------+-------+-----------------+------------+-------------+-----------------+-----+--------+------+-----+----+------+-----+---------+---------------------------------------------------------------------------------------+
* Clock Loads column represents the clock pin loads (pin count)
** Non-Clock Loads column represents the non-clock pin loads (pin count)
*** Columns FF, LUTRAM, RAMB through 'Hard IP' represents load cell counts


22. Clock Region Cell Placement per Global Clock: Region X1Y3
-------------------------------------------------------------

+-----------+-------+-----------------+------------+-------------+-----------------+------+--------+------+-----+----+------+-----+---------+---------------------------------------------------------------------------------------+
| Global Id | Track | Driver Type/Pin | Constraint | Clock Loads | Non-Clock Loads | FF   | LUTRAM | RAMB | DSP | GT | MMCM | PLL | Hard IP | Net                                                                                   |
+-----------+-------+-----------------+------------+-------------+-----------------+------+--------+------+-----+----+------+-----+---------+---------------------------------------------------------------------------------------+
| g0        | n/a   | BUFG/O          | None       |        1345 |               0 | 1277 |     68 |    0 |   0 |  0 |    0 |   0 |       0 | system_top_i/clk_wiz_0/inst/clk_out2                                                  |
| g1        | n/a   | BUFG/O          | None       |        6533 |               0 | 6134 |    350 |    0 |   0 |  0 |    0 |   0 |       0 | system_top_i/mig_7series_0/u_system_top_mig_7series_0_1_mig/u_ddr3_infrastructure/CLK |
| g6        | n/a   | BUFG/O          | None       |           1 |               0 |    0 |      0 |    0 |   0 |  0 |    0 |   0 |       0 | system_top_i/clk_wiz_0/inst/clk_out1                                                  |
+-----------+-------+-----------------+------------+-------------+-----------------+------+--------+------+-----+----+------+-----+---------+---------------------------------------------------------------------------------------+
* Clock Loads column represents the clock pin loads (pin count)
** Non-Clock Loads column represents the non-clock pin loads (pin count)
*** Columns FF, LUTRAM, RAMB through 'Hard IP' represents load cell counts


23. Clock Region Cell Placement per Global Clock: Region X1Y4
-------------------------------------------------------------

+-----------+-------+-----------------+------------+-------------+-----------------+-----+--------+------+-----+----+------+-----+---------+---------------------------------------------------------------------------------------+
| Global Id | Track | Driver Type/Pin | Constraint | Clock Loads | Non-Clock Loads | FF  | LUTRAM | RAMB | DSP | GT | MMCM | PLL | Hard IP | Net                                                                                   |
+-----------+-------+-----------------+------------+-------------+-----------------+-----+--------+------+-----+----+------+-----+---------+---------------------------------------------------------------------------------------+
| g1        | n/a   | BUFG/O          | None       |         587 |               0 | 587 |      0 |    0 |   0 |  0 |    0 |   0 |       0 | system_top_i/mig_7series_0/u_system_top_mig_7series_0_1_mig/u_ddr3_infrastructure/CLK |
+-----------+-------+-----------------+------------+-------------+-----------------+-----+--------+------+-----+----+------+-----+---------+---------------------------------------------------------------------------------------+
* Clock Loads column represents the clock pin loads (pin count)
** Non-Clock Loads column represents the non-clock pin loads (pin count)
*** Columns FF, LUTRAM, RAMB through 'Hard IP' represents load cell counts



# Location of BUFG Primitives 
set_property LOC BUFGCTRL_X0Y6 [get_cells system_top_i/system_e203_0/inst/dut_io_pads_jtag_TCK_i_ival_BUFG_inst]
set_property LOC BUFGCTRL_X0Y0 [get_cells system_top_i/mig_7series_0/u_system_top_mig_7series_0_1_mig/u_ddr3_infrastructure/u_bufg_clkdiv0]
set_property LOC BUFGCTRL_X0Y1 [get_cells system_top_i/lcd_rgb_snake_0/inst/u_clk_div/clk_25m_reg_0_BUFG_inst]
set_property LOC BUFGCTRL_X0Y7 [get_cells system_top_i/clk_wiz_0/inst/clkf_buf]
set_property LOC BUFGCTRL_X0Y8 [get_cells system_top_i/clk_wiz_0/inst/clkout3_buf]
set_property LOC BUFGCTRL_X0Y3 [get_cells system_top_i/clk_wiz_0/inst/clkout2_buf]
set_property LOC BUFGCTRL_X0Y2 [get_cells system_top_i/clk_wiz_0/inst/clkout1_buf]
set_property LOC BUFGCTRL_X0Y5 [get_cells dbg_hub/inst/BSCANID.u_xsdbm_id/SWITCH_N_EXT_BSCAN.u_bufg_icon_tck]
set_property LOC BUFGCTRL_X0Y4 [get_cells CLK32768KHZ_IBUF_BUFG_inst]

# Location of BUFH Primitives 
set_property LOC BUFHCE_X1Y24 [get_cells system_top_i/mig_7series_0/u_system_top_mig_7series_0_1_mig/u_ddr3_infrastructure/u_bufh_pll_clk3]

# Location of IO Primitives which is load of clock spine
set_property LOC IOB_X0Y132 [get_cells lcd_clk_OBUF_inst]

# Location of clock ports
set_property LOC IOB_X0Y126 [get_ports CLK100MHZ]
set_property LOC IOB_X0Y124 [get_ports CLK32768KHZ]

# Clock net "system_top_i/system_e203_0/inst/dut_io_pads_jtag_TCK_i_ival_BUFG" driven by instance "system_top_i/system_e203_0/inst/dut_io_pads_jtag_TCK_i_ival_BUFG_inst" located at site "BUFGCTRL_X0Y6"
#startgroup
create_pblock {CLKAG_system_top_i/system_e203_0/inst/dut_io_pads_jtag_TCK_i_ival_BUFG}
add_cells_to_pblock [get_pblocks  {CLKAG_system_top_i/system_e203_0/inst/dut_io_pads_jtag_TCK_i_ival_BUFG}] [get_cells -filter { PRIMITIVE_GROUP != I/O && IS_PRIMITIVE==1 && PRIMITIVE_LEVEL !=INTERNAL } -of_object [get_pins -filter {DIRECTION==IN} -of_objects [get_nets -hierarchical -filter {PARENT=="system_top_i/system_e203_0/inst/dut_io_pads_jtag_TCK_i_ival_BUFG"}]]]
resize_pblock [get_pblocks {CLKAG_system_top_i/system_e203_0/inst/dut_io_pads_jtag_TCK_i_ival_BUFG}] -add {CLOCKREGION_X1Y2:CLOCKREGION_X1Y2}
#endgroup

# Clock net "system_top_i/mig_7series_0/u_system_top_mig_7series_0_1_mig/u_ddr3_infrastructure/CLK" driven by instance "system_top_i/mig_7series_0/u_system_top_mig_7series_0_1_mig/u_ddr3_infrastructure/u_bufg_clkdiv0" located at site "BUFGCTRL_X0Y0"
#startgroup
create_pblock {CLKAG_system_top_i/mig_7series_0/u_system_top_mig_7series_0_1_mig/u_ddr3_infrastructure/CLK}
add_cells_to_pblock [get_pblocks  {CLKAG_system_top_i/mig_7series_0/u_system_top_mig_7series_0_1_mig/u_ddr3_infrastructure/CLK}] [get_cells -filter { PRIMITIVE_GROUP != I/O && IS_PRIMITIVE==1 && PRIMITIVE_LEVEL !=INTERNAL && NAME!=system_top_i/mig_7series_0/u_system_top_mig_7series_0_1_mig/u_ddr3_infrastructure/gen_mmcm.mmcm_i} -of_object [get_pins -filter {DIRECTION==IN} -of_objects [get_nets -hierarchical -filter {PARENT=="system_top_i/mig_7series_0/u_system_top_mig_7series_0_1_mig/u_ddr3_infrastructure/CLK"}]]]
resize_pblock [get_pblocks {CLKAG_system_top_i/mig_7series_0/u_system_top_mig_7series_0_1_mig/u_ddr3_infrastructure/CLK}] -add {CLOCKREGION_X0Y3:CLOCKREGION_X0Y3 CLOCKREGION_X1Y2:CLOCKREGION_X1Y2 CLOCKREGION_X1Y3:CLOCKREGION_X1Y3 CLOCKREGION_X1Y4:CLOCKREGION_X1Y4}
#endgroup

# Clock net "system_top_i/lcd_rgb_snake_0/inst/u_clk_div/clk_25m_reg_0_BUFG" driven by instance "system_top_i/lcd_rgb_snake_0/inst/u_clk_div/clk_25m_reg_0_BUFG_inst" located at site "BUFGCTRL_X0Y1"
#startgroup
create_pblock {CLKAG_system_top_i/lcd_rgb_snake_0/inst/u_clk_div/clk_25m_reg_0_BUFG}
add_cells_to_pblock [get_pblocks  {CLKAG_system_top_i/lcd_rgb_snake_0/inst/u_clk_div/clk_25m_reg_0_BUFG}] [get_cells -filter { PRIMITIVE_GROUP != I/O && IS_PRIMITIVE==1 && PRIMITIVE_LEVEL !=INTERNAL && NAME!=lcd_clk_OBUF_inst} -of_object [get_pins -filter {DIRECTION==IN} -of_objects [get_nets -hierarchical -filter {PARENT=="system_top_i/lcd_rgb_snake_0/inst/u_clk_div/clk_25m_reg_0_BUFG"}]]]
resize_pblock [get_pblocks {CLKAG_system_top_i/lcd_rgb_snake_0/inst/u_clk_div/clk_25m_reg_0_BUFG}] -add {CLOCKREGION_X0Y1:CLOCKREGION_X0Y1 CLOCKREGION_X1Y1:CLOCKREGION_X1Y1 CLOCKREGION_X1Y2:CLOCKREGION_X1Y2}
#endgroup

# Clock net "system_top_i/clk_wiz_0/inst/clk_out3" driven by instance "system_top_i/clk_wiz_0/inst/clkout3_buf" located at site "BUFGCTRL_X0Y8"
#startgroup
create_pblock {CLKAG_system_top_i/clk_wiz_0/inst/clk_out3}
add_cells_to_pblock [get_pblocks  {CLKAG_system_top_i/clk_wiz_0/inst/clk_out3}] [get_cells -filter { PRIMITIVE_GROUP != I/O && IS_PRIMITIVE==1 && PRIMITIVE_LEVEL !=INTERNAL } -of_object [get_pins -filter {DIRECTION==IN} -of_objects [get_nets -hierarchical -filter {PARENT=="system_top_i/clk_wiz_0/inst/clk_out3"}]]]
resize_pblock [get_pblocks {CLKAG_system_top_i/clk_wiz_0/inst/clk_out3}] -add {CLOCKREGION_X1Y2:CLOCKREGION_X1Y2}
#endgroup

# Clock net "system_top_i/clk_wiz_0/inst/clk_out2" driven by instance "system_top_i/clk_wiz_0/inst/clkout2_buf" located at site "BUFGCTRL_X0Y3"
#startgroup
create_pblock {CLKAG_system_top_i/clk_wiz_0/inst/clk_out2}
add_cells_to_pblock [get_pblocks  {CLKAG_system_top_i/clk_wiz_0/inst/clk_out2}] [get_cells -filter { PRIMITIVE_GROUP != I/O && IS_PRIMITIVE==1 && PRIMITIVE_LEVEL !=INTERNAL } -of_object [get_pins -filter {DIRECTION==IN} -of_objects [get_nets -hierarchical -filter {PARENT=="system_top_i/clk_wiz_0/inst/clk_out2"}]]]
resize_pblock [get_pblocks {CLKAG_system_top_i/clk_wiz_0/inst/clk_out2}] -add {CLOCKREGION_X0Y1:CLOCKREGION_X0Y1 CLOCKREGION_X0Y2:CLOCKREGION_X0Y2 CLOCKREGION_X1Y1:CLOCKREGION_X1Y1 CLOCKREGION_X1Y2:CLOCKREGION_X1Y2 CLOCKREGION_X1Y3:CLOCKREGION_X1Y3}
#endgroup

# Clock net "system_top_i/clk_wiz_0/inst/clk_out1" driven by instance "system_top_i/clk_wiz_0/inst/clkout1_buf" located at site "BUFGCTRL_X0Y2"
#startgroup
create_pblock {CLKAG_system_top_i/clk_wiz_0/inst/clk_out1}
add_cells_to_pblock [get_pblocks  {CLKAG_system_top_i/clk_wiz_0/inst/clk_out1}] [get_cells -filter { PRIMITIVE_GROUP != I/O && IS_PRIMITIVE==1 && PRIMITIVE_LEVEL !=INTERNAL && NAME!=system_top_i/mig_7series_0/u_system_top_mig_7series_0_1_mig/u_ddr3_infrastructure/plle2_i} -of_object [get_pins -filter {DIRECTION==IN} -of_objects [get_nets -hierarchical -filter {PARENT=="system_top_i/clk_wiz_0/inst/clk_out1"}]]]
resize_pblock [get_pblocks {CLKAG_system_top_i/clk_wiz_0/inst/clk_out1}] -add {CLOCKREGION_X0Y3:CLOCKREGION_X0Y3 CLOCKREGION_X1Y2:CLOCKREGION_X1Y2 CLOCKREGION_X1Y3:CLOCKREGION_X1Y3}
#endgroup

# Clock net "dbg_hub/inst/BSCANID.u_xsdbm_id/itck_i" driven by instance "dbg_hub/inst/BSCANID.u_xsdbm_id/SWITCH_N_EXT_BSCAN.u_bufg_icon_tck" located at site "BUFGCTRL_X0Y5"
#startgroup
create_pblock {CLKAG_dbg_hub/inst/BSCANID.u_xsdbm_id/itck_i}
add_cells_to_pblock [get_pblocks  {CLKAG_dbg_hub/inst/BSCANID.u_xsdbm_id/itck_i}] [get_cells -filter { PRIMITIVE_GROUP != I/O && IS_PRIMITIVE==1 && PRIMITIVE_LEVEL !=INTERNAL } -of_object [get_pins -filter {DIRECTION==IN} -of_objects [get_nets -hierarchical -filter {PARENT=="dbg_hub/inst/BSCANID.u_xsdbm_id/itck_i"}]]]
resize_pblock [get_pblocks {CLKAG_dbg_hub/inst/BSCANID.u_xsdbm_id/itck_i}] -add {CLOCKREGION_X0Y2:CLOCKREGION_X0Y2 CLOCKREGION_X0Y3:CLOCKREGION_X0Y3}
#endgroup

# Clock net "CLK32768KHZ_IBUF_BUFG" driven by instance "CLK32768KHZ_IBUF_BUFG_inst" located at site "BUFGCTRL_X0Y4"
#startgroup
create_pblock {CLKAG_CLK32768KHZ_IBUF_BUFG}
add_cells_to_pblock [get_pblocks  {CLKAG_CLK32768KHZ_IBUF_BUFG}] [get_cells -filter { PRIMITIVE_GROUP != I/O && IS_PRIMITIVE==1 && PRIMITIVE_LEVEL !=INTERNAL } -of_object [get_pins -filter {DIRECTION==IN} -of_objects [get_nets -hierarchical -filter {PARENT=="CLK32768KHZ_IBUF_BUFG"}]]]
resize_pblock [get_pblocks {CLKAG_CLK32768KHZ_IBUF_BUFG}] -add {CLOCKREGION_X1Y1:CLOCKREGION_X1Y1 CLOCKREGION_X1Y2:CLOCKREGION_X1Y2}
#endgroup
