Copyright 1986-2020 Xilinx, Inc. All Rights Reserved.
--------------------------------------------------------------------------------------------------------------------------------------------------------------------------------------------
| Tool Version : Vivado v.2020.2 (win64) Build 3064766 Wed Nov 18 09:12:45 MST 2020
| Date         : Fri Apr  4 11:36:00 2025
| Host         : Lab running 64-bit major release  (build 9200)
| Command      : report_methodology -file system_top_wrapper_methodology_drc_routed.rpt -pb system_top_wrapper_methodology_drc_routed.pb -rpx system_top_wrapper_methodology_drc_routed.rpx
| Design       : system_top_wrapper
| Device       : xc7a200tfbg484-2
| Speed File   : -2
| Design State : Fully Routed
--------------------------------------------------------------------------------------------------------------------------------------------------------------------------------------------

Report Methodology

Table of Contents
-----------------
1. REPORT SUMMARY
2. REPORT DETAILS

1. REPORT SUMMARY
-----------------
            Netlist: netlist
          Floorplan: design_1
      Design limits: <entire design considered>
             Max violations: <unlimited>
             Violations found: 289
+-----------+------------------+------------------------------------------------------+------------+
| Rule      | Severity         | Description                                          | Violations |
+-----------+------------------+------------------------------------------------------+------------+
| TIMING-6  | Critical Warning | No common primary clock between related clocks       | 2          |
| TIMING-7  | Critical Warning | No common node between related clocks                | 2          |
| TIMING-8  | Critical Warning | No common period between related clocks              | 2          |
| TIMING-17 | Critical Warning | Non-clocked sequential cell                          | 197        |
| HPDR-1    | Warning          | Port pin direction inconsistency                     | 2          |
| HPDR-2    | Warning          | Port pin INOUT inconsistency                         | 4          |
| LUTAR-1   | Warning          | LUT drives async reset alert                         | 4          |
| PDRC-190  | Warning          | Suboptimally placed synchronized register chain      | 12         |
| TIMING-18 | Warning          | Missing input or output delay                        | 6          |
| TIMING-20 | Warning          | Non-clocked latch                                    | 24         |
| XDCB-5    | Warning          | Runtime inefficient way to find pin objects          | 1          |
| XDCC-4    | Warning          | User Clock constraint overwritten with the same name | 1          |
| REQP-1959 | Advisory         | connects_SERDES_RST_driver_not_FF                    | 32         |
+-----------+------------------+------------------------------------------------------+------------+

2. REPORT DETAILS
-----------------
TIMING-6#1 Critical Warning
No common primary clock between related clocks  
The clocks clk_out2_system_top_clk_wiz_0_0 and sys_clk_pin are related (timed together) but they have no common primary clock. The design could fail in hardware. To find a timing path between these clocks, run the following command: report_timing -from [get_clocks clk_out2_system_top_clk_wiz_0_0] -to [get_clocks sys_clk_pin]
Related violations: <none>

TIMING-6#2 Critical Warning
No common primary clock between related clocks  
The clocks sys_clk_pin and clk_out2_system_top_clk_wiz_0_0 are related (timed together) but they have no common primary clock. The design could fail in hardware. To find a timing path between these clocks, run the following command: report_timing -from [get_clocks sys_clk_pin] -to [get_clocks clk_out2_system_top_clk_wiz_0_0]
Related violations: <none>

TIMING-7#1 Critical Warning
No common node between related clocks  
The clocks clk_out2_system_top_clk_wiz_0_0 and sys_clk_pin are related (timed together) but they have no common node. The design could fail in hardware. To find a timing path between these clocks, run the following command: report_timing -from [get_clocks clk_out2_system_top_clk_wiz_0_0] -to [get_clocks sys_clk_pin]
Related violations: <none>

TIMING-7#2 Critical Warning
No common node between related clocks  
The clocks sys_clk_pin and clk_out2_system_top_clk_wiz_0_0 are related (timed together) but they have no common node. The design could fail in hardware. To find a timing path between these clocks, run the following command: report_timing -from [get_clocks sys_clk_pin] -to [get_clocks clk_out2_system_top_clk_wiz_0_0]
Related violations: <none>

TIMING-8#1 Critical Warning
No common period between related clocks  
The clocks clk_out2_system_top_clk_wiz_0_0 and sys_clk_pin are found related (timed together) but have no common (expandable) period
Related violations: <none>

TIMING-8#2 Critical Warning
No common period between related clocks  
The clocks sys_clk_pin and clk_out2_system_top_clk_wiz_0_0 are found related (timed together) but have no common (expandable) period
Related violations: <none>

TIMING-17#1 Critical Warning
Non-clocked sequential cell  
The clock pin system_top_i/system_e203_0/inst/dut/u_e203_subsys_top/u_sirv_debug_module/jtag_dtm_gen.u_sirv_jtag_dtm/FSM_onehot_jtagStateReg_reg[0]/C is not reached by a timing clock
Related violations: <none>

TIMING-17#2 Critical Warning
Non-clocked sequential cell  
The clock pin system_top_i/system_e203_0/inst/dut/u_e203_subsys_top/u_sirv_debug_module/jtag_dtm_gen.u_sirv_jtag_dtm/FSM_onehot_jtagStateReg_reg[10]/C is not reached by a timing clock
Related violations: <none>

TIMING-17#3 Critical Warning
Non-clocked sequential cell  
The clock pin system_top_i/system_e203_0/inst/dut/u_e203_subsys_top/u_sirv_debug_module/jtag_dtm_gen.u_sirv_jtag_dtm/FSM_onehot_jtagStateReg_reg[11]/C is not reached by a timing clock
Related violations: <none>

TIMING-17#4 Critical Warning
Non-clocked sequential cell  
The clock pin system_top_i/system_e203_0/inst/dut/u_e203_subsys_top/u_sirv_debug_module/jtag_dtm_gen.u_sirv_jtag_dtm/FSM_onehot_jtagStateReg_reg[12]/C is not reached by a timing clock
Related violations: <none>

TIMING-17#5 Critical Warning
Non-clocked sequential cell  
The clock pin system_top_i/system_e203_0/inst/dut/u_e203_subsys_top/u_sirv_debug_module/jtag_dtm_gen.u_sirv_jtag_dtm/FSM_onehot_jtagStateReg_reg[13]/C is not reached by a timing clock
Related violations: <none>

TIMING-17#6 Critical Warning
Non-clocked sequential cell  
The clock pin system_top_i/system_e203_0/inst/dut/u_e203_subsys_top/u_sirv_debug_module/jtag_dtm_gen.u_sirv_jtag_dtm/FSM_onehot_jtagStateReg_reg[14]/C is not reached by a timing clock
Related violations: <none>

TIMING-17#7 Critical Warning
Non-clocked sequential cell  
The clock pin system_top_i/system_e203_0/inst/dut/u_e203_subsys_top/u_sirv_debug_module/jtag_dtm_gen.u_sirv_jtag_dtm/FSM_onehot_jtagStateReg_reg[15]/C is not reached by a timing clock
Related violations: <none>

TIMING-17#8 Critical Warning
Non-clocked sequential cell  
The clock pin system_top_i/system_e203_0/inst/dut/u_e203_subsys_top/u_sirv_debug_module/jtag_dtm_gen.u_sirv_jtag_dtm/FSM_onehot_jtagStateReg_reg[1]/C is not reached by a timing clock
Related violations: <none>

TIMING-17#9 Critical Warning
Non-clocked sequential cell  
The clock pin system_top_i/system_e203_0/inst/dut/u_e203_subsys_top/u_sirv_debug_module/jtag_dtm_gen.u_sirv_jtag_dtm/FSM_onehot_jtagStateReg_reg[2]/C is not reached by a timing clock
Related violations: <none>

TIMING-17#10 Critical Warning
Non-clocked sequential cell  
The clock pin system_top_i/system_e203_0/inst/dut/u_e203_subsys_top/u_sirv_debug_module/jtag_dtm_gen.u_sirv_jtag_dtm/FSM_onehot_jtagStateReg_reg[3]/C is not reached by a timing clock
Related violations: <none>

TIMING-17#11 Critical Warning
Non-clocked sequential cell  
The clock pin system_top_i/system_e203_0/inst/dut/u_e203_subsys_top/u_sirv_debug_module/jtag_dtm_gen.u_sirv_jtag_dtm/FSM_onehot_jtagStateReg_reg[4]/C is not reached by a timing clock
Related violations: <none>

TIMING-17#12 Critical Warning
Non-clocked sequential cell  
The clock pin system_top_i/system_e203_0/inst/dut/u_e203_subsys_top/u_sirv_debug_module/jtag_dtm_gen.u_sirv_jtag_dtm/FSM_onehot_jtagStateReg_reg[5]/C is not reached by a timing clock
Related violations: <none>

TIMING-17#13 Critical Warning
Non-clocked sequential cell  
The clock pin system_top_i/system_e203_0/inst/dut/u_e203_subsys_top/u_sirv_debug_module/jtag_dtm_gen.u_sirv_jtag_dtm/FSM_onehot_jtagStateReg_reg[6]/C is not reached by a timing clock
Related violations: <none>

TIMING-17#14 Critical Warning
Non-clocked sequential cell  
The clock pin system_top_i/system_e203_0/inst/dut/u_e203_subsys_top/u_sirv_debug_module/jtag_dtm_gen.u_sirv_jtag_dtm/FSM_onehot_jtagStateReg_reg[7]/C is not reached by a timing clock
Related violations: <none>

TIMING-17#15 Critical Warning
Non-clocked sequential cell  
The clock pin system_top_i/system_e203_0/inst/dut/u_e203_subsys_top/u_sirv_debug_module/jtag_dtm_gen.u_sirv_jtag_dtm/FSM_onehot_jtagStateReg_reg[8]/C is not reached by a timing clock
Related violations: <none>

TIMING-17#16 Critical Warning
Non-clocked sequential cell  
The clock pin system_top_i/system_e203_0/inst/dut/u_e203_subsys_top/u_sirv_debug_module/jtag_dtm_gen.u_sirv_jtag_dtm/FSM_onehot_jtagStateReg_reg[9]/C is not reached by a timing clock
Related violations: <none>

TIMING-17#17 Critical Warning
Non-clocked sequential cell  
The clock pin system_top_i/system_e203_0/inst/dut/u_e203_subsys_top/u_sirv_debug_module/jtag_dtm_gen.u_sirv_jtag_dtm/busyReg_reg/C is not reached by a timing clock
Related violations: <none>

TIMING-17#18 Critical Warning
Non-clocked sequential cell  
The clock pin system_top_i/system_e203_0/inst/dut/u_e203_subsys_top/u_sirv_debug_module/jtag_dtm_gen.u_sirv_jtag_dtm/dbusReg_reg[0]/C is not reached by a timing clock
Related violations: <none>

TIMING-17#19 Critical Warning
Non-clocked sequential cell  
The clock pin system_top_i/system_e203_0/inst/dut/u_e203_subsys_top/u_sirv_debug_module/jtag_dtm_gen.u_sirv_jtag_dtm/dbusReg_reg[10]/C is not reached by a timing clock
Related violations: <none>

TIMING-17#20 Critical Warning
Non-clocked sequential cell  
The clock pin system_top_i/system_e203_0/inst/dut/u_e203_subsys_top/u_sirv_debug_module/jtag_dtm_gen.u_sirv_jtag_dtm/dbusReg_reg[11]/C is not reached by a timing clock
Related violations: <none>

TIMING-17#21 Critical Warning
Non-clocked sequential cell  
The clock pin system_top_i/system_e203_0/inst/dut/u_e203_subsys_top/u_sirv_debug_module/jtag_dtm_gen.u_sirv_jtag_dtm/dbusReg_reg[12]/C is not reached by a timing clock
Related violations: <none>

TIMING-17#22 Critical Warning
Non-clocked sequential cell  
The clock pin system_top_i/system_e203_0/inst/dut/u_e203_subsys_top/u_sirv_debug_module/jtag_dtm_gen.u_sirv_jtag_dtm/dbusReg_reg[13]/C is not reached by a timing clock
Related violations: <none>

TIMING-17#23 Critical Warning
Non-clocked sequential cell  
The clock pin system_top_i/system_e203_0/inst/dut/u_e203_subsys_top/u_sirv_debug_module/jtag_dtm_gen.u_sirv_jtag_dtm/dbusReg_reg[14]/C is not reached by a timing clock
Related violations: <none>

TIMING-17#24 Critical Warning
Non-clocked sequential cell  
The clock pin system_top_i/system_e203_0/inst/dut/u_e203_subsys_top/u_sirv_debug_module/jtag_dtm_gen.u_sirv_jtag_dtm/dbusReg_reg[15]/C is not reached by a timing clock
Related violations: <none>

TIMING-17#25 Critical Warning
Non-clocked sequential cell  
The clock pin system_top_i/system_e203_0/inst/dut/u_e203_subsys_top/u_sirv_debug_module/jtag_dtm_gen.u_sirv_jtag_dtm/dbusReg_reg[16]/C is not reached by a timing clock
Related violations: <none>

TIMING-17#26 Critical Warning
Non-clocked sequential cell  
The clock pin system_top_i/system_e203_0/inst/dut/u_e203_subsys_top/u_sirv_debug_module/jtag_dtm_gen.u_sirv_jtag_dtm/dbusReg_reg[17]/C is not reached by a timing clock
Related violations: <none>

TIMING-17#27 Critical Warning
Non-clocked sequential cell  
The clock pin system_top_i/system_e203_0/inst/dut/u_e203_subsys_top/u_sirv_debug_module/jtag_dtm_gen.u_sirv_jtag_dtm/dbusReg_reg[18]/C is not reached by a timing clock
Related violations: <none>

TIMING-17#28 Critical Warning
Non-clocked sequential cell  
The clock pin system_top_i/system_e203_0/inst/dut/u_e203_subsys_top/u_sirv_debug_module/jtag_dtm_gen.u_sirv_jtag_dtm/dbusReg_reg[19]/C is not reached by a timing clock
Related violations: <none>

TIMING-17#29 Critical Warning
Non-clocked sequential cell  
The clock pin system_top_i/system_e203_0/inst/dut/u_e203_subsys_top/u_sirv_debug_module/jtag_dtm_gen.u_sirv_jtag_dtm/dbusReg_reg[1]/C is not reached by a timing clock
Related violations: <none>

TIMING-17#30 Critical Warning
Non-clocked sequential cell  
The clock pin system_top_i/system_e203_0/inst/dut/u_e203_subsys_top/u_sirv_debug_module/jtag_dtm_gen.u_sirv_jtag_dtm/dbusReg_reg[20]/C is not reached by a timing clock
Related violations: <none>

TIMING-17#31 Critical Warning
Non-clocked sequential cell  
The clock pin system_top_i/system_e203_0/inst/dut/u_e203_subsys_top/u_sirv_debug_module/jtag_dtm_gen.u_sirv_jtag_dtm/dbusReg_reg[21]/C is not reached by a timing clock
Related violations: <none>

TIMING-17#32 Critical Warning
Non-clocked sequential cell  
The clock pin system_top_i/system_e203_0/inst/dut/u_e203_subsys_top/u_sirv_debug_module/jtag_dtm_gen.u_sirv_jtag_dtm/dbusReg_reg[22]/C is not reached by a timing clock
Related violations: <none>

TIMING-17#33 Critical Warning
Non-clocked sequential cell  
The clock pin system_top_i/system_e203_0/inst/dut/u_e203_subsys_top/u_sirv_debug_module/jtag_dtm_gen.u_sirv_jtag_dtm/dbusReg_reg[23]/C is not reached by a timing clock
Related violations: <none>

TIMING-17#34 Critical Warning
Non-clocked sequential cell  
The clock pin system_top_i/system_e203_0/inst/dut/u_e203_subsys_top/u_sirv_debug_module/jtag_dtm_gen.u_sirv_jtag_dtm/dbusReg_reg[24]/C is not reached by a timing clock
Related violations: <none>

TIMING-17#35 Critical Warning
Non-clocked sequential cell  
The clock pin system_top_i/system_e203_0/inst/dut/u_e203_subsys_top/u_sirv_debug_module/jtag_dtm_gen.u_sirv_jtag_dtm/dbusReg_reg[25]/C is not reached by a timing clock
Related violations: <none>

TIMING-17#36 Critical Warning
Non-clocked sequential cell  
The clock pin system_top_i/system_e203_0/inst/dut/u_e203_subsys_top/u_sirv_debug_module/jtag_dtm_gen.u_sirv_jtag_dtm/dbusReg_reg[26]/C is not reached by a timing clock
Related violations: <none>

TIMING-17#37 Critical Warning
Non-clocked sequential cell  
The clock pin system_top_i/system_e203_0/inst/dut/u_e203_subsys_top/u_sirv_debug_module/jtag_dtm_gen.u_sirv_jtag_dtm/dbusReg_reg[27]/C is not reached by a timing clock
Related violations: <none>

TIMING-17#38 Critical Warning
Non-clocked sequential cell  
The clock pin system_top_i/system_e203_0/inst/dut/u_e203_subsys_top/u_sirv_debug_module/jtag_dtm_gen.u_sirv_jtag_dtm/dbusReg_reg[28]/C is not reached by a timing clock
Related violations: <none>

TIMING-17#39 Critical Warning
Non-clocked sequential cell  
The clock pin system_top_i/system_e203_0/inst/dut/u_e203_subsys_top/u_sirv_debug_module/jtag_dtm_gen.u_sirv_jtag_dtm/dbusReg_reg[29]/C is not reached by a timing clock
Related violations: <none>

TIMING-17#40 Critical Warning
Non-clocked sequential cell  
The clock pin system_top_i/system_e203_0/inst/dut/u_e203_subsys_top/u_sirv_debug_module/jtag_dtm_gen.u_sirv_jtag_dtm/dbusReg_reg[2]/C is not reached by a timing clock
Related violations: <none>

TIMING-17#41 Critical Warning
Non-clocked sequential cell  
The clock pin system_top_i/system_e203_0/inst/dut/u_e203_subsys_top/u_sirv_debug_module/jtag_dtm_gen.u_sirv_jtag_dtm/dbusReg_reg[30]/C is not reached by a timing clock
Related violations: <none>

TIMING-17#42 Critical Warning
Non-clocked sequential cell  
The clock pin system_top_i/system_e203_0/inst/dut/u_e203_subsys_top/u_sirv_debug_module/jtag_dtm_gen.u_sirv_jtag_dtm/dbusReg_reg[31]/C is not reached by a timing clock
Related violations: <none>

TIMING-17#43 Critical Warning
Non-clocked sequential cell  
The clock pin system_top_i/system_e203_0/inst/dut/u_e203_subsys_top/u_sirv_debug_module/jtag_dtm_gen.u_sirv_jtag_dtm/dbusReg_reg[32]/C is not reached by a timing clock
Related violations: <none>

TIMING-17#44 Critical Warning
Non-clocked sequential cell  
The clock pin system_top_i/system_e203_0/inst/dut/u_e203_subsys_top/u_sirv_debug_module/jtag_dtm_gen.u_sirv_jtag_dtm/dbusReg_reg[33]/C is not reached by a timing clock
Related violations: <none>

TIMING-17#45 Critical Warning
Non-clocked sequential cell  
The clock pin system_top_i/system_e203_0/inst/dut/u_e203_subsys_top/u_sirv_debug_module/jtag_dtm_gen.u_sirv_jtag_dtm/dbusReg_reg[34]/C is not reached by a timing clock
Related violations: <none>

TIMING-17#46 Critical Warning
Non-clocked sequential cell  
The clock pin system_top_i/system_e203_0/inst/dut/u_e203_subsys_top/u_sirv_debug_module/jtag_dtm_gen.u_sirv_jtag_dtm/dbusReg_reg[35]/C is not reached by a timing clock
Related violations: <none>

TIMING-17#47 Critical Warning
Non-clocked sequential cell  
The clock pin system_top_i/system_e203_0/inst/dut/u_e203_subsys_top/u_sirv_debug_module/jtag_dtm_gen.u_sirv_jtag_dtm/dbusReg_reg[36]/C is not reached by a timing clock
Related violations: <none>

TIMING-17#48 Critical Warning
Non-clocked sequential cell  
The clock pin system_top_i/system_e203_0/inst/dut/u_e203_subsys_top/u_sirv_debug_module/jtag_dtm_gen.u_sirv_jtag_dtm/dbusReg_reg[37]/C is not reached by a timing clock
Related violations: <none>

TIMING-17#49 Critical Warning
Non-clocked sequential cell  
The clock pin system_top_i/system_e203_0/inst/dut/u_e203_subsys_top/u_sirv_debug_module/jtag_dtm_gen.u_sirv_jtag_dtm/dbusReg_reg[38]/C is not reached by a timing clock
Related violations: <none>

TIMING-17#50 Critical Warning
Non-clocked sequential cell  
The clock pin system_top_i/system_e203_0/inst/dut/u_e203_subsys_top/u_sirv_debug_module/jtag_dtm_gen.u_sirv_jtag_dtm/dbusReg_reg[39]/C is not reached by a timing clock
Related violations: <none>

TIMING-17#51 Critical Warning
Non-clocked sequential cell  
The clock pin system_top_i/system_e203_0/inst/dut/u_e203_subsys_top/u_sirv_debug_module/jtag_dtm_gen.u_sirv_jtag_dtm/dbusReg_reg[3]/C is not reached by a timing clock
Related violations: <none>

TIMING-17#52 Critical Warning
Non-clocked sequential cell  
The clock pin system_top_i/system_e203_0/inst/dut/u_e203_subsys_top/u_sirv_debug_module/jtag_dtm_gen.u_sirv_jtag_dtm/dbusReg_reg[40]/C is not reached by a timing clock
Related violations: <none>

TIMING-17#53 Critical Warning
Non-clocked sequential cell  
The clock pin system_top_i/system_e203_0/inst/dut/u_e203_subsys_top/u_sirv_debug_module/jtag_dtm_gen.u_sirv_jtag_dtm/dbusReg_reg[4]/C is not reached by a timing clock
Related violations: <none>

TIMING-17#54 Critical Warning
Non-clocked sequential cell  
The clock pin system_top_i/system_e203_0/inst/dut/u_e203_subsys_top/u_sirv_debug_module/jtag_dtm_gen.u_sirv_jtag_dtm/dbusReg_reg[5]/C is not reached by a timing clock
Related violations: <none>

TIMING-17#55 Critical Warning
Non-clocked sequential cell  
The clock pin system_top_i/system_e203_0/inst/dut/u_e203_subsys_top/u_sirv_debug_module/jtag_dtm_gen.u_sirv_jtag_dtm/dbusReg_reg[6]/C is not reached by a timing clock
Related violations: <none>

TIMING-17#56 Critical Warning
Non-clocked sequential cell  
The clock pin system_top_i/system_e203_0/inst/dut/u_e203_subsys_top/u_sirv_debug_module/jtag_dtm_gen.u_sirv_jtag_dtm/dbusReg_reg[7]/C is not reached by a timing clock
Related violations: <none>

TIMING-17#57 Critical Warning
Non-clocked sequential cell  
The clock pin system_top_i/system_e203_0/inst/dut/u_e203_subsys_top/u_sirv_debug_module/jtag_dtm_gen.u_sirv_jtag_dtm/dbusReg_reg[8]/C is not reached by a timing clock
Related violations: <none>

TIMING-17#58 Critical Warning
Non-clocked sequential cell  
The clock pin system_top_i/system_e203_0/inst/dut/u_e203_subsys_top/u_sirv_debug_module/jtag_dtm_gen.u_sirv_jtag_dtm/dbusReg_reg[9]/C is not reached by a timing clock
Related violations: <none>

TIMING-17#59 Critical Warning
Non-clocked sequential cell  
The clock pin system_top_i/system_e203_0/inst/dut/u_e203_subsys_top/u_sirv_debug_module/jtag_dtm_gen.u_sirv_jtag_dtm/dbusValidReg_reg/C is not reached by a timing clock
Related violations: <none>

TIMING-17#60 Critical Warning
Non-clocked sequential cell  
The clock pin system_top_i/system_e203_0/inst/dut/u_e203_subsys_top/u_sirv_debug_module/jtag_dtm_gen.u_sirv_jtag_dtm/irReg_reg[0]/C is not reached by a timing clock
Related violations: <none>

TIMING-17#61 Critical Warning
Non-clocked sequential cell  
The clock pin system_top_i/system_e203_0/inst/dut/u_e203_subsys_top/u_sirv_debug_module/jtag_dtm_gen.u_sirv_jtag_dtm/irReg_reg[1]/C is not reached by a timing clock
Related violations: <none>

TIMING-17#62 Critical Warning
Non-clocked sequential cell  
The clock pin system_top_i/system_e203_0/inst/dut/u_e203_subsys_top/u_sirv_debug_module/jtag_dtm_gen.u_sirv_jtag_dtm/irReg_reg[2]/C is not reached by a timing clock
Related violations: <none>

TIMING-17#63 Critical Warning
Non-clocked sequential cell  
The clock pin system_top_i/system_e203_0/inst/dut/u_e203_subsys_top/u_sirv_debug_module/jtag_dtm_gen.u_sirv_jtag_dtm/irReg_reg[3]/C is not reached by a timing clock
Related violations: <none>

TIMING-17#64 Critical Warning
Non-clocked sequential cell  
The clock pin system_top_i/system_e203_0/inst/dut/u_e203_subsys_top/u_sirv_debug_module/jtag_dtm_gen.u_sirv_jtag_dtm/irReg_reg[4]/C is not reached by a timing clock
Related violations: <none>

TIMING-17#65 Critical Warning
Non-clocked sequential cell  
The clock pin system_top_i/system_e203_0/inst/dut/u_e203_subsys_top/u_sirv_debug_module/jtag_dtm_gen.u_sirv_jtag_dtm/jtag_DRV_TDO_reg_inv/C is not reached by a timing clock
Related violations: <none>

TIMING-17#66 Critical Warning
Non-clocked sequential cell  
The clock pin system_top_i/system_e203_0/inst/dut/u_e203_subsys_top/u_sirv_debug_module/jtag_dtm_gen.u_sirv_jtag_dtm/jtag_TDO_reg/C is not reached by a timing clock
Related violations: <none>

TIMING-17#67 Critical Warning
Non-clocked sequential cell  
The clock pin system_top_i/system_e203_0/inst/dut/u_e203_subsys_top/u_sirv_debug_module/jtag_dtm_gen.u_sirv_jtag_dtm/shiftReg_reg[0]/C is not reached by a timing clock
Related violations: <none>

TIMING-17#68 Critical Warning
Non-clocked sequential cell  
The clock pin system_top_i/system_e203_0/inst/dut/u_e203_subsys_top/u_sirv_debug_module/jtag_dtm_gen.u_sirv_jtag_dtm/shiftReg_reg[10]/C is not reached by a timing clock
Related violations: <none>

TIMING-17#69 Critical Warning
Non-clocked sequential cell  
The clock pin system_top_i/system_e203_0/inst/dut/u_e203_subsys_top/u_sirv_debug_module/jtag_dtm_gen.u_sirv_jtag_dtm/shiftReg_reg[11]/C is not reached by a timing clock
Related violations: <none>

TIMING-17#70 Critical Warning
Non-clocked sequential cell  
The clock pin system_top_i/system_e203_0/inst/dut/u_e203_subsys_top/u_sirv_debug_module/jtag_dtm_gen.u_sirv_jtag_dtm/shiftReg_reg[12]/C is not reached by a timing clock
Related violations: <none>

TIMING-17#71 Critical Warning
Non-clocked sequential cell  
The clock pin system_top_i/system_e203_0/inst/dut/u_e203_subsys_top/u_sirv_debug_module/jtag_dtm_gen.u_sirv_jtag_dtm/shiftReg_reg[13]/C is not reached by a timing clock
Related violations: <none>

TIMING-17#72 Critical Warning
Non-clocked sequential cell  
The clock pin system_top_i/system_e203_0/inst/dut/u_e203_subsys_top/u_sirv_debug_module/jtag_dtm_gen.u_sirv_jtag_dtm/shiftReg_reg[14]/C is not reached by a timing clock
Related violations: <none>

TIMING-17#73 Critical Warning
Non-clocked sequential cell  
The clock pin system_top_i/system_e203_0/inst/dut/u_e203_subsys_top/u_sirv_debug_module/jtag_dtm_gen.u_sirv_jtag_dtm/shiftReg_reg[15]/C is not reached by a timing clock
Related violations: <none>

TIMING-17#74 Critical Warning
Non-clocked sequential cell  
The clock pin system_top_i/system_e203_0/inst/dut/u_e203_subsys_top/u_sirv_debug_module/jtag_dtm_gen.u_sirv_jtag_dtm/shiftReg_reg[16]/C is not reached by a timing clock
Related violations: <none>

TIMING-17#75 Critical Warning
Non-clocked sequential cell  
The clock pin system_top_i/system_e203_0/inst/dut/u_e203_subsys_top/u_sirv_debug_module/jtag_dtm_gen.u_sirv_jtag_dtm/shiftReg_reg[17]/C is not reached by a timing clock
Related violations: <none>

TIMING-17#76 Critical Warning
Non-clocked sequential cell  
The clock pin system_top_i/system_e203_0/inst/dut/u_e203_subsys_top/u_sirv_debug_module/jtag_dtm_gen.u_sirv_jtag_dtm/shiftReg_reg[18]/C is not reached by a timing clock
Related violations: <none>

TIMING-17#77 Critical Warning
Non-clocked sequential cell  
The clock pin system_top_i/system_e203_0/inst/dut/u_e203_subsys_top/u_sirv_debug_module/jtag_dtm_gen.u_sirv_jtag_dtm/shiftReg_reg[19]/C is not reached by a timing clock
Related violations: <none>

TIMING-17#78 Critical Warning
Non-clocked sequential cell  
The clock pin system_top_i/system_e203_0/inst/dut/u_e203_subsys_top/u_sirv_debug_module/jtag_dtm_gen.u_sirv_jtag_dtm/shiftReg_reg[1]/C is not reached by a timing clock
Related violations: <none>

TIMING-17#79 Critical Warning
Non-clocked sequential cell  
The clock pin system_top_i/system_e203_0/inst/dut/u_e203_subsys_top/u_sirv_debug_module/jtag_dtm_gen.u_sirv_jtag_dtm/shiftReg_reg[20]/C is not reached by a timing clock
Related violations: <none>

TIMING-17#80 Critical Warning
Non-clocked sequential cell  
The clock pin system_top_i/system_e203_0/inst/dut/u_e203_subsys_top/u_sirv_debug_module/jtag_dtm_gen.u_sirv_jtag_dtm/shiftReg_reg[21]/C is not reached by a timing clock
Related violations: <none>

TIMING-17#81 Critical Warning
Non-clocked sequential cell  
The clock pin system_top_i/system_e203_0/inst/dut/u_e203_subsys_top/u_sirv_debug_module/jtag_dtm_gen.u_sirv_jtag_dtm/shiftReg_reg[22]/C is not reached by a timing clock
Related violations: <none>

TIMING-17#82 Critical Warning
Non-clocked sequential cell  
The clock pin system_top_i/system_e203_0/inst/dut/u_e203_subsys_top/u_sirv_debug_module/jtag_dtm_gen.u_sirv_jtag_dtm/shiftReg_reg[23]/C is not reached by a timing clock
Related violations: <none>

TIMING-17#83 Critical Warning
Non-clocked sequential cell  
The clock pin system_top_i/system_e203_0/inst/dut/u_e203_subsys_top/u_sirv_debug_module/jtag_dtm_gen.u_sirv_jtag_dtm/shiftReg_reg[24]/C is not reached by a timing clock
Related violations: <none>

TIMING-17#84 Critical Warning
Non-clocked sequential cell  
The clock pin system_top_i/system_e203_0/inst/dut/u_e203_subsys_top/u_sirv_debug_module/jtag_dtm_gen.u_sirv_jtag_dtm/shiftReg_reg[25]/C is not reached by a timing clock
Related violations: <none>

TIMING-17#85 Critical Warning
Non-clocked sequential cell  
The clock pin system_top_i/system_e203_0/inst/dut/u_e203_subsys_top/u_sirv_debug_module/jtag_dtm_gen.u_sirv_jtag_dtm/shiftReg_reg[26]/C is not reached by a timing clock
Related violations: <none>

TIMING-17#86 Critical Warning
Non-clocked sequential cell  
The clock pin system_top_i/system_e203_0/inst/dut/u_e203_subsys_top/u_sirv_debug_module/jtag_dtm_gen.u_sirv_jtag_dtm/shiftReg_reg[27]/C is not reached by a timing clock
Related violations: <none>

TIMING-17#87 Critical Warning
Non-clocked sequential cell  
The clock pin system_top_i/system_e203_0/inst/dut/u_e203_subsys_top/u_sirv_debug_module/jtag_dtm_gen.u_sirv_jtag_dtm/shiftReg_reg[28]/C is not reached by a timing clock
Related violations: <none>

TIMING-17#88 Critical Warning
Non-clocked sequential cell  
The clock pin system_top_i/system_e203_0/inst/dut/u_e203_subsys_top/u_sirv_debug_module/jtag_dtm_gen.u_sirv_jtag_dtm/shiftReg_reg[29]/C is not reached by a timing clock
Related violations: <none>

TIMING-17#89 Critical Warning
Non-clocked sequential cell  
The clock pin system_top_i/system_e203_0/inst/dut/u_e203_subsys_top/u_sirv_debug_module/jtag_dtm_gen.u_sirv_jtag_dtm/shiftReg_reg[2]/C is not reached by a timing clock
Related violations: <none>

TIMING-17#90 Critical Warning
Non-clocked sequential cell  
The clock pin system_top_i/system_e203_0/inst/dut/u_e203_subsys_top/u_sirv_debug_module/jtag_dtm_gen.u_sirv_jtag_dtm/shiftReg_reg[30]/C is not reached by a timing clock
Related violations: <none>

TIMING-17#91 Critical Warning
Non-clocked sequential cell  
The clock pin system_top_i/system_e203_0/inst/dut/u_e203_subsys_top/u_sirv_debug_module/jtag_dtm_gen.u_sirv_jtag_dtm/shiftReg_reg[31]/C is not reached by a timing clock
Related violations: <none>

TIMING-17#92 Critical Warning
Non-clocked sequential cell  
The clock pin system_top_i/system_e203_0/inst/dut/u_e203_subsys_top/u_sirv_debug_module/jtag_dtm_gen.u_sirv_jtag_dtm/shiftReg_reg[32]/C is not reached by a timing clock
Related violations: <none>

TIMING-17#93 Critical Warning
Non-clocked sequential cell  
The clock pin system_top_i/system_e203_0/inst/dut/u_e203_subsys_top/u_sirv_debug_module/jtag_dtm_gen.u_sirv_jtag_dtm/shiftReg_reg[33]/C is not reached by a timing clock
Related violations: <none>

TIMING-17#94 Critical Warning
Non-clocked sequential cell  
The clock pin system_top_i/system_e203_0/inst/dut/u_e203_subsys_top/u_sirv_debug_module/jtag_dtm_gen.u_sirv_jtag_dtm/shiftReg_reg[34]/C is not reached by a timing clock
Related violations: <none>

TIMING-17#95 Critical Warning
Non-clocked sequential cell  
The clock pin system_top_i/system_e203_0/inst/dut/u_e203_subsys_top/u_sirv_debug_module/jtag_dtm_gen.u_sirv_jtag_dtm/shiftReg_reg[35]/C is not reached by a timing clock
Related violations: <none>

TIMING-17#96 Critical Warning
Non-clocked sequential cell  
The clock pin system_top_i/system_e203_0/inst/dut/u_e203_subsys_top/u_sirv_debug_module/jtag_dtm_gen.u_sirv_jtag_dtm/shiftReg_reg[36]/C is not reached by a timing clock
Related violations: <none>

TIMING-17#97 Critical Warning
Non-clocked sequential cell  
The clock pin system_top_i/system_e203_0/inst/dut/u_e203_subsys_top/u_sirv_debug_module/jtag_dtm_gen.u_sirv_jtag_dtm/shiftReg_reg[37]/C is not reached by a timing clock
Related violations: <none>

TIMING-17#98 Critical Warning
Non-clocked sequential cell  
The clock pin system_top_i/system_e203_0/inst/dut/u_e203_subsys_top/u_sirv_debug_module/jtag_dtm_gen.u_sirv_jtag_dtm/shiftReg_reg[38]/C is not reached by a timing clock
Related violations: <none>

TIMING-17#99 Critical Warning
Non-clocked sequential cell  
The clock pin system_top_i/system_e203_0/inst/dut/u_e203_subsys_top/u_sirv_debug_module/jtag_dtm_gen.u_sirv_jtag_dtm/shiftReg_reg[39]/C is not reached by a timing clock
Related violations: <none>

TIMING-17#100 Critical Warning
Non-clocked sequential cell  
The clock pin system_top_i/system_e203_0/inst/dut/u_e203_subsys_top/u_sirv_debug_module/jtag_dtm_gen.u_sirv_jtag_dtm/shiftReg_reg[3]/C is not reached by a timing clock
Related violations: <none>

TIMING-17#101 Critical Warning
Non-clocked sequential cell  
The clock pin system_top_i/system_e203_0/inst/dut/u_e203_subsys_top/u_sirv_debug_module/jtag_dtm_gen.u_sirv_jtag_dtm/shiftReg_reg[40]/C is not reached by a timing clock
Related violations: <none>

TIMING-17#102 Critical Warning
Non-clocked sequential cell  
The clock pin system_top_i/system_e203_0/inst/dut/u_e203_subsys_top/u_sirv_debug_module/jtag_dtm_gen.u_sirv_jtag_dtm/shiftReg_reg[4]/C is not reached by a timing clock
Related violations: <none>

TIMING-17#103 Critical Warning
Non-clocked sequential cell  
The clock pin system_top_i/system_e203_0/inst/dut/u_e203_subsys_top/u_sirv_debug_module/jtag_dtm_gen.u_sirv_jtag_dtm/shiftReg_reg[5]/C is not reached by a timing clock
Related violations: <none>

TIMING-17#104 Critical Warning
Non-clocked sequential cell  
The clock pin system_top_i/system_e203_0/inst/dut/u_e203_subsys_top/u_sirv_debug_module/jtag_dtm_gen.u_sirv_jtag_dtm/shiftReg_reg[6]/C is not reached by a timing clock
Related violations: <none>

TIMING-17#105 Critical Warning
Non-clocked sequential cell  
The clock pin system_top_i/system_e203_0/inst/dut/u_e203_subsys_top/u_sirv_debug_module/jtag_dtm_gen.u_sirv_jtag_dtm/shiftReg_reg[7]/C is not reached by a timing clock
Related violations: <none>

TIMING-17#106 Critical Warning
Non-clocked sequential cell  
The clock pin system_top_i/system_e203_0/inst/dut/u_e203_subsys_top/u_sirv_debug_module/jtag_dtm_gen.u_sirv_jtag_dtm/shiftReg_reg[8]/C is not reached by a timing clock
Related violations: <none>

TIMING-17#107 Critical Warning
Non-clocked sequential cell  
The clock pin system_top_i/system_e203_0/inst/dut/u_e203_subsys_top/u_sirv_debug_module/jtag_dtm_gen.u_sirv_jtag_dtm/shiftReg_reg[9]/C is not reached by a timing clock
Related violations: <none>

TIMING-17#108 Critical Warning
Non-clocked sequential cell  
The clock pin system_top_i/system_e203_0/inst/dut/u_e203_subsys_top/u_sirv_debug_module/jtag_dtm_gen.u_sirv_jtag_dtm/skipOpReg_reg/C is not reached by a timing clock
Related violations: <none>

TIMING-17#109 Critical Warning
Non-clocked sequential cell  
The clock pin system_top_i/system_e203_0/inst/dut/u_e203_subsys_top/u_sirv_debug_module/jtag_dtm_gen.u_sirv_jtag_dtm/stickyBusyReg_reg/C is not reached by a timing clock
Related violations: <none>

TIMING-17#110 Critical Warning
Non-clocked sequential cell  
The clock pin system_top_i/system_e203_0/inst/dut/u_e203_subsys_top/u_sirv_debug_module/jtag_dtm_gen.u_sirv_jtag_dtm/u_jtag2debug_cdc_rx/buf_dat_dfflr/qout_r_reg[10]/C is not reached by a timing clock
Related violations: <none>

TIMING-17#111 Critical Warning
Non-clocked sequential cell  
The clock pin system_top_i/system_e203_0/inst/dut/u_e203_subsys_top/u_sirv_debug_module/jtag_dtm_gen.u_sirv_jtag_dtm/u_jtag2debug_cdc_rx/buf_dat_dfflr/qout_r_reg[11]/C is not reached by a timing clock
Related violations: <none>

TIMING-17#112 Critical Warning
Non-clocked sequential cell  
The clock pin system_top_i/system_e203_0/inst/dut/u_e203_subsys_top/u_sirv_debug_module/jtag_dtm_gen.u_sirv_jtag_dtm/u_jtag2debug_cdc_rx/buf_dat_dfflr/qout_r_reg[12]/C is not reached by a timing clock
Related violations: <none>

TIMING-17#113 Critical Warning
Non-clocked sequential cell  
The clock pin system_top_i/system_e203_0/inst/dut/u_e203_subsys_top/u_sirv_debug_module/jtag_dtm_gen.u_sirv_jtag_dtm/u_jtag2debug_cdc_rx/buf_dat_dfflr/qout_r_reg[13]/C is not reached by a timing clock
Related violations: <none>

TIMING-17#114 Critical Warning
Non-clocked sequential cell  
The clock pin system_top_i/system_e203_0/inst/dut/u_e203_subsys_top/u_sirv_debug_module/jtag_dtm_gen.u_sirv_jtag_dtm/u_jtag2debug_cdc_rx/buf_dat_dfflr/qout_r_reg[14]/C is not reached by a timing clock
Related violations: <none>

TIMING-17#115 Critical Warning
Non-clocked sequential cell  
The clock pin system_top_i/system_e203_0/inst/dut/u_e203_subsys_top/u_sirv_debug_module/jtag_dtm_gen.u_sirv_jtag_dtm/u_jtag2debug_cdc_rx/buf_dat_dfflr/qout_r_reg[15]/C is not reached by a timing clock
Related violations: <none>

TIMING-17#116 Critical Warning
Non-clocked sequential cell  
The clock pin system_top_i/system_e203_0/inst/dut/u_e203_subsys_top/u_sirv_debug_module/jtag_dtm_gen.u_sirv_jtag_dtm/u_jtag2debug_cdc_rx/buf_dat_dfflr/qout_r_reg[16]/C is not reached by a timing clock
Related violations: <none>

TIMING-17#117 Critical Warning
Non-clocked sequential cell  
The clock pin system_top_i/system_e203_0/inst/dut/u_e203_subsys_top/u_sirv_debug_module/jtag_dtm_gen.u_sirv_jtag_dtm/u_jtag2debug_cdc_rx/buf_dat_dfflr/qout_r_reg[17]/C is not reached by a timing clock
Related violations: <none>

TIMING-17#118 Critical Warning
Non-clocked sequential cell  
The clock pin system_top_i/system_e203_0/inst/dut/u_e203_subsys_top/u_sirv_debug_module/jtag_dtm_gen.u_sirv_jtag_dtm/u_jtag2debug_cdc_rx/buf_dat_dfflr/qout_r_reg[18]/C is not reached by a timing clock
Related violations: <none>

TIMING-17#119 Critical Warning
Non-clocked sequential cell  
The clock pin system_top_i/system_e203_0/inst/dut/u_e203_subsys_top/u_sirv_debug_module/jtag_dtm_gen.u_sirv_jtag_dtm/u_jtag2debug_cdc_rx/buf_dat_dfflr/qout_r_reg[19]/C is not reached by a timing clock
Related violations: <none>

TIMING-17#120 Critical Warning
Non-clocked sequential cell  
The clock pin system_top_i/system_e203_0/inst/dut/u_e203_subsys_top/u_sirv_debug_module/jtag_dtm_gen.u_sirv_jtag_dtm/u_jtag2debug_cdc_rx/buf_dat_dfflr/qout_r_reg[20]/C is not reached by a timing clock
Related violations: <none>

TIMING-17#121 Critical Warning
Non-clocked sequential cell  
The clock pin system_top_i/system_e203_0/inst/dut/u_e203_subsys_top/u_sirv_debug_module/jtag_dtm_gen.u_sirv_jtag_dtm/u_jtag2debug_cdc_rx/buf_dat_dfflr/qout_r_reg[21]/C is not reached by a timing clock
Related violations: <none>

TIMING-17#122 Critical Warning
Non-clocked sequential cell  
The clock pin system_top_i/system_e203_0/inst/dut/u_e203_subsys_top/u_sirv_debug_module/jtag_dtm_gen.u_sirv_jtag_dtm/u_jtag2debug_cdc_rx/buf_dat_dfflr/qout_r_reg[22]/C is not reached by a timing clock
Related violations: <none>

TIMING-17#123 Critical Warning
Non-clocked sequential cell  
The clock pin system_top_i/system_e203_0/inst/dut/u_e203_subsys_top/u_sirv_debug_module/jtag_dtm_gen.u_sirv_jtag_dtm/u_jtag2debug_cdc_rx/buf_dat_dfflr/qout_r_reg[23]/C is not reached by a timing clock
Related violations: <none>

TIMING-17#124 Critical Warning
Non-clocked sequential cell  
The clock pin system_top_i/system_e203_0/inst/dut/u_e203_subsys_top/u_sirv_debug_module/jtag_dtm_gen.u_sirv_jtag_dtm/u_jtag2debug_cdc_rx/buf_dat_dfflr/qout_r_reg[24]/C is not reached by a timing clock
Related violations: <none>

TIMING-17#125 Critical Warning
Non-clocked sequential cell  
The clock pin system_top_i/system_e203_0/inst/dut/u_e203_subsys_top/u_sirv_debug_module/jtag_dtm_gen.u_sirv_jtag_dtm/u_jtag2debug_cdc_rx/buf_dat_dfflr/qout_r_reg[25]/C is not reached by a timing clock
Related violations: <none>

TIMING-17#126 Critical Warning
Non-clocked sequential cell  
The clock pin system_top_i/system_e203_0/inst/dut/u_e203_subsys_top/u_sirv_debug_module/jtag_dtm_gen.u_sirv_jtag_dtm/u_jtag2debug_cdc_rx/buf_dat_dfflr/qout_r_reg[26]/C is not reached by a timing clock
Related violations: <none>

TIMING-17#127 Critical Warning
Non-clocked sequential cell  
The clock pin system_top_i/system_e203_0/inst/dut/u_e203_subsys_top/u_sirv_debug_module/jtag_dtm_gen.u_sirv_jtag_dtm/u_jtag2debug_cdc_rx/buf_dat_dfflr/qout_r_reg[27]/C is not reached by a timing clock
Related violations: <none>

TIMING-17#128 Critical Warning
Non-clocked sequential cell  
The clock pin system_top_i/system_e203_0/inst/dut/u_e203_subsys_top/u_sirv_debug_module/jtag_dtm_gen.u_sirv_jtag_dtm/u_jtag2debug_cdc_rx/buf_dat_dfflr/qout_r_reg[28]/C is not reached by a timing clock
Related violations: <none>

TIMING-17#129 Critical Warning
Non-clocked sequential cell  
The clock pin system_top_i/system_e203_0/inst/dut/u_e203_subsys_top/u_sirv_debug_module/jtag_dtm_gen.u_sirv_jtag_dtm/u_jtag2debug_cdc_rx/buf_dat_dfflr/qout_r_reg[29]/C is not reached by a timing clock
Related violations: <none>

TIMING-17#130 Critical Warning
Non-clocked sequential cell  
The clock pin system_top_i/system_e203_0/inst/dut/u_e203_subsys_top/u_sirv_debug_module/jtag_dtm_gen.u_sirv_jtag_dtm/u_jtag2debug_cdc_rx/buf_dat_dfflr/qout_r_reg[2]/C is not reached by a timing clock
Related violations: <none>

TIMING-17#131 Critical Warning
Non-clocked sequential cell  
The clock pin system_top_i/system_e203_0/inst/dut/u_e203_subsys_top/u_sirv_debug_module/jtag_dtm_gen.u_sirv_jtag_dtm/u_jtag2debug_cdc_rx/buf_dat_dfflr/qout_r_reg[30]/C is not reached by a timing clock
Related violations: <none>

TIMING-17#132 Critical Warning
Non-clocked sequential cell  
The clock pin system_top_i/system_e203_0/inst/dut/u_e203_subsys_top/u_sirv_debug_module/jtag_dtm_gen.u_sirv_jtag_dtm/u_jtag2debug_cdc_rx/buf_dat_dfflr/qout_r_reg[31]/C is not reached by a timing clock
Related violations: <none>

TIMING-17#133 Critical Warning
Non-clocked sequential cell  
The clock pin system_top_i/system_e203_0/inst/dut/u_e203_subsys_top/u_sirv_debug_module/jtag_dtm_gen.u_sirv_jtag_dtm/u_jtag2debug_cdc_rx/buf_dat_dfflr/qout_r_reg[32]/C is not reached by a timing clock
Related violations: <none>

TIMING-17#134 Critical Warning
Non-clocked sequential cell  
The clock pin system_top_i/system_e203_0/inst/dut/u_e203_subsys_top/u_sirv_debug_module/jtag_dtm_gen.u_sirv_jtag_dtm/u_jtag2debug_cdc_rx/buf_dat_dfflr/qout_r_reg[33]/C is not reached by a timing clock
Related violations: <none>

TIMING-17#135 Critical Warning
Non-clocked sequential cell  
The clock pin system_top_i/system_e203_0/inst/dut/u_e203_subsys_top/u_sirv_debug_module/jtag_dtm_gen.u_sirv_jtag_dtm/u_jtag2debug_cdc_rx/buf_dat_dfflr/qout_r_reg[34]/C is not reached by a timing clock
Related violations: <none>

TIMING-17#136 Critical Warning
Non-clocked sequential cell  
The clock pin system_top_i/system_e203_0/inst/dut/u_e203_subsys_top/u_sirv_debug_module/jtag_dtm_gen.u_sirv_jtag_dtm/u_jtag2debug_cdc_rx/buf_dat_dfflr/qout_r_reg[35]/C is not reached by a timing clock
Related violations: <none>

TIMING-17#137 Critical Warning
Non-clocked sequential cell  
The clock pin system_top_i/system_e203_0/inst/dut/u_e203_subsys_top/u_sirv_debug_module/jtag_dtm_gen.u_sirv_jtag_dtm/u_jtag2debug_cdc_rx/buf_dat_dfflr/qout_r_reg[3]/C is not reached by a timing clock
Related violations: <none>

TIMING-17#138 Critical Warning
Non-clocked sequential cell  
The clock pin system_top_i/system_e203_0/inst/dut/u_e203_subsys_top/u_sirv_debug_module/jtag_dtm_gen.u_sirv_jtag_dtm/u_jtag2debug_cdc_rx/buf_dat_dfflr/qout_r_reg[4]/C is not reached by a timing clock
Related violations: <none>

TIMING-17#139 Critical Warning
Non-clocked sequential cell  
The clock pin system_top_i/system_e203_0/inst/dut/u_e203_subsys_top/u_sirv_debug_module/jtag_dtm_gen.u_sirv_jtag_dtm/u_jtag2debug_cdc_rx/buf_dat_dfflr/qout_r_reg[5]/C is not reached by a timing clock
Related violations: <none>

TIMING-17#140 Critical Warning
Non-clocked sequential cell  
The clock pin system_top_i/system_e203_0/inst/dut/u_e203_subsys_top/u_sirv_debug_module/jtag_dtm_gen.u_sirv_jtag_dtm/u_jtag2debug_cdc_rx/buf_dat_dfflr/qout_r_reg[6]/C is not reached by a timing clock
Related violations: <none>

TIMING-17#141 Critical Warning
Non-clocked sequential cell  
The clock pin system_top_i/system_e203_0/inst/dut/u_e203_subsys_top/u_sirv_debug_module/jtag_dtm_gen.u_sirv_jtag_dtm/u_jtag2debug_cdc_rx/buf_dat_dfflr/qout_r_reg[7]/C is not reached by a timing clock
Related violations: <none>

TIMING-17#142 Critical Warning
Non-clocked sequential cell  
The clock pin system_top_i/system_e203_0/inst/dut/u_e203_subsys_top/u_sirv_debug_module/jtag_dtm_gen.u_sirv_jtag_dtm/u_jtag2debug_cdc_rx/buf_dat_dfflr/qout_r_reg[8]/C is not reached by a timing clock
Related violations: <none>

TIMING-17#143 Critical Warning
Non-clocked sequential cell  
The clock pin system_top_i/system_e203_0/inst/dut/u_e203_subsys_top/u_sirv_debug_module/jtag_dtm_gen.u_sirv_jtag_dtm/u_jtag2debug_cdc_rx/buf_dat_dfflr/qout_r_reg[9]/C is not reached by a timing clock
Related violations: <none>

TIMING-17#144 Critical Warning
Non-clocked sequential cell  
The clock pin system_top_i/system_e203_0/inst/dut/u_e203_subsys_top/u_sirv_debug_module/jtag_dtm_gen.u_sirv_jtag_dtm/u_jtag2debug_cdc_rx/buf_vld_dfflr/qout_r_reg[0]/C is not reached by a timing clock
Related violations: <none>

TIMING-17#145 Critical Warning
Non-clocked sequential cell  
The clock pin system_top_i/system_e203_0/inst/dut/u_e203_subsys_top/u_sirv_debug_module/jtag_dtm_gen.u_sirv_jtag_dtm/u_jtag2debug_cdc_rx/i_rdy_dfflr/qout_r_reg[0]/C is not reached by a timing clock
Related violations: <none>

TIMING-17#146 Critical Warning
Non-clocked sequential cell  
The clock pin system_top_i/system_e203_0/inst/dut/u_e203_subsys_top/u_sirv_debug_module/jtag_dtm_gen.u_sirv_jtag_dtm/u_jtag2debug_cdc_rx/i_vld_sync_dffr/qout_r_reg[0]/C is not reached by a timing clock
Related violations: <none>

TIMING-17#147 Critical Warning
Non-clocked sequential cell  
The clock pin system_top_i/system_e203_0/inst/dut/u_e203_subsys_top/u_sirv_debug_module/jtag_dtm_gen.u_sirv_jtag_dtm/u_jtag2debug_cdc_rx/u_i_vld_sync/sync_gen[0].i_is_0.sync_dffr/qout_r_reg[0]/C is not reached by a timing clock
Related violations: <none>

TIMING-17#148 Critical Warning
Non-clocked sequential cell  
The clock pin system_top_i/system_e203_0/inst/dut/u_e203_subsys_top/u_sirv_debug_module/jtag_dtm_gen.u_sirv_jtag_dtm/u_jtag2debug_cdc_rx/u_i_vld_sync/sync_gen[1].i_is_not_0.sync_dffr/qout_r_reg[0]/C is not reached by a timing clock
Related violations: <none>

TIMING-17#149 Critical Warning
Non-clocked sequential cell  
The clock pin system_top_i/system_e203_0/inst/dut/u_e203_subsys_top/u_sirv_debug_module/jtag_dtm_gen.u_sirv_jtag_dtm/u_jtag2debug_cdc_tx/buf_nrdy_dfflr/qout_r_reg[0]/C is not reached by a timing clock
Related violations: <none>

TIMING-17#150 Critical Warning
Non-clocked sequential cell  
The clock pin system_top_i/system_e203_0/inst/dut/u_e203_subsys_top/u_sirv_debug_module/jtag_dtm_gen.u_sirv_jtag_dtm/u_jtag2debug_cdc_tx/dat_dfflr/qout_r_reg[0]/C is not reached by a timing clock
Related violations: <none>

TIMING-17#151 Critical Warning
Non-clocked sequential cell  
The clock pin system_top_i/system_e203_0/inst/dut/u_e203_subsys_top/u_sirv_debug_module/jtag_dtm_gen.u_sirv_jtag_dtm/u_jtag2debug_cdc_tx/dat_dfflr/qout_r_reg[10]/C is not reached by a timing clock
Related violations: <none>

TIMING-17#152 Critical Warning
Non-clocked sequential cell  
The clock pin system_top_i/system_e203_0/inst/dut/u_e203_subsys_top/u_sirv_debug_module/jtag_dtm_gen.u_sirv_jtag_dtm/u_jtag2debug_cdc_tx/dat_dfflr/qout_r_reg[11]/C is not reached by a timing clock
Related violations: <none>

TIMING-17#153 Critical Warning
Non-clocked sequential cell  
The clock pin system_top_i/system_e203_0/inst/dut/u_e203_subsys_top/u_sirv_debug_module/jtag_dtm_gen.u_sirv_jtag_dtm/u_jtag2debug_cdc_tx/dat_dfflr/qout_r_reg[12]/C is not reached by a timing clock
Related violations: <none>

TIMING-17#154 Critical Warning
Non-clocked sequential cell  
The clock pin system_top_i/system_e203_0/inst/dut/u_e203_subsys_top/u_sirv_debug_module/jtag_dtm_gen.u_sirv_jtag_dtm/u_jtag2debug_cdc_tx/dat_dfflr/qout_r_reg[13]/C is not reached by a timing clock
Related violations: <none>

TIMING-17#155 Critical Warning
Non-clocked sequential cell  
The clock pin system_top_i/system_e203_0/inst/dut/u_e203_subsys_top/u_sirv_debug_module/jtag_dtm_gen.u_sirv_jtag_dtm/u_jtag2debug_cdc_tx/dat_dfflr/qout_r_reg[14]/C is not reached by a timing clock
Related violations: <none>

TIMING-17#156 Critical Warning
Non-clocked sequential cell  
The clock pin system_top_i/system_e203_0/inst/dut/u_e203_subsys_top/u_sirv_debug_module/jtag_dtm_gen.u_sirv_jtag_dtm/u_jtag2debug_cdc_tx/dat_dfflr/qout_r_reg[15]/C is not reached by a timing clock
Related violations: <none>

TIMING-17#157 Critical Warning
Non-clocked sequential cell  
The clock pin system_top_i/system_e203_0/inst/dut/u_e203_subsys_top/u_sirv_debug_module/jtag_dtm_gen.u_sirv_jtag_dtm/u_jtag2debug_cdc_tx/dat_dfflr/qout_r_reg[16]/C is not reached by a timing clock
Related violations: <none>

TIMING-17#158 Critical Warning
Non-clocked sequential cell  
The clock pin system_top_i/system_e203_0/inst/dut/u_e203_subsys_top/u_sirv_debug_module/jtag_dtm_gen.u_sirv_jtag_dtm/u_jtag2debug_cdc_tx/dat_dfflr/qout_r_reg[17]/C is not reached by a timing clock
Related violations: <none>

TIMING-17#159 Critical Warning
Non-clocked sequential cell  
The clock pin system_top_i/system_e203_0/inst/dut/u_e203_subsys_top/u_sirv_debug_module/jtag_dtm_gen.u_sirv_jtag_dtm/u_jtag2debug_cdc_tx/dat_dfflr/qout_r_reg[18]/C is not reached by a timing clock
Related violations: <none>

TIMING-17#160 Critical Warning
Non-clocked sequential cell  
The clock pin system_top_i/system_e203_0/inst/dut/u_e203_subsys_top/u_sirv_debug_module/jtag_dtm_gen.u_sirv_jtag_dtm/u_jtag2debug_cdc_tx/dat_dfflr/qout_r_reg[19]/C is not reached by a timing clock
Related violations: <none>

TIMING-17#161 Critical Warning
Non-clocked sequential cell  
The clock pin system_top_i/system_e203_0/inst/dut/u_e203_subsys_top/u_sirv_debug_module/jtag_dtm_gen.u_sirv_jtag_dtm/u_jtag2debug_cdc_tx/dat_dfflr/qout_r_reg[1]/C is not reached by a timing clock
Related violations: <none>

TIMING-17#162 Critical Warning
Non-clocked sequential cell  
The clock pin system_top_i/system_e203_0/inst/dut/u_e203_subsys_top/u_sirv_debug_module/jtag_dtm_gen.u_sirv_jtag_dtm/u_jtag2debug_cdc_tx/dat_dfflr/qout_r_reg[20]/C is not reached by a timing clock
Related violations: <none>

TIMING-17#163 Critical Warning
Non-clocked sequential cell  
The clock pin system_top_i/system_e203_0/inst/dut/u_e203_subsys_top/u_sirv_debug_module/jtag_dtm_gen.u_sirv_jtag_dtm/u_jtag2debug_cdc_tx/dat_dfflr/qout_r_reg[21]/C is not reached by a timing clock
Related violations: <none>

TIMING-17#164 Critical Warning
Non-clocked sequential cell  
The clock pin system_top_i/system_e203_0/inst/dut/u_e203_subsys_top/u_sirv_debug_module/jtag_dtm_gen.u_sirv_jtag_dtm/u_jtag2debug_cdc_tx/dat_dfflr/qout_r_reg[22]/C is not reached by a timing clock
Related violations: <none>

TIMING-17#165 Critical Warning
Non-clocked sequential cell  
The clock pin system_top_i/system_e203_0/inst/dut/u_e203_subsys_top/u_sirv_debug_module/jtag_dtm_gen.u_sirv_jtag_dtm/u_jtag2debug_cdc_tx/dat_dfflr/qout_r_reg[23]/C is not reached by a timing clock
Related violations: <none>

TIMING-17#166 Critical Warning
Non-clocked sequential cell  
The clock pin system_top_i/system_e203_0/inst/dut/u_e203_subsys_top/u_sirv_debug_module/jtag_dtm_gen.u_sirv_jtag_dtm/u_jtag2debug_cdc_tx/dat_dfflr/qout_r_reg[24]/C is not reached by a timing clock
Related violations: <none>

TIMING-17#167 Critical Warning
Non-clocked sequential cell  
The clock pin system_top_i/system_e203_0/inst/dut/u_e203_subsys_top/u_sirv_debug_module/jtag_dtm_gen.u_sirv_jtag_dtm/u_jtag2debug_cdc_tx/dat_dfflr/qout_r_reg[25]/C is not reached by a timing clock
Related violations: <none>

TIMING-17#168 Critical Warning
Non-clocked sequential cell  
The clock pin system_top_i/system_e203_0/inst/dut/u_e203_subsys_top/u_sirv_debug_module/jtag_dtm_gen.u_sirv_jtag_dtm/u_jtag2debug_cdc_tx/dat_dfflr/qout_r_reg[26]/C is not reached by a timing clock
Related violations: <none>

TIMING-17#169 Critical Warning
Non-clocked sequential cell  
The clock pin system_top_i/system_e203_0/inst/dut/u_e203_subsys_top/u_sirv_debug_module/jtag_dtm_gen.u_sirv_jtag_dtm/u_jtag2debug_cdc_tx/dat_dfflr/qout_r_reg[27]/C is not reached by a timing clock
Related violations: <none>

TIMING-17#170 Critical Warning
Non-clocked sequential cell  
The clock pin system_top_i/system_e203_0/inst/dut/u_e203_subsys_top/u_sirv_debug_module/jtag_dtm_gen.u_sirv_jtag_dtm/u_jtag2debug_cdc_tx/dat_dfflr/qout_r_reg[28]/C is not reached by a timing clock
Related violations: <none>

TIMING-17#171 Critical Warning
Non-clocked sequential cell  
The clock pin system_top_i/system_e203_0/inst/dut/u_e203_subsys_top/u_sirv_debug_module/jtag_dtm_gen.u_sirv_jtag_dtm/u_jtag2debug_cdc_tx/dat_dfflr/qout_r_reg[29]/C is not reached by a timing clock
Related violations: <none>

TIMING-17#172 Critical Warning
Non-clocked sequential cell  
The clock pin system_top_i/system_e203_0/inst/dut/u_e203_subsys_top/u_sirv_debug_module/jtag_dtm_gen.u_sirv_jtag_dtm/u_jtag2debug_cdc_tx/dat_dfflr/qout_r_reg[2]/C is not reached by a timing clock
Related violations: <none>

TIMING-17#173 Critical Warning
Non-clocked sequential cell  
The clock pin system_top_i/system_e203_0/inst/dut/u_e203_subsys_top/u_sirv_debug_module/jtag_dtm_gen.u_sirv_jtag_dtm/u_jtag2debug_cdc_tx/dat_dfflr/qout_r_reg[30]/C is not reached by a timing clock
Related violations: <none>

TIMING-17#174 Critical Warning
Non-clocked sequential cell  
The clock pin system_top_i/system_e203_0/inst/dut/u_e203_subsys_top/u_sirv_debug_module/jtag_dtm_gen.u_sirv_jtag_dtm/u_jtag2debug_cdc_tx/dat_dfflr/qout_r_reg[31]/C is not reached by a timing clock
Related violations: <none>

TIMING-17#175 Critical Warning
Non-clocked sequential cell  
The clock pin system_top_i/system_e203_0/inst/dut/u_e203_subsys_top/u_sirv_debug_module/jtag_dtm_gen.u_sirv_jtag_dtm/u_jtag2debug_cdc_tx/dat_dfflr/qout_r_reg[32]/C is not reached by a timing clock
Related violations: <none>

TIMING-17#176 Critical Warning
Non-clocked sequential cell  
The clock pin system_top_i/system_e203_0/inst/dut/u_e203_subsys_top/u_sirv_debug_module/jtag_dtm_gen.u_sirv_jtag_dtm/u_jtag2debug_cdc_tx/dat_dfflr/qout_r_reg[33]/C is not reached by a timing clock
Related violations: <none>

TIMING-17#177 Critical Warning
Non-clocked sequential cell  
The clock pin system_top_i/system_e203_0/inst/dut/u_e203_subsys_top/u_sirv_debug_module/jtag_dtm_gen.u_sirv_jtag_dtm/u_jtag2debug_cdc_tx/dat_dfflr/qout_r_reg[34]/C is not reached by a timing clock
Related violations: <none>

TIMING-17#178 Critical Warning
Non-clocked sequential cell  
The clock pin system_top_i/system_e203_0/inst/dut/u_e203_subsys_top/u_sirv_debug_module/jtag_dtm_gen.u_sirv_jtag_dtm/u_jtag2debug_cdc_tx/dat_dfflr/qout_r_reg[35]/C is not reached by a timing clock
Related violations: <none>

TIMING-17#179 Critical Warning
Non-clocked sequential cell  
The clock pin system_top_i/system_e203_0/inst/dut/u_e203_subsys_top/u_sirv_debug_module/jtag_dtm_gen.u_sirv_jtag_dtm/u_jtag2debug_cdc_tx/dat_dfflr/qout_r_reg[36]/C is not reached by a timing clock
Related violations: <none>

TIMING-17#180 Critical Warning
Non-clocked sequential cell  
The clock pin system_top_i/system_e203_0/inst/dut/u_e203_subsys_top/u_sirv_debug_module/jtag_dtm_gen.u_sirv_jtag_dtm/u_jtag2debug_cdc_tx/dat_dfflr/qout_r_reg[37]/C is not reached by a timing clock
Related violations: <none>

TIMING-17#181 Critical Warning
Non-clocked sequential cell  
The clock pin system_top_i/system_e203_0/inst/dut/u_e203_subsys_top/u_sirv_debug_module/jtag_dtm_gen.u_sirv_jtag_dtm/u_jtag2debug_cdc_tx/dat_dfflr/qout_r_reg[38]/C is not reached by a timing clock
Related violations: <none>

TIMING-17#182 Critical Warning
Non-clocked sequential cell  
The clock pin system_top_i/system_e203_0/inst/dut/u_e203_subsys_top/u_sirv_debug_module/jtag_dtm_gen.u_sirv_jtag_dtm/u_jtag2debug_cdc_tx/dat_dfflr/qout_r_reg[39]/C is not reached by a timing clock
Related violations: <none>

TIMING-17#183 Critical Warning
Non-clocked sequential cell  
The clock pin system_top_i/system_e203_0/inst/dut/u_e203_subsys_top/u_sirv_debug_module/jtag_dtm_gen.u_sirv_jtag_dtm/u_jtag2debug_cdc_tx/dat_dfflr/qout_r_reg[3]/C is not reached by a timing clock
Related violations: <none>

TIMING-17#184 Critical Warning
Non-clocked sequential cell  
The clock pin system_top_i/system_e203_0/inst/dut/u_e203_subsys_top/u_sirv_debug_module/jtag_dtm_gen.u_sirv_jtag_dtm/u_jtag2debug_cdc_tx/dat_dfflr/qout_r_reg[40]/C is not reached by a timing clock
Related violations: <none>

TIMING-17#185 Critical Warning
Non-clocked sequential cell  
The clock pin system_top_i/system_e203_0/inst/dut/u_e203_subsys_top/u_sirv_debug_module/jtag_dtm_gen.u_sirv_jtag_dtm/u_jtag2debug_cdc_tx/dat_dfflr/qout_r_reg[4]/C is not reached by a timing clock
Related violations: <none>

TIMING-17#186 Critical Warning
Non-clocked sequential cell  
The clock pin system_top_i/system_e203_0/inst/dut/u_e203_subsys_top/u_sirv_debug_module/jtag_dtm_gen.u_sirv_jtag_dtm/u_jtag2debug_cdc_tx/dat_dfflr/qout_r_reg[5]/C is not reached by a timing clock
Related violations: <none>

TIMING-17#187 Critical Warning
Non-clocked sequential cell  
The clock pin system_top_i/system_e203_0/inst/dut/u_e203_subsys_top/u_sirv_debug_module/jtag_dtm_gen.u_sirv_jtag_dtm/u_jtag2debug_cdc_tx/dat_dfflr/qout_r_reg[6]/C is not reached by a timing clock
Related violations: <none>

TIMING-17#188 Critical Warning
Non-clocked sequential cell  
The clock pin system_top_i/system_e203_0/inst/dut/u_e203_subsys_top/u_sirv_debug_module/jtag_dtm_gen.u_sirv_jtag_dtm/u_jtag2debug_cdc_tx/dat_dfflr/qout_r_reg[7]/C is not reached by a timing clock
Related violations: <none>

TIMING-17#189 Critical Warning
Non-clocked sequential cell  
The clock pin system_top_i/system_e203_0/inst/dut/u_e203_subsys_top/u_sirv_debug_module/jtag_dtm_gen.u_sirv_jtag_dtm/u_jtag2debug_cdc_tx/dat_dfflr/qout_r_reg[8]/C is not reached by a timing clock
Related violations: <none>

TIMING-17#190 Critical Warning
Non-clocked sequential cell  
The clock pin system_top_i/system_e203_0/inst/dut/u_e203_subsys_top/u_sirv_debug_module/jtag_dtm_gen.u_sirv_jtag_dtm/u_jtag2debug_cdc_tx/dat_dfflr/qout_r_reg[9]/C is not reached by a timing clock
Related violations: <none>

TIMING-17#191 Critical Warning
Non-clocked sequential cell  
The clock pin system_top_i/system_e203_0/inst/dut/u_e203_subsys_top/u_sirv_debug_module/jtag_dtm_gen.u_sirv_jtag_dtm/u_jtag2debug_cdc_tx/o_rdy_sync_dffr/qout_r_reg[0]/C is not reached by a timing clock
Related violations: <none>

TIMING-17#192 Critical Warning
Non-clocked sequential cell  
The clock pin system_top_i/system_e203_0/inst/dut/u_e203_subsys_top/u_sirv_debug_module/jtag_dtm_gen.u_sirv_jtag_dtm/u_jtag2debug_cdc_tx/u_o_rdy_sync/sync_gen[0].i_is_0.sync_dffr/qout_r_reg[0]/C is not reached by a timing clock
Related violations: <none>

TIMING-17#193 Critical Warning
Non-clocked sequential cell  
The clock pin system_top_i/system_e203_0/inst/dut/u_e203_subsys_top/u_sirv_debug_module/jtag_dtm_gen.u_sirv_jtag_dtm/u_jtag2debug_cdc_tx/u_o_rdy_sync/sync_gen[1].i_is_not_0.sync_dffr/qout_r_reg[0]/C is not reached by a timing clock
Related violations: <none>

TIMING-17#194 Critical Warning
Non-clocked sequential cell  
The clock pin system_top_i/system_e203_0/inst/dut/u_e203_subsys_top/u_sirv_debug_module/jtag_dtm_gen.u_sirv_jtag_dtm/u_jtag2debug_cdc_tx/vld_dfflr/qout_r_reg[0]/C is not reached by a timing clock
Related violations: <none>

TIMING-17#195 Critical Warning
Non-clocked sequential cell  
The clock pin system_top_i/system_e203_0/inst/dut/u_e203_subsys_top/u_sirv_debug_module/u_jtag_ResetCatchAndSync_3_1/reset_n_catch_reg/reg_0/q_reg/C is not reached by a timing clock
Related violations: <none>

TIMING-17#196 Critical Warning
Non-clocked sequential cell  
The clock pin system_top_i/system_e203_0/inst/dut/u_e203_subsys_top/u_sirv_debug_module/u_jtag_ResetCatchAndSync_3_1/reset_n_catch_reg/reg_1/q_reg/C is not reached by a timing clock
Related violations: <none>

TIMING-17#197 Critical Warning
Non-clocked sequential cell  
The clock pin system_top_i/system_e203_0/inst/dut/u_e203_subsys_top/u_sirv_debug_module/u_jtag_ResetCatchAndSync_3_1/reset_n_catch_reg/reg_2/q_reg/C is not reached by a timing clock
Related violations: <none>

HPDR-1#1 Warning
Port pin direction inconsistency  
Hierarchical port(pin) pmu_paden direction INOUT is not consistent with the directions of the cell pins/ports found at that level of the netlist hierarchy. Please review the design and consider changing the port(pin) direction. Both drivers and loads were expected for the net (pmu_paden) connected to this Port, but both were not found.
Related violations: <none>

HPDR-1#2 Warning
Port pin direction inconsistency  
Hierarchical port(pin) pmu_padrst direction INOUT is not consistent with the directions of the cell pins/ports found at that level of the netlist hierarchy. Please review the design and consider changing the port(pin) direction. Both drivers and loads were expected for the net (pmu_padrst) connected to this Port, but both were not found.
Related violations: <none>

HPDR-2#1 Warning
Port pin INOUT inconsistency  
Hierarchical port(pin) system_top_i/pmu_paden direction INOUT is not consistent with the directions of the cell pins/ports found at that level of the netlist hierarchy. Please review the design and consider changing the port(pin) direction. Both drivers and loads were expected for the net (pmu_paden_OBUF) connected to this hierarchical pin/port, but both were not found.
Related violations: <none>

HPDR-2#2 Warning
Port pin INOUT inconsistency  
Hierarchical port(pin) system_top_i/pmu_padrst direction INOUT is not consistent with the directions of the cell pins/ports found at that level of the netlist hierarchy. Please review the design and consider changing the port(pin) direction. Both drivers and loads were expected for the net (pmu_padrst_OBUF) connected to this hierarchical pin/port, but both were not found.
Related violations: <none>

HPDR-2#3 Warning
Port pin INOUT inconsistency  
Hierarchical port(pin) system_top_i/system_e203_0/pmu_paden direction INOUT is not consistent with the directions of the cell pins/ports found at that level of the netlist hierarchy. Please review the design and consider changing the port(pin) direction. Both drivers and loads were expected for the net (system_top_i/system_e203_0/pmu_paden) connected to this hierarchical pin/port, but both were not found.
Related violations: <none>

HPDR-2#4 Warning
Port pin INOUT inconsistency  
Hierarchical port(pin) system_top_i/system_e203_0/pmu_padrst direction INOUT is not consistent with the directions of the cell pins/ports found at that level of the netlist hierarchy. Please review the design and consider changing the port(pin) direction. Both drivers and loads were expected for the net (system_top_i/system_e203_0/pmu_padrst) connected to this hierarchical pin/port, but both were not found.
Related violations: <none>

LUTAR-1#1 Warning
LUT drives async reset alert  
LUT cell system_top_i/mig_7series_0/u_system_top_mig_7series_0_1_mig/u_memc_ui_top_axi/mem_intfc0/ddr_phy_top0/u_ddr_mc_phy_wrapper/u_ddr_mc_phy/ddr_phy_4lanes_0.u_ddr_phy_4lanes/rstdiv2_sync_r[11]_i_1, with 2 or more inputs, drives asynchronous preset/clear pin(s) system_top_i/mig_7series_0/u_system_top_mig_7series_0_1_mig/u_ddr3_infrastructure/rstdiv0_sync_r1_reg_rep/PRE,
system_top_i/mig_7series_0/u_system_top_mig_7series_0_1_mig/u_ddr3_infrastructure/rstdiv0_sync_r1_reg_rep__0/PRE,
system_top_i/mig_7series_0/u_system_top_mig_7series_0_1_mig/u_ddr3_infrastructure/rstdiv0_sync_r1_reg_rep__1/PRE,
system_top_i/mig_7series_0/u_system_top_mig_7series_0_1_mig/u_ddr3_infrastructure/rstdiv0_sync_r1_reg_rep__10/PRE,
system_top_i/mig_7series_0/u_system_top_mig_7series_0_1_mig/u_ddr3_infrastructure/rstdiv0_sync_r1_reg_rep__11/PRE,
system_top_i/mig_7series_0/u_system_top_mig_7series_0_1_mig/u_ddr3_infrastructure/rstdiv0_sync_r1_reg_rep__12/PRE,
system_top_i/mig_7series_0/u_system_top_mig_7series_0_1_mig/u_ddr3_infrastructure/rstdiv0_sync_r1_reg_rep__13/PRE,
system_top_i/mig_7series_0/u_system_top_mig_7series_0_1_mig/u_ddr3_infrastructure/rstdiv0_sync_r1_reg_rep__14/PRE,
system_top_i/mig_7series_0/u_system_top_mig_7series_0_1_mig/u_ddr3_infrastructure/rstdiv0_sync_r1_reg_rep__15/PRE,
system_top_i/mig_7series_0/u_system_top_mig_7series_0_1_mig/u_ddr3_infrastructure/rstdiv0_sync_r1_reg_rep__16/PRE,
system_top_i/mig_7series_0/u_system_top_mig_7series_0_1_mig/u_ddr3_infrastructure/rstdiv0_sync_r1_reg_rep__17/PRE,
system_top_i/mig_7series_0/u_system_top_mig_7series_0_1_mig/u_ddr3_infrastructure/rstdiv0_sync_r1_reg_rep__18/PRE,
system_top_i/mig_7series_0/u_system_top_mig_7series_0_1_mig/u_ddr3_infrastructure/rstdiv0_sync_r1_reg_rep__19/PRE,
system_top_i/mig_7series_0/u_system_top_mig_7series_0_1_mig/u_ddr3_infrastructure/rstdiv0_sync_r1_reg_rep__2/PRE,
system_top_i/mig_7series_0/u_system_top_mig_7series_0_1_mig/u_ddr3_infrastructure/rstdiv0_sync_r1_reg_rep__20/PRE
 (the first 15 of 36 listed). The LUT may glitch and trigger an unexpected reset, even if it is a properly timed path.
Related violations: <none>

LUTAR-1#2 Warning
LUT drives async reset alert  
LUT cell system_top_i/system_e203_0/inst/dut/u_e203_subsys_top/u_sirv_aon_top/u_sirv_aon_wrapper/u_sirv_aon/u_sirv_pmu/AsyncResetRegVec_1_1/reg_3/q_i_1__5, with 2 or more inputs, drives asynchronous preset/clear pin(s) system_top_i/system_e203_0/inst/dut/u_e203_subsys_top/u_sirv_aon_top/u_sirv_aon_wrapper/ResetCatchAndSync_1_1/reset_n_catch_reg/reg_0/q_reg/CLR,
system_top_i/system_e203_0/inst/dut/u_e203_subsys_top/u_sirv_aon_top/u_sirv_aon_wrapper/ResetCatchAndSync_1_1/reset_n_catch_reg/reg_1/q_reg/CLR
system_top_i/system_e203_0/inst/dut/u_e203_subsys_top/u_sirv_aon_top/u_sirv_aon_wrapper/ResetCatchAndSync_1_1/reset_n_catch_reg/reg_2/q_reg/CLR. The LUT may glitch and trigger an unexpected reset, even if it is a properly timed path.
Related violations: <none>

LUTAR-1#3 Warning
LUT drives async reset alert  
LUT cell system_top_i/system_e203_0/inst/dut/u_e203_subsys_top/u_sirv_aon_top/u_sirv_aon_wrapper/u_sirv_aon/wdog/AsyncResetRegVec_6_1/reg_0/q_i_1__4, with 2 or more inputs, drives asynchronous preset/clear pin(s) system_top_i/system_e203_0/inst/dut/u_e203_subsys_top/u_sirv_aon_top/u_sirv_aon_wrapper/aonrst_catch/reset_n_catch_reg/reg_0/q_reg/CLR,
system_top_i/system_e203_0/inst/dut/u_e203_subsys_top/u_sirv_aon_top/u_sirv_aon_wrapper/aonrst_catch/reset_n_catch_reg/reg_1/q_reg/CLR
system_top_i/system_e203_0/inst/dut/u_e203_subsys_top/u_sirv_aon_top/u_sirv_aon_wrapper/aonrst_catch/reset_n_catch_reg/reg_2/q_reg/CLR. The LUT may glitch and trigger an unexpected reset, even if it is a properly timed path.
Related violations: <none>

LUTAR-1#4 Warning
LUT drives async reset alert  
LUT cell system_top_i/util_vector_logic_0/Res[0]_INST_0, with 2 or more inputs, drives asynchronous preset/clear pin(s) system_top_i/clk_wiz_0/inst/mmcm_adv_inst/RST. The LUT may glitch and trigger an unexpected reset, even if it is a properly timed path.
Related violations: <none>

PDRC-190#1 Warning
Suboptimally placed synchronized register chain  
The FDRE cell system_top_i/mig_7series_0/u_system_top_mig_7series_0_1_mig/temp_mon_enabled.u_tempmon/device_temp_sync_r5_reg[0] in site SLICE_X50Y178 is part of a synchronized register chain that is suboptimally placed as the load FDRE cell system_top_i/mig_7series_0/u_system_top_mig_7series_0_1_mig/temp_mon_enabled.u_tempmon/device_temp_r_reg[0] is not placed in the same (SLICE) site.
Related violations: <none>

PDRC-190#2 Warning
Suboptimally placed synchronized register chain  
The FDRE cell system_top_i/mig_7series_0/u_system_top_mig_7series_0_1_mig/temp_mon_enabled.u_tempmon/device_temp_sync_r5_reg[10] in site SLICE_X53Y178 is part of a synchronized register chain that is suboptimally placed as the load FDRE cell system_top_i/mig_7series_0/u_system_top_mig_7series_0_1_mig/temp_mon_enabled.u_tempmon/device_temp_r_reg[10] is not placed in the same (SLICE) site.
Related violations: <none>

PDRC-190#3 Warning
Suboptimally placed synchronized register chain  
The FDRE cell system_top_i/mig_7series_0/u_system_top_mig_7series_0_1_mig/temp_mon_enabled.u_tempmon/device_temp_sync_r5_reg[11] in site SLICE_X48Y178 is part of a synchronized register chain that is suboptimally placed as the load FDRE cell system_top_i/mig_7series_0/u_system_top_mig_7series_0_1_mig/temp_mon_enabled.u_tempmon/device_temp_r_reg[11] is not placed in the same (SLICE) site.
Related violations: <none>

PDRC-190#4 Warning
Suboptimally placed synchronized register chain  
The FDRE cell system_top_i/mig_7series_0/u_system_top_mig_7series_0_1_mig/temp_mon_enabled.u_tempmon/device_temp_sync_r5_reg[1] in site SLICE_X51Y176 is part of a synchronized register chain that is suboptimally placed as the load FDRE cell system_top_i/mig_7series_0/u_system_top_mig_7series_0_1_mig/temp_mon_enabled.u_tempmon/device_temp_r_reg[1] is not placed in the same (SLICE) site.
Related violations: <none>

PDRC-190#5 Warning
Suboptimally placed synchronized register chain  
The FDRE cell system_top_i/mig_7series_0/u_system_top_mig_7series_0_1_mig/temp_mon_enabled.u_tempmon/device_temp_sync_r5_reg[2] in site SLICE_X47Y178 is part of a synchronized register chain that is suboptimally placed as the load FDRE cell system_top_i/mig_7series_0/u_system_top_mig_7series_0_1_mig/temp_mon_enabled.u_tempmon/device_temp_r_reg[2] is not placed in the same (SLICE) site.
Related violations: <none>

PDRC-190#6 Warning
Suboptimally placed synchronized register chain  
The FDRE cell system_top_i/mig_7series_0/u_system_top_mig_7series_0_1_mig/temp_mon_enabled.u_tempmon/device_temp_sync_r5_reg[3] in site SLICE_X52Y176 is part of a synchronized register chain that is suboptimally placed as the load FDRE cell system_top_i/mig_7series_0/u_system_top_mig_7series_0_1_mig/temp_mon_enabled.u_tempmon/device_temp_r_reg[3] is not placed in the same (SLICE) site.
Related violations: <none>

PDRC-190#7 Warning
Suboptimally placed synchronized register chain  
The FDRE cell system_top_i/mig_7series_0/u_system_top_mig_7series_0_1_mig/temp_mon_enabled.u_tempmon/device_temp_sync_r5_reg[4] in site SLICE_X49Y178 is part of a synchronized register chain that is suboptimally placed as the load FDRE cell system_top_i/mig_7series_0/u_system_top_mig_7series_0_1_mig/temp_mon_enabled.u_tempmon/device_temp_r_reg[4] is not placed in the same (SLICE) site.
Related violations: <none>

PDRC-190#8 Warning
Suboptimally placed synchronized register chain  
The FDRE cell system_top_i/mig_7series_0/u_system_top_mig_7series_0_1_mig/temp_mon_enabled.u_tempmon/device_temp_sync_r5_reg[5] in site SLICE_X52Y178 is part of a synchronized register chain that is suboptimally placed as the load FDRE cell system_top_i/mig_7series_0/u_system_top_mig_7series_0_1_mig/temp_mon_enabled.u_tempmon/device_temp_r_reg[5] is not placed in the same (SLICE) site.
Related violations: <none>

PDRC-190#9 Warning
Suboptimally placed synchronized register chain  
The FDRE cell system_top_i/mig_7series_0/u_system_top_mig_7series_0_1_mig/temp_mon_enabled.u_tempmon/device_temp_sync_r5_reg[6] in site SLICE_X49Y176 is part of a synchronized register chain that is suboptimally placed as the load FDRE cell system_top_i/mig_7series_0/u_system_top_mig_7series_0_1_mig/temp_mon_enabled.u_tempmon/device_temp_r_reg[6] is not placed in the same (SLICE) site.
Related violations: <none>

PDRC-190#10 Warning
Suboptimally placed synchronized register chain  
The FDRE cell system_top_i/mig_7series_0/u_system_top_mig_7series_0_1_mig/temp_mon_enabled.u_tempmon/device_temp_sync_r5_reg[7] in site SLICE_X53Y176 is part of a synchronized register chain that is suboptimally placed as the load FDRE cell system_top_i/mig_7series_0/u_system_top_mig_7series_0_1_mig/temp_mon_enabled.u_tempmon/device_temp_r_reg[7] is not placed in the same (SLICE) site.
Related violations: <none>

PDRC-190#11 Warning
Suboptimally placed synchronized register chain  
The FDRE cell system_top_i/mig_7series_0/u_system_top_mig_7series_0_1_mig/temp_mon_enabled.u_tempmon/device_temp_sync_r5_reg[8] in site SLICE_X50Y176 is part of a synchronized register chain that is suboptimally placed as the load FDRE cell system_top_i/mig_7series_0/u_system_top_mig_7series_0_1_mig/temp_mon_enabled.u_tempmon/device_temp_r_reg[8] is not placed in the same (SLICE) site.
Related violations: <none>

PDRC-190#12 Warning
Suboptimally placed synchronized register chain  
The FDRE cell system_top_i/mig_7series_0/u_system_top_mig_7series_0_1_mig/temp_mon_enabled.u_tempmon/device_temp_sync_r5_reg[9] in site SLICE_X51Y179 is part of a synchronized register chain that is suboptimally placed as the load FDRE cell system_top_i/mig_7series_0/u_system_top_mig_7series_0_1_mig/temp_mon_enabled.u_tempmon/device_temp_r_reg[9] is not placed in the same (SLICE) site.
Related violations: <none>

TIMING-18#1 Warning
Missing input or output delay  
An input delay is missing on fpga_rst relative to clock(s) CLK100MHZ
Related violations: <none>

TIMING-18#2 Warning
Missing input or output delay  
An input delay is missing on mcu_rst relative to clock(s) CLK100MHZ
Related violations: <none>

TIMING-18#3 Warning
Missing input or output delay  
An input delay is missing on mcu_wakeup relative to clock(s) sys_clk_pin
Related violations: <none>

TIMING-18#4 Warning
Missing input or output delay  
An input delay is missing on pmu_paden relative to clock(s) sys_clk_pin
Related violations: <none>

TIMING-18#5 Warning
Missing input or output delay  
An input delay is missing on pmu_padrst relative to clock(s) sys_clk_pin
Related violations: <none>

TIMING-18#6 Warning
Missing input or output delay  
An output delay is missing on DDR3_reset_n relative to clock(s) CLK100MHZ
Related violations: <none>

TIMING-20#1 Warning
Non-clocked latch  
The latch system_top_i/system_e203_0/inst/dut/u_e203_subsys_top/u_e203_subsys_main/u_e203_subsys_perips/u_perips_apb_uart0/fifo_tx_data_reg[0] cannot be properly analyzed as its control pin system_top_i/system_e203_0/inst/dut/u_e203_subsys_top/u_e203_subsys_main/u_e203_subsys_perips/u_perips_apb_uart0/fifo_tx_data_reg[0]/G is not reached by a timing clock
Related violations: <none>

TIMING-20#2 Warning
Non-clocked latch  
The latch system_top_i/system_e203_0/inst/dut/u_e203_subsys_top/u_e203_subsys_main/u_e203_subsys_perips/u_perips_apb_uart0/fifo_tx_data_reg[1] cannot be properly analyzed as its control pin system_top_i/system_e203_0/inst/dut/u_e203_subsys_top/u_e203_subsys_main/u_e203_subsys_perips/u_perips_apb_uart0/fifo_tx_data_reg[1]/G is not reached by a timing clock
Related violations: <none>

TIMING-20#3 Warning
Non-clocked latch  
The latch system_top_i/system_e203_0/inst/dut/u_e203_subsys_top/u_e203_subsys_main/u_e203_subsys_perips/u_perips_apb_uart0/fifo_tx_data_reg[2] cannot be properly analyzed as its control pin system_top_i/system_e203_0/inst/dut/u_e203_subsys_top/u_e203_subsys_main/u_e203_subsys_perips/u_perips_apb_uart0/fifo_tx_data_reg[2]/G is not reached by a timing clock
Related violations: <none>

TIMING-20#4 Warning
Non-clocked latch  
The latch system_top_i/system_e203_0/inst/dut/u_e203_subsys_top/u_e203_subsys_main/u_e203_subsys_perips/u_perips_apb_uart0/fifo_tx_data_reg[3] cannot be properly analyzed as its control pin system_top_i/system_e203_0/inst/dut/u_e203_subsys_top/u_e203_subsys_main/u_e203_subsys_perips/u_perips_apb_uart0/fifo_tx_data_reg[3]/G is not reached by a timing clock
Related violations: <none>

TIMING-20#5 Warning
Non-clocked latch  
The latch system_top_i/system_e203_0/inst/dut/u_e203_subsys_top/u_e203_subsys_main/u_e203_subsys_perips/u_perips_apb_uart0/fifo_tx_data_reg[4] cannot be properly analyzed as its control pin system_top_i/system_e203_0/inst/dut/u_e203_subsys_top/u_e203_subsys_main/u_e203_subsys_perips/u_perips_apb_uart0/fifo_tx_data_reg[4]/G is not reached by a timing clock
Related violations: <none>

TIMING-20#6 Warning
Non-clocked latch  
The latch system_top_i/system_e203_0/inst/dut/u_e203_subsys_top/u_e203_subsys_main/u_e203_subsys_perips/u_perips_apb_uart0/fifo_tx_data_reg[5] cannot be properly analyzed as its control pin system_top_i/system_e203_0/inst/dut/u_e203_subsys_top/u_e203_subsys_main/u_e203_subsys_perips/u_perips_apb_uart0/fifo_tx_data_reg[5]/G is not reached by a timing clock
Related violations: <none>

TIMING-20#7 Warning
Non-clocked latch  
The latch system_top_i/system_e203_0/inst/dut/u_e203_subsys_top/u_e203_subsys_main/u_e203_subsys_perips/u_perips_apb_uart0/fifo_tx_data_reg[6] cannot be properly analyzed as its control pin system_top_i/system_e203_0/inst/dut/u_e203_subsys_top/u_e203_subsys_main/u_e203_subsys_perips/u_perips_apb_uart0/fifo_tx_data_reg[6]/G is not reached by a timing clock
Related violations: <none>

TIMING-20#8 Warning
Non-clocked latch  
The latch system_top_i/system_e203_0/inst/dut/u_e203_subsys_top/u_e203_subsys_main/u_e203_subsys_perips/u_perips_apb_uart0/fifo_tx_data_reg[7] cannot be properly analyzed as its control pin system_top_i/system_e203_0/inst/dut/u_e203_subsys_top/u_e203_subsys_main/u_e203_subsys_perips/u_perips_apb_uart0/fifo_tx_data_reg[7]/G is not reached by a timing clock
Related violations: <none>

TIMING-20#9 Warning
Non-clocked latch  
The latch system_top_i/system_e203_0/inst/dut/u_e203_subsys_top/u_e203_subsys_main/u_e203_subsys_perips/u_perips_apb_uart1/fifo_tx_data_reg[0] cannot be properly analyzed as its control pin system_top_i/system_e203_0/inst/dut/u_e203_subsys_top/u_e203_subsys_main/u_e203_subsys_perips/u_perips_apb_uart1/fifo_tx_data_reg[0]/G is not reached by a timing clock
Related violations: <none>

TIMING-20#10 Warning
Non-clocked latch  
The latch system_top_i/system_e203_0/inst/dut/u_e203_subsys_top/u_e203_subsys_main/u_e203_subsys_perips/u_perips_apb_uart1/fifo_tx_data_reg[1] cannot be properly analyzed as its control pin system_top_i/system_e203_0/inst/dut/u_e203_subsys_top/u_e203_subsys_main/u_e203_subsys_perips/u_perips_apb_uart1/fifo_tx_data_reg[1]/G is not reached by a timing clock
Related violations: <none>

TIMING-20#11 Warning
Non-clocked latch  
The latch system_top_i/system_e203_0/inst/dut/u_e203_subsys_top/u_e203_subsys_main/u_e203_subsys_perips/u_perips_apb_uart1/fifo_tx_data_reg[2] cannot be properly analyzed as its control pin system_top_i/system_e203_0/inst/dut/u_e203_subsys_top/u_e203_subsys_main/u_e203_subsys_perips/u_perips_apb_uart1/fifo_tx_data_reg[2]/G is not reached by a timing clock
Related violations: <none>

TIMING-20#12 Warning
Non-clocked latch  
The latch system_top_i/system_e203_0/inst/dut/u_e203_subsys_top/u_e203_subsys_main/u_e203_subsys_perips/u_perips_apb_uart1/fifo_tx_data_reg[3] cannot be properly analyzed as its control pin system_top_i/system_e203_0/inst/dut/u_e203_subsys_top/u_e203_subsys_main/u_e203_subsys_perips/u_perips_apb_uart1/fifo_tx_data_reg[3]/G is not reached by a timing clock
Related violations: <none>

TIMING-20#13 Warning
Non-clocked latch  
The latch system_top_i/system_e203_0/inst/dut/u_e203_subsys_top/u_e203_subsys_main/u_e203_subsys_perips/u_perips_apb_uart1/fifo_tx_data_reg[4] cannot be properly analyzed as its control pin system_top_i/system_e203_0/inst/dut/u_e203_subsys_top/u_e203_subsys_main/u_e203_subsys_perips/u_perips_apb_uart1/fifo_tx_data_reg[4]/G is not reached by a timing clock
Related violations: <none>

TIMING-20#14 Warning
Non-clocked latch  
The latch system_top_i/system_e203_0/inst/dut/u_e203_subsys_top/u_e203_subsys_main/u_e203_subsys_perips/u_perips_apb_uart1/fifo_tx_data_reg[5] cannot be properly analyzed as its control pin system_top_i/system_e203_0/inst/dut/u_e203_subsys_top/u_e203_subsys_main/u_e203_subsys_perips/u_perips_apb_uart1/fifo_tx_data_reg[5]/G is not reached by a timing clock
Related violations: <none>

TIMING-20#15 Warning
Non-clocked latch  
The latch system_top_i/system_e203_0/inst/dut/u_e203_subsys_top/u_e203_subsys_main/u_e203_subsys_perips/u_perips_apb_uart1/fifo_tx_data_reg[6] cannot be properly analyzed as its control pin system_top_i/system_e203_0/inst/dut/u_e203_subsys_top/u_e203_subsys_main/u_e203_subsys_perips/u_perips_apb_uart1/fifo_tx_data_reg[6]/G is not reached by a timing clock
Related violations: <none>

TIMING-20#16 Warning
Non-clocked latch  
The latch system_top_i/system_e203_0/inst/dut/u_e203_subsys_top/u_e203_subsys_main/u_e203_subsys_perips/u_perips_apb_uart1/fifo_tx_data_reg[7] cannot be properly analyzed as its control pin system_top_i/system_e203_0/inst/dut/u_e203_subsys_top/u_e203_subsys_main/u_e203_subsys_perips/u_perips_apb_uart1/fifo_tx_data_reg[7]/G is not reached by a timing clock
Related violations: <none>

TIMING-20#17 Warning
Non-clocked latch  
The latch system_top_i/system_e203_0/inst/dut/u_e203_subsys_top/u_e203_subsys_main/u_e203_subsys_perips/u_perips_apb_uart2/fifo_tx_data_reg[0] cannot be properly analyzed as its control pin system_top_i/system_e203_0/inst/dut/u_e203_subsys_top/u_e203_subsys_main/u_e203_subsys_perips/u_perips_apb_uart2/fifo_tx_data_reg[0]/G is not reached by a timing clock
Related violations: <none>

TIMING-20#18 Warning
Non-clocked latch  
The latch system_top_i/system_e203_0/inst/dut/u_e203_subsys_top/u_e203_subsys_main/u_e203_subsys_perips/u_perips_apb_uart2/fifo_tx_data_reg[1] cannot be properly analyzed as its control pin system_top_i/system_e203_0/inst/dut/u_e203_subsys_top/u_e203_subsys_main/u_e203_subsys_perips/u_perips_apb_uart2/fifo_tx_data_reg[1]/G is not reached by a timing clock
Related violations: <none>

TIMING-20#19 Warning
Non-clocked latch  
The latch system_top_i/system_e203_0/inst/dut/u_e203_subsys_top/u_e203_subsys_main/u_e203_subsys_perips/u_perips_apb_uart2/fifo_tx_data_reg[2] cannot be properly analyzed as its control pin system_top_i/system_e203_0/inst/dut/u_e203_subsys_top/u_e203_subsys_main/u_e203_subsys_perips/u_perips_apb_uart2/fifo_tx_data_reg[2]/G is not reached by a timing clock
Related violations: <none>

TIMING-20#20 Warning
Non-clocked latch  
The latch system_top_i/system_e203_0/inst/dut/u_e203_subsys_top/u_e203_subsys_main/u_e203_subsys_perips/u_perips_apb_uart2/fifo_tx_data_reg[3] cannot be properly analyzed as its control pin system_top_i/system_e203_0/inst/dut/u_e203_subsys_top/u_e203_subsys_main/u_e203_subsys_perips/u_perips_apb_uart2/fifo_tx_data_reg[3]/G is not reached by a timing clock
Related violations: <none>

TIMING-20#21 Warning
Non-clocked latch  
The latch system_top_i/system_e203_0/inst/dut/u_e203_subsys_top/u_e203_subsys_main/u_e203_subsys_perips/u_perips_apb_uart2/fifo_tx_data_reg[4] cannot be properly analyzed as its control pin system_top_i/system_e203_0/inst/dut/u_e203_subsys_top/u_e203_subsys_main/u_e203_subsys_perips/u_perips_apb_uart2/fifo_tx_data_reg[4]/G is not reached by a timing clock
Related violations: <none>

TIMING-20#22 Warning
Non-clocked latch  
The latch system_top_i/system_e203_0/inst/dut/u_e203_subsys_top/u_e203_subsys_main/u_e203_subsys_perips/u_perips_apb_uart2/fifo_tx_data_reg[5] cannot be properly analyzed as its control pin system_top_i/system_e203_0/inst/dut/u_e203_subsys_top/u_e203_subsys_main/u_e203_subsys_perips/u_perips_apb_uart2/fifo_tx_data_reg[5]/G is not reached by a timing clock
Related violations: <none>

TIMING-20#23 Warning
Non-clocked latch  
The latch system_top_i/system_e203_0/inst/dut/u_e203_subsys_top/u_e203_subsys_main/u_e203_subsys_perips/u_perips_apb_uart2/fifo_tx_data_reg[6] cannot be properly analyzed as its control pin system_top_i/system_e203_0/inst/dut/u_e203_subsys_top/u_e203_subsys_main/u_e203_subsys_perips/u_perips_apb_uart2/fifo_tx_data_reg[6]/G is not reached by a timing clock
Related violations: <none>

TIMING-20#24 Warning
Non-clocked latch  
The latch system_top_i/system_e203_0/inst/dut/u_e203_subsys_top/u_e203_subsys_main/u_e203_subsys_perips/u_perips_apb_uart2/fifo_tx_data_reg[7] cannot be properly analyzed as its control pin system_top_i/system_e203_0/inst/dut/u_e203_subsys_top/u_e203_subsys_main/u_e203_subsys_perips/u_perips_apb_uart2/fifo_tx_data_reg[7]/G is not reached by a timing clock
Related violations: <none>

XDCB-5#1 Warning
Runtime inefficient way to find pin objects  
The option '-to : [get_pins -hier -include_replicated_objects -filter {NAME =~ *temp_mon_enabled.u_tempmon/device_temp_sync_r1_reg[*]/D}]' of constraint 'set_max_delay' uses inefficient query to find pin objects (see constraint position '10' in the Timing Constraint window in Vivado IDE). To reduce runtime, it is recommended to get the pins through the cell objects. Please refer to Using Constraints Guide (Constraints Efficiency). An example of optimal query is: get_pins -filter {REF_PIN_NAME=~yy*} -of_objects [get_cells -hierarchical xx*].
Current XDC: e:/Desktop/my_git/e203_zs/prj/sys_top_bd/sys_top_bd.gen/sources_1/bd/system_top/ip/system_top_mig_7series_0_1_1/system_top_mig_7series_0_1/user_design/constraints/system_top_mig_7series_0_1.xdc (Line: 500)
Related violations: <none>

XDCC-4#1 Warning
User Clock constraint overwritten with the same name  
A new clock constraint create_clock overrides a previous user clock constraint with the same name.
New: create_clock -period 30517.580 -name sys_clk_pin -waveform {0.000 15258.790} -add [get_ports CLK32768KHZ] (Source: E:/Desktop/my_git/e203_zs/constrs/nuclei-master.xdc (Line: 21))
Previous: create_clock -period 10.000 -name sys_clk_pin -waveform {0.000 5.000} -add [get_ports CLK100MHZ] (Source: E:/Desktop/my_git/e203_zs/constrs/nuclei-master.xdc (Line: 18))
Related violations: <none>

REQP-1959#1 Advisory
connects_SERDES_RST_driver_not_FF  
system_top_i/mig_7series_0/u_system_top_mig_7series_0_1_mig/u_memc_ui_top_axi/mem_intfc0/ddr_phy_top0/u_ddr_mc_phy_wrapper/u_ddr_mc_phy/ddr_phy_4lanes_0.u_ddr_phy_4lanes/ddr_byte_lane_A.ddr_byte_lane_A/ddr_byte_group_io/input_[0].iserdes_dq_.iserdesdq: The RST pin should only be driven by a Flip-flop.
Related violations: <none>

REQP-1959#2 Advisory
connects_SERDES_RST_driver_not_FF  
system_top_i/mig_7series_0/u_system_top_mig_7series_0_1_mig/u_memc_ui_top_axi/mem_intfc0/ddr_phy_top0/u_ddr_mc_phy_wrapper/u_ddr_mc_phy/ddr_phy_4lanes_0.u_ddr_phy_4lanes/ddr_byte_lane_A.ddr_byte_lane_A/ddr_byte_group_io/input_[1].iserdes_dq_.iserdesdq: The RST pin should only be driven by a Flip-flop.
Related violations: <none>

REQP-1959#3 Advisory
connects_SERDES_RST_driver_not_FF  
system_top_i/mig_7series_0/u_system_top_mig_7series_0_1_mig/u_memc_ui_top_axi/mem_intfc0/ddr_phy_top0/u_ddr_mc_phy_wrapper/u_ddr_mc_phy/ddr_phy_4lanes_0.u_ddr_phy_4lanes/ddr_byte_lane_A.ddr_byte_lane_A/ddr_byte_group_io/input_[3].iserdes_dq_.iserdesdq: The RST pin should only be driven by a Flip-flop.
Related violations: <none>

REQP-1959#4 Advisory
connects_SERDES_RST_driver_not_FF  
system_top_i/mig_7series_0/u_system_top_mig_7series_0_1_mig/u_memc_ui_top_axi/mem_intfc0/ddr_phy_top0/u_ddr_mc_phy_wrapper/u_ddr_mc_phy/ddr_phy_4lanes_0.u_ddr_phy_4lanes/ddr_byte_lane_A.ddr_byte_lane_A/ddr_byte_group_io/input_[4].iserdes_dq_.iserdesdq: The RST pin should only be driven by a Flip-flop.
Related violations: <none>

REQP-1959#5 Advisory
connects_SERDES_RST_driver_not_FF  
system_top_i/mig_7series_0/u_system_top_mig_7series_0_1_mig/u_memc_ui_top_axi/mem_intfc0/ddr_phy_top0/u_ddr_mc_phy_wrapper/u_ddr_mc_phy/ddr_phy_4lanes_0.u_ddr_phy_4lanes/ddr_byte_lane_A.ddr_byte_lane_A/ddr_byte_group_io/input_[5].iserdes_dq_.iserdesdq: The RST pin should only be driven by a Flip-flop.
Related violations: <none>

REQP-1959#6 Advisory
connects_SERDES_RST_driver_not_FF  
system_top_i/mig_7series_0/u_system_top_mig_7series_0_1_mig/u_memc_ui_top_axi/mem_intfc0/ddr_phy_top0/u_ddr_mc_phy_wrapper/u_ddr_mc_phy/ddr_phy_4lanes_0.u_ddr_phy_4lanes/ddr_byte_lane_A.ddr_byte_lane_A/ddr_byte_group_io/input_[6].iserdes_dq_.iserdesdq: The RST pin should only be driven by a Flip-flop.
Related violations: <none>

REQP-1959#7 Advisory
connects_SERDES_RST_driver_not_FF  
system_top_i/mig_7series_0/u_system_top_mig_7series_0_1_mig/u_memc_ui_top_axi/mem_intfc0/ddr_phy_top0/u_ddr_mc_phy_wrapper/u_ddr_mc_phy/ddr_phy_4lanes_0.u_ddr_phy_4lanes/ddr_byte_lane_A.ddr_byte_lane_A/ddr_byte_group_io/input_[7].iserdes_dq_.iserdesdq: The RST pin should only be driven by a Flip-flop.
Related violations: <none>

REQP-1959#8 Advisory
connects_SERDES_RST_driver_not_FF  
system_top_i/mig_7series_0/u_system_top_mig_7series_0_1_mig/u_memc_ui_top_axi/mem_intfc0/ddr_phy_top0/u_ddr_mc_phy_wrapper/u_ddr_mc_phy/ddr_phy_4lanes_0.u_ddr_phy_4lanes/ddr_byte_lane_A.ddr_byte_lane_A/ddr_byte_group_io/input_[9].iserdes_dq_.iserdesdq: The RST pin should only be driven by a Flip-flop.
Related violations: <none>

REQP-1959#9 Advisory
connects_SERDES_RST_driver_not_FF  
system_top_i/mig_7series_0/u_system_top_mig_7series_0_1_mig/u_memc_ui_top_axi/mem_intfc0/ddr_phy_top0/u_ddr_mc_phy_wrapper/u_ddr_mc_phy/ddr_phy_4lanes_0.u_ddr_phy_4lanes/ddr_byte_lane_B.ddr_byte_lane_B/ddr_byte_group_io/input_[0].iserdes_dq_.iserdesdq: The RST pin should only be driven by a Flip-flop.
Related violations: <none>

REQP-1959#10 Advisory
connects_SERDES_RST_driver_not_FF  
system_top_i/mig_7series_0/u_system_top_mig_7series_0_1_mig/u_memc_ui_top_axi/mem_intfc0/ddr_phy_top0/u_ddr_mc_phy_wrapper/u_ddr_mc_phy/ddr_phy_4lanes_0.u_ddr_phy_4lanes/ddr_byte_lane_B.ddr_byte_lane_B/ddr_byte_group_io/input_[1].iserdes_dq_.iserdesdq: The RST pin should only be driven by a Flip-flop.
Related violations: <none>

REQP-1959#11 Advisory
connects_SERDES_RST_driver_not_FF  
system_top_i/mig_7series_0/u_system_top_mig_7series_0_1_mig/u_memc_ui_top_axi/mem_intfc0/ddr_phy_top0/u_ddr_mc_phy_wrapper/u_ddr_mc_phy/ddr_phy_4lanes_0.u_ddr_phy_4lanes/ddr_byte_lane_B.ddr_byte_lane_B/ddr_byte_group_io/input_[2].iserdes_dq_.iserdesdq: The RST pin should only be driven by a Flip-flop.
Related violations: <none>

REQP-1959#12 Advisory
connects_SERDES_RST_driver_not_FF  
system_top_i/mig_7series_0/u_system_top_mig_7series_0_1_mig/u_memc_ui_top_axi/mem_intfc0/ddr_phy_top0/u_ddr_mc_phy_wrapper/u_ddr_mc_phy/ddr_phy_4lanes_0.u_ddr_phy_4lanes/ddr_byte_lane_B.ddr_byte_lane_B/ddr_byte_group_io/input_[3].iserdes_dq_.iserdesdq: The RST pin should only be driven by a Flip-flop.
Related violations: <none>

REQP-1959#13 Advisory
connects_SERDES_RST_driver_not_FF  
system_top_i/mig_7series_0/u_system_top_mig_7series_0_1_mig/u_memc_ui_top_axi/mem_intfc0/ddr_phy_top0/u_ddr_mc_phy_wrapper/u_ddr_mc_phy/ddr_phy_4lanes_0.u_ddr_phy_4lanes/ddr_byte_lane_B.ddr_byte_lane_B/ddr_byte_group_io/input_[5].iserdes_dq_.iserdesdq: The RST pin should only be driven by a Flip-flop.
Related violations: <none>

REQP-1959#14 Advisory
connects_SERDES_RST_driver_not_FF  
system_top_i/mig_7series_0/u_system_top_mig_7series_0_1_mig/u_memc_ui_top_axi/mem_intfc0/ddr_phy_top0/u_ddr_mc_phy_wrapper/u_ddr_mc_phy/ddr_phy_4lanes_0.u_ddr_phy_4lanes/ddr_byte_lane_B.ddr_byte_lane_B/ddr_byte_group_io/input_[6].iserdes_dq_.iserdesdq: The RST pin should only be driven by a Flip-flop.
Related violations: <none>

REQP-1959#15 Advisory
connects_SERDES_RST_driver_not_FF  
system_top_i/mig_7series_0/u_system_top_mig_7series_0_1_mig/u_memc_ui_top_axi/mem_intfc0/ddr_phy_top0/u_ddr_mc_phy_wrapper/u_ddr_mc_phy/ddr_phy_4lanes_0.u_ddr_phy_4lanes/ddr_byte_lane_B.ddr_byte_lane_B/ddr_byte_group_io/input_[7].iserdes_dq_.iserdesdq: The RST pin should only be driven by a Flip-flop.
Related violations: <none>

REQP-1959#16 Advisory
connects_SERDES_RST_driver_not_FF  
system_top_i/mig_7series_0/u_system_top_mig_7series_0_1_mig/u_memc_ui_top_axi/mem_intfc0/ddr_phy_top0/u_ddr_mc_phy_wrapper/u_ddr_mc_phy/ddr_phy_4lanes_0.u_ddr_phy_4lanes/ddr_byte_lane_B.ddr_byte_lane_B/ddr_byte_group_io/input_[8].iserdes_dq_.iserdesdq: The RST pin should only be driven by a Flip-flop.
Related violations: <none>

REQP-1959#17 Advisory
connects_SERDES_RST_driver_not_FF  
system_top_i/mig_7series_0/u_system_top_mig_7series_0_1_mig/u_memc_ui_top_axi/mem_intfc0/ddr_phy_top0/u_ddr_mc_phy_wrapper/u_ddr_mc_phy/ddr_phy_4lanes_0.u_ddr_phy_4lanes/ddr_byte_lane_C.ddr_byte_lane_C/ddr_byte_group_io/input_[1].iserdes_dq_.iserdesdq: The RST pin should only be driven by a Flip-flop.
Related violations: <none>

REQP-1959#18 Advisory
connects_SERDES_RST_driver_not_FF  
system_top_i/mig_7series_0/u_system_top_mig_7series_0_1_mig/u_memc_ui_top_axi/mem_intfc0/ddr_phy_top0/u_ddr_mc_phy_wrapper/u_ddr_mc_phy/ddr_phy_4lanes_0.u_ddr_phy_4lanes/ddr_byte_lane_C.ddr_byte_lane_C/ddr_byte_group_io/input_[2].iserdes_dq_.iserdesdq: The RST pin should only be driven by a Flip-flop.
Related violations: <none>

REQP-1959#19 Advisory
connects_SERDES_RST_driver_not_FF  
system_top_i/mig_7series_0/u_system_top_mig_7series_0_1_mig/u_memc_ui_top_axi/mem_intfc0/ddr_phy_top0/u_ddr_mc_phy_wrapper/u_ddr_mc_phy/ddr_phy_4lanes_0.u_ddr_phy_4lanes/ddr_byte_lane_C.ddr_byte_lane_C/ddr_byte_group_io/input_[3].iserdes_dq_.iserdesdq: The RST pin should only be driven by a Flip-flop.
Related violations: <none>

REQP-1959#20 Advisory
connects_SERDES_RST_driver_not_FF  
system_top_i/mig_7series_0/u_system_top_mig_7series_0_1_mig/u_memc_ui_top_axi/mem_intfc0/ddr_phy_top0/u_ddr_mc_phy_wrapper/u_ddr_mc_phy/ddr_phy_4lanes_0.u_ddr_phy_4lanes/ddr_byte_lane_C.ddr_byte_lane_C/ddr_byte_group_io/input_[4].iserdes_dq_.iserdesdq: The RST pin should only be driven by a Flip-flop.
Related violations: <none>

REQP-1959#21 Advisory
connects_SERDES_RST_driver_not_FF  
system_top_i/mig_7series_0/u_system_top_mig_7series_0_1_mig/u_memc_ui_top_axi/mem_intfc0/ddr_phy_top0/u_ddr_mc_phy_wrapper/u_ddr_mc_phy/ddr_phy_4lanes_0.u_ddr_phy_4lanes/ddr_byte_lane_C.ddr_byte_lane_C/ddr_byte_group_io/input_[5].iserdes_dq_.iserdesdq: The RST pin should only be driven by a Flip-flop.
Related violations: <none>

REQP-1959#22 Advisory
connects_SERDES_RST_driver_not_FF  
system_top_i/mig_7series_0/u_system_top_mig_7series_0_1_mig/u_memc_ui_top_axi/mem_intfc0/ddr_phy_top0/u_ddr_mc_phy_wrapper/u_ddr_mc_phy/ddr_phy_4lanes_0.u_ddr_phy_4lanes/ddr_byte_lane_C.ddr_byte_lane_C/ddr_byte_group_io/input_[7].iserdes_dq_.iserdesdq: The RST pin should only be driven by a Flip-flop.
Related violations: <none>

REQP-1959#23 Advisory
connects_SERDES_RST_driver_not_FF  
system_top_i/mig_7series_0/u_system_top_mig_7series_0_1_mig/u_memc_ui_top_axi/mem_intfc0/ddr_phy_top0/u_ddr_mc_phy_wrapper/u_ddr_mc_phy/ddr_phy_4lanes_0.u_ddr_phy_4lanes/ddr_byte_lane_C.ddr_byte_lane_C/ddr_byte_group_io/input_[8].iserdes_dq_.iserdesdq: The RST pin should only be driven by a Flip-flop.
Related violations: <none>

REQP-1959#24 Advisory
connects_SERDES_RST_driver_not_FF  
system_top_i/mig_7series_0/u_system_top_mig_7series_0_1_mig/u_memc_ui_top_axi/mem_intfc0/ddr_phy_top0/u_ddr_mc_phy_wrapper/u_ddr_mc_phy/ddr_phy_4lanes_0.u_ddr_phy_4lanes/ddr_byte_lane_C.ddr_byte_lane_C/ddr_byte_group_io/input_[9].iserdes_dq_.iserdesdq: The RST pin should only be driven by a Flip-flop.
Related violations: <none>

REQP-1959#25 Advisory
connects_SERDES_RST_driver_not_FF  
system_top_i/mig_7series_0/u_system_top_mig_7series_0_1_mig/u_memc_ui_top_axi/mem_intfc0/ddr_phy_top0/u_ddr_mc_phy_wrapper/u_ddr_mc_phy/ddr_phy_4lanes_0.u_ddr_phy_4lanes/ddr_byte_lane_D.ddr_byte_lane_D/ddr_byte_group_io/input_[1].iserdes_dq_.iserdesdq: The RST pin should only be driven by a Flip-flop.
Related violations: <none>

REQP-1959#26 Advisory
connects_SERDES_RST_driver_not_FF  
system_top_i/mig_7series_0/u_system_top_mig_7series_0_1_mig/u_memc_ui_top_axi/mem_intfc0/ddr_phy_top0/u_ddr_mc_phy_wrapper/u_ddr_mc_phy/ddr_phy_4lanes_0.u_ddr_phy_4lanes/ddr_byte_lane_D.ddr_byte_lane_D/ddr_byte_group_io/input_[2].iserdes_dq_.iserdesdq: The RST pin should only be driven by a Flip-flop.
Related violations: <none>

REQP-1959#27 Advisory
connects_SERDES_RST_driver_not_FF  
system_top_i/mig_7series_0/u_system_top_mig_7series_0_1_mig/u_memc_ui_top_axi/mem_intfc0/ddr_phy_top0/u_ddr_mc_phy_wrapper/u_ddr_mc_phy/ddr_phy_4lanes_0.u_ddr_phy_4lanes/ddr_byte_lane_D.ddr_byte_lane_D/ddr_byte_group_io/input_[3].iserdes_dq_.iserdesdq: The RST pin should only be driven by a Flip-flop.
Related violations: <none>

REQP-1959#28 Advisory
connects_SERDES_RST_driver_not_FF  
system_top_i/mig_7series_0/u_system_top_mig_7series_0_1_mig/u_memc_ui_top_axi/mem_intfc0/ddr_phy_top0/u_ddr_mc_phy_wrapper/u_ddr_mc_phy/ddr_phy_4lanes_0.u_ddr_phy_4lanes/ddr_byte_lane_D.ddr_byte_lane_D/ddr_byte_group_io/input_[5].iserdes_dq_.iserdesdq: The RST pin should only be driven by a Flip-flop.
Related violations: <none>

REQP-1959#29 Advisory
connects_SERDES_RST_driver_not_FF  
system_top_i/mig_7series_0/u_system_top_mig_7series_0_1_mig/u_memc_ui_top_axi/mem_intfc0/ddr_phy_top0/u_ddr_mc_phy_wrapper/u_ddr_mc_phy/ddr_phy_4lanes_0.u_ddr_phy_4lanes/ddr_byte_lane_D.ddr_byte_lane_D/ddr_byte_group_io/input_[6].iserdes_dq_.iserdesdq: The RST pin should only be driven by a Flip-flop.
Related violations: <none>

REQP-1959#30 Advisory
connects_SERDES_RST_driver_not_FF  
system_top_i/mig_7series_0/u_system_top_mig_7series_0_1_mig/u_memc_ui_top_axi/mem_intfc0/ddr_phy_top0/u_ddr_mc_phy_wrapper/u_ddr_mc_phy/ddr_phy_4lanes_0.u_ddr_phy_4lanes/ddr_byte_lane_D.ddr_byte_lane_D/ddr_byte_group_io/input_[7].iserdes_dq_.iserdesdq: The RST pin should only be driven by a Flip-flop.
Related violations: <none>

REQP-1959#31 Advisory
connects_SERDES_RST_driver_not_FF  
system_top_i/mig_7series_0/u_system_top_mig_7series_0_1_mig/u_memc_ui_top_axi/mem_intfc0/ddr_phy_top0/u_ddr_mc_phy_wrapper/u_ddr_mc_phy/ddr_phy_4lanes_0.u_ddr_phy_4lanes/ddr_byte_lane_D.ddr_byte_lane_D/ddr_byte_group_io/input_[8].iserdes_dq_.iserdesdq: The RST pin should only be driven by a Flip-flop.
Related violations: <none>

REQP-1959#32 Advisory
connects_SERDES_RST_driver_not_FF  
system_top_i/mig_7series_0/u_system_top_mig_7series_0_1_mig/u_memc_ui_top_axi/mem_intfc0/ddr_phy_top0/u_ddr_mc_phy_wrapper/u_ddr_mc_phy/ddr_phy_4lanes_0.u_ddr_phy_4lanes/ddr_byte_lane_D.ddr_byte_lane_D/ddr_byte_group_io/input_[9].iserdes_dq_.iserdesdq: The RST pin should only be driven by a Flip-flop.
Related violations: <none>


