Copyright 1986-2020 Xilinx, Inc. All Rights Reserved.
---------------------------------------------------------------------------------------------------------------------
| Tool Version : Vivado v.2020.2 (win64) Build 3064766 Wed Nov 18 09:12:45 MST 2020
| Date         : Mon Feb  3 23:44:37 2025
| Host         : Lab running 64-bit major release  (build 9200)
| Command      : report_drc -file system_top_drc_opted.rpt -pb system_top_drc_opted.pb -rpx system_top_drc_opted.rpx
| Design       : system_top
| Device       : xc7a200tfbg484-2
| Speed File   : -2
| Design State : Synthesized
---------------------------------------------------------------------------------------------------------------------

Report DRC

Table of Contents
-----------------
1. REPORT SUMMARY
2. REPORT DETAILS

1. REPORT SUMMARY
-----------------
            Netlist: netlist
          Floorplan: design_1
      Design limits: <entire design considered>
           Ruledeck: default
             Max violations: <unlimited>
             Violations found: 25
+-----------+----------+---------------------------------+------------+
| Rule      | Severity | Description                     | Violations |
+-----------+----------+---------------------------------+------------+
| PLCK-12   | Error    | Clock Placer Checks             | 1          |
| BUFC-1    | Warning  | Input Buffer Connections        | 1          |
| CHECK-3   | Warning  | Report rule limit reached       | 1          |
| REQP-1839 | Warning  | RAMB36 async control check      | 20         |
| RPBF-3    | Warning  | IO port buffering is incomplete | 2          |
+-----------+----------+---------------------------------+------------+

2. REPORT DETAILS
-----------------
PLCK-12#1 Error
Clock Placer Checks  
Poor placement for routing between an IO pin and BUFG. 
Resolution: Poor placement of an IO pin and a BUFG has resulted in the router using a non-dedicated path between the two.  There are several things that could trigger this DRC, each of which can cause unpredictable clock insertion delays that result in poor timing.  This DRC could be caused by any of the following: (a) a clock port was placed on a pin that is not a CCIO-pin (b)the BUFG has not been placed in the same half of the device or SLR as the CCIO-pin (c) a single ended clock has been placed on the N-Side of a differential pair CCIO-pin.
 If this sub optimal condition is acceptable for this design, you may use the CLOCK_DEDICATED_ROUTE constraint in the .xdc file to demote this message to a WARNING. However, the use of this override is highly discouraged. These examples can be used directly in the .xdc file to override this clock rule.
	< set_property CLOCK_DEDICATED_ROUTE FALSE [get_nets u_system/IOBUF_jtag_TCK/O] >

	u_system/IOBUF_jtag_TCK/IBUF (in u_system/IOBUF_jtag_TCK macro) (IBUF.O) is locked to P15
	FSM_onehot_jtagStateReg_reg[15]_i_2 (BUFG.I) cannot be placed

Related violations: <none>

BUFC-1#1 Warning
Input Buffer Connections  
Input buffer u_system/IOBUF_jtag_TDO/IBUF (in u_system/IOBUF_jtag_TDO macro) has no loads. It is recommended to have an input buffer drive an internal load.
Related violations: <none>

CHECK-3#1 Warning
Report rule limit reached  
REQP-1839 rule limit reached: 20 violations have been found.
Related violations: <none>

REQP-1839#1 Warning
RAMB36 async control check  
The RAMB36E1 u_system/dut/u_e203_subsys_top/u_e203_subsys_main/u_e203_cpu_top/u_e203_srams/u_e203_dtcm_ram/u_e203_dtcm_gnrl_ram/u_sirv_sim_ram/mem[1].non_last.mem_r_reg_0_0 has an input control pin u_system/dut/u_e203_subsys_top/u_e203_subsys_main/u_e203_cpu_top/u_e203_srams/u_e203_dtcm_ram/u_e203_dtcm_gnrl_ram/u_sirv_sim_ram/mem[1].non_last.mem_r_reg_0_0/ADDRARDADDR[14] (net: u_system/dut/u_e203_subsys_top/u_e203_subsys_main/u_e203_cpu_top/u_e203_srams/u_e203_dtcm_ram/u_e203_dtcm_gnrl_ram/u_sirv_sim_ram/ADDRARDADDR[13]) which is driven by a register (u_system/dut/u_e203_subsys_top/u_e203_subsys_main/u_e203_cpu_top/u_e203_cpu/u_e203_core/u_e203_biu/u_biu_icb_arbt/arbt_num_gt_1_gen.dp_1.u_sirv_gnrl_rspid_fifo/dp_gt_0.vld_dfflr/qout_r_reg[0]) that has an active asychronous set or reset. This may cause corruption of the memory contents and/or read values when the set/reset is asserted and is not analyzed by the default static timing analysis. It is suggested to eliminate the use of a set/reset to registers driving this RAMB pin or else use a synchronous reset in which the assertion of the reset is timed by default.
Related violations: <none>

REQP-1839#2 Warning
RAMB36 async control check  
The RAMB36E1 u_system/dut/u_e203_subsys_top/u_e203_subsys_main/u_e203_cpu_top/u_e203_srams/u_e203_dtcm_ram/u_e203_dtcm_gnrl_ram/u_sirv_sim_ram/mem[1].non_last.mem_r_reg_0_0 has an input control pin u_system/dut/u_e203_subsys_top/u_e203_subsys_main/u_e203_cpu_top/u_e203_srams/u_e203_dtcm_ram/u_e203_dtcm_gnrl_ram/u_sirv_sim_ram/mem[1].non_last.mem_r_reg_0_0/ADDRARDADDR[14] (net: u_system/dut/u_e203_subsys_top/u_e203_subsys_main/u_e203_cpu_top/u_e203_srams/u_e203_dtcm_ram/u_e203_dtcm_gnrl_ram/u_sirv_sim_ram/ADDRARDADDR[13]) which is driven by a register (u_system/dut/u_e203_subsys_top/u_e203_subsys_main/u_e203_cpu_top/u_e203_cpu/u_e203_core/u_e203_biu/u_sirv_gnrl_icb_buffer/u_sirv_gnrl_cmd_fifo/dp_gt0.vec_31_dfflr/qout_r_reg[0]) that has an active asychronous set or reset. This may cause corruption of the memory contents and/or read values when the set/reset is asserted and is not analyzed by the default static timing analysis. It is suggested to eliminate the use of a set/reset to registers driving this RAMB pin or else use a synchronous reset in which the assertion of the reset is timed by default.
Related violations: <none>

REQP-1839#3 Warning
RAMB36 async control check  
The RAMB36E1 u_system/dut/u_e203_subsys_top/u_e203_subsys_main/u_e203_cpu_top/u_e203_srams/u_e203_dtcm_ram/u_e203_dtcm_gnrl_ram/u_sirv_sim_ram/mem[1].non_last.mem_r_reg_0_0 has an input control pin u_system/dut/u_e203_subsys_top/u_e203_subsys_main/u_e203_cpu_top/u_e203_srams/u_e203_dtcm_ram/u_e203_dtcm_gnrl_ram/u_sirv_sim_ram/mem[1].non_last.mem_r_reg_0_0/ADDRARDADDR[14] (net: u_system/dut/u_e203_subsys_top/u_e203_subsys_main/u_e203_cpu_top/u_e203_srams/u_e203_dtcm_ram/u_e203_dtcm_gnrl_ram/u_sirv_sim_ram/ADDRARDADDR[13]) which is driven by a register (u_system/dut/u_e203_subsys_top/u_e203_subsys_main/u_e203_cpu_top/u_e203_cpu/u_e203_core/u_e203_biu/u_sirv_gnrl_icb_buffer/u_sirv_gnrl_rsp_fifo/dp_gt0.vec_31_dfflr/qout_r_reg[0]) that has an active asychronous set or reset. This may cause corruption of the memory contents and/or read values when the set/reset is asserted and is not analyzed by the default static timing analysis. It is suggested to eliminate the use of a set/reset to registers driving this RAMB pin or else use a synchronous reset in which the assertion of the reset is timed by default.
Related violations: <none>

REQP-1839#4 Warning
RAMB36 async control check  
The RAMB36E1 u_system/dut/u_e203_subsys_top/u_e203_subsys_main/u_e203_cpu_top/u_e203_srams/u_e203_dtcm_ram/u_e203_dtcm_gnrl_ram/u_sirv_sim_ram/mem[1].non_last.mem_r_reg_0_0 has an input control pin u_system/dut/u_e203_subsys_top/u_e203_subsys_main/u_e203_cpu_top/u_e203_srams/u_e203_dtcm_ram/u_e203_dtcm_gnrl_ram/u_sirv_sim_ram/mem[1].non_last.mem_r_reg_0_0/ADDRARDADDR[14] (net: u_system/dut/u_e203_subsys_top/u_e203_subsys_main/u_e203_cpu_top/u_e203_srams/u_e203_dtcm_ram/u_e203_dtcm_gnrl_ram/u_sirv_sim_ram/ADDRARDADDR[13]) which is driven by a register (u_system/dut/u_e203_subsys_top/u_e203_subsys_main/u_e203_cpu_top/u_e203_cpu/u_e203_core/u_e203_exu/u_e203_exu_alu/u_e203_exu_alu_muldiv/exec_cnt_dfflr/qout_r_reg[0]) that has an active asychronous set or reset. This may cause corruption of the memory contents and/or read values when the set/reset is asserted and is not analyzed by the default static timing analysis. It is suggested to eliminate the use of a set/reset to registers driving this RAMB pin or else use a synchronous reset in which the assertion of the reset is timed by default.
Related violations: <none>

REQP-1839#5 Warning
RAMB36 async control check  
The RAMB36E1 u_system/dut/u_e203_subsys_top/u_e203_subsys_main/u_e203_cpu_top/u_e203_srams/u_e203_dtcm_ram/u_e203_dtcm_gnrl_ram/u_sirv_sim_ram/mem[1].non_last.mem_r_reg_0_0 has an input control pin u_system/dut/u_e203_subsys_top/u_e203_subsys_main/u_e203_cpu_top/u_e203_srams/u_e203_dtcm_ram/u_e203_dtcm_gnrl_ram/u_sirv_sim_ram/mem[1].non_last.mem_r_reg_0_0/ADDRARDADDR[14] (net: u_system/dut/u_e203_subsys_top/u_e203_subsys_main/u_e203_cpu_top/u_e203_srams/u_e203_dtcm_ram/u_e203_dtcm_gnrl_ram/u_sirv_sim_ram/ADDRARDADDR[13]) which is driven by a register (u_system/dut/u_e203_subsys_top/u_e203_subsys_main/u_e203_cpu_top/u_e203_cpu/u_e203_core/u_e203_exu/u_e203_exu_alu/u_e203_exu_alu_muldiv/exec_cnt_dfflr/qout_r_reg[1]) that has an active asychronous set or reset. This may cause corruption of the memory contents and/or read values when the set/reset is asserted and is not analyzed by the default static timing analysis. It is suggested to eliminate the use of a set/reset to registers driving this RAMB pin or else use a synchronous reset in which the assertion of the reset is timed by default.
Related violations: <none>

REQP-1839#6 Warning
RAMB36 async control check  
The RAMB36E1 u_system/dut/u_e203_subsys_top/u_e203_subsys_main/u_e203_cpu_top/u_e203_srams/u_e203_dtcm_ram/u_e203_dtcm_gnrl_ram/u_sirv_sim_ram/mem[1].non_last.mem_r_reg_0_0 has an input control pin u_system/dut/u_e203_subsys_top/u_e203_subsys_main/u_e203_cpu_top/u_e203_srams/u_e203_dtcm_ram/u_e203_dtcm_gnrl_ram/u_sirv_sim_ram/mem[1].non_last.mem_r_reg_0_0/ADDRARDADDR[14] (net: u_system/dut/u_e203_subsys_top/u_e203_subsys_main/u_e203_cpu_top/u_e203_srams/u_e203_dtcm_ram/u_e203_dtcm_gnrl_ram/u_sirv_sim_ram/ADDRARDADDR[13]) which is driven by a register (u_system/dut/u_e203_subsys_top/u_e203_subsys_main/u_e203_cpu_top/u_e203_cpu/u_e203_core/u_e203_exu/u_e203_exu_alu/u_e203_exu_alu_muldiv/exec_cnt_dfflr/qout_r_reg[2]) that has an active asychronous set or reset. This may cause corruption of the memory contents and/or read values when the set/reset is asserted and is not analyzed by the default static timing analysis. It is suggested to eliminate the use of a set/reset to registers driving this RAMB pin or else use a synchronous reset in which the assertion of the reset is timed by default.
Related violations: <none>

REQP-1839#7 Warning
RAMB36 async control check  
The RAMB36E1 u_system/dut/u_e203_subsys_top/u_e203_subsys_main/u_e203_cpu_top/u_e203_srams/u_e203_dtcm_ram/u_e203_dtcm_gnrl_ram/u_sirv_sim_ram/mem[1].non_last.mem_r_reg_0_0 has an input control pin u_system/dut/u_e203_subsys_top/u_e203_subsys_main/u_e203_cpu_top/u_e203_srams/u_e203_dtcm_ram/u_e203_dtcm_gnrl_ram/u_sirv_sim_ram/mem[1].non_last.mem_r_reg_0_0/ADDRARDADDR[14] (net: u_system/dut/u_e203_subsys_top/u_e203_subsys_main/u_e203_cpu_top/u_e203_srams/u_e203_dtcm_ram/u_e203_dtcm_gnrl_ram/u_sirv_sim_ram/ADDRARDADDR[13]) which is driven by a register (u_system/dut/u_e203_subsys_top/u_e203_subsys_main/u_e203_cpu_top/u_e203_cpu/u_e203_core/u_e203_exu/u_e203_exu_alu/u_e203_exu_alu_muldiv/exec_cnt_dfflr/qout_r_reg[3]) that has an active asychronous set or reset. This may cause corruption of the memory contents and/or read values when the set/reset is asserted and is not analyzed by the default static timing analysis. It is suggested to eliminate the use of a set/reset to registers driving this RAMB pin or else use a synchronous reset in which the assertion of the reset is timed by default.
Related violations: <none>

REQP-1839#8 Warning
RAMB36 async control check  
The RAMB36E1 u_system/dut/u_e203_subsys_top/u_e203_subsys_main/u_e203_cpu_top/u_e203_srams/u_e203_dtcm_ram/u_e203_dtcm_gnrl_ram/u_sirv_sim_ram/mem[1].non_last.mem_r_reg_0_0 has an input control pin u_system/dut/u_e203_subsys_top/u_e203_subsys_main/u_e203_cpu_top/u_e203_srams/u_e203_dtcm_ram/u_e203_dtcm_gnrl_ram/u_sirv_sim_ram/mem[1].non_last.mem_r_reg_0_0/ADDRARDADDR[14] (net: u_system/dut/u_e203_subsys_top/u_e203_subsys_main/u_e203_cpu_top/u_e203_srams/u_e203_dtcm_ram/u_e203_dtcm_gnrl_ram/u_sirv_sim_ram/ADDRARDADDR[13]) which is driven by a register (u_system/dut/u_e203_subsys_top/u_e203_subsys_main/u_e203_cpu_top/u_e203_cpu/u_e203_core/u_e203_exu/u_e203_exu_alu/u_e203_exu_alu_muldiv/exec_cnt_dfflr/qout_r_reg[4]) that has an active asychronous set or reset. This may cause corruption of the memory contents and/or read values when the set/reset is asserted and is not analyzed by the default static timing analysis. It is suggested to eliminate the use of a set/reset to registers driving this RAMB pin or else use a synchronous reset in which the assertion of the reset is timed by default.
Related violations: <none>

REQP-1839#9 Warning
RAMB36 async control check  
The RAMB36E1 u_system/dut/u_e203_subsys_top/u_e203_subsys_main/u_e203_cpu_top/u_e203_srams/u_e203_dtcm_ram/u_e203_dtcm_gnrl_ram/u_sirv_sim_ram/mem[1].non_last.mem_r_reg_0_0 has an input control pin u_system/dut/u_e203_subsys_top/u_e203_subsys_main/u_e203_cpu_top/u_e203_srams/u_e203_dtcm_ram/u_e203_dtcm_gnrl_ram/u_sirv_sim_ram/mem[1].non_last.mem_r_reg_0_0/ADDRARDADDR[14] (net: u_system/dut/u_e203_subsys_top/u_e203_subsys_main/u_e203_cpu_top/u_e203_srams/u_e203_dtcm_ram/u_e203_dtcm_gnrl_ram/u_sirv_sim_ram/ADDRARDADDR[13]) which is driven by a register (u_system/dut/u_e203_subsys_top/u_e203_subsys_main/u_e203_cpu_top/u_e203_cpu/u_e203_core/u_e203_exu/u_e203_exu_alu/u_e203_exu_alu_muldiv/exec_cnt_dfflr/qout_r_reg[5]) that has an active asychronous set or reset. This may cause corruption of the memory contents and/or read values when the set/reset is asserted and is not analyzed by the default static timing analysis. It is suggested to eliminate the use of a set/reset to registers driving this RAMB pin or else use a synchronous reset in which the assertion of the reset is timed by default.
Related violations: <none>

REQP-1839#10 Warning
RAMB36 async control check  
The RAMB36E1 u_system/dut/u_e203_subsys_top/u_e203_subsys_main/u_e203_cpu_top/u_e203_srams/u_e203_dtcm_ram/u_e203_dtcm_gnrl_ram/u_sirv_sim_ram/mem[1].non_last.mem_r_reg_0_0 has an input control pin u_system/dut/u_e203_subsys_top/u_e203_subsys_main/u_e203_cpu_top/u_e203_srams/u_e203_dtcm_ram/u_e203_dtcm_gnrl_ram/u_sirv_sim_ram/mem[1].non_last.mem_r_reg_0_0/ADDRARDADDR[14] (net: u_system/dut/u_e203_subsys_top/u_e203_subsys_main/u_e203_cpu_top/u_e203_srams/u_e203_dtcm_ram/u_e203_dtcm_gnrl_ram/u_sirv_sim_ram/ADDRARDADDR[13]) which is driven by a register (u_system/dut/u_e203_subsys_top/u_e203_subsys_main/u_e203_cpu_top/u_e203_cpu/u_e203_core/u_e203_exu/u_e203_exu_alu/u_e203_exu_alu_muldiv/muldiv_state_dfflr/qout_r_reg[0]) that has an active asychronous set or reset. This may cause corruption of the memory contents and/or read values when the set/reset is asserted and is not analyzed by the default static timing analysis. It is suggested to eliminate the use of a set/reset to registers driving this RAMB pin or else use a synchronous reset in which the assertion of the reset is timed by default.
Related violations: <none>

REQP-1839#11 Warning
RAMB36 async control check  
The RAMB36E1 u_system/dut/u_e203_subsys_top/u_e203_subsys_main/u_e203_cpu_top/u_e203_srams/u_e203_dtcm_ram/u_e203_dtcm_gnrl_ram/u_sirv_sim_ram/mem[1].non_last.mem_r_reg_0_0 has an input control pin u_system/dut/u_e203_subsys_top/u_e203_subsys_main/u_e203_cpu_top/u_e203_srams/u_e203_dtcm_ram/u_e203_dtcm_gnrl_ram/u_sirv_sim_ram/mem[1].non_last.mem_r_reg_0_0/ADDRARDADDR[14] (net: u_system/dut/u_e203_subsys_top/u_e203_subsys_main/u_e203_cpu_top/u_e203_srams/u_e203_dtcm_ram/u_e203_dtcm_gnrl_ram/u_sirv_sim_ram/ADDRARDADDR[13]) which is driven by a register (u_system/dut/u_e203_subsys_top/u_e203_subsys_main/u_e203_cpu_top/u_e203_cpu/u_e203_core/u_e203_exu/u_e203_exu_alu/u_e203_exu_alu_muldiv/part_prdt_sft1_dfflr/qout_r_reg[0]) that has an active asychronous set or reset. This may cause corruption of the memory contents and/or read values when the set/reset is asserted and is not analyzed by the default static timing analysis. It is suggested to eliminate the use of a set/reset to registers driving this RAMB pin or else use a synchronous reset in which the assertion of the reset is timed by default.
Related violations: <none>

REQP-1839#12 Warning
RAMB36 async control check  
The RAMB36E1 u_system/dut/u_e203_subsys_top/u_e203_subsys_main/u_e203_cpu_top/u_e203_srams/u_e203_dtcm_ram/u_e203_dtcm_gnrl_ram/u_sirv_sim_ram/mem[1].non_last.mem_r_reg_0_0 has an input control pin u_system/dut/u_e203_subsys_top/u_e203_subsys_main/u_e203_cpu_top/u_e203_srams/u_e203_dtcm_ram/u_e203_dtcm_gnrl_ram/u_sirv_sim_ram/mem[1].non_last.mem_r_reg_0_0/ADDRARDADDR[14] (net: u_system/dut/u_e203_subsys_top/u_e203_subsys_main/u_e203_cpu_top/u_e203_srams/u_e203_dtcm_ram/u_e203_dtcm_gnrl_ram/u_sirv_sim_ram/ADDRARDADDR[13]) which is driven by a register (u_system/dut/u_e203_subsys_top/u_e203_subsys_main/u_e203_cpu_top/u_e203_cpu/u_e203_core/u_e203_exu/u_e203_exu_alu/u_e203_exu_alu_muldiv/part_remd_sft1_dfflr/qout_r_reg[0]) that has an active asychronous set or reset. This may cause corruption of the memory contents and/or read values when the set/reset is asserted and is not analyzed by the default static timing analysis. It is suggested to eliminate the use of a set/reset to registers driving this RAMB pin or else use a synchronous reset in which the assertion of the reset is timed by default.
Related violations: <none>

REQP-1839#13 Warning
RAMB36 async control check  
The RAMB36E1 u_system/dut/u_e203_subsys_top/u_e203_subsys_main/u_e203_cpu_top/u_e203_srams/u_e203_dtcm_ram/u_e203_dtcm_gnrl_ram/u_sirv_sim_ram/mem[1].non_last.mem_r_reg_0_0 has an input control pin u_system/dut/u_e203_subsys_top/u_e203_subsys_main/u_e203_cpu_top/u_e203_srams/u_e203_dtcm_ram/u_e203_dtcm_gnrl_ram/u_sirv_sim_ram/mem[1].non_last.mem_r_reg_0_0/ADDRARDADDR[14] (net: u_system/dut/u_e203_subsys_top/u_e203_subsys_main/u_e203_cpu_top/u_e203_srams/u_e203_dtcm_ram/u_e203_dtcm_gnrl_ram/u_sirv_sim_ram/ADDRARDADDR[13]) which is driven by a register (u_system/dut/u_e203_subsys_top/u_e203_subsys_main/u_e203_cpu_top/u_e203_cpu/u_e203_core/u_e203_exu/u_e203_exu_alu/u_e203_exu_nice/u_nice_itag_fifo/dp_gt0.dp_gt1.rptr_vec_31_dfflr/qout_r_reg[0]) that has an active asychronous set or reset. This may cause corruption of the memory contents and/or read values when the set/reset is asserted and is not analyzed by the default static timing analysis. It is suggested to eliminate the use of a set/reset to registers driving this RAMB pin or else use a synchronous reset in which the assertion of the reset is timed by default.
Related violations: <none>

REQP-1839#14 Warning
RAMB36 async control check  
The RAMB36E1 u_system/dut/u_e203_subsys_top/u_e203_subsys_main/u_e203_cpu_top/u_e203_srams/u_e203_dtcm_ram/u_e203_dtcm_gnrl_ram/u_sirv_sim_ram/mem[1].non_last.mem_r_reg_0_0 has an input control pin u_system/dut/u_e203_subsys_top/u_e203_subsys_main/u_e203_cpu_top/u_e203_srams/u_e203_dtcm_ram/u_e203_dtcm_gnrl_ram/u_sirv_sim_ram/mem[1].non_last.mem_r_reg_0_0/ADDRARDADDR[14] (net: u_system/dut/u_e203_subsys_top/u_e203_subsys_main/u_e203_cpu_top/u_e203_srams/u_e203_dtcm_ram/u_e203_dtcm_gnrl_ram/u_sirv_sim_ram/ADDRARDADDR[13]) which is driven by a register (u_system/dut/u_e203_subsys_top/u_e203_subsys_main/u_e203_cpu_top/u_e203_cpu/u_e203_core/u_e203_exu/u_e203_exu_alu/u_e203_exu_nice/u_nice_itag_fifo/dp_gt0.dp_gt1.rptr_vec_31_dfflr/qout_r_reg[1]) that has an active asychronous set or reset. This may cause corruption of the memory contents and/or read values when the set/reset is asserted and is not analyzed by the default static timing analysis. It is suggested to eliminate the use of a set/reset to registers driving this RAMB pin or else use a synchronous reset in which the assertion of the reset is timed by default.
Related violations: <none>

REQP-1839#15 Warning
RAMB36 async control check  
The RAMB36E1 u_system/dut/u_e203_subsys_top/u_e203_subsys_main/u_e203_cpu_top/u_e203_srams/u_e203_dtcm_ram/u_e203_dtcm_gnrl_ram/u_sirv_sim_ram/mem[1].non_last.mem_r_reg_0_0 has an input control pin u_system/dut/u_e203_subsys_top/u_e203_subsys_main/u_e203_cpu_top/u_e203_srams/u_e203_dtcm_ram/u_e203_dtcm_gnrl_ram/u_sirv_sim_ram/mem[1].non_last.mem_r_reg_0_0/ADDRARDADDR[14] (net: u_system/dut/u_e203_subsys_top/u_e203_subsys_main/u_e203_cpu_top/u_e203_srams/u_e203_dtcm_ram/u_e203_dtcm_gnrl_ram/u_sirv_sim_ram/ADDRARDADDR[13]) which is driven by a register (u_system/dut/u_e203_subsys_top/u_e203_subsys_main/u_e203_cpu_top/u_e203_cpu/u_e203_core/u_e203_exu/u_e203_exu_alu/u_e203_exu_nice/u_nice_itag_fifo/dp_gt0.dp_gt1.rptr_vec_31_dfflr/qout_r_reg[2]) that has an active asychronous set or reset. This may cause corruption of the memory contents and/or read values when the set/reset is asserted and is not analyzed by the default static timing analysis. It is suggested to eliminate the use of a set/reset to registers driving this RAMB pin or else use a synchronous reset in which the assertion of the reset is timed by default.
Related violations: <none>

REQP-1839#16 Warning
RAMB36 async control check  
The RAMB36E1 u_system/dut/u_e203_subsys_top/u_e203_subsys_main/u_e203_cpu_top/u_e203_srams/u_e203_dtcm_ram/u_e203_dtcm_gnrl_ram/u_sirv_sim_ram/mem[1].non_last.mem_r_reg_0_0 has an input control pin u_system/dut/u_e203_subsys_top/u_e203_subsys_main/u_e203_cpu_top/u_e203_srams/u_e203_dtcm_ram/u_e203_dtcm_gnrl_ram/u_sirv_sim_ram/mem[1].non_last.mem_r_reg_0_0/ADDRARDADDR[14] (net: u_system/dut/u_e203_subsys_top/u_e203_subsys_main/u_e203_cpu_top/u_e203_srams/u_e203_dtcm_ram/u_e203_dtcm_gnrl_ram/u_sirv_sim_ram/ADDRARDADDR[13]) which is driven by a register (u_system/dut/u_e203_subsys_top/u_e203_subsys_main/u_e203_cpu_top/u_e203_cpu/u_e203_core/u_e203_exu/u_e203_exu_alu/u_e203_exu_nice/u_nice_itag_fifo/dp_gt0.rptr_vec_0_dfflrs/qout_r_reg[0]) that has an active asychronous set or reset. This may cause corruption of the memory contents and/or read values when the set/reset is asserted and is not analyzed by the default static timing analysis. It is suggested to eliminate the use of a set/reset to registers driving this RAMB pin or else use a synchronous reset in which the assertion of the reset is timed by default.
Related violations: <none>

REQP-1839#17 Warning
RAMB36 async control check  
The RAMB36E1 u_system/dut/u_e203_subsys_top/u_e203_subsys_main/u_e203_cpu_top/u_e203_srams/u_e203_dtcm_ram/u_e203_dtcm_gnrl_ram/u_sirv_sim_ram/mem[1].non_last.mem_r_reg_0_0 has an input control pin u_system/dut/u_e203_subsys_top/u_e203_subsys_main/u_e203_cpu_top/u_e203_srams/u_e203_dtcm_ram/u_e203_dtcm_gnrl_ram/u_sirv_sim_ram/mem[1].non_last.mem_r_reg_0_0/ADDRARDADDR[14] (net: u_system/dut/u_e203_subsys_top/u_e203_subsys_main/u_e203_cpu_top/u_e203_srams/u_e203_dtcm_ram/u_e203_dtcm_gnrl_ram/u_sirv_sim_ram/ADDRARDADDR[13]) which is driven by a register (u_system/dut/u_e203_subsys_top/u_e203_subsys_main/u_e203_cpu_top/u_e203_cpu/u_e203_core/u_e203_exu/u_e203_exu_alu/u_e203_exu_nice/u_nice_itag_fifo/dp_gt0.vec_31_dfflr/qout_r_reg[0]) that has an active asychronous set or reset. This may cause corruption of the memory contents and/or read values when the set/reset is asserted and is not analyzed by the default static timing analysis. It is suggested to eliminate the use of a set/reset to registers driving this RAMB pin or else use a synchronous reset in which the assertion of the reset is timed by default.
Related violations: <none>

REQP-1839#18 Warning
RAMB36 async control check  
The RAMB36E1 u_system/dut/u_e203_subsys_top/u_e203_subsys_main/u_e203_cpu_top/u_e203_srams/u_e203_dtcm_ram/u_e203_dtcm_gnrl_ram/u_sirv_sim_ram/mem[1].non_last.mem_r_reg_0_0 has an input control pin u_system/dut/u_e203_subsys_top/u_e203_subsys_main/u_e203_cpu_top/u_e203_srams/u_e203_dtcm_ram/u_e203_dtcm_gnrl_ram/u_sirv_sim_ram/mem[1].non_last.mem_r_reg_0_0/ADDRARDADDR[14] (net: u_system/dut/u_e203_subsys_top/u_e203_subsys_main/u_e203_cpu_top/u_e203_srams/u_e203_dtcm_ram/u_e203_dtcm_gnrl_ram/u_sirv_sim_ram/ADDRARDADDR[13]) which is driven by a register (u_system/dut/u_e203_subsys_top/u_e203_subsys_main/u_e203_cpu_top/u_e203_cpu/u_e203_core/u_e203_exu/u_e203_exu_commit/u_e203_exu_excp/step_req_dfflr/qout_r_reg[0]) that has an active asychronous set or reset. This may cause corruption of the memory contents and/or read values when the set/reset is asserted and is not analyzed by the default static timing analysis. It is suggested to eliminate the use of a set/reset to registers driving this RAMB pin or else use a synchronous reset in which the assertion of the reset is timed by default.
Related violations: <none>

REQP-1839#19 Warning
RAMB36 async control check  
The RAMB36E1 u_system/dut/u_e203_subsys_top/u_e203_subsys_main/u_e203_cpu_top/u_e203_srams/u_e203_dtcm_ram/u_e203_dtcm_gnrl_ram/u_sirv_sim_ram/mem[1].non_last.mem_r_reg_0_0 has an input control pin u_system/dut/u_e203_subsys_top/u_e203_subsys_main/u_e203_cpu_top/u_e203_srams/u_e203_dtcm_ram/u_e203_dtcm_gnrl_ram/u_sirv_sim_ram/mem[1].non_last.mem_r_reg_0_0/ADDRARDADDR[14] (net: u_system/dut/u_e203_subsys_top/u_e203_subsys_main/u_e203_cpu_top/u_e203_srams/u_e203_dtcm_ram/u_e203_dtcm_gnrl_ram/u_sirv_sim_ram/ADDRARDADDR[13]) which is driven by a register (u_system/dut/u_e203_subsys_top/u_e203_subsys_main/u_e203_cpu_top/u_e203_cpu/u_e203_core/u_e203_exu/u_e203_exu_commit/u_e203_exu_excp/wfi_halt_req_dfflr/qout_r_reg[0]) that has an active asychronous set or reset. This may cause corruption of the memory contents and/or read values when the set/reset is asserted and is not analyzed by the default static timing analysis. It is suggested to eliminate the use of a set/reset to registers driving this RAMB pin or else use a synchronous reset in which the assertion of the reset is timed by default.
Related violations: <none>

REQP-1839#20 Warning
RAMB36 async control check  
The RAMB36E1 u_system/dut/u_e203_subsys_top/u_e203_subsys_main/u_e203_cpu_top/u_e203_srams/u_e203_dtcm_ram/u_e203_dtcm_gnrl_ram/u_sirv_sim_ram/mem[1].non_last.mem_r_reg_0_0 has an input control pin u_system/dut/u_e203_subsys_top/u_e203_subsys_main/u_e203_cpu_top/u_e203_srams/u_e203_dtcm_ram/u_e203_dtcm_gnrl_ram/u_sirv_sim_ram/mem[1].non_last.mem_r_reg_0_0/ADDRARDADDR[14] (net: u_system/dut/u_e203_subsys_top/u_e203_subsys_main/u_e203_cpu_top/u_e203_srams/u_e203_dtcm_ram/u_e203_dtcm_gnrl_ram/u_sirv_sim_ram/ADDRARDADDR[13]) which is driven by a register (u_system/dut/u_e203_subsys_top/u_e203_subsys_main/u_e203_cpu_top/u_e203_cpu/u_e203_core/u_e203_exu/u_e203_exu_csr/status_mie_dfflr/qout_r_reg[0]) that has an active asychronous set or reset. This may cause corruption of the memory contents and/or read values when the set/reset is asserted and is not analyzed by the default static timing analysis. It is suggested to eliminate the use of a set/reset to registers driving this RAMB pin or else use a synchronous reset in which the assertion of the reset is timed by default.
Related violations: <none>

RPBF-3#1 Warning
IO port buffering is incomplete  
Device port pmu_paden expects both input and output buffering but the buffers are incomplete.
Related violations: <none>

RPBF-3#2 Warning
IO port buffering is incomplete  
Device port pmu_padrst expects both input and output buffering but the buffers are incomplete.
Related violations: <none>


