#-----------------------------------------------------------
# Vivado v2020.2 (64-bit)
# SW Build 3064766 on Wed Nov 18 09:12:45 MST 2020
# IP Build 3064653 on Wed Nov 18 14:17:31 MST 2020
# Start of session at: Mon Feb  3 23:23:07 2025
# Process ID: 32624
# Current directory: C:/Users/Zhangshi/Desktop/my_git/e203_zs/prj/e203_with_eaxi_ports
# Command line: vivado.exe -gui_launcher_event rodinguilauncherevent36840 C:\Users\Zhangshi\Desktop\my_git\e203_zs\prj\e203_with_eaxi_ports\e203_with_eaxi_ports.xpr
# Log file: C:/Users/Zhangshi/Desktop/my_git/e203_zs/prj/e203_with_eaxi_ports/vivado.log
# Journal file: C:/Users/Zhangshi/Desktop/my_git/e203_zs/prj/e203_with_eaxi_ports\vivado.jou
#-----------------------------------------------------------
start_gui
open_project C:/Users/Zhangshi/Desktop/my_git/e203_zs/prj/e203_with_eaxi_ports/e203_with_eaxi_ports.xpr
update_compile_order -fileset sources_1
add_files -norecurse -scan_for_includes C:/Users/Zhangshi/Desktop/my_git/e203_zs/rtl/system_top.v
update_compile_order -fileset sources_1
# Disabling source management mode.  This is to allow the top design properties to be set without GUI intervention.
set_property source_mgmt_mode None [current_project]
set_property top system_top [current_fileset]
# Re-enabling previously disabled source management mode.
set_property source_mgmt_mode All [current_project]
update_compile_order -fileset sources_1
launch_runs synth_1 -jobs 16
wait_on_run synth_1
add_files -scan_for_includes {C:/Users/Zhangshi/Desktop/my_git/e203_zs/ip/mmcm/mmcm.xci C:/Users/Zhangshi/Desktop/my_git/e203_zs/ip/wr_fifo/wr_fifo.xci C:/Users/Zhangshi/Desktop/my_git/e203_zs/ip/clk_wiz_0/clk_wiz_0.xci C:/Users/Zhangshi/Desktop/my_git/e203_zs/ip/reset_sys/reset_sys.xci C:/Users/Zhangshi/Desktop/my_git/e203_zs/ip/mig_7series_0/mig_7series_0.xci C:/Users/Zhangshi/Desktop/my_git/e203_zs/ip/rd_fifo/rd_fifo.xci}
export_ip_user_files -of_objects  [get_files  {C:/Users/Zhangshi/Desktop/my_git/e203_zs/ip/mmcm/mmcm.xci C:/Users/Zhangshi/Desktop/my_git/e203_zs/ip/wr_fifo/wr_fifo.xci C:/Users/Zhangshi/Desktop/my_git/e203_zs/ip/clk_wiz_0/clk_wiz_0.xci C:/Users/Zhangshi/Desktop/my_git/e203_zs/ip/reset_sys/reset_sys.xci C:/Users/Zhangshi/Desktop/my_git/e203_zs/ip/mig_7series_0/mig_7series_0.xci C:/Users/Zhangshi/Desktop/my_git/e203_zs/ip/rd_fifo/rd_fifo.xci}] -lib_map_path [list {modelsim=C:/Users/Zhangshi/Desktop/my_git/e203_zs/prj/e203_with_eaxi_ports/e203_with_eaxi_ports.cache/compile_simlib/modelsim} {questa=C:/Users/Zhangshi/Desktop/my_git/e203_zs/prj/e203_with_eaxi_ports/e203_with_eaxi_ports.cache/compile_simlib/questa} {riviera=C:/Users/Zhangshi/Desktop/my_git/e203_zs/prj/e203_with_eaxi_ports/e203_with_eaxi_ports.cache/compile_simlib/riviera} {activehdl=C:/Users/Zhangshi/Desktop/my_git/e203_zs/prj/e203_with_eaxi_ports/e203_with_eaxi_ports.cache/compile_simlib/activehdl}] -force -quiet
update_compile_order -fileset sources_1
reset_run synth_1
launch_runs impl_1 -jobs 16
wait_on_run impl_1
