
*** Running vivado
    with args -log system_top_axi_snake_ctrl_0_0.vds -m64 -product Vivado -mode batch -messageDb vivado.pb -notrace -source system_top_axi_snake_ctrl_0_0.tcl



****** Vivado v2020.2 (64-bit)
  **** SW Build 3064766 on Wed Nov 18 09:12:45 MST 2020
  **** IP Build 3064653 on Wed Nov 18 14:17:31 MST 2020
    ** Copyright 1986-2020 Xilinx, Inc. All Rights Reserved.

source system_top_axi_snake_ctrl_0_0.tcl -notrace
INFO: [IP_Flow 19-234] Refreshing IP repositories
INFO: [IP_Flow 19-1700] Loaded user IP repository 'e:/Desktop/my_git/e203_zs/prj/ip_repo/axi_snake_ctrl_1.0'.
INFO: [IP_Flow 19-1700] Loaded user IP repository 'e:/Desktop/my_git/e203_zs/user_ip'.
INFO: [IP_Flow 19-2313] Loaded Vivado IP repository 'E:/Xilinx/Vivado/2020.2/data/ip'.
Command: synth_design -top system_top_axi_snake_ctrl_0_0 -part xc7a200tfbg484-2 -mode out_of_context
Starting synth_design
Attempting to get a license for feature 'Synthesis' and/or device 'xc7a200t'
INFO: [Common 17-349] Got license for feature 'Synthesis' and/or device 'xc7a200t'
INFO: [Device 21-403] Loading part xc7a200tfbg484-2
INFO: [Synth 8-7079] Multithreading enabled for synth_design using a maximum of 2 processes.
INFO: [Synth 8-7078] Launching helper process for spawning children vivado processes
INFO: [Synth 8-7075] Helper process launched with PID 36792
ERROR: [Synth 8-2715] syntax error near endmodule [e:/Desktop/my_git/e203_zs/prj/sys_top_bd/sys_top_bd.gen/sources_1/bd/system_top/ipshared/c35a/hdl/axi_snake_ctrl_v1_0.v:89]
Failed to read verilog 'e:/Desktop/my_git/e203_zs/prj/sys_top_bd/sys_top_bd.gen/sources_1/bd/system_top/ipshared/c35a/hdl/axi_snake_ctrl_v1_0.v'
INFO: [Common 17-83] Releasing license: Synthesis
10 Infos, 0 Warnings, 0 Critical Warnings and 2 Errors encountered.
synth_design failed
ERROR: [Common 17-69] Command failed: Synthesis failed - please see the console or run log file for details
INFO: [Common 17-206] Exiting Vivado at Thu Apr  3 17:18:11 2025...
