Copyright 1986-2020 Xilinx, Inc. All Rights Reserved.
------------------------------------------------------------------------------------
| Tool Version : Vivado v.2020.2 (win64) Build 3064766 Wed Nov 18 09:12:45 MST 2020
| Date         : Thu Apr  3 17:16:59 2025
| Host         : Lab running 64-bit major release  (build 9200)
| Command      : upgrade_ip
| Device       : xc7a200tfbg484-2
------------------------------------------------------------------------------------

Upgrade Log for IP 'system_top_axi_snake_ctrl_0_0'

1. Summary
----------

SUCCESS in the conversion of system_top_axi_snake_ctrl_0_0 (xilinx.com:user:axi_snake_ctrl:1.0 (Rev. 1)) to Vivado generation flows.






Copyright 1986-2020 Xilinx, Inc. All Rights Reserved.
------------------------------------------------------------------------------------
| Tool Version : Vivado v.2020.2 (win64) Build 3064766 Wed Nov 18 09:12:45 MST 2020
| Date         : Thu Apr  3 16:26:31 2025
| Host         : Lab running 64-bit major release  (build 9200)
| Command      : upgrade_ip
| Device       : xc7a200tfbg484-2
------------------------------------------------------------------------------------

Upgrade Log for IP 'system_top_axi_snake_ctrl_0_0'

1. Summary
----------

SUCCESS in the conversion of system_top_axi_snake_ctrl_0_0 (xilinx.com:user:axi_snake_ctrl:1.0 (Rev. 1)) to Vivado generation flows.

