#-----------------------------------------------------------
# Vivado v2020.2 (64-bit)
# SW Build 3064766 on Wed Nov 18 09:12:45 MST 2020
# IP Build 3064653 on Wed Nov 18 14:17:31 MST 2020
# Start of session at: Thu Feb  6 11:51:00 2025
# Process ID: 22232
# Current directory: E:/VMware/Share/my_git/e203_zs/prj/sys_top_bd
# Command line: vivado.exe -gui_launcher_event rodinguilauncherevent28568 E:\VMware\Share\my_git\e203_zs\prj\sys_top_bd\sys_top_bd.xpr
# Log file: E:/VMware/Share/my_git/e203_zs/prj/sys_top_bd/vivado.log
# Journal file: E:/VMware/Share/my_git/e203_zs/prj/sys_top_bd\vivado.jou
#-----------------------------------------------------------
start_gui
open_project E:/VMware/Share/my_git/e203_zs/prj/sys_top_bd/sys_top_bd.xpr
INFO: [Project 1-313] Project file moved from '/home/oppenyes/workspace/my_git/e203_zs/prj/sys_top_bd' since last save.
Scanning sources...
Finished scanning sources
INFO: [IP_Flow 19-234] Refreshing IP repositories
INFO: [IP_Flow 19-1700] Loaded user IP repository 'e:/VMware/Share/my_git/e203_zs/user_ip'.
INFO: [IP_Flow 19-2313] Loaded Vivado IP repository 'E:/Xilinx/Vivado/2020.2/data/ip'.
open_project: Time (s): cpu = 00:00:14 ; elapsed = 00:00:10 . Memory (MB): peak = 1113.559 ; gain = 0.000
update_compile_order -fileset sources_1
open_bd_design {E:/VMware/Share/my_git/e203_zs/prj/sys_top_bd/sys_top_bd.srcs/sources_1/bd/system_top/system_top.bd}
Reading block design file <E:/VMware/Share/my_git/e203_zs/prj/sys_top_bd/sys_top_bd.srcs/sources_1/bd/system_top/system_top.bd>...
Adding component instance block -- xilinx.com:ip:axi_interconnect:2.1 - axi_interconnect_0
Adding component instance block -- xilinx.com:ip:axi_crossbar:2.1 - xbar
Adding component instance block -- xilinx.com:ip:axi_protocol_converter:2.1 - auto_pc
Adding component instance block -- xilinx.com:ip:axi_clock_converter:2.1 - auto_cc
Adding component instance block -- xilinx.com:ip:axi_clock_converter:2.1 - auto_cc
Adding component instance block -- xilinx.com:ip:axi_protocol_converter:2.1 - auto_pc
Adding component instance block -- xilinx.com:ip:clk_wiz:6.0 - clk_wiz_0
Adding component instance block -- xilinx.com:ip:proc_sys_reset:5.0 - proc_sys_reset_1
Adding component instance block -- xilinx.com:ip:proc_sys_reset:5.0 - proc_sys_reset_0
Adding component instance block -- xilinx.com:ip:util_vector_logic:2.0 - util_vector_logic_0
Adding component instance block -- xilinx.com:user:system_e203:2.1 - system_e203_0
Adding component instance block -- xilinx.com:ip:mig_7series:4.2 - mig_7series_0
Adding component instance block -- xilinx.com:ip:util_vector_logic:2.0 - util_vector_logic_1
Adding component instance block -- xilinx.com:ip:axi_gpio:2.0 - axi_gpio_0
Adding component instance block -- xilinx.com:ip:proc_sys_reset:5.0 - rst_clk_wiz_0_200M
Successfully read diagram <system_top> from block design file <E:/VMware/Share/my_git/e203_zs/prj/sys_top_bd/sys_top_bd.srcs/sources_1/bd/system_top/system_top.bd>
open_bd_design: Time (s): cpu = 00:00:07 ; elapsed = 00:00:07 . Memory (MB): peak = 1201.863 ; gain = 50.031
validate_bd_design -force
INFO: [xilinx.com:ip:clk_wiz:6.0-1] /clk_wiz_0 clk_wiz propagate
validate_bd_design: Time (s): cpu = 00:00:10 ; elapsed = 00:00:08 . Memory (MB): peak = 1316.672 ; gain = 11.680
exit
INFO: [Common 17-206] Exiting Vivado at Thu Feb  6 11:52:13 2025...
