#-----------------------------------------------------------
# Vivado v2020.2 (64-bit)
# SW Build 3064766 on Wed Nov 18 09:12:45 MST 2020
# IP Build 3064653 on Wed Nov 18 14:17:31 MST 2020
# Start of session at: Wed Feb  5 00:07:55 2025
# Process ID: 13340
# Current directory: E:/my_git/e203_zs/prj/sys_top_bd
# Command line: vivado.exe -gui_launcher_event rodinguilauncherevent13432 E:\my_git\e203_zs\prj\sys_top_bd\sys_top_bd.xpr
# Log file: E:/my_git/e203_zs/prj/sys_top_bd/vivado.log
# Journal file: E:/my_git/e203_zs/prj/sys_top_bd\vivado.jou
#-----------------------------------------------------------
start_gui
open_project E:/my_git/e203_zs/prj/sys_top_bd/sys_top_bd.xpr
INFO: [Project 1-313] Project file moved from 'C:/Users/Zhangshi/Desktop/my_git/e203_zs/prj/sys_top_bd' since last save.
Scanning sources...
Finished scanning sources
INFO: [IP_Flow 19-234] Refreshing IP repositories
INFO: [IP_Flow 19-1700] Loaded user IP repository 'e:/my_git/e203_zs/user_ip'.
INFO: [IP_Flow 19-2313] Loaded Vivado IP repository 'E:/Xilinx/Vivado/2020.2/data/ip'.
WARNING: [IP_Flow 19-3664] IP 'system_top_mig_7series_0_0' generated file not found 'e:AppData/Roaming/Xilinx/Vivado/.Xil/Vivado-10692-Lab/coregen/system_top_mig_7series_0_0/system_top_mig_7series_0_0.dcp'. Please regenerate to continue.
WARNING: [IP_Flow 19-3664] IP 'system_top_mig_7series_0_0' generated file not found 'e:AppData/Roaming/Xilinx/Vivado/.Xil/Vivado-10692-Lab/coregen/system_top_mig_7series_0_0/system_top_mig_7series_0_0_sim_netlist.v'. Please regenerate to continue.
WARNING: [IP_Flow 19-3664] IP 'system_top_mig_7series_0_0' generated file not found 'e:AppData/Roaming/Xilinx/Vivado/.Xil/Vivado-10692-Lab/coregen/system_top_mig_7series_0_0/system_top_mig_7series_0_0_sim_netlist.vhdl'. Please regenerate to continue.
WARNING: [IP_Flow 19-3664] IP 'system_top_mig_7series_0_0' generated file not found 'e:AppData/Roaming/Xilinx/Vivado/.Xil/Vivado-10692-Lab/coregen/system_top_mig_7series_0_0/system_top_mig_7series_0_0_stub.v'. Please regenerate to continue.
WARNING: [IP_Flow 19-3664] IP 'system_top_mig_7series_0_0' generated file not found 'e:AppData/Roaming/Xilinx/Vivado/.Xil/Vivado-10692-Lab/coregen/system_top_mig_7series_0_0/system_top_mig_7series_0_0_stub.vhdl'. Please regenerate to continue.
open_project: Time (s): cpu = 00:00:14 ; elapsed = 00:00:09 . Memory (MB): peak = 1139.379 ; gain = 0.000
update_compile_order -fileset sources_1
reset_run synth_1
launch_runs impl_1 -jobs 16
INFO: [IP_Flow 19-4993] Using cached IP synthesis design for IP system_top_mig_7series_0_0, cache-ID = c0e3a8e59e7a213d; cache size = 66.385 MB.
[Wed Feb  5 00:10:11 2025] Launched synth_1...
Run output will be captured here: E:/my_git/e203_zs/prj/sys_top_bd/sys_top_bd.runs/synth_1/runme.log
[Wed Feb  5 00:10:11 2025] Launched impl_1...
Run output will be captured here: E:/my_git/e203_zs/prj/sys_top_bd/sys_top_bd.runs/impl_1/runme.log
INFO: [Vivado 12-5777] IP Instance 'system_top_mig_7series_0_0' cannot be used in a module reference: The 'xilinx.com:ip:mig_7series:4.2' core does not support module reference.
INFO: [Vivado 12-5777] IP Instance 'system_top_mig_7series_0_0' cannot be used in a module reference: The 'xilinx.com:ip:mig_7series:4.2' core does not support module reference.
INFO: [Vivado 12-5777] IP Instance 'system_top_mig_7series_0_0' cannot be used in a module reference: The 'xilinx.com:ip:mig_7series:4.2' core does not support module reference.
INFO: [Vivado 12-5777] IP Instance 'system_top_mig_7series_0_0' cannot be used in a module reference: The 'xilinx.com:ip:mig_7series:4.2' core does not support module reference.
INFO: [Vivado 12-5777] IP Instance 'system_top_mig_7series_0_0' cannot be used in a module reference: The 'xilinx.com:ip:mig_7series:4.2' core does not support module reference.
INFO: [Vivado 12-5777] IP Instance 'system_top_mig_7series_0_0' cannot be used in a module reference: The 'xilinx.com:ip:mig_7series:4.2' core does not support module reference.
INFO: [Vivado 12-5777] IP Instance 'system_top_mig_7series_0_0' cannot be used in a module reference: The 'xilinx.com:ip:mig_7series:4.2' core does not support module reference.
INFO: [Vivado 12-5777] IP Instance 'system_top_mig_7series_0_0' cannot be used in a module reference: The 'xilinx.com:ip:mig_7series:4.2' core does not support module reference.
INFO: [Vivado 12-5777] IP Instance 'system_top_mig_7series_0_0' cannot be used in a module reference: The 'xilinx.com:ip:mig_7series:4.2' core does not support module reference.
INFO: [Vivado 12-5777] IP Instance 'system_top_mig_7series_0_0' cannot be used in a module reference: The 'xilinx.com:ip:mig_7series:4.2' core does not support module reference.
INFO: [Vivado 12-5777] IP Instance 'system_top_mig_7series_0_0' cannot be used in a module reference: The 'xilinx.com:ip:mig_7series:4.2' core does not support module reference.
INFO: [Vivado 12-5777] IP Instance 'system_top_mig_7series_0_0' cannot be used in a module reference: The 'xilinx.com:ip:mig_7series:4.2' core does not support module reference.
INFO: [Vivado 12-5777] IP Instance 'system_top_mig_7series_0_0' cannot be used in a module reference: The 'xilinx.com:ip:mig_7series:4.2' core does not support module reference.
INFO: [Vivado 12-5777] IP Instance 'system_top_mig_7series_0_0' cannot be used in a module reference: The 'xilinx.com:ip:mig_7series:4.2' core does not support module reference.
INFO: [Vivado 12-5777] IP Instance 'system_top_mig_7series_0_0' cannot be used in a module reference: The 'xilinx.com:ip:mig_7series:4.2' core does not support module reference.
INFO: [Vivado 12-5777] IP Instance 'system_top_mig_7series_0_0' cannot be used in a module reference: The 'xilinx.com:ip:mig_7series:4.2' core does not support module reference.
INFO: [Vivado 12-5777] IP Instance 'system_top_mig_7series_0_0' cannot be used in a module reference: The 'xilinx.com:ip:mig_7series:4.2' core does not support module reference.
INFO: [Vivado 12-5777] IP Instance 'system_top_mig_7series_0_0' cannot be used in a module reference: The 'xilinx.com:ip:mig_7series:4.2' core does not support module reference.
INFO: [Vivado 12-5777] IP Instance 'system_top_mig_7series_0_0' cannot be used in a module reference: The 'xilinx.com:ip:mig_7series:4.2' core does not support module reference.
INFO: [Vivado 12-5777] IP Instance 'system_top_mig_7series_0_0' cannot be used in a module reference: The 'xilinx.com:ip:mig_7series:4.2' core does not support module reference.
INFO: [Vivado 12-5777] IP Instance 'system_top_mig_7series_0_0' cannot be used in a module reference: The 'xilinx.com:ip:mig_7series:4.2' core does not support module reference.
INFO: [Vivado 12-5777] IP Instance 'system_top_mig_7series_0_0' cannot be used in a module reference: The 'xilinx.com:ip:mig_7series:4.2' core does not support module reference.
INFO: [Vivado 12-5777] IP Instance 'system_top_mig_7series_0_0' cannot be used in a module reference: The 'xilinx.com:ip:mig_7series:4.2' core does not support module reference.
INFO: [Vivado 12-5777] IP Instance 'system_top_mig_7series_0_0' cannot be used in a module reference: The 'xilinx.com:ip:mig_7series:4.2' core does not support module reference.
INFO: [Vivado 12-5777] IP Instance 'system_top_mig_7series_0_0' cannot be used in a module reference: The 'xilinx.com:ip:mig_7series:4.2' core does not support module reference.
INFO: [Vivado 12-5777] IP Instance 'system_top_mig_7series_0_0' cannot be used in a module reference: The 'xilinx.com:ip:mig_7series:4.2' core does not support module reference.
INFO: [Vivado 12-5777] IP Instance 'system_top_mig_7series_0_0' cannot be used in a module reference: The 'xilinx.com:ip:mig_7series:4.2' core does not support module reference.
INFO: [Vivado 12-5777] IP Instance 'system_top_mig_7series_0_0' cannot be used in a module reference: The 'xilinx.com:ip:mig_7series:4.2' core does not support module reference.
INFO: [Vivado 12-5777] IP Instance 'system_top_mig_7series_0_0' cannot be used in a module reference: The 'xilinx.com:ip:mig_7series:4.2' core does not support module reference.
INFO: [Vivado 12-5777] IP Instance 'system_top_mig_7series_0_0' cannot be used in a module reference: The 'xilinx.com:ip:mig_7series:4.2' core does not support module reference.
INFO: [Vivado 12-5777] IP Instance 'system_top_mig_7series_0_0' cannot be used in a module reference: The 'xilinx.com:ip:mig_7series:4.2' core does not support module reference.
INFO: [Vivado 12-5777] IP Instance 'system_top_mig_7series_0_0' cannot be used in a module reference: The 'xilinx.com:ip:mig_7series:4.2' core does not support module reference.
INFO: [Vivado 12-5777] IP Instance 'system_top_mig_7series_0_0' cannot be used in a module reference: The 'xilinx.com:ip:mig_7series:4.2' core does not support module reference.
INFO: [Vivado 12-5777] IP Instance 'system_top_mig_7series_0_0' cannot be used in a module reference: The 'xilinx.com:ip:mig_7series:4.2' core does not support module reference.
INFO: [Vivado 12-5777] IP Instance 'system_top_mig_7series_0_0' cannot be used in a module reference: The 'xilinx.com:ip:mig_7series:4.2' core does not support module reference.
INFO: [Vivado 12-5777] IP Instance 'system_top_mig_7series_0_0' cannot be used in a module reference: The 'xilinx.com:ip:mig_7series:4.2' core does not support module reference.
INFO: [Vivado 12-5777] IP Instance 'system_top_mig_7series_0_0' cannot be used in a module reference: The 'xilinx.com:ip:mig_7series:4.2' core does not support module reference.
INFO: [Vivado 12-5777] IP Instance 'system_top_mig_7series_0_0' cannot be used in a module reference: The 'xilinx.com:ip:mig_7series:4.2' core does not support module reference.
INFO: [Vivado 12-5777] IP Instance 'system_top_mig_7series_0_0' cannot be used in a module reference: The 'xilinx.com:ip:mig_7series:4.2' core does not support module reference.
INFO: [Vivado 12-5777] IP Instance 'system_top_mig_7series_0_0' cannot be used in a module reference: The 'xilinx.com:ip:mig_7series:4.2' core does not support module reference.
INFO: [Vivado 12-5777] IP Instance 'system_top_mig_7series_0_0' cannot be used in a module reference: The 'xilinx.com:ip:mig_7series:4.2' core does not support module reference.
INFO: [Vivado 12-5777] IP Instance 'system_top_mig_7series_0_0' cannot be used in a module reference: The 'xilinx.com:ip:mig_7series:4.2' core does not support module reference.
INFO: [Vivado 12-5777] IP Instance 'system_top_mig_7series_0_0' cannot be used in a module reference: The 'xilinx.com:ip:mig_7series:4.2' core does not support module reference.
INFO: [Vivado 12-5777] IP Instance 'system_top_mig_7series_0_0' cannot be used in a module reference: The 'xilinx.com:ip:mig_7series:4.2' core does not support module reference.
INFO: [Vivado 12-5777] IP Instance 'system_top_mig_7series_0_0' cannot be used in a module reference: The 'xilinx.com:ip:mig_7series:4.2' core does not support module reference.
INFO: [Vivado 12-5777] IP Instance 'system_top_mig_7series_0_0' cannot be used in a module reference: The 'xilinx.com:ip:mig_7series:4.2' core does not support module reference.
INFO: [Vivado 12-5777] IP Instance 'system_top_mig_7series_0_0' cannot be used in a module reference: The 'xilinx.com:ip:mig_7series:4.2' core does not support module reference.
INFO: [Vivado 12-5777] IP Instance 'system_top_mig_7series_0_0' cannot be used in a module reference: The 'xilinx.com:ip:mig_7series:4.2' core does not support module reference.
INFO: [Vivado 12-5777] IP Instance 'system_top_mig_7series_0_0' cannot be used in a module reference: The 'xilinx.com:ip:mig_7series:4.2' core does not support module reference.
INFO: [Vivado 12-5777] IP Instance 'system_top_mig_7series_0_0' cannot be used in a module reference: The 'xilinx.com:ip:mig_7series:4.2' core does not support module reference.
INFO: [Vivado 12-5777] IP Instance 'system_top_mig_7series_0_0' cannot be used in a module reference: The 'xilinx.com:ip:mig_7series:4.2' core does not support module reference.
INFO: [Vivado 12-5777] IP Instance 'system_top_mig_7series_0_0' cannot be used in a module reference: The 'xilinx.com:ip:mig_7series:4.2' core does not support module reference.
INFO: [Vivado 12-5777] IP Instance 'system_top_mig_7series_0_0' cannot be used in a module reference: The 'xilinx.com:ip:mig_7series:4.2' core does not support module reference.
INFO: [Vivado 12-5777] IP Instance 'system_top_mig_7series_0_0' cannot be used in a module reference: The 'xilinx.com:ip:mig_7series:4.2' core does not support module reference.
INFO: [Vivado 12-5777] IP Instance 'system_top_mig_7series_0_0' cannot be used in a module reference: The 'xilinx.com:ip:mig_7series:4.2' core does not support module reference.
INFO: [Vivado 12-5777] IP Instance 'system_top_mig_7series_0_0' cannot be used in a module reference: The 'xilinx.com:ip:mig_7series:4.2' core does not support module reference.
INFO: [Vivado 12-5777] IP Instance 'system_top_mig_7series_0_0' cannot be used in a module reference: The 'xilinx.com:ip:mig_7series:4.2' core does not support module reference.
INFO: [Vivado 12-5777] IP Instance 'system_top_mig_7series_0_0' cannot be used in a module reference: The 'xilinx.com:ip:mig_7series:4.2' core does not support module reference.
INFO: [Vivado 12-5777] IP Instance 'system_top_mig_7series_0_0' cannot be used in a module reference: The 'xilinx.com:ip:mig_7series:4.2' core does not support module reference.
INFO: [Vivado 12-5777] IP Instance 'system_top_mig_7series_0_0' cannot be used in a module reference: The 'xilinx.com:ip:mig_7series:4.2' core does not support module reference.
INFO: [Vivado 12-5777] IP Instance 'system_top_mig_7series_0_0' cannot be used in a module reference: The 'xilinx.com:ip:mig_7series:4.2' core does not support module reference.
INFO: [Vivado 12-5777] IP Instance 'system_top_mig_7series_0_0' cannot be used in a module reference: The 'xilinx.com:ip:mig_7series:4.2' core does not support module reference.
INFO: [Vivado 12-5777] IP Instance 'system_top_mig_7series_0_0' cannot be used in a module reference: The 'xilinx.com:ip:mig_7series:4.2' core does not support module reference.
INFO: [Vivado 12-5777] IP Instance 'system_top_mig_7series_0_0' cannot be used in a module reference: The 'xilinx.com:ip:mig_7series:4.2' core does not support module reference.
INFO: [Vivado 12-5777] IP Instance 'system_top_mig_7series_0_0' cannot be used in a module reference: The 'xilinx.com:ip:mig_7series:4.2' core does not support module reference.
INFO: [Vivado 12-5777] IP Instance 'system_top_mig_7series_0_0' cannot be used in a module reference: The 'xilinx.com:ip:mig_7series:4.2' core does not support module reference.
INFO: [Vivado 12-5777] IP Instance 'system_top_mig_7series_0_0' cannot be used in a module reference: The 'xilinx.com:ip:mig_7series:4.2' core does not support module reference.
INFO: [Vivado 12-5777] IP Instance 'system_top_mig_7series_0_0' cannot be used in a module reference: The 'xilinx.com:ip:mig_7series:4.2' core does not support module reference.
INFO: [Vivado 12-5777] IP Instance 'system_top_mig_7series_0_0' cannot be used in a module reference: The 'xilinx.com:ip:mig_7series:4.2' core does not support module reference.
INFO: [Vivado 12-5777] IP Instance 'system_top_mig_7series_0_0' cannot be used in a module reference: The 'xilinx.com:ip:mig_7series:4.2' core does not support module reference.
INFO: [Vivado 12-5777] IP Instance 'system_top_mig_7series_0_0' cannot be used in a module reference: The 'xilinx.com:ip:mig_7series:4.2' core does not support module reference.
INFO: [Vivado 12-5777] IP Instance 'system_top_mig_7series_0_0' cannot be used in a module reference: The 'xilinx.com:ip:mig_7series:4.2' core does not support module reference.
INFO: [Vivado 12-5777] IP Instance 'system_top_mig_7series_0_0' cannot be used in a module reference: The 'xilinx.com:ip:mig_7series:4.2' core does not support module reference.
INFO: [Vivado 12-5777] IP Instance 'system_top_mig_7series_0_0' cannot be used in a module reference: The 'xilinx.com:ip:mig_7series:4.2' core does not support module reference.
INFO: [Vivado 12-5777] IP Instance 'system_top_mig_7series_0_0' cannot be used in a module reference: The 'xilinx.com:ip:mig_7series:4.2' core does not support module reference.
INFO: [Vivado 12-5777] IP Instance 'system_top_mig_7series_0_0' cannot be used in a module reference: The 'xilinx.com:ip:mig_7series:4.2' core does not support module reference.
INFO: [Vivado 12-5777] IP Instance 'system_top_mig_7series_0_0' cannot be used in a module reference: The 'xilinx.com:ip:mig_7series:4.2' core does not support module reference.
INFO: [Vivado 12-5777] IP Instance 'system_top_mig_7series_0_0' cannot be used in a module reference: The 'xilinx.com:ip:mig_7series:4.2' core does not support module reference.
INFO: [Vivado 12-5777] IP Instance 'system_top_mig_7series_0_0' cannot be used in a module reference: The 'xilinx.com:ip:mig_7series:4.2' core does not support module reference.
INFO: [Vivado 12-5777] IP Instance 'system_top_mig_7series_0_0' cannot be used in a module reference: The 'xilinx.com:ip:mig_7series:4.2' core does not support module reference.
INFO: [Vivado 12-5777] IP Instance 'system_top_mig_7series_0_0' cannot be used in a module reference: The 'xilinx.com:ip:mig_7series:4.2' core does not support module reference.
INFO: [Vivado 12-5777] IP Instance 'system_top_mig_7series_0_0' cannot be used in a module reference: The 'xilinx.com:ip:mig_7series:4.2' core does not support module reference.
INFO: [Vivado 12-5777] IP Instance 'system_top_mig_7series_0_0' cannot be used in a module reference: The 'xilinx.com:ip:mig_7series:4.2' core does not support module reference.
INFO: [Vivado 12-5777] IP Instance 'system_top_mig_7series_0_0' cannot be used in a module reference: The 'xilinx.com:ip:mig_7series:4.2' core does not support module reference.
INFO: [Vivado 12-5777] IP Instance 'system_top_mig_7series_0_0' cannot be used in a module reference: The 'xilinx.com:ip:mig_7series:4.2' core does not support module reference.
INFO: [Vivado 12-5777] IP Instance 'system_top_mig_7series_0_0' cannot be used in a module reference: The 'xilinx.com:ip:mig_7series:4.2' core does not support module reference.
INFO: [Vivado 12-5777] IP Instance 'system_top_mig_7series_0_0' cannot be used in a module reference: The 'xilinx.com:ip:mig_7series:4.2' core does not support module reference.
INFO: [Vivado 12-5777] IP Instance 'system_top_mig_7series_0_0' cannot be used in a module reference: The 'xilinx.com:ip:mig_7series:4.2' core does not support module reference.
INFO: [Vivado 12-5777] IP Instance 'system_top_mig_7series_0_0' cannot be used in a module reference: The 'xilinx.com:ip:mig_7series:4.2' core does not support module reference.
INFO: [Vivado 12-5777] IP Instance 'system_top_mig_7series_0_0' cannot be used in a module reference: The 'xilinx.com:ip:mig_7series:4.2' core does not support module reference.
INFO: [Vivado 12-5777] IP Instance 'system_top_mig_7series_0_0' cannot be used in a module reference: The 'xilinx.com:ip:mig_7series:4.2' core does not support module reference.
INFO: [Vivado 12-5777] IP Instance 'system_top_mig_7series_0_0' cannot be used in a module reference: The 'xilinx.com:ip:mig_7series:4.2' core does not support module reference.
INFO: [Vivado 12-5777] IP Instance 'system_top_mig_7series_0_0' cannot be used in a module reference: The 'xilinx.com:ip:mig_7series:4.2' core does not support module reference.
INFO: [Vivado 12-5777] IP Instance 'system_top_mig_7series_0_0' cannot be used in a module reference: The 'xilinx.com:ip:mig_7series:4.2' core does not support module reference.
INFO: [Vivado 12-5777] IP Instance 'system_top_mig_7series_0_0' cannot be used in a module reference: The 'xilinx.com:ip:mig_7series:4.2' core does not support module reference.
INFO: [Vivado 12-5777] IP Instance 'system_top_mig_7series_0_0' cannot be used in a module reference: The 'xilinx.com:ip:mig_7series:4.2' core does not support module reference.
INFO: [Vivado 12-5777] IP Instance 'system_top_mig_7series_0_0' cannot be used in a module reference: The 'xilinx.com:ip:mig_7series:4.2' core does not support module reference.
INFO: [Vivado 12-5777] IP Instance 'system_top_mig_7series_0_0' cannot be used in a module reference: The 'xilinx.com:ip:mig_7series:4.2' core does not support module reference.
INFO: [Vivado 12-5777] IP Instance 'system_top_mig_7series_0_0' cannot be used in a module reference: The 'xilinx.com:ip:mig_7series:4.2' core does not support module reference.
INFO: [Vivado 12-5777] IP Instance 'system_top_mig_7series_0_0' cannot be used in a module reference: The 'xilinx.com:ip:mig_7series:4.2' core does not support module reference.
INFO: [Common 17-14] Message 'Vivado 12-5777' appears 100 times and further instances of the messages will be disabled. Use the Tcl command set_msg_config to change the current settings.
set_property IS_GLOBAL_INCLUDE 1 [get_files E:/my_git/e203_zs/prj/sys_top_bd/sys_top_bd.srcs/sources_1/bd/system_top/ip/system_top_mig_7series_0_0/system_top_mig_7series_0_0.xci]
CRITICAL WARNING: [filemgmt 20-1702] Unable to set property on the file: E:/my_git/e203_zs/prj/sys_top_bd/sys_top_bd.srcs/sources_1/bd/system_top/ip/system_top_mig_7series_0_0/system_top_mig_7series_0_0.xci
File is managed as part of sub-design (IP, Block Design, DSP Design, etc.) file: E:/my_git/e203_zs/prj/sys_top_bd/sys_top_bd.srcs/sources_1/bd/system_top/system_top.bd
set_property IS_GLOBAL_INCLUDE 1 [get_files E:/my_git/e203_zs/prj/sys_top_bd/sys_top_bd.srcs/sources_1/bd/system_top/ip/system_top_mig_7series_0_0/system_top_mig_7series_0_0.xci]
CRITICAL WARNING: [filemgmt 20-1702] Unable to set property on the file: E:/my_git/e203_zs/prj/sys_top_bd/sys_top_bd.srcs/sources_1/bd/system_top/ip/system_top_mig_7series_0_0/system_top_mig_7series_0_0.xci
File is managed as part of sub-design (IP, Block Design, DSP Design, etc.) file: E:/my_git/e203_zs/prj/sys_top_bd/sys_top_bd.srcs/sources_1/bd/system_top/system_top.bd
set_property IS_GLOBAL_INCLUDE 1 [get_files E:/my_git/e203_zs/prj/sys_top_bd/sys_top_bd.srcs/sources_1/bd/system_top/ip/system_top_mig_7series_0_0/system_top_mig_7series_0_0.xci]
CRITICAL WARNING: [filemgmt 20-1702] Unable to set property on the file: E:/my_git/e203_zs/prj/sys_top_bd/sys_top_bd.srcs/sources_1/bd/system_top/ip/system_top_mig_7series_0_0/system_top_mig_7series_0_0.xci
File is managed as part of sub-design (IP, Block Design, DSP Design, etc.) file: E:/my_git/e203_zs/prj/sys_top_bd/sys_top_bd.srcs/sources_1/bd/system_top/system_top.bd
set_property IS_GLOBAL_INCLUDE 1 [get_files E:/my_git/e203_zs/prj/sys_top_bd/sys_top_bd.srcs/sources_1/bd/system_top/ip/system_top_mig_7series_0_0/system_top_mig_7series_0_0.xci]
CRITICAL WARNING: [filemgmt 20-1702] Unable to set property on the file: E:/my_git/e203_zs/prj/sys_top_bd/sys_top_bd.srcs/sources_1/bd/system_top/ip/system_top_mig_7series_0_0/system_top_mig_7series_0_0.xci
File is managed as part of sub-design (IP, Block Design, DSP Design, etc.) file: E:/my_git/e203_zs/prj/sys_top_bd/sys_top_bd.srcs/sources_1/bd/system_top/system_top.bd
set_property IS_GLOBAL_INCLUDE 1 [get_files E:/my_git/e203_zs/prj/sys_top_bd/sys_top_bd.srcs/sources_1/bd/system_top/ip/system_top_mig_7series_0_0/system_top_mig_7series_0_0.xci]
CRITICAL WARNING: [filemgmt 20-1702] Unable to set property on the file: E:/my_git/e203_zs/prj/sys_top_bd/sys_top_bd.srcs/sources_1/bd/system_top/ip/system_top_mig_7series_0_0/system_top_mig_7series_0_0.xci
File is managed as part of sub-design (IP, Block Design, DSP Design, etc.) file: E:/my_git/e203_zs/prj/sys_top_bd/sys_top_bd.srcs/sources_1/bd/system_top/system_top.bd
set_property IS_GLOBAL_INCLUDE 1 [get_files E:/my_git/e203_zs/prj/sys_top_bd/sys_top_bd.srcs/sources_1/bd/system_top/ip/system_top_mig_7series_0_0/system_top_mig_7series_0_0.xci]
CRITICAL WARNING: [filemgmt 20-1702] Unable to set property on the file: E:/my_git/e203_zs/prj/sys_top_bd/sys_top_bd.srcs/sources_1/bd/system_top/ip/system_top_mig_7series_0_0/system_top_mig_7series_0_0.xci
File is managed as part of sub-design (IP, Block Design, DSP Design, etc.) file: E:/my_git/e203_zs/prj/sys_top_bd/sys_top_bd.srcs/sources_1/bd/system_top/system_top.bd
set_property IS_GLOBAL_INCLUDE 1 [get_files E:/my_git/e203_zs/prj/sys_top_bd/sys_top_bd.srcs/sources_1/bd/system_top/ip/system_top_mig_7series_0_0/system_top_mig_7series_0_0.xci]
CRITICAL WARNING: [filemgmt 20-1702] Unable to set property on the file: E:/my_git/e203_zs/prj/sys_top_bd/sys_top_bd.srcs/sources_1/bd/system_top/ip/system_top_mig_7series_0_0/system_top_mig_7series_0_0.xci
File is managed as part of sub-design (IP, Block Design, DSP Design, etc.) file: E:/my_git/e203_zs/prj/sys_top_bd/sys_top_bd.srcs/sources_1/bd/system_top/system_top.bd
set_property IS_GLOBAL_INCLUDE 1 [get_files E:/my_git/e203_zs/prj/sys_top_bd/sys_top_bd.srcs/sources_1/bd/system_top/ip/system_top_mig_7series_0_0/system_top_mig_7series_0_0.xci]
CRITICAL WARNING: [filemgmt 20-1702] Unable to set property on the file: E:/my_git/e203_zs/prj/sys_top_bd/sys_top_bd.srcs/sources_1/bd/system_top/ip/system_top_mig_7series_0_0/system_top_mig_7series_0_0.xci
File is managed as part of sub-design (IP, Block Design, DSP Design, etc.) file: E:/my_git/e203_zs/prj/sys_top_bd/sys_top_bd.srcs/sources_1/bd/system_top/system_top.bd
set_property IS_GLOBAL_INCLUDE 1 [get_files E:/my_git/e203_zs/prj/sys_top_bd/sys_top_bd.srcs/sources_1/bd/system_top/ip/system_top_mig_7series_0_0/system_top_mig_7series_0_0.xci]
CRITICAL WARNING: [filemgmt 20-1702] Unable to set property on the file: E:/my_git/e203_zs/prj/sys_top_bd/sys_top_bd.srcs/sources_1/bd/system_top/ip/system_top_mig_7series_0_0/system_top_mig_7series_0_0.xci
File is managed as part of sub-design (IP, Block Design, DSP Design, etc.) file: E:/my_git/e203_zs/prj/sys_top_bd/sys_top_bd.srcs/sources_1/bd/system_top/system_top.bd
set_property IS_GLOBAL_INCLUDE 1 [get_files E:/my_git/e203_zs/prj/sys_top_bd/sys_top_bd.srcs/sources_1/bd/system_top/ip/system_top_mig_7series_0_0/system_top_mig_7series_0_0.xci]
CRITICAL WARNING: [filemgmt 20-1702] Unable to set property on the file: E:/my_git/e203_zs/prj/sys_top_bd/sys_top_bd.srcs/sources_1/bd/system_top/ip/system_top_mig_7series_0_0/system_top_mig_7series_0_0.xci
File is managed as part of sub-design (IP, Block Design, DSP Design, etc.) file: E:/my_git/e203_zs/prj/sys_top_bd/sys_top_bd.srcs/sources_1/bd/system_top/system_top.bd
set_property IS_GLOBAL_INCLUDE 1 [get_files E:/my_git/e203_zs/prj/sys_top_bd/sys_top_bd.srcs/sources_1/bd/system_top/ip/system_top_mig_7series_0_0/system_top_mig_7series_0_0.xci]
CRITICAL WARNING: [filemgmt 20-1702] Unable to set property on the file: E:/my_git/e203_zs/prj/sys_top_bd/sys_top_bd.srcs/sources_1/bd/system_top/ip/system_top_mig_7series_0_0/system_top_mig_7series_0_0.xci
File is managed as part of sub-design (IP, Block Design, DSP Design, etc.) file: E:/my_git/e203_zs/prj/sys_top_bd/sys_top_bd.srcs/sources_1/bd/system_top/system_top.bd
set_property IS_GLOBAL_INCLUDE 1 [get_files E:/my_git/e203_zs/prj/sys_top_bd/sys_top_bd.srcs/sources_1/bd/system_top/ip/system_top_mig_7series_0_0/system_top_mig_7series_0_0.xci]
CRITICAL WARNING: [filemgmt 20-1702] Unable to set property on the file: E:/my_git/e203_zs/prj/sys_top_bd/sys_top_bd.srcs/sources_1/bd/system_top/ip/system_top_mig_7series_0_0/system_top_mig_7series_0_0.xci
File is managed as part of sub-design (IP, Block Design, DSP Design, etc.) file: E:/my_git/e203_zs/prj/sys_top_bd/sys_top_bd.srcs/sources_1/bd/system_top/system_top.bd
set_property IS_GLOBAL_INCLUDE 1 [get_files E:/my_git/e203_zs/prj/sys_top_bd/sys_top_bd.srcs/sources_1/bd/system_top/ip/system_top_mig_7series_0_0/system_top_mig_7series_0_0.xci]
CRITICAL WARNING: [filemgmt 20-1702] Unable to set property on the file: E:/my_git/e203_zs/prj/sys_top_bd/sys_top_bd.srcs/sources_1/bd/system_top/ip/system_top_mig_7series_0_0/system_top_mig_7series_0_0.xci
File is managed as part of sub-design (IP, Block Design, DSP Design, etc.) file: E:/my_git/e203_zs/prj/sys_top_bd/sys_top_bd.srcs/sources_1/bd/system_top/system_top.bd
set_property IS_GLOBAL_INCLUDE 1 [get_files E:/my_git/e203_zs/prj/sys_top_bd/sys_top_bd.srcs/sources_1/bd/system_top/ip/system_top_mig_7series_0_0/system_top_mig_7series_0_0.xci]
CRITICAL WARNING: [filemgmt 20-1702] Unable to set property on the file: E:/my_git/e203_zs/prj/sys_top_bd/sys_top_bd.srcs/sources_1/bd/system_top/ip/system_top_mig_7series_0_0/system_top_mig_7series_0_0.xci
File is managed as part of sub-design (IP, Block Design, DSP Design, etc.) file: E:/my_git/e203_zs/prj/sys_top_bd/sys_top_bd.srcs/sources_1/bd/system_top/system_top.bd
set_property IS_GLOBAL_INCLUDE 1 [get_files E:/my_git/e203_zs/prj/sys_top_bd/sys_top_bd.srcs/sources_1/bd/system_top/ip/system_top_mig_7series_0_0/system_top_mig_7series_0_0.xci]
CRITICAL WARNING: [filemgmt 20-1702] Unable to set property on the file: E:/my_git/e203_zs/prj/sys_top_bd/sys_top_bd.srcs/sources_1/bd/system_top/ip/system_top_mig_7series_0_0/system_top_mig_7series_0_0.xci
File is managed as part of sub-design (IP, Block Design, DSP Design, etc.) file: E:/my_git/e203_zs/prj/sys_top_bd/sys_top_bd.srcs/sources_1/bd/system_top/system_top.bd
set_property IS_GLOBAL_INCLUDE 1 [get_files E:/my_git/e203_zs/prj/sys_top_bd/sys_top_bd.srcs/sources_1/bd/system_top/ip/system_top_mig_7series_0_0/system_top_mig_7series_0_0.xci]
CRITICAL WARNING: [filemgmt 20-1702] Unable to set property on the file: E:/my_git/e203_zs/prj/sys_top_bd/sys_top_bd.srcs/sources_1/bd/system_top/ip/system_top_mig_7series_0_0/system_top_mig_7series_0_0.xci
File is managed as part of sub-design (IP, Block Design, DSP Design, etc.) file: E:/my_git/e203_zs/prj/sys_top_bd/sys_top_bd.srcs/sources_1/bd/system_top/system_top.bd
set_property IS_GLOBAL_INCLUDE 1 [get_files E:/my_git/e203_zs/prj/sys_top_bd/sys_top_bd.srcs/sources_1/bd/system_top/ip/system_top_mig_7series_0_0/system_top_mig_7series_0_0.xci]
CRITICAL WARNING: [filemgmt 20-1702] Unable to set property on the file: E:/my_git/e203_zs/prj/sys_top_bd/sys_top_bd.srcs/sources_1/bd/system_top/ip/system_top_mig_7series_0_0/system_top_mig_7series_0_0.xci
File is managed as part of sub-design (IP, Block Design, DSP Design, etc.) file: E:/my_git/e203_zs/prj/sys_top_bd/sys_top_bd.srcs/sources_1/bd/system_top/system_top.bd
set_property IS_GLOBAL_INCLUDE 1 [get_files E:/my_git/e203_zs/prj/sys_top_bd/sys_top_bd.srcs/sources_1/bd/system_top/ip/system_top_mig_7series_0_0/system_top_mig_7series_0_0.xci]
CRITICAL WARNING: [filemgmt 20-1702] Unable to set property on the file: E:/my_git/e203_zs/prj/sys_top_bd/sys_top_bd.srcs/sources_1/bd/system_top/ip/system_top_mig_7series_0_0/system_top_mig_7series_0_0.xci
File is managed as part of sub-design (IP, Block Design, DSP Design, etc.) file: E:/my_git/e203_zs/prj/sys_top_bd/sys_top_bd.srcs/sources_1/bd/system_top/system_top.bd
set_property IS_GLOBAL_INCLUDE 1 [get_files E:/my_git/e203_zs/prj/sys_top_bd/sys_top_bd.srcs/sources_1/bd/system_top/ip/system_top_mig_7series_0_0/system_top_mig_7series_0_0.xci]
CRITICAL WARNING: [filemgmt 20-1702] Unable to set property on the file: E:/my_git/e203_zs/prj/sys_top_bd/sys_top_bd.srcs/sources_1/bd/system_top/ip/system_top_mig_7series_0_0/system_top_mig_7series_0_0.xci
File is managed as part of sub-design (IP, Block Design, DSP Design, etc.) file: E:/my_git/e203_zs/prj/sys_top_bd/sys_top_bd.srcs/sources_1/bd/system_top/system_top.bd
set_property IS_GLOBAL_INCLUDE 1 [get_files E:/my_git/e203_zs/prj/sys_top_bd/sys_top_bd.srcs/sources_1/bd/system_top/ip/system_top_mig_7series_0_0/system_top_mig_7series_0_0.xci]
CRITICAL WARNING: [filemgmt 20-1702] Unable to set property on the file: E:/my_git/e203_zs/prj/sys_top_bd/sys_top_bd.srcs/sources_1/bd/system_top/ip/system_top_mig_7series_0_0/system_top_mig_7series_0_0.xci
File is managed as part of sub-design (IP, Block Design, DSP Design, etc.) file: E:/my_git/e203_zs/prj/sys_top_bd/sys_top_bd.srcs/sources_1/bd/system_top/system_top.bd
set_property IS_GLOBAL_INCLUDE 1 [get_files E:/my_git/e203_zs/prj/sys_top_bd/sys_top_bd.srcs/sources_1/bd/system_top/ip/system_top_mig_7series_0_0/system_top_mig_7series_0_0.xci]
CRITICAL WARNING: [filemgmt 20-1702] Unable to set property on the file: E:/my_git/e203_zs/prj/sys_top_bd/sys_top_bd.srcs/sources_1/bd/system_top/ip/system_top_mig_7series_0_0/system_top_mig_7series_0_0.xci
File is managed as part of sub-design (IP, Block Design, DSP Design, etc.) file: E:/my_git/e203_zs/prj/sys_top_bd/sys_top_bd.srcs/sources_1/bd/system_top/system_top.bd
set_property IS_GLOBAL_INCLUDE 1 [get_files E:/my_git/e203_zs/prj/sys_top_bd/sys_top_bd.srcs/sources_1/bd/system_top/ip/system_top_mig_7series_0_0/system_top_mig_7series_0_0.xci]
CRITICAL WARNING: [filemgmt 20-1702] Unable to set property on the file: E:/my_git/e203_zs/prj/sys_top_bd/sys_top_bd.srcs/sources_1/bd/system_top/ip/system_top_mig_7series_0_0/system_top_mig_7series_0_0.xci
File is managed as part of sub-design (IP, Block Design, DSP Design, etc.) file: E:/my_git/e203_zs/prj/sys_top_bd/sys_top_bd.srcs/sources_1/bd/system_top/system_top.bd
set_property IS_GLOBAL_INCLUDE 1 [get_files E:/my_git/e203_zs/prj/sys_top_bd/sys_top_bd.srcs/sources_1/bd/system_top/ip/system_top_mig_7series_0_0/system_top_mig_7series_0_0.xci]
CRITICAL WARNING: [filemgmt 20-1702] Unable to set property on the file: E:/my_git/e203_zs/prj/sys_top_bd/sys_top_bd.srcs/sources_1/bd/system_top/ip/system_top_mig_7series_0_0/system_top_mig_7series_0_0.xci
File is managed as part of sub-design (IP, Block Design, DSP Design, etc.) file: E:/my_git/e203_zs/prj/sys_top_bd/sys_top_bd.srcs/sources_1/bd/system_top/system_top.bd
set_property IS_GLOBAL_INCLUDE 1 [get_files E:/my_git/e203_zs/prj/sys_top_bd/sys_top_bd.srcs/sources_1/bd/system_top/ip/system_top_mig_7series_0_0/system_top_mig_7series_0_0.xci]
CRITICAL WARNING: [filemgmt 20-1702] Unable to set property on the file: E:/my_git/e203_zs/prj/sys_top_bd/sys_top_bd.srcs/sources_1/bd/system_top/ip/system_top_mig_7series_0_0/system_top_mig_7series_0_0.xci
File is managed as part of sub-design (IP, Block Design, DSP Design, etc.) file: E:/my_git/e203_zs/prj/sys_top_bd/sys_top_bd.srcs/sources_1/bd/system_top/system_top.bd
set_property IS_GLOBAL_INCLUDE 1 [get_files E:/my_git/e203_zs/prj/sys_top_bd/sys_top_bd.srcs/sources_1/bd/system_top/ip/system_top_mig_7series_0_0/system_top_mig_7series_0_0.xci]
CRITICAL WARNING: [filemgmt 20-1702] Unable to set property on the file: E:/my_git/e203_zs/prj/sys_top_bd/sys_top_bd.srcs/sources_1/bd/system_top/ip/system_top_mig_7series_0_0/system_top_mig_7series_0_0.xci
File is managed as part of sub-design (IP, Block Design, DSP Design, etc.) file: E:/my_git/e203_zs/prj/sys_top_bd/sys_top_bd.srcs/sources_1/bd/system_top/system_top.bd
set_property IS_GLOBAL_INCLUDE 1 [get_files E:/my_git/e203_zs/prj/sys_top_bd/sys_top_bd.srcs/sources_1/bd/system_top/ip/system_top_mig_7series_0_0/system_top_mig_7series_0_0.xci]
CRITICAL WARNING: [filemgmt 20-1702] Unable to set property on the file: E:/my_git/e203_zs/prj/sys_top_bd/sys_top_bd.srcs/sources_1/bd/system_top/ip/system_top_mig_7series_0_0/system_top_mig_7series_0_0.xci
File is managed as part of sub-design (IP, Block Design, DSP Design, etc.) file: E:/my_git/e203_zs/prj/sys_top_bd/sys_top_bd.srcs/sources_1/bd/system_top/system_top.bd
set_property IS_GLOBAL_INCLUDE 1 [get_files E:/my_git/e203_zs/prj/sys_top_bd/sys_top_bd.srcs/sources_1/bd/system_top/ip/system_top_mig_7series_0_0/system_top_mig_7series_0_0.xci]
CRITICAL WARNING: [filemgmt 20-1702] Unable to set property on the file: E:/my_git/e203_zs/prj/sys_top_bd/sys_top_bd.srcs/sources_1/bd/system_top/ip/system_top_mig_7series_0_0/system_top_mig_7series_0_0.xci
File is managed as part of sub-design (IP, Block Design, DSP Design, etc.) file: E:/my_git/e203_zs/prj/sys_top_bd/sys_top_bd.srcs/sources_1/bd/system_top/system_top.bd
set_property source_mgmt_mode None [current_project]
WARNING: [Vivado 12-3672] The is_managed property should only be queried on the file object representing this IP. Use the get_files command to access file objects.
WARNING: [Vivado 12-3670] The generate_synth_checkpoint property should only be queried on the file object representing this IP. Use the get_files command to access file objects.
report_ip_status -name ip_status 
set_property source_mgmt_mode All [current_project]
open_bd_design {E:/my_git/e203_zs/prj/sys_top_bd/sys_top_bd.srcs/sources_1/bd/system_top/system_top.bd}
Reading block design file <E:/my_git/e203_zs/prj/sys_top_bd/sys_top_bd.srcs/sources_1/bd/system_top/system_top.bd>...
Adding component instance block -- xilinx.com:ip:axi_interconnect:2.1 - axi_interconnect_0
Adding component instance block -- xilinx.com:ip:axi_clock_converter:2.1 - auto_cc
Adding component instance block -- xilinx.com:ip:axi_protocol_converter:2.1 - auto_pc
Adding component instance block -- xilinx.com:ip:mig_7series:4.2 - mig_7series_0
Adding component instance block -- xilinx.com:ip:clk_wiz:6.0 - clk_wiz_0
Adding component instance block -- xilinx.com:ip:proc_sys_reset:5.0 - proc_sys_reset_1
Adding component instance block -- xilinx.com:ip:proc_sys_reset:5.0 - proc_sys_reset_0
Adding component instance block -- xilinx.com:ip:util_vector_logic:2.0 - util_vector_logic_0
Adding component instance block -- xilinx.com:user:system_e203:2.1 - system_e203_0
Successfully read diagram <system_top> from block design file <E:/my_git/e203_zs/prj/sys_top_bd/sys_top_bd.srcs/sources_1/bd/system_top/system_top.bd>
generate_target all [get_files  E:/my_git/e203_zs/prj/sys_top_bd/sys_top_bd.srcs/sources_1/bd/system_top/system_top.bd]
INFO: [BD 41-1637] Generated targets are already up-to-date for block design 'system_top' - hence not re-generating.
export_ip_user_files -of_objects [get_files E:/my_git/e203_zs/prj/sys_top_bd/sys_top_bd.srcs/sources_1/bd/system_top/system_top.bd] -no_script -sync -force -quiet
create_ip_run [get_files -of_objects [get_fileset sources_1] E:/my_git/e203_zs/prj/sys_top_bd/sys_top_bd.srcs/sources_1/bd/system_top/system_top.bd]
export_simulation -of_objects [get_files E:/my_git/e203_zs/prj/sys_top_bd/sys_top_bd.srcs/sources_1/bd/system_top/system_top.bd] -directory E:/my_git/e203_zs/prj/sys_top_bd/sys_top_bd.ip_user_files/sim_scripts -ip_user_files_dir E:/my_git/e203_zs/prj/sys_top_bd/sys_top_bd.ip_user_files -ipstatic_source_dir E:/my_git/e203_zs/prj/sys_top_bd/sys_top_bd.ip_user_files/ipstatic -lib_map_path [list {modelsim=E:/my_git/e203_zs/prj/sys_top_bd/sys_top_bd.cache/compile_simlib/modelsim} {questa=E:/my_git/e203_zs/prj/sys_top_bd/sys_top_bd.cache/compile_simlib/questa} {riviera=E:/my_git/e203_zs/prj/sys_top_bd/sys_top_bd.cache/compile_simlib/riviera} {activehdl=E:/my_git/e203_zs/prj/sys_top_bd/sys_top_bd.cache/compile_simlib/activehdl}] -use_ip_compiled_libs -force -quiet
reset_run synth_1
launch_runs impl_1 -jobs 16
INFO: [IP_Flow 19-4993] Using cached IP synthesis design for IP system_top_mig_7series_0_0, cache-ID = c0e3a8e59e7a213d; cache size = 66.385 MB.
[Wed Feb  5 00:18:49 2025] Launched synth_1...
Run output will be captured here: E:/my_git/e203_zs/prj/sys_top_bd/sys_top_bd.runs/synth_1/runme.log
[Wed Feb  5 00:18:49 2025] Launched impl_1...
Run output will be captured here: E:/my_git/e203_zs/prj/sys_top_bd/sys_top_bd.runs/impl_1/runme.log
set_property location {4.5 1905 204} [get_bd_cells mig_7series_0]
copy_bd_objs /  [get_bd_cells {mig_7series_0}]
CRITICAL WARNING: [BD 5-397] Cannot copy cell '/mig_7series_0' - MIG 7 Series does not support copying.
ERROR: [BD 5-153] To-be-copied objects are empty. Please specify objects
ERROR: [Common 17-39] 'copy_bd_objs' failed due to earlier errors.
copy_bd_objs /  [get_bd_cells {mig_7series_0}]
CRITICAL WARNING: [BD 5-397] Cannot copy cell '/mig_7series_0' - MIG 7 Series does not support copying.
ERROR: [BD 5-153] To-be-copied objects are empty. Please specify objects
ERROR: [Common 17-39] 'copy_bd_objs' failed due to earlier errors.
regenerate_bd_layout -routing
copy_bd_objs /  [get_bd_cells {mig_7series_0}]
CRITICAL WARNING: [BD 5-397] Cannot copy cell '/mig_7series_0' - MIG 7 Series does not support copying.
ERROR: [BD 5-153] To-be-copied objects are empty. Please specify objects
ERROR: [Common 17-39] 'copy_bd_objs' failed due to earlier errors.
exit
INFO: [Common 17-206] Exiting Vivado at Wed Feb  5 00:24:03 2025...
