#-----------------------------------------------------------
# Vivado v2020.2 (64-bit)
# SW Build 3064766 on Wed Nov 18 09:12:45 MST 2020
# IP Build 3064653 on Wed Nov 18 14:17:31 MST 2020
# Start of session at: Tue Feb  4 13:10:29 2025
# Process ID: 19880
# Current directory: C:/Users/Zhangshi/Desktop/my_git/e203_zs/prj/sys_top_bd
# Command line: vivado.exe -gui_launcher_event rodinguilauncherevent28136 C:\Users\Zhangshi\Desktop\my_git\e203_zs\prj\sys_top_bd\sys_top_bd.xpr
# Log file: C:/Users/Zhangshi/Desktop/my_git/e203_zs/prj/sys_top_bd/vivado.log
# Journal file: C:/Users/Zhangshi/Desktop/my_git/e203_zs/prj/sys_top_bd\vivado.jou
#-----------------------------------------------------------
start_gui
open_project C:/Users/Zhangshi/Desktop/my_git/e203_zs/prj/sys_top_bd/sys_top_bd.xpr
Scanning sources...
Finished scanning sources
INFO: [IP_Flow 19-234] Refreshing IP repositories
INFO: [IP_Flow 19-1704] No user IP repositories specified
INFO: [IP_Flow 19-2313] Loaded Vivado IP repository 'E:/Xilinx/Vivado/2020.2/data/ip'.
update_compile_order -fileset sources_1
open_bd_design {C:/Users/Zhangshi/Desktop/my_git/e203_zs/prj/sys_top_bd/sys_top_bd.srcs/sources_1/bd/system_top/system_top.bd}
Reading block design file <C:/Users/Zhangshi/Desktop/my_git/e203_zs/prj/sys_top_bd/sys_top_bd.srcs/sources_1/bd/system_top/system_top.bd>...
Successfully read diagram <system_top> from block design file <C:/Users/Zhangshi/Desktop/my_git/e203_zs/prj/sys_top_bd/sys_top_bd.srcs/sources_1/bd/system_top/system_top.bd>
set_property  ip_repo_paths  C:/Users/Zhangshi/Desktop/my_git/e203_zs/user_ip [current_project]
update_ip_catalog
INFO: [IP_Flow 19-234] Refreshing IP repositories
INFO: [IP_Flow 19-1700] Loaded user IP repository 'c:/Users/Zhangshi/Desktop/my_git/e203_zs/user_ip'.
startgroup
create_bd_cell -type ip -vlnv xilinx.com:user:e203_system_top:1.0 e203_system_top_0
endgroup
set_property location {0.5 -79 -99} [get_bd_cells e203_system_top_0]
startgroup
create_bd_cell -type ip -vlnv xilinx.com:ip:axi_interconnect:2.1 axi_interconnect_0
endgroup
set_property location {1 -212 -175} [get_bd_cells e203_system_top_0]
set_property location {1.5 131 -545} [get_bd_cells axi_interconnect_0]
startgroup
create_bd_cell -type ip -vlnv xilinx.com:ip:mig_7series:4.2 mig_7series_0
endgroup
set_property location {3.5 774 -197} [get_bd_cells mig_7series_0]
startgroup
create_bd_cell -type ip -vlnv xilinx.com:ip:proc_sys_reset:5.0 proc_sys_reset_0
endgroup
startgroup
create_bd_cell -type ip -vlnv xilinx.com:ip:clk_wiz:6.0 clk_wiz_0
endgroup
set_property location {2 12 -399} [get_bd_cells clk_wiz_0]
set_property -name {CONFIG.XML_INPUT_FILE} -value  {mig_a.prj} -objects [get_bd_cells mig_7series_0]
mig_a.prj
set_property -name {CONFIG.RESET_BOARD_INTERFACE} -value  {Custom} -objects [get_bd_cells mig_7series_0]
Custom
set_property -name {CONFIG.MIG_DONT_TOUCH_PARAM} -value  {Custom} -objects [get_bd_cells mig_7series_0]
Custom
set_property -name {CONFIG.BOARD_MIG_PARAM} -value  {Custom} -objects [get_bd_cells mig_7series_0]
Custom
set_property -dict [list CONFIG.CLKOUT2_USED {true} CONFIG.CLKOUT1_REQUESTED_OUT_FREQ {200.000} CONFIG.CLKOUT2_REQUESTED_OUT_FREQ {16.000} CONFIG.RESET_TYPE {ACTIVE_LOW} CONFIG.MMCM_CLKFBOUT_MULT_F {8.000} CONFIG.MMCM_CLKOUT0_DIVIDE_F {4.000} CONFIG.MMCM_CLKOUT1_DIVIDE {50} CONFIG.NUM_OUT_CLKS {2} CONFIG.RESET_PORT {resetn} CONFIG.CLKOUT1_JITTER {126.455} CONFIG.CLKOUT1_PHASE_ERROR {114.212} CONFIG.CLKOUT2_JITTER {209.277} CONFIG.CLKOUT2_PHASE_ERROR {114.212}] [get_bd_cells clk_wiz_0]
set_property CONFIG.FREQ_HZ 16000000 [get_bd_intf_pins /e203_system_top_0/eaxi]
ERROR: [BD 41-1274] Set bus interface parameter, Invalid long/float value '' specified for parameter 'Data Width(DATA_WIDTH)' for BD Interface 'eaxi'.

ERROR: [BD 41-1274] Set bus interface parameter, Invalid long/float value '' specified for parameter 'Id Width(ID_WIDTH)' for BD Interface 'eaxi'.

ERROR: [BD 41-1274] Set bus interface parameter, Invalid long/float value '' specified for parameter 'Addr Width(ADDR_WIDTH)' for BD Interface 'eaxi'.

ERROR: [BD 41-1274] Set bus interface parameter, Invalid long/float value '' specified for parameter 'Num Write Outstanding(NUM_WRITE_OUTSTANDING)' for BD Interface 'eaxi'.

ERROR: [BD 41-1274] Set bus interface parameter, Invalid long/float value '' specified for parameter 'Num Read Outstanding(NUM_READ_OUTSTANDING)' for BD Interface 'eaxi'.

ERROR: [Common 17-39] 'set_property' failed due to earlier errors.
set_property CONFIG.FREQ_HZ 16000000 [get_bd_intf_pins /e203_system_top_0/eaxi]
ERROR: [BD 41-1274] Set bus interface parameter, Invalid long/float value '' specified for parameter 'Data Width(DATA_WIDTH)' for BD Interface 'eaxi'.

ERROR: [BD 41-1274] Set bus interface parameter, Invalid long/float value '' specified for parameter 'Id Width(ID_WIDTH)' for BD Interface 'eaxi'.

ERROR: [BD 41-1274] Set bus interface parameter, Invalid long/float value '' specified for parameter 'Addr Width(ADDR_WIDTH)' for BD Interface 'eaxi'.

ERROR: [BD 41-1274] Set bus interface parameter, Invalid long/float value '' specified for parameter 'Num Write Outstanding(NUM_WRITE_OUTSTANDING)' for BD Interface 'eaxi'.

ERROR: [BD 41-1274] Set bus interface parameter, Invalid long/float value '' specified for parameter 'Num Read Outstanding(NUM_READ_OUTSTANDING)' for BD Interface 'eaxi'.

ERROR: [Common 17-39] 'set_property' failed due to earlier errors.
save_bd_design
Wrote  : <C:\Users\Zhangshi\Desktop\my_git\e203_zs\prj\sys_top_bd\sys_top_bd.srcs\sources_1\bd\system_top\system_top.bd> 
Wrote  : <C:/Users/Zhangshi/Desktop/my_git/e203_zs/prj/sys_top_bd/sys_top_bd.srcs/sources_1/bd/system_top/ui/bd_9edf8fa5.ui> 
set_property CONFIG.FREQ_HZ 16000000 [get_bd_intf_pins /e203_system_top_0/eaxi]
ERROR: [BD 41-1274] Set bus interface parameter, Invalid long/float value '' specified for parameter 'Data Width(DATA_WIDTH)' for BD Interface 'eaxi'.

ERROR: [BD 41-1274] Set bus interface parameter, Invalid long/float value '' specified for parameter 'Id Width(ID_WIDTH)' for BD Interface 'eaxi'.

ERROR: [BD 41-1274] Set bus interface parameter, Invalid long/float value '' specified for parameter 'Addr Width(ADDR_WIDTH)' for BD Interface 'eaxi'.

ERROR: [BD 41-1274] Set bus interface parameter, Invalid long/float value '' specified for parameter 'Num Write Outstanding(NUM_WRITE_OUTSTANDING)' for BD Interface 'eaxi'.

ERROR: [BD 41-1274] Set bus interface parameter, Invalid long/float value '' specified for parameter 'Num Read Outstanding(NUM_READ_OUTSTANDING)' for BD Interface 'eaxi'.

ERROR: [Common 17-39] 'set_property' failed due to earlier errors.
set_property -dict [list CONFIG.FREQ_HZ {16000000}] [get_bd_intf_pins e203_system_top_0/eaxi]
ERROR: [BD 41-1274] Set bus interface parameter, Invalid long/float value '' specified for parameter 'Data Width(DATA_WIDTH)' for BD Interface 'eaxi'.

ERROR: [BD 41-1274] Set bus interface parameter, Invalid long/float value '' specified for parameter 'Id Width(ID_WIDTH)' for BD Interface 'eaxi'.

ERROR: [BD 41-1274] Set bus interface parameter, Invalid long/float value '' specified for parameter 'Addr Width(ADDR_WIDTH)' for BD Interface 'eaxi'.

ERROR: [BD 41-1274] Set bus interface parameter, Invalid long/float value '' specified for parameter 'Num Write Outstanding(NUM_WRITE_OUTSTANDING)' for BD Interface 'eaxi'.

ERROR: [BD 41-1274] Set bus interface parameter, Invalid long/float value '' specified for parameter 'Num Read Outstanding(NUM_READ_OUTSTANDING)' for BD Interface 'eaxi'.

ERROR: [Common 17-39] 'set_property' failed due to earlier errors.
INFO: [Common 17-17] undo 'set_property -dict [list CONFIG.FREQ_HZ {16000000}] [get_bd_intf_pins e203_system_top_0/eaxi]'
ERROR: [Common 17-39] 'set_property' failed due to earlier errors.
set_property -dict [list CONFIG.ADDR_WIDTH {32}] [get_bd_intf_pins e203_system_top_0/eaxi]
CRITICAL WARNING: [BD 41-737] Cannot set the parameter ADDR_WIDTH on /e203_system_top_0/eaxi. It is read-only.
ipx::edit_ip_in_project -upgrade true -name e203_system_top_v1_0_project -directory C:/Users/Zhangshi/Desktop/my_git/e203_zs/prj/sys_top_bd/sys_top_bd.tmp/e203_system_top_v1_0_project -use_archived_source_project true c:/Users/Zhangshi/Desktop/my_git/e203_zs/user_ip/e203_with_eaxi_ports/component.xml
INFO: [ProjectBase 1-489] The host OS only allows 260 characters in a normal path. The project is stored in a path with more than 80 characters. If you experience issues with IP, Block Designs, or files not being found, please consider moving the project to a location with a shorter path. Alternately consider using the OS subst command to map part of the path to a drive letter.
Current project path is 'c:/users/zhangshi/desktop/my_git/e203_zs/prj/sys_top_bd/sys_top_bd.tmp/e203_system_top_v1_0_project/e203_with_eaxi_ports'
INFO: [Project 1-313] Project file moved from 'C:/Users/Zhangshi/Desktop/my_git/e203_zs/prj/e203_with_eaxi_ports/.Xil/Vivado-45404-Lab/PrjAr/_X_' since last save.
INFO: [filemgmt 56-1] IP Repository Path: Directory not found as 'c:/users/zhangshi/desktop/my_git/user_ip/e203_with_eaxi_ports'; using path 'C:/Users/Zhangshi/Desktop/my_git/e203_zs/user_ip/e203_with_eaxi_ports' instead.
WARNING: [filemgmt 56-2] Default IP Output Path : Could not find the directory 'c:/users/zhangshi/desktop/my_git/e203_zs/prj/sys_top_bd/sys_top_bd.tmp/e203_system_top_v1_0_project/e203_with_eaxi_ports/e203_with_eaxi_ports.gen/sources_1', nor could it be found using path 'C:/Users/Zhangshi/Desktop/my_git/e203_zs/prj/e203_with_eaxi_ports/.Xil/Vivado-45404-Lab/PrjAr/_X_/e203_with_eaxi_ports.gen/sources_1'.
Scanning sources...
Finished scanning sources
INFO: [IP_Flow 19-234] Refreshing IP repositories
INFO: [IP_Flow 19-1700] Loaded user IP repository 'c:/Users/Zhangshi/Desktop/my_git/e203_zs/user_ip/e203_with_eaxi_ports'.
INFO: [IP_Flow 19-2313] Loaded Vivado IP repository 'E:/Xilinx/Vivado/2020.2/data/ip'.
ERROR: [Common 17-680] Path length exceeds 260-Byte maximum allowed by Windows: c:\users\zhangshi\desktop\my_git\e203_zs\prj\sys_top_bd\sys_top_bd.tmp\e203_system_top_v1_0_project\e203_with_eaxi_ports\e203_with_eaxi_ports.gen\sources_1\ip\mig_7series_0\_tmp\/mig_7series_0/example_design/rtl/traffic_gen/mig_7series_v4_2_init_mem_pattern_ctr.v
Please consider using the OS subst command to shorten the path length by mapping part of the path to a virtual drive letter. See Answer Record AR52787 for more information.
Resolution: In Windows 7 or later, the mklink command can also be used to create a symbolic link and shorten the path.
ERROR: [IP_Flow 19-3475] Tcl error in ::ipgui_mig_7series_0::updateAllModelParams procedure for IP 'mig_7series_0'. ERROR: [Common 17-680] Path length exceeds 260-Byte maximum allowed by Windows: c:\users\zhangshi\desktop\my_git\e203_zs\prj\sys_top_bd\sys_top_bd.tmp\e203_system_top_v1_0_project\e203_with_eaxi_ports\e203_with_eaxi_ports.gen\sources_1\ip\mig_7series_0\_tmp\/mig_7series_0/example_design/rtl/traffic_gen/mig_7series_v4_2_init_mem_pattern_ctr.v
Please consider using the OS subst command to shorten the path length by mapping part of the path to a virtual drive letter. See Answer Record AR52787 for more information.
Resolution: In Windows 7 or later, the mklink command can also be used to create a symbolic link and shorten the path.

open_project: Time (s): cpu = 00:00:11 ; elapsed = 00:00:08 . Memory (MB): peak = 1929.469 ; gain = 172.898
ERROR: [Common 17-39] 'open_project' failed due to earlier errors.
ERROR: [Ipptcl 7-1487] Archived source project corrupt: no .xpr file found. Please run without use_packaged_source_project option or repackage IP from original project.
ipx::edit_ip_in_project: Time (s): cpu = 00:00:12 ; elapsed = 00:00:14 . Memory (MB): peak = 1929.469 ; gain = 172.898
ERROR: [Common 17-39] 'ipx::edit_ip_in_project' failed due to earlier errors.
update_compile_order -fileset sources_1
current_project sys_top_bd
set_property location {3 649 -341} [get_bd_cells axi_interconnect_0]
current_project e203_with_eaxi_ports
close_project
ipx::edit_ip_in_project -upgrade true -name e203_system_top_v1_0_project -directory C:/Users/Zhangshi/Desktop/my_git/e203_zs/prj/sys_top_bd/sys_top_bd.tmp/e203_system_top_v1_0_project -use_archived_source_project true c:/Users/Zhangshi/Desktop/my_git/e203_zs/user_ip/e203_with_eaxi_ports/component.xml
INFO: [ProjectBase 1-489] The host OS only allows 260 characters in a normal path. The project is stored in a path with more than 80 characters. If you experience issues with IP, Block Designs, or files not being found, please consider moving the project to a location with a shorter path. Alternately consider using the OS subst command to map part of the path to a drive letter.
Current project path is 'c:/users/zhangshi/desktop/my_git/e203_zs/prj/sys_top_bd/sys_top_bd.tmp/e203_system_top_v1_0_project/e203_with_eaxi_ports'
INFO: [Project 1-313] Project file moved from 'C:/Users/Zhangshi/Desktop/my_git/e203_zs/prj/e203_with_eaxi_ports/.Xil/Vivado-45404-Lab/PrjAr/_X_' since last save.
INFO: [filemgmt 56-1] IP Repository Path: Directory not found as 'c:/users/zhangshi/desktop/my_git/user_ip/e203_with_eaxi_ports'; using path 'C:/Users/Zhangshi/Desktop/my_git/e203_zs/user_ip/e203_with_eaxi_ports' instead.
WARNING: [filemgmt 56-2] Default IP Output Path : Could not find the directory 'c:/users/zhangshi/desktop/my_git/e203_zs/prj/sys_top_bd/sys_top_bd.tmp/e203_system_top_v1_0_project/e203_with_eaxi_ports/e203_with_eaxi_ports.gen/sources_1', nor could it be found using path 'C:/Users/Zhangshi/Desktop/my_git/e203_zs/prj/e203_with_eaxi_ports/.Xil/Vivado-45404-Lab/PrjAr/_X_/e203_with_eaxi_ports.gen/sources_1'.
Scanning sources...
Finished scanning sources
INFO: [IP_Flow 19-234] Refreshing IP repositories
INFO: [IP_Flow 19-1700] Loaded user IP repository 'c:/Users/Zhangshi/Desktop/my_git/e203_zs/user_ip/e203_with_eaxi_ports'.
INFO: [IP_Flow 19-2313] Loaded Vivado IP repository 'E:/Xilinx/Vivado/2020.2/data/ip'.
ERROR: [Common 17-680] Path length exceeds 260-Byte maximum allowed by Windows: c:\users\zhangshi\desktop\my_git\e203_zs\prj\sys_top_bd\sys_top_bd.tmp\e203_system_top_v1_0_project\e203_with_eaxi_ports\e203_with_eaxi_ports.gen\sources_1\ip\mig_7series_0\_tmp\/mig_7series_0/example_design/rtl/traffic_gen/mig_7series_v4_2_init_mem_pattern_ctr.v
Please consider using the OS subst command to shorten the path length by mapping part of the path to a virtual drive letter. See Answer Record AR52787 for more information.
Resolution: In Windows 7 or later, the mklink command can also be used to create a symbolic link and shorten the path.
ERROR: [IP_Flow 19-3475] Tcl error in ::ipgui_mig_7series_0::updateAllModelParams procedure for IP 'mig_7series_0'. ERROR: [Common 17-680] Path length exceeds 260-Byte maximum allowed by Windows: c:\users\zhangshi\desktop\my_git\e203_zs\prj\sys_top_bd\sys_top_bd.tmp\e203_system_top_v1_0_project\e203_with_eaxi_ports\e203_with_eaxi_ports.gen\sources_1\ip\mig_7series_0\_tmp\/mig_7series_0/example_design/rtl/traffic_gen/mig_7series_v4_2_init_mem_pattern_ctr.v
Please consider using the OS subst command to shorten the path length by mapping part of the path to a virtual drive letter. See Answer Record AR52787 for more information.
Resolution: In Windows 7 or later, the mklink command can also be used to create a symbolic link and shorten the path.

open_project: Time (s): cpu = 00:00:09 ; elapsed = 00:00:08 . Memory (MB): peak = 1982.285 ; gain = 39.387
ERROR: [Common 17-39] 'open_project' failed due to earlier errors.
ERROR: [Ipptcl 7-1487] Archived source project corrupt: no .xpr file found. Please run without use_packaged_source_project option or repackage IP from original project.
ipx::edit_ip_in_project: Time (s): cpu = 00:00:10 ; elapsed = 00:00:14 . Memory (MB): peak = 1982.285 ; gain = 39.387
ERROR: [Common 17-39] 'ipx::edit_ip_in_project' failed due to earlier errors.
update_compile_order -fileset sources_1
ipx::edit_ip_in_project -upgrade true -name e203_system_top_v1_0_project -directory c:/users/zhangshi/desktop/my_git/e203_zs/prj/sys_top_bd/sys_top_bd.tmp/e203_system_top_v1_0_project/e203_with_eaxi_ports/e203_with_eaxi_ports.tmp/e203_system_top_v1_0_project -use_archived_source_project true c:/Users/Zhangshi/Desktop/my_git/e203_zs/user_ip/e203_with_eaxi_ports/component.xml
ERROR: [Common 17-94] Failed to create file c:/users/zhangshi/desktop/my_git/e203_zs/prj/sys_top_bd/sys_top_bd.tmp/e203_system_top_v1_0_project/e203_with_eaxi_ports/e203_with_eaxi_ports.tmp/e203_system_top_v1_0_project/e203_with_eaxi_ports/e203_with_eaxi_ports.gen/mmcm/ip/mmcm/mmcm_pll_drp_func_7s_mmcm.vh.
ipx::edit_ip_in_project -upgrade true -name e203_system_top_v1_0_project -directory c:/users/zhangshi/desktop/my_git/e203_zs/prj/sys_top_bd/0/sys_top_bd.tmp/e203_system_top_v1_0_project/e203_with_eaxi_ports/e203_with_eaxi_ports.tmp/e203_system_top_v1_0_project -use_archived_source_project true c:/Users/Zhangshi/Desktop/my_git/e203_zs/user_ip/e203_with_eaxi_ports/component.xml
ERROR: [Common 17-680] Path length exceeds 248-Byte maximum allowed by Windows: c:/users/zhangshi/desktop/my_git/e203_zs/prj/sys_top_bd/0/sys_top_bd.tmp/e203_system_top_v1_0_project/e203_with_eaxi_ports/e203_with_eaxi_ports.tmp/e203_system_top_v1_0_project/e203_with_eaxi_ports/e203_with_eaxi_ports.cache/compile_simlib/activehdl
Please consider using the OS subst command to shorten the path length by mapping part of the path to a virtual drive letter. See Answer Record AR52787 for more information.
Resolution: In Windows 7 or later, the mklink command can also be used to create a symbolic link and shorten the path.
current_project sys_top_bd
ipx::edit_ip_in_project -upgrade true -name _0_project -directory C:/Users/Zhangshi/Desktop/my_git/e203_zs/prj/sys_top_bd/sys_top_bd.tmp/_0_project -use_archived_source_project true c:/Users/Zhangshi/Desktop/my_git/e203_zs/user_ip/e203_with_eaxi_ports/component.xml
INFO: [ProjectBase 1-489] The host OS only allows 260 characters in a normal path. The project is stored in a path with more than 80 characters. If you experience issues with IP, Block Designs, or files not being found, please consider moving the project to a location with a shorter path. Alternately consider using the OS subst command to map part of the path to a drive letter.
Current project path is 'c:/users/zhangshi/desktop/my_git/e203_zs/prj/sys_top_bd/sys_top_bd.tmp/_0_project/e203_with_eaxi_ports'
INFO: [Project 1-313] Project file moved from 'C:/Users/Zhangshi/Desktop/my_git/e203_zs/prj/e203_with_eaxi_ports/.Xil/Vivado-45404-Lab/PrjAr/_X_' since last save.
INFO: [filemgmt 56-1] IP Repository Path: Directory not found as 'c:/users/zhangshi/desktop/my_git/user_ip/e203_with_eaxi_ports'; using path 'C:/Users/Zhangshi/Desktop/my_git/e203_zs/user_ip/e203_with_eaxi_ports' instead.
WARNING: [filemgmt 56-2] Default IP Output Path : Could not find the directory 'c:/users/zhangshi/desktop/my_git/e203_zs/prj/sys_top_bd/sys_top_bd.tmp/_0_project/e203_with_eaxi_ports/e203_with_eaxi_ports.gen/sources_1', nor could it be found using path 'C:/Users/Zhangshi/Desktop/my_git/e203_zs/prj/e203_with_eaxi_ports/.Xil/Vivado-45404-Lab/PrjAr/_X_/e203_with_eaxi_ports.gen/sources_1'.
Scanning sources...
Finished scanning sources
INFO: [IP_Flow 19-234] Refreshing IP repositories
INFO: [IP_Flow 19-1700] Loaded user IP repository 'c:/Users/Zhangshi/Desktop/my_git/e203_zs/user_ip/e203_with_eaxi_ports'.
INFO: [IP_Flow 19-2313] Loaded Vivado IP repository 'E:/Xilinx/Vivado/2020.2/data/ip'.
open_project: Time (s): cpu = 00:00:10 ; elapsed = 00:00:09 . Memory (MB): peak = 2159.598 ; gain = 174.426
INFO: [IP_Flow 19-795] Syncing license key meta-data
ipx::edit_ip_in_project: Time (s): cpu = 00:00:13 ; elapsed = 00:00:15 . Memory (MB): peak = 2172.633 ; gain = 187.461
update_compile_order -fileset sources_1
ipx::remove_bus_parameter DATA_WIDTH [ipx::get_bus_interfaces eaxi -of_objects [ipx::current_core]]
ipx::remove_bus_parameter ID_WIDTH [ipx::get_bus_interfaces eaxi -of_objects [ipx::current_core]]
ipx::remove_bus_parameter ADDR_WIDTH [ipx::get_bus_interfaces eaxi -of_objects [ipx::current_core]]
set_property core_revision 2 [ipx::current_core]
ipx::update_source_project_archive -component [ipx::current_core] -include
INFO: [Coretcl 2-137] starting archive...
INFO: [Coretcl 2-1499] Saving project copy to temporary location 'C:/Users/Zhangshi/Desktop/my_git/e203_zs/prj/sys_top_bd/.Xil/Vivado-19880-Lab' for archiving project
INFO: [ProjectBase 1-489] The host OS only allows 260 characters in a normal path. The project is stored in a path with more than 80 characters. If you experience issues with IP, Block Designs, or files not being found, please consider moving the project to a location with a shorter path. Alternately consider using the OS subst command to map part of the path to a drive letter.
Current project path is 'c:/users/zhangshi/desktop/my_git/e203_zs/prj/sys_top_bd/sys_top_bd.tmp/_0_project/e203_with_eaxi_ports'
Scanning sources...
Finished scanning sources
INFO: [IP_Flow 19-234] Refreshing IP repositories
INFO: [IP_Flow 19-1700] Loaded user IP repository 'c:/Users/Zhangshi/Desktop/my_git/e203_zs/user_ip/e203_with_eaxi_ports'.
INFO: [IP_Flow 19-2313] Loaded Vivado IP repository 'E:/Xilinx/Vivado/2020.2/data/ip'.
INFO: [Coretcl 2-1211] Creating project copy for archival...
INFO: [ProjectBase 1-495] The host OS only allows 260 characters in a normal path. The project is stored in a path with more than 80 characters. If you experience any problem with archiving the project, please consider setting environment variable $TEMP to a shorter path.
Current project path is 'C:/Users/Zhangshi/Desktop/my_git/e203_zs/prj/sys_top_bd/.Xil/Vivado-19880-Lab/PrjAr/_X_'.
INFO: [Coretcl 2-1213] Including run results for 'synth_1'
INFO: [Coretcl 2-1213] Including run results for 'reset_sys_synth_1'
INFO: [Coretcl 2-1213] Including run results for 'mmcm_synth_1'
INFO: [Coretcl 2-1213] Including run results for 'impl_1'
INFO: [Coretcl 2-133] re-setting run 'reset_sys_impl_1'...
INFO: [Coretcl 2-133] re-setting run 'mmcm_impl_1'...
INFO: [Coretcl 2-1212] Importing remotely added design sources and verilog include files (if any)...
INFO: [filemgmt 20-334] All file(s) are already imported in fileset: 'mmcm'
INFO: [filemgmt 20-348] Importing the appropriate files for fileset: 'mmcm'
INFO: [filemgmt 20-334] All file(s) are already imported in fileset: 'reset_sys'
INFO: [filemgmt 20-348] Importing the appropriate files for fileset: 'reset_sys'
INFO: [filemgmt 20-334] All file(s) are already imported in fileset: 'constrs_1'
INFO: [filemgmt 20-348] Importing the appropriate files for fileset: 'constrs_1'
INFO: [filemgmt 20-348] Importing the appropriate files for fileset: 'sources_1'
INFO: [Coretcl 2-1209] Adding archive summary file to the project...
INFO: [Coretcl 2-1214] Preparing project files for archive...
INFO: [Coretcl 2-1210] Compressing project files and data...
INFO: [Coretcl 2-1215] Project archived (c:/users/zhangshi/desktop/my_git/e203_zs/prj/sys_top_bd/sys_top_bd.tmp/_0_project/e203_with_eaxi_ports/e203_with_eaxi_ports.srcs/sources_1/ip_project_archive.zip)
INFO: [Coretcl 2-1216] To view the archive summary log in GUI, double click on 'Design Sources->Text->archive_project_summary.txt', or open this file from the archived project directory.
archive_project: Time (s): cpu = 00:00:13 ; elapsed = 00:00:18 . Memory (MB): peak = 2429.785 ; gain = 161.094
ipx::update_source_project_archive: Time (s): cpu = 00:00:13 ; elapsed = 00:00:18 . Memory (MB): peak = 2429.785 ; gain = 161.094
ipx::create_xgui_files [ipx::current_core]
ipx::update_checksums [ipx::current_core]
ipx::check_integrity [ipx::current_core]
WARNING: [IP_Flow 19-3158] Bus Interface 'eaxi': FREQ_HZ bus parameter missing from AXI interface when interface is not associated to a clock.
WARNING: [IP_Flow 19-991] Unrecognized or unsupported file 'src/mig_b.prj' found in file group 'Synthesis'.
Resolution: Remove the file from the specified file group.
INFO: [IP_Flow 19-2181] Payment Required is not set for this core.
INFO: [IP_Flow 19-2187] The Product Guide file is missing.
INFO: [Ipptcl 7-1486] check_integrity: Integrity check passed.
ipx::save_core [ipx::current_core]
ipx::check_integrity -quiet [ipx::current_core]
ipx::archive_core {c:\users\zhangshi\desktop\my_git\e203_zs\prj\sys_top_bd\sys_top_bd.tmp\_0_project\e203_with_eaxi_ports\e203_with_eaxi_ports.srcs\sources_1\xilinx.com_user_e203_system_top_1.0.zip} [ipx::current_core]
set_property top system [current_fileset]
update_compile_order -fileset sources_1
ipx::merge_project_changes ports [ipx::current_core]
WARNING: [IP_Flow 19-3833] Unreferenced file from the top module is not packaged: 'c:/users/zhangshi/desktop/my_git/e203_zs/prj/sys_top_bd/sys_top_bd.tmp/_0_project/e203_with_eaxi_ports/e203_with_eaxi_ports.srcs/sources_1/imports/e203_zs/rtl/system_top.v'.
WARNING: [IP_Flow 19-3833] Unreferenced file from the top module is not packaged: 'c:/users/zhangshi/desktop/my_git/e203_zs/prj/sys_top_bd/sys_top_bd.tmp/_0_project/e203_with_eaxi_ports/e203_with_eaxi_ports.srcs/sources_1/imports/e203_zs/rtl/cam/clk_div.v'.
WARNING: [IP_Flow 19-3833] Unreferenced file from the top module is not packaged: 'c:/users/zhangshi/desktop/my_git/e203_zs/prj/sys_top_bd/sys_top_bd.tmp/_0_project/e203_with_eaxi_ports/e203_with_eaxi_ports.srcs/sources_1/imports/e203_zs/rtl/cam/cmos_capture_data.v'.
WARNING: [IP_Flow 19-3833] Unreferenced file from the top module is not packaged: 'c:/users/zhangshi/desktop/my_git/e203_zs/prj/sys_top_bd/sys_top_bd.tmp/_0_project/e203_with_eaxi_ports/e203_with_eaxi_ports.srcs/sources_1/imports/e203_zs/rtl/cam/ddr3_fifo_ctrl.v'.
WARNING: [IP_Flow 19-3833] Unreferenced file from the top module is not packaged: 'c:/users/zhangshi/desktop/my_git/e203_zs/prj/sys_top_bd/sys_top_bd.tmp/_0_project/e203_with_eaxi_ports/e203_with_eaxi_ports.srcs/sources_1/imports/e203_zs/rtl/cam/ddr3_rw.v'.
WARNING: [IP_Flow 19-3833] Unreferenced file from the top module is not packaged: 'c:/users/zhangshi/desktop/my_git/e203_zs/prj/sys_top_bd/sys_top_bd.tmp/_0_project/e203_with_eaxi_ports/e203_with_eaxi_ports.srcs/sources_1/imports/e203_zs/rtl/cam/ddr3_top.v'.
WARNING: [IP_Flow 19-3833] Unreferenced file from the top module is not packaged: 'c:/users/zhangshi/desktop/my_git/e203_zs/prj/sys_top_bd/sys_top_bd.tmp/_0_project/e203_with_eaxi_ports/e203_with_eaxi_ports.srcs/sources_1/imports/e203_zs/rtl/cam/i2c_dri.v'.
WARNING: [IP_Flow 19-3833] Unreferenced file from the top module is not packaged: 'c:/users/zhangshi/desktop/my_git/e203_zs/prj/sys_top_bd/sys_top_bd.tmp/_0_project/e203_with_eaxi_ports/e203_with_eaxi_ports.srcs/sources_1/imports/e203_zs/rtl/cam/i2c_ov5640_rgb565_cfg.v'.
WARNING: [IP_Flow 19-3833] Unreferenced file from the top module is not packaged: 'c:/users/zhangshi/desktop/my_git/e203_zs/prj/sys_top_bd/sys_top_bd.tmp/_0_project/e203_with_eaxi_ports/e203_with_eaxi_ports.srcs/sources_1/imports/e203_zs/rtl/cam/lcd_driver.v'.
WARNING: [IP_Flow 19-3833] Unreferenced file from the top module is not packaged: 'c:/users/zhangshi/desktop/my_git/e203_zs/prj/sys_top_bd/sys_top_bd.tmp/_0_project/e203_with_eaxi_ports/e203_with_eaxi_ports.srcs/sources_1/imports/e203_zs/rtl/cam/lcd_rgb_top.v'.
WARNING: [IP_Flow 19-3833] Unreferenced file from the top module is not packaged: 'c:/users/zhangshi/desktop/my_git/e203_zs/prj/sys_top_bd/sys_top_bd.tmp/_0_project/e203_with_eaxi_ports/e203_with_eaxi_ports.srcs/sources_1/imports/e203_zs/rtl/cam/ov5640_dri.v'.
WARNING: [IP_Flow 19-3833] Unreferenced file from the top module is not packaged: 'c:/users/zhangshi/desktop/my_git/e203_zs/prj/sys_top_bd/sys_top_bd.tmp/_0_project/e203_with_eaxi_ports/e203_with_eaxi_ports.srcs/sources_1/imports/e203_zs/rtl/cam/picture_size.v'.
WARNING: [IP_Flow 19-3833] Unreferenced file from the top module is not packaged: 'c:/users/zhangshi/desktop/my_git/e203_zs/prj/sys_top_bd/sys_top_bd.tmp/_0_project/e203_with_eaxi_ports/e203_with_eaxi_ports.srcs/sources_1/imports/e203_zs/rtl/cam/rd_id.v'.
WARNING: [IP_Flow 19-3833] Unreferenced file from the top module is not packaged: 'c:/users/zhangshi/desktop/my_git/e203_zs/prj/sys_top_bd/sys_top_bd.tmp/_0_project/e203_with_eaxi_ports/e203_with_eaxi_ports.srcs/sources_1/imports/e203_zs/rtl/cam/ov5640_lcd.v'.
WARNING: [IP_Flow 19-3833] Unreferenced file from the top module is not packaged: 'c:/users/zhangshi/desktop/my_git/e203_zs/prj/sys_top_bd/sys_top_bd.tmp/_0_project/e203_with_eaxi_ports/e203_with_eaxi_ports.srcs/sources_1/imports/e203_zs/rtl/e203/general/sirv_gnrl_xchecker.v'.
WARNING: [IP_Flow 19-3833] Unreferenced file from the top module is not packaged: 'c:/users/zhangshi/desktop/my_git/e203_zs/prj/sys_top_bd/sys_top_bd.tmp/_0_project/e203_with_eaxi_ports/e203_with_eaxi_ports.srcs/sources_1/imports/e203_zs/rtl/e203/core/e203_extend_csr.v'.
WARNING: [IP_Flow 19-3833] Unreferenced file from the top module is not packaged: 'c:/users/zhangshi/desktop/my_git/e203_zs/prj/sys_top_bd/sys_top_bd.tmp/_0_project/e203_with_eaxi_ports/e203_with_eaxi_ports.srcs/sources_1/ip/wr_fifo/wr_fifo.xci'.
WARNING: [IP_Flow 19-3833] Unreferenced file from the top module is not packaged: 'c:/users/zhangshi/desktop/my_git/e203_zs/prj/sys_top_bd/sys_top_bd.tmp/_0_project/e203_with_eaxi_ports/e203_with_eaxi_ports.srcs/sources_1/ip/clk_wiz_0/clk_wiz_0.xci'.
WARNING: [IP_Flow 19-3833] Unreferenced file from the top module is not packaged: 'c:/users/zhangshi/desktop/my_git/e203_zs/prj/sys_top_bd/sys_top_bd.tmp/_0_project/e203_with_eaxi_ports/e203_with_eaxi_ports.srcs/sources_1/ip/mig_7series_0/mig_7series_0.xci'.
WARNING: [IP_Flow 19-3833] Unreferenced file from the top module is not packaged: 'c:/users/zhangshi/desktop/my_git/e203_zs/prj/sys_top_bd/sys_top_bd.tmp/_0_project/e203_with_eaxi_ports/e203_with_eaxi_ports.srcs/sources_1/ip/rd_fifo/rd_fifo.xci'.
WARNING: [IP_Flow 19-5226] Project source file 'c:/users/zhangshi/desktop/my_git/e203_zs/prj/sys_top_bd/sys_top_bd.tmp/_0_project/e203_with_eaxi_ports/archive_project_summary.txt' ignored by IP packager.
INFO: [IP_Flow 19-1842] HDL Parser: Found include file "src/i2c_master_defines.v" from the top-level HDL file.
INFO: [IP_Flow 19-1842] HDL Parser: Found include file "src/e203_defines.v" from the top-level HDL file.
INFO: [IP_Flow 19-1842] HDL Parser: Found include file "src/config.v" from the top-level HDL file.
ipx::remove_address_space eaxi [ipx::current_core]
ipx::merge_project_changes files [ipx::current_core]
WARNING: [IP_Flow 19-3833] Unreferenced file from the top module is not packaged: 'c:/users/zhangshi/desktop/my_git/e203_zs/prj/sys_top_bd/sys_top_bd.tmp/_0_project/e203_with_eaxi_ports/e203_with_eaxi_ports.srcs/sources_1/imports/e203_zs/rtl/system_top.v'.
WARNING: [IP_Flow 19-3833] Unreferenced file from the top module is not packaged: 'c:/users/zhangshi/desktop/my_git/e203_zs/prj/sys_top_bd/sys_top_bd.tmp/_0_project/e203_with_eaxi_ports/e203_with_eaxi_ports.srcs/sources_1/imports/e203_zs/rtl/cam/clk_div.v'.
WARNING: [IP_Flow 19-3833] Unreferenced file from the top module is not packaged: 'c:/users/zhangshi/desktop/my_git/e203_zs/prj/sys_top_bd/sys_top_bd.tmp/_0_project/e203_with_eaxi_ports/e203_with_eaxi_ports.srcs/sources_1/imports/e203_zs/rtl/cam/cmos_capture_data.v'.
WARNING: [IP_Flow 19-3833] Unreferenced file from the top module is not packaged: 'c:/users/zhangshi/desktop/my_git/e203_zs/prj/sys_top_bd/sys_top_bd.tmp/_0_project/e203_with_eaxi_ports/e203_with_eaxi_ports.srcs/sources_1/imports/e203_zs/rtl/cam/ddr3_fifo_ctrl.v'.
WARNING: [IP_Flow 19-3833] Unreferenced file from the top module is not packaged: 'c:/users/zhangshi/desktop/my_git/e203_zs/prj/sys_top_bd/sys_top_bd.tmp/_0_project/e203_with_eaxi_ports/e203_with_eaxi_ports.srcs/sources_1/imports/e203_zs/rtl/cam/ddr3_rw.v'.
WARNING: [IP_Flow 19-3833] Unreferenced file from the top module is not packaged: 'c:/users/zhangshi/desktop/my_git/e203_zs/prj/sys_top_bd/sys_top_bd.tmp/_0_project/e203_with_eaxi_ports/e203_with_eaxi_ports.srcs/sources_1/imports/e203_zs/rtl/cam/ddr3_top.v'.
WARNING: [IP_Flow 19-3833] Unreferenced file from the top module is not packaged: 'c:/users/zhangshi/desktop/my_git/e203_zs/prj/sys_top_bd/sys_top_bd.tmp/_0_project/e203_with_eaxi_ports/e203_with_eaxi_ports.srcs/sources_1/imports/e203_zs/rtl/cam/i2c_dri.v'.
WARNING: [IP_Flow 19-3833] Unreferenced file from the top module is not packaged: 'c:/users/zhangshi/desktop/my_git/e203_zs/prj/sys_top_bd/sys_top_bd.tmp/_0_project/e203_with_eaxi_ports/e203_with_eaxi_ports.srcs/sources_1/imports/e203_zs/rtl/cam/i2c_ov5640_rgb565_cfg.v'.
WARNING: [IP_Flow 19-3833] Unreferenced file from the top module is not packaged: 'c:/users/zhangshi/desktop/my_git/e203_zs/prj/sys_top_bd/sys_top_bd.tmp/_0_project/e203_with_eaxi_ports/e203_with_eaxi_ports.srcs/sources_1/imports/e203_zs/rtl/cam/lcd_driver.v'.
WARNING: [IP_Flow 19-3833] Unreferenced file from the top module is not packaged: 'c:/users/zhangshi/desktop/my_git/e203_zs/prj/sys_top_bd/sys_top_bd.tmp/_0_project/e203_with_eaxi_ports/e203_with_eaxi_ports.srcs/sources_1/imports/e203_zs/rtl/cam/lcd_rgb_top.v'.
WARNING: [IP_Flow 19-3833] Unreferenced file from the top module is not packaged: 'c:/users/zhangshi/desktop/my_git/e203_zs/prj/sys_top_bd/sys_top_bd.tmp/_0_project/e203_with_eaxi_ports/e203_with_eaxi_ports.srcs/sources_1/imports/e203_zs/rtl/cam/ov5640_dri.v'.
WARNING: [IP_Flow 19-3833] Unreferenced file from the top module is not packaged: 'c:/users/zhangshi/desktop/my_git/e203_zs/prj/sys_top_bd/sys_top_bd.tmp/_0_project/e203_with_eaxi_ports/e203_with_eaxi_ports.srcs/sources_1/imports/e203_zs/rtl/cam/picture_size.v'.
WARNING: [IP_Flow 19-3833] Unreferenced file from the top module is not packaged: 'c:/users/zhangshi/desktop/my_git/e203_zs/prj/sys_top_bd/sys_top_bd.tmp/_0_project/e203_with_eaxi_ports/e203_with_eaxi_ports.srcs/sources_1/imports/e203_zs/rtl/cam/rd_id.v'.
WARNING: [IP_Flow 19-3833] Unreferenced file from the top module is not packaged: 'c:/users/zhangshi/desktop/my_git/e203_zs/prj/sys_top_bd/sys_top_bd.tmp/_0_project/e203_with_eaxi_ports/e203_with_eaxi_ports.srcs/sources_1/imports/e203_zs/rtl/cam/ov5640_lcd.v'.
WARNING: [IP_Flow 19-3833] Unreferenced file from the top module is not packaged: 'c:/users/zhangshi/desktop/my_git/e203_zs/prj/sys_top_bd/sys_top_bd.tmp/_0_project/e203_with_eaxi_ports/e203_with_eaxi_ports.srcs/sources_1/imports/e203_zs/rtl/e203/general/sirv_gnrl_xchecker.v'.
WARNING: [IP_Flow 19-3833] Unreferenced file from the top module is not packaged: 'c:/users/zhangshi/desktop/my_git/e203_zs/prj/sys_top_bd/sys_top_bd.tmp/_0_project/e203_with_eaxi_ports/e203_with_eaxi_ports.srcs/sources_1/imports/e203_zs/rtl/e203/core/e203_extend_csr.v'.
WARNING: [IP_Flow 19-3833] Unreferenced file from the top module is not packaged: 'c:/users/zhangshi/desktop/my_git/e203_zs/prj/sys_top_bd/sys_top_bd.tmp/_0_project/e203_with_eaxi_ports/e203_with_eaxi_ports.srcs/sources_1/ip/wr_fifo/wr_fifo.xci'.
WARNING: [IP_Flow 19-3833] Unreferenced file from the top module is not packaged: 'c:/users/zhangshi/desktop/my_git/e203_zs/prj/sys_top_bd/sys_top_bd.tmp/_0_project/e203_with_eaxi_ports/e203_with_eaxi_ports.srcs/sources_1/ip/clk_wiz_0/clk_wiz_0.xci'.
WARNING: [IP_Flow 19-3833] Unreferenced file from the top module is not packaged: 'c:/users/zhangshi/desktop/my_git/e203_zs/prj/sys_top_bd/sys_top_bd.tmp/_0_project/e203_with_eaxi_ports/e203_with_eaxi_ports.srcs/sources_1/ip/mig_7series_0/mig_7series_0.xci'.
WARNING: [IP_Flow 19-3833] Unreferenced file from the top module is not packaged: 'c:/users/zhangshi/desktop/my_git/e203_zs/prj/sys_top_bd/sys_top_bd.tmp/_0_project/e203_with_eaxi_ports/e203_with_eaxi_ports.srcs/sources_1/ip/rd_fifo/rd_fifo.xci'.
WARNING: [IP_Flow 19-5226] Project source file 'c:/users/zhangshi/desktop/my_git/e203_zs/prj/sys_top_bd/sys_top_bd.tmp/_0_project/e203_with_eaxi_ports/archive_project_summary.txt' ignored by IP packager.
ipx::merge_project_changes hdl_parameters [ipx::current_core]
WARNING: [IP_Flow 19-3833] Unreferenced file from the top module is not packaged: 'c:/users/zhangshi/desktop/my_git/e203_zs/prj/sys_top_bd/sys_top_bd.tmp/_0_project/e203_with_eaxi_ports/e203_with_eaxi_ports.srcs/sources_1/imports/e203_zs/rtl/system_top.v'.
WARNING: [IP_Flow 19-3833] Unreferenced file from the top module is not packaged: 'c:/users/zhangshi/desktop/my_git/e203_zs/prj/sys_top_bd/sys_top_bd.tmp/_0_project/e203_with_eaxi_ports/e203_with_eaxi_ports.srcs/sources_1/imports/e203_zs/rtl/cam/clk_div.v'.
WARNING: [IP_Flow 19-3833] Unreferenced file from the top module is not packaged: 'c:/users/zhangshi/desktop/my_git/e203_zs/prj/sys_top_bd/sys_top_bd.tmp/_0_project/e203_with_eaxi_ports/e203_with_eaxi_ports.srcs/sources_1/imports/e203_zs/rtl/cam/cmos_capture_data.v'.
WARNING: [IP_Flow 19-3833] Unreferenced file from the top module is not packaged: 'c:/users/zhangshi/desktop/my_git/e203_zs/prj/sys_top_bd/sys_top_bd.tmp/_0_project/e203_with_eaxi_ports/e203_with_eaxi_ports.srcs/sources_1/imports/e203_zs/rtl/cam/ddr3_fifo_ctrl.v'.
WARNING: [IP_Flow 19-3833] Unreferenced file from the top module is not packaged: 'c:/users/zhangshi/desktop/my_git/e203_zs/prj/sys_top_bd/sys_top_bd.tmp/_0_project/e203_with_eaxi_ports/e203_with_eaxi_ports.srcs/sources_1/imports/e203_zs/rtl/cam/ddr3_rw.v'.
WARNING: [IP_Flow 19-3833] Unreferenced file from the top module is not packaged: 'c:/users/zhangshi/desktop/my_git/e203_zs/prj/sys_top_bd/sys_top_bd.tmp/_0_project/e203_with_eaxi_ports/e203_with_eaxi_ports.srcs/sources_1/imports/e203_zs/rtl/cam/ddr3_top.v'.
WARNING: [IP_Flow 19-3833] Unreferenced file from the top module is not packaged: 'c:/users/zhangshi/desktop/my_git/e203_zs/prj/sys_top_bd/sys_top_bd.tmp/_0_project/e203_with_eaxi_ports/e203_with_eaxi_ports.srcs/sources_1/imports/e203_zs/rtl/cam/i2c_dri.v'.
WARNING: [IP_Flow 19-3833] Unreferenced file from the top module is not packaged: 'c:/users/zhangshi/desktop/my_git/e203_zs/prj/sys_top_bd/sys_top_bd.tmp/_0_project/e203_with_eaxi_ports/e203_with_eaxi_ports.srcs/sources_1/imports/e203_zs/rtl/cam/i2c_ov5640_rgb565_cfg.v'.
WARNING: [IP_Flow 19-3833] Unreferenced file from the top module is not packaged: 'c:/users/zhangshi/desktop/my_git/e203_zs/prj/sys_top_bd/sys_top_bd.tmp/_0_project/e203_with_eaxi_ports/e203_with_eaxi_ports.srcs/sources_1/imports/e203_zs/rtl/cam/lcd_driver.v'.
WARNING: [IP_Flow 19-3833] Unreferenced file from the top module is not packaged: 'c:/users/zhangshi/desktop/my_git/e203_zs/prj/sys_top_bd/sys_top_bd.tmp/_0_project/e203_with_eaxi_ports/e203_with_eaxi_ports.srcs/sources_1/imports/e203_zs/rtl/cam/lcd_rgb_top.v'.
WARNING: [IP_Flow 19-3833] Unreferenced file from the top module is not packaged: 'c:/users/zhangshi/desktop/my_git/e203_zs/prj/sys_top_bd/sys_top_bd.tmp/_0_project/e203_with_eaxi_ports/e203_with_eaxi_ports.srcs/sources_1/imports/e203_zs/rtl/cam/ov5640_dri.v'.
WARNING: [IP_Flow 19-3833] Unreferenced file from the top module is not packaged: 'c:/users/zhangshi/desktop/my_git/e203_zs/prj/sys_top_bd/sys_top_bd.tmp/_0_project/e203_with_eaxi_ports/e203_with_eaxi_ports.srcs/sources_1/imports/e203_zs/rtl/cam/picture_size.v'.
WARNING: [IP_Flow 19-3833] Unreferenced file from the top module is not packaged: 'c:/users/zhangshi/desktop/my_git/e203_zs/prj/sys_top_bd/sys_top_bd.tmp/_0_project/e203_with_eaxi_ports/e203_with_eaxi_ports.srcs/sources_1/imports/e203_zs/rtl/cam/rd_id.v'.
WARNING: [IP_Flow 19-3833] Unreferenced file from the top module is not packaged: 'c:/users/zhangshi/desktop/my_git/e203_zs/prj/sys_top_bd/sys_top_bd.tmp/_0_project/e203_with_eaxi_ports/e203_with_eaxi_ports.srcs/sources_1/imports/e203_zs/rtl/cam/ov5640_lcd.v'.
WARNING: [IP_Flow 19-3833] Unreferenced file from the top module is not packaged: 'c:/users/zhangshi/desktop/my_git/e203_zs/prj/sys_top_bd/sys_top_bd.tmp/_0_project/e203_with_eaxi_ports/e203_with_eaxi_ports.srcs/sources_1/imports/e203_zs/rtl/e203/general/sirv_gnrl_xchecker.v'.
WARNING: [IP_Flow 19-3833] Unreferenced file from the top module is not packaged: 'c:/users/zhangshi/desktop/my_git/e203_zs/prj/sys_top_bd/sys_top_bd.tmp/_0_project/e203_with_eaxi_ports/e203_with_eaxi_ports.srcs/sources_1/imports/e203_zs/rtl/e203/core/e203_extend_csr.v'.
WARNING: [IP_Flow 19-3833] Unreferenced file from the top module is not packaged: 'c:/users/zhangshi/desktop/my_git/e203_zs/prj/sys_top_bd/sys_top_bd.tmp/_0_project/e203_with_eaxi_ports/e203_with_eaxi_ports.srcs/sources_1/ip/wr_fifo/wr_fifo.xci'.
WARNING: [IP_Flow 19-3833] Unreferenced file from the top module is not packaged: 'c:/users/zhangshi/desktop/my_git/e203_zs/prj/sys_top_bd/sys_top_bd.tmp/_0_project/e203_with_eaxi_ports/e203_with_eaxi_ports.srcs/sources_1/ip/clk_wiz_0/clk_wiz_0.xci'.
WARNING: [IP_Flow 19-3833] Unreferenced file from the top module is not packaged: 'c:/users/zhangshi/desktop/my_git/e203_zs/prj/sys_top_bd/sys_top_bd.tmp/_0_project/e203_with_eaxi_ports/e203_with_eaxi_ports.srcs/sources_1/ip/mig_7series_0/mig_7series_0.xci'.
WARNING: [IP_Flow 19-3833] Unreferenced file from the top module is not packaged: 'c:/users/zhangshi/desktop/my_git/e203_zs/prj/sys_top_bd/sys_top_bd.tmp/_0_project/e203_with_eaxi_ports/e203_with_eaxi_ports.srcs/sources_1/ip/rd_fifo/rd_fifo.xci'.
WARNING: [IP_Flow 19-5226] Project source file 'c:/users/zhangshi/desktop/my_git/e203_zs/prj/sys_top_bd/sys_top_bd.tmp/_0_project/e203_with_eaxi_ports/archive_project_summary.txt' ignored by IP packager.
INFO: [IP_Flow 19-1842] HDL Parser: Found include file "src/i2c_master_defines.v" from the top-level HDL file.
INFO: [IP_Flow 19-1842] HDL Parser: Found include file "src/e203_defines.v" from the top-level HDL file.
INFO: [IP_Flow 19-1842] HDL Parser: Found include file "src/config.v" from the top-level HDL file.
ipx::update_checksums [ipx::current_core]
ipx::save_core [ipx::current_core]
set_property core_revision 3 [ipx::current_core]
ipx::update_source_project_archive -component [ipx::current_core] -include
INFO: [Coretcl 2-137] starting archive...
INFO: [Coretcl 2-1499] Saving project copy to temporary location 'C:/Users/Zhangshi/Desktop/my_git/e203_zs/prj/sys_top_bd/.Xil/Vivado-19880-Lab' for archiving project
INFO: [ProjectBase 1-489] The host OS only allows 260 characters in a normal path. The project is stored in a path with more than 80 characters. If you experience issues with IP, Block Designs, or files not being found, please consider moving the project to a location with a shorter path. Alternately consider using the OS subst command to map part of the path to a drive letter.
Current project path is 'c:/users/zhangshi/desktop/my_git/e203_zs/prj/sys_top_bd/sys_top_bd.tmp/_0_project/e203_with_eaxi_ports'
Scanning sources...
Finished scanning sources
INFO: [IP_Flow 19-234] Refreshing IP repositories
INFO: [IP_Flow 19-1700] Loaded user IP repository 'c:/Users/Zhangshi/Desktop/my_git/e203_zs/user_ip/e203_with_eaxi_ports'.
INFO: [IP_Flow 19-2313] Loaded Vivado IP repository 'E:/Xilinx/Vivado/2020.2/data/ip'.
INFO: [Coretcl 2-1211] Creating project copy for archival...
INFO: [ProjectBase 1-495] The host OS only allows 260 characters in a normal path. The project is stored in a path with more than 80 characters. If you experience any problem with archiving the project, please consider setting environment variable $TEMP to a shorter path.
Current project path is 'C:/Users/Zhangshi/Desktop/my_git/e203_zs/prj/sys_top_bd/.Xil/Vivado-19880-Lab/PrjAr/_X_'.
INFO: [Coretcl 2-1213] Including run results for 'synth_1'
INFO: [Coretcl 2-1213] Including run results for 'reset_sys_synth_1'
INFO: [Coretcl 2-1213] Including run results for 'mmcm_synth_1'
INFO: [Coretcl 2-1213] Including run results for 'impl_1'
INFO: [Coretcl 2-133] re-setting run 'reset_sys_impl_1'...
INFO: [Coretcl 2-133] re-setting run 'mmcm_impl_1'...
INFO: [Coretcl 2-1212] Importing remotely added design sources and verilog include files (if any)...
INFO: [filemgmt 20-334] All file(s) are already imported in fileset: 'mmcm'
INFO: [filemgmt 20-348] Importing the appropriate files for fileset: 'mmcm'
INFO: [filemgmt 20-334] All file(s) are already imported in fileset: 'reset_sys'
INFO: [filemgmt 20-348] Importing the appropriate files for fileset: 'reset_sys'
INFO: [filemgmt 20-334] All file(s) are already imported in fileset: 'constrs_1'
INFO: [filemgmt 20-348] Importing the appropriate files for fileset: 'constrs_1'
INFO: [filemgmt 20-348] Importing the appropriate files for fileset: 'sources_1'
INFO: [Coretcl 2-1209] Adding archive summary file to the project...
INFO: [Coretcl 2-1214] Preparing project files for archive...
INFO: [Coretcl 2-1210] Compressing project files and data...
INFO: [Coretcl 2-1215] Project archived (c:/users/zhangshi/desktop/my_git/e203_zs/prj/sys_top_bd/sys_top_bd.tmp/_0_project/e203_with_eaxi_ports/e203_with_eaxi_ports.srcs/sources_1/ip_project_archive.zip)
INFO: [Coretcl 2-1216] To view the archive summary log in GUI, double click on 'Design Sources->Text->archive_project_summary.txt', or open this file from the archived project directory.
archive_project: Time (s): cpu = 00:00:14 ; elapsed = 00:00:19 . Memory (MB): peak = 2503.555 ; gain = 64.566
ipx::update_source_project_archive: Time (s): cpu = 00:00:14 ; elapsed = 00:00:19 . Memory (MB): peak = 2503.555 ; gain = 64.566
ipx::create_xgui_files [ipx::current_core]
ipx::update_checksums [ipx::current_core]
ipx::check_integrity [ipx::current_core]
WARNING: [IP_Flow 19-5905] All packaged files should be located below the IP definition file (xml)
WARNING: [IP_Flow 19-3158] Bus Interface 'eaxi': FREQ_HZ bus parameter missing from AXI interface when interface is not associated to a clock.
WARNING: [IP_Flow 19-991] Unrecognized or unsupported file 'src/mig_b.prj' found in file group 'Synthesis'.
Resolution: Remove the file from the specified file group.
WARNING: [IP_Flow 19-4816] The Synthesis file group has two include files that have the same base name. It is not guaranteed which of these two files will be picked up during synthesis/simulation:   imports/e203_zs/rtl/e203/perips/apb_i2c/i2c_master_defines.v
  src/i2c_master_defines.v
WARNING: [IP_Flow 19-4816] The Synthesis file group has two include files that have the same base name. It is not guaranteed which of these two files will be picked up during synthesis/simulation:   imports/e203_zs/rtl/e203/core/e203_defines.v
  src/e203_defines.v
WARNING: [IP_Flow 19-4816] The Synthesis file group has two include files that have the same base name. It is not guaranteed which of these two files will be picked up during synthesis/simulation:   imports/e203_zs/rtl/e203/core/config.v
  src/config.v
WARNING: [IP_Flow 19-991] Unrecognized or unsupported file 'imports/ip/mig_7series_0/mig_b.prj' found in file group 'Synthesis'.
Resolution: Remove the file from the specified file group.
WARNING: [IP_Flow 19-991] Unrecognized or unsupported file 'ip/mig_7series_0/mig_b.prj' found in file group 'Synthesis'.
Resolution: Remove the file from the specified file group.
WARNING: [IP_Flow 19-4816] The Simulation file group has two include files that have the same base name. It is not guaranteed which of these two files will be picked up during synthesis/simulation:   imports/e203_zs/rtl/e203/perips/apb_i2c/i2c_master_defines.v
  src/i2c_master_defines.v
WARNING: [IP_Flow 19-4816] The Simulation file group has two include files that have the same base name. It is not guaranteed which of these two files will be picked up during synthesis/simulation:   imports/e203_zs/rtl/e203/core/e203_defines.v
  src/e203_defines.v
WARNING: [IP_Flow 19-4816] The Simulation file group has two include files that have the same base name. It is not guaranteed which of these two files will be picked up during synthesis/simulation:   imports/e203_zs/rtl/e203/core/config.v
  src/config.v
INFO: [IP_Flow 19-2181] Payment Required is not set for this core.
INFO: [IP_Flow 19-2187] The Product Guide file is missing.
INFO: [Ipptcl 7-1486] check_integrity: Integrity check passed.
ipx::save_core [ipx::current_core]
ipx::check_integrity -quiet [ipx::current_core]
ipx::archive_core {c:\users\zhangshi\desktop\my_git\e203_zs\prj\sys_top_bd\sys_top_bd.tmp\_0_project\e203_with_eaxi_ports\e203_with_eaxi_ports.srcs\sources_1\xilinx.com_user_e203_system_top_1.0.zip} [ipx::current_core]
CRITICAL WARNING: [IP_Flow 19-5330] Component Referenced File 'c:/users/zhangshi/desktop/my_git/e203_zs/prj/sys_top_bd/sys_top_bd.tmp/_0_project/e203_with_eaxi_ports/e203_with_eaxi_ports.srcs/constrs_1/imports/constrs/nuclei-master.xdc' is outside of Component Directory: cannot archive the component.
ipx::move_temp_component_back -component [ipx::current_core]
close_project -delete
update_ip_catalog -rebuild -repo_path c:/Users/Zhangshi/Desktop/my_git/e203_zs/user_ip/e203_with_eaxi_ports
INFO: [IP_Flow 19-725] Reloaded user IP repository 'c:/Users/Zhangshi/Desktop/my_git/e203_zs/user_ip/e203_with_eaxi_ports'
current_project sys_top_bd
regenerate_bd_layout
set_property CONFIG.FREQ_HZ 16000000 [get_bd_intf_pins /e203_system_top_0/eaxi]
ERROR: [BD 41-1274] Set bus interface parameter, Invalid long/float value '' specified for parameter 'Data Width(DATA_WIDTH)' for BD Interface 'eaxi'.

ERROR: [BD 41-1274] Set bus interface parameter, Invalid long/float value '' specified for parameter 'Id Width(ID_WIDTH)' for BD Interface 'eaxi'.

ERROR: [BD 41-1274] Set bus interface parameter, Invalid long/float value '' specified for parameter 'Addr Width(ADDR_WIDTH)' for BD Interface 'eaxi'.

ERROR: [BD 41-1274] Set bus interface parameter, Invalid long/float value '' specified for parameter 'Num Write Outstanding(NUM_WRITE_OUTSTANDING)' for BD Interface 'eaxi'.

ERROR: [BD 41-1274] Set bus interface parameter, Invalid long/float value '' specified for parameter 'Num Read Outstanding(NUM_READ_OUTSTANDING)' for BD Interface 'eaxi'.

ERROR: [Common 17-39] 'set_property' failed due to earlier errors.
delete_bd_objs [get_bd_cells e203_system_top_0]
startgroup
create_bd_cell -type ip -vlnv xilinx.com:user:e203_system_top:1.0 e203_system_top_0
endgroup
set_property location {2 486 114} [get_bd_cells e203_system_top_0]
set_property CONFIG.FREQ_HZ 16000000 [get_bd_intf_pins /e203_system_top_0/eaxi]
ERROR: [BD 41-1274] Set bus interface parameter, Invalid long/float value '' specified for parameter 'Data Width(DATA_WIDTH)' for BD Interface 'eaxi'.

ERROR: [BD 41-1274] Set bus interface parameter, Invalid long/float value '' specified for parameter 'Id Width(ID_WIDTH)' for BD Interface 'eaxi'.

ERROR: [BD 41-1274] Set bus interface parameter, Invalid long/float value '' specified for parameter 'Addr Width(ADDR_WIDTH)' for BD Interface 'eaxi'.

ERROR: [BD 41-1274] Set bus interface parameter, Invalid long/float value '' specified for parameter 'Num Write Outstanding(NUM_WRITE_OUTSTANDING)' for BD Interface 'eaxi'.

ERROR: [BD 41-1274] Set bus interface parameter, Invalid long/float value '' specified for parameter 'Num Read Outstanding(NUM_READ_OUTSTANDING)' for BD Interface 'eaxi'.

ERROR: [Common 17-39] 'set_property' failed due to earlier errors.
set_property location {2 937 377} [get_bd_cells axi_interconnect_0]
set_property location {2.5 1525 544} [get_bd_cells mig_7series_0]
set_property location {2 929 660} [get_bd_cells proc_sys_reset_0]
set_property location {1 371 604} [get_bd_cells clk_wiz_0]
set_property location {1 570 256} [get_bd_cells e203_system_top_0]
set_property location {2 890 295} [get_bd_cells axi_interconnect_0]
set_property location {2 862 574} [get_bd_cells proc_sys_reset_0]
connect_bd_net [get_bd_pins e203_system_top_0/ck_rst] [get_bd_pins proc_sys_reset_0/ext_reset_in]
set_property location {0.5 251 586} [get_bd_cells clk_wiz_0]
set_property location {2 474 301} [get_bd_cells e203_system_top_0]
set_property location {2 611 640} [get_bd_cells clk_wiz_0]
connect_bd_net [get_bd_pins clk_wiz_0/resetn] [get_bd_pins e203_system_top_0/ck_rst]
startgroup
make_bd_pins_external  [get_bd_pins clk_wiz_0/clk_in1]
endgroup
set_property name CLK100MHZ [get_bd_ports clk_in1_0]
connect_bd_net [get_bd_pins clk_wiz_0/clk_out2] [get_bd_pins mig_7series_0/clk_ref_i]
connect_bd_net [get_bd_pins mig_7series_0/sys_clk_i] [get_bd_pins clk_wiz_0/clk_out2]
connect_bd_net [get_bd_pins clk_wiz_0/clk_out1] [get_bd_pins e203_system_top_0/clk_16M]
set_property location {0.5 365 631} [get_bd_cells clk_wiz_0]
connect_bd_net [get_bd_pins proc_sys_reset_0/slowest_sync_clk] [get_bd_pins clk_wiz_0/clk_out1]
connect_bd_net [get_bd_pins clk_wiz_0/locked] [get_bd_pins proc_sys_reset_0/dcm_locked]
set_property location {3.5 1363 538} [get_bd_cells mig_7series_0]
set_property location {3 944 271} [get_bd_cells axi_interconnect_0]
set_property -dict [list CONFIG.NUM_MI {1} CONFIG.ENABLE_ADVANCED_OPTIONS {1}] [get_bd_cells axi_interconnect_0]
set_property location {3 922 245} [get_bd_cells axi_interconnect_0]
set_property location {3 887 226} [get_bd_cells axi_interconnect_0]
set_property location {3 951 214} [get_bd_cells axi_interconnect_0]
set_property location {3.5 969 185} [get_bd_cells axi_interconnect_0]
connect_bd_net [get_bd_pins axi_interconnect_0/ACLK] [get_bd_pins axi_interconnect_0/S00_ACLK] -boundary_type upper
connect_bd_net [get_bd_pins axi_interconnect_0/ACLK] [get_bd_pins clk_wiz_0/clk_out1]
set_property location {3.5 797 213} [get_bd_cells axi_interconnect_0]
connect_bd_intf_net [get_bd_intf_pins e203_system_top_0/eaxi] -boundary_type upper [get_bd_intf_pins axi_interconnect_0/S00_AXI]
set_property location {3.5 594 199} [get_bd_cells axi_interconnect_0]
set_property location {4.5 967 525} [get_bd_cells mig_7series_0]
connect_bd_intf_net -boundary_type upper [get_bd_intf_pins axi_interconnect_0/M00_AXI] [get_bd_intf_pins mig_7series_0/S_AXI]
copy_bd_objs /  [get_bd_cells {proc_sys_reset_0}]
set_property location {5 921 706} [get_bd_cells proc_sys_reset_1]
connect_bd_net [get_bd_pins mig_7series_0/ui_clk_sync_rst] [get_bd_pins proc_sys_reset_1/ext_reset_in]
connect_bd_net [get_bd_pins mig_7series_0/ui_clk] [get_bd_pins proc_sys_reset_1/slowest_sync_clk]
connect_bd_net [get_bd_pins mig_7series_0/mmcm_locked] [get_bd_pins proc_sys_reset_1/dcm_locked]
connect_bd_net [get_bd_pins proc_sys_reset_1/peripheral_aresetn] [get_bd_pins mig_7series_0/aresetn]
connect_bd_net [get_bd_pins mig_7series_0/sys_rst] [get_bd_pins e203_system_top_0/ck_rst]
set_property location {3.5 467 211} [get_bd_cells axi_interconnect_0]
set_property location {1 -393 567} [get_bd_cells clk_wiz_0]
delete_bd_objs [get_bd_nets clk_wiz_0_locked] [get_bd_cells proc_sys_reset_0]
undo
INFO: [Common 17-17] undo 'delete_bd_objs [get_bd_nets clk_wiz_0_locked] [get_bd_cells proc_sys_reset_0]'
connect_bd_net [get_bd_pins proc_sys_reset_0/interconnect_aresetn] [get_bd_pins axi_interconnect_0/ARESETN]
connect_bd_net [get_bd_pins axi_interconnect_0/S00_ARESETN] [get_bd_pins proc_sys_reset_0/interconnect_aresetn]
connect_bd_net [get_bd_pins axi_interconnect_0/M00_ARESETN] [get_bd_pins proc_sys_reset_1/peripheral_aresetn]
connect_bd_net [get_bd_pins axi_interconnect_0/M00_ACLK] [get_bd_pins mig_7series_0/ui_clk]
startgroup
make_bd_pins_external  [get_bd_pins e203_system_top_0/fpga_rst] [get_bd_pins e203_system_top_0/CLK32768KHZ] [get_bd_pins e203_system_top_0/mcu_rst]
endgroup
set_property name CLK32768KHZ [get_bd_ports CLK32768KHZ_0]
set_property name fpga_rst [get_bd_ports fpga_rst_0]
set_property name mcu_rst [get_bd_ports mcu_rst_0]
startgroup
make_bd_intf_pins_external  [get_bd_intf_pins mig_7series_0/DDR3]
endgroup
set_property name DDR3 [get_bd_intf_ports DDR3_0]
validate_bd_design
CRITICAL WARNING: [BD 41-967] AXI interface pin /e203_system_top_0/eaxi is not associated to any clock pin. It may not work correctly.
ERROR: [IP_Flow 19-3452] Invalid long/float value '' specified for parameter 'SI Data Width(SI_DATA_WIDTH)' for BD Cell 'axi_interconnect_0/s00_couplers/auto_us'.
INFO: [IP_Flow 19-3438] Customization errors found on 'axi_interconnect_0/s00_couplers/auto_us'. Restoring to previous valid configuration.
ERROR: [BD 41-245] set_property error - Invalid long/float value '' specified for parameter 'SI Data Width(SI_DATA_WIDTH)' for BD Cell 'axi_interconnect_0/s00_couplers/auto_us'.
Customization errors found on 'axi_interconnect_0/s00_couplers/auto_us'. Restoring to previous valid configuration.

ERROR: [Common 17-39] 'set_property' failed due to earlier errors.
ERROR: [BD 41-1273] Error running post_propagate TCL procedure: ERROR: [Common 17-39] 'set_property' failed due to earlier errors.
    resolve_data_width Line 6
ERROR: [BD 41-241] Message from IP propagation TCL of /axi_interconnect_0/s00_couplers/auto_us: set_property error: Value '32' is out of the range for parameter 'MI Data Width(MI_DATA_WIDTH)' for BD Cell 'axi_interconnect_0/s00_couplers/auto_us' . Valid values are - 64, 128, 256, 512, 1024
Customization errors found on 'axi_interconnect_0/s00_couplers/auto_us'. Restoring to previous valid configuration.

INFO: [xilinx.com:ip:clk_wiz:6.0-1] /clk_wiz_0 clk_wiz propagate
ERROR: [BD 41-237] Bus Interface property FREQ_HZ does not match between /axi_interconnect_0/s00_couplers/auto_pc/S_AXI(200000000) and /e203_system_top_0/eaxi(100000000)
ERROR: [BD 41-237] Bus Interface property FREQ_HZ does not match between /mig_7series_0/S_AXI(100000000) and /axi_interconnect_0/s00_couplers/auto_us/M_AXI(200000000)
ERROR: [BD 41-237] Bus Interface property DATA_WIDTH does not match between /mig_7series_0/S_AXI(32) and /axi_interconnect_0/s00_couplers/auto_us/M_AXI(64)
ERROR: [BD 41-237] Bus Interface property CLK_DOMAIN does not match between /mig_7series_0/S_AXI(system_top_mig_7series_0_0_ui_clk) and /axi_interconnect_0/s00_couplers/auto_us/M_AXI(/clk_wiz_0_clk_out1)
ERROR: [Common 17-39] 'validate_bd_design' failed due to earlier errors.
set_property CONFIG.FREQ_HZ 16000000 [get_bd_intf_pins /e203_system_top_0/eaxi]
ERROR: [BD 41-1274] Set bus interface parameter, Invalid long/float value '' specified for parameter 'Data Width(DATA_WIDTH)' for BD Interface 'eaxi'.

ERROR: [BD 41-1274] Set bus interface parameter, Invalid long/float value '' specified for parameter 'Id Width(ID_WIDTH)' for BD Interface 'eaxi'.

ERROR: [BD 41-1274] Set bus interface parameter, Invalid long/float value '' specified for parameter 'Addr Width(ADDR_WIDTH)' for BD Interface 'eaxi'.

ERROR: [BD 41-1274] Set bus interface parameter, Invalid long/float value '' specified for parameter 'Num Write Outstanding(NUM_WRITE_OUTSTANDING)' for BD Interface 'eaxi'.

ERROR: [BD 41-1274] Set bus interface parameter, Invalid long/float value '' specified for parameter 'Num Read Outstanding(NUM_READ_OUTSTANDING)' for BD Interface 'eaxi'.

ERROR: [Common 17-39] 'set_property' failed due to earlier errors.
validate_bd_design
CRITICAL WARNING: [BD 41-967] AXI interface pin /e203_system_top_0/eaxi is not associated to any clock pin. It may not work correctly.
ERROR: [IP_Flow 19-3452] Invalid long/float value '' specified for parameter 'SI Data Width(SI_DATA_WIDTH)' for BD Cell 'axi_interconnect_0/s00_couplers/auto_us'.
INFO: [IP_Flow 19-3438] Customization errors found on 'axi_interconnect_0/s00_couplers/auto_us'. Restoring to previous valid configuration.
ERROR: [BD 41-245] set_property error - Invalid long/float value '' specified for parameter 'SI Data Width(SI_DATA_WIDTH)' for BD Cell 'axi_interconnect_0/s00_couplers/auto_us'.
Customization errors found on 'axi_interconnect_0/s00_couplers/auto_us'. Restoring to previous valid configuration.

ERROR: [Common 17-39] 'set_property' failed due to earlier errors.
ERROR: [BD 41-1273] Error running post_propagate TCL procedure: ERROR: [Common 17-39] 'set_property' failed due to earlier errors.
    resolve_data_width Line 6
ERROR: [BD 41-241] Message from IP propagation TCL of /axi_interconnect_0/s00_couplers/auto_us: set_property error: Value '32' is out of the range for parameter 'MI Data Width(MI_DATA_WIDTH)' for BD Cell 'axi_interconnect_0/s00_couplers/auto_us' . Valid values are - 64, 128, 256, 512, 1024
Customization errors found on 'axi_interconnect_0/s00_couplers/auto_us'. Restoring to previous valid configuration.

INFO: [xilinx.com:ip:clk_wiz:6.0-1] /clk_wiz_0 clk_wiz propagate
ERROR: [BD 41-237] Bus Interface property FREQ_HZ does not match between /axi_interconnect_0/s00_couplers/auto_pc/S_AXI(200000000) and /e203_system_top_0/eaxi(100000000)
ERROR: [BD 41-237] Bus Interface property FREQ_HZ does not match between /mig_7series_0/S_AXI(100000000) and /axi_interconnect_0/s00_couplers/auto_us/M_AXI(200000000)
ERROR: [BD 41-237] Bus Interface property DATA_WIDTH does not match between /mig_7series_0/S_AXI(32) and /axi_interconnect_0/s00_couplers/auto_us/M_AXI(64)
ERROR: [BD 41-237] Bus Interface property CLK_DOMAIN does not match between /mig_7series_0/S_AXI(system_top_mig_7series_0_0_ui_clk) and /axi_interconnect_0/s00_couplers/auto_us/M_AXI(/clk_wiz_0_clk_out1)
ERROR: [Common 17-39] 'validate_bd_design' failed due to earlier errors.
startgroup
set_property -dict [list CONFIG.ENABLE_ADVANCED_OPTIONS {0}] [get_bd_cells axi_interconnect_0]
endgroup
validate_bd_design
CRITICAL WARNING: [BD 41-967] AXI interface pin /e203_system_top_0/eaxi is not associated to any clock pin. It may not work correctly.
ERROR: [IP_Flow 19-3452] Invalid long/float value '' specified for parameter 'SI Data Width(SI_DATA_WIDTH)' for BD Cell 'axi_interconnect_0/s00_couplers/auto_us'.
INFO: [IP_Flow 19-3438] Customization errors found on 'axi_interconnect_0/s00_couplers/auto_us'. Restoring to previous valid configuration.
ERROR: [BD 41-245] set_property error - Invalid long/float value '' specified for parameter 'SI Data Width(SI_DATA_WIDTH)' for BD Cell 'axi_interconnect_0/s00_couplers/auto_us'.
Customization errors found on 'axi_interconnect_0/s00_couplers/auto_us'. Restoring to previous valid configuration.

ERROR: [Common 17-39] 'set_property' failed due to earlier errors.
ERROR: [BD 41-1273] Error running post_propagate TCL procedure: ERROR: [Common 17-39] 'set_property' failed due to earlier errors.
    resolve_data_width Line 6
ERROR: [BD 41-241] Message from IP propagation TCL of /axi_interconnect_0/s00_couplers/auto_us: set_property error: Value '32' is out of the range for parameter 'MI Data Width(MI_DATA_WIDTH)' for BD Cell 'axi_interconnect_0/s00_couplers/auto_us' . Valid values are - 64, 128, 256, 512, 1024
Customization errors found on 'axi_interconnect_0/s00_couplers/auto_us'. Restoring to previous valid configuration.

INFO: [xilinx.com:ip:clk_wiz:6.0-1] /clk_wiz_0 clk_wiz propagate
ERROR: [BD 41-237] Bus Interface property FREQ_HZ does not match between /axi_interconnect_0/s00_couplers/auto_pc/S_AXI(200000000) and /e203_system_top_0/eaxi(100000000)
ERROR: [BD 41-237] Bus Interface property FREQ_HZ does not match between /mig_7series_0/S_AXI(100000000) and /axi_interconnect_0/s00_couplers/auto_us/M_AXI(200000000)
ERROR: [BD 41-237] Bus Interface property DATA_WIDTH does not match between /mig_7series_0/S_AXI(32) and /axi_interconnect_0/s00_couplers/auto_us/M_AXI(64)
ERROR: [BD 41-237] Bus Interface property CLK_DOMAIN does not match between /mig_7series_0/S_AXI(system_top_mig_7series_0_0_ui_clk) and /axi_interconnect_0/s00_couplers/auto_us/M_AXI(/clk_wiz_0_clk_out1)
ERROR: [Common 17-39] 'validate_bd_design' failed due to earlier errors.
update_ip_catalog -rebuild -scan_changes
INFO: [IP_Flow 19-234] Refreshing IP repositories
INFO: [IP_Flow 19-1700] Loaded user IP repository 'c:/Users/Zhangshi/Desktop/my_git/e203_zs/user_ip'.
report_ip_status -name ip_status
upgrade_ip [get_ips  system_top_e203_system_top_0_1] -log ip_upgrade.log
Upgrading 'C:/Users/Zhangshi/Desktop/my_git/e203_zs/prj/sys_top_bd/sys_top_bd.srcs/sources_1/bd/system_top/system_top.bd'
INFO: [IP_Flow 19-3422] Upgraded system_top_e203_system_top_0_1 (e203_system_top 1.0) from revision 1 to revision 3
Wrote  : <C:\Users\Zhangshi\Desktop\my_git\e203_zs\prj\sys_top_bd\sys_top_bd.srcs\sources_1\bd\system_top\system_top.bd> 
Wrote  : <C:/Users/Zhangshi/Desktop/my_git/e203_zs/prj/sys_top_bd/sys_top_bd.srcs/sources_1/bd/system_top/ui/bd_9edf8fa5.ui> 
INFO: [Coretcl 2-1525] Wrote upgrade log to 'C:/Users/Zhangshi/Desktop/my_git/e203_zs/prj/sys_top_bd/ip_upgrade.log'.
export_ip_user_files -of_objects [get_ips system_top_e203_system_top_0_1] -no_script -sync -force -quiet
generate_target all [get_files  C:/Users/Zhangshi/Desktop/my_git/e203_zs/prj/sys_top_bd/sys_top_bd.srcs/sources_1/bd/system_top/system_top.bd]
CRITICAL WARNING: [BD 41-1356] Slave segment </mig_7series_0/memmap/memaddr> is not assigned into address space </e203_system_top_0/eaxi>. Please use Address Editor to either assign or exclude it.
CRITICAL WARNING: [BD 41-967] AXI interface pin /e203_system_top_0/eaxi is not associated to any clock pin. It may not work correctly.
CRITICAL WARNING: [BD 41-1356] Slave segment </mig_7series_0/memmap/memaddr> is not assigned into address space </e203_system_top_0/eaxi>. Please use Address Editor to either assign or exclude it.
INFO: [xilinx.com:ip:clk_wiz:6.0-1] /clk_wiz_0 clk_wiz propagate
ERROR: [BD 41-237] Bus Interface property FREQ_HZ does not match between /axi_interconnect_0/s00_couplers/auto_cc/S_AXI(200000000) and /e203_system_top_0/eaxi(100000000)
ERROR: [BD 41-1031] Hdl Generation failed for the IP Integrator design C:/Users/Zhangshi/Desktop/my_git/e203_zs/prj/sys_top_bd/sys_top_bd.srcs/sources_1/bd/system_top/system_top.bd 
ERROR: [Common 17-39] 'generate_target' failed due to earlier errors.
report_ip_status -name ip_status 
set_property -dict [list CONFIG.FREQ_HZ {16000000}] [get_bd_intf_pins e203_system_top_0/eaxi]
ERROR: [BD 41-1274] Set bus interface parameter, Invalid long/float value '' specified for parameter 'Num Write Outstanding(NUM_WRITE_OUTSTANDING)' for BD Interface 'eaxi'.

ERROR: [BD 41-1274] Set bus interface parameter, Invalid long/float value '' specified for parameter 'Num Read Outstanding(NUM_READ_OUTSTANDING)' for BD Interface 'eaxi'.

ERROR: [Common 17-39] 'set_property' failed due to earlier errors.
INFO: [Common 17-17] undo 'set_property -dict [list CONFIG.FREQ_HZ {16000000}] [get_bd_intf_pins e203_system_top_0/eaxi]'
ERROR: [Common 17-39] 'set_property' failed due to earlier errors.
set_property -dict [list CONFIG.FREQ_HZ {16000000}] [get_bd_intf_pins e203_system_top_0/eaxi]
ERROR: [BD 41-1274] Set bus interface parameter, Invalid long/float value '' specified for parameter 'Num Write Outstanding(NUM_WRITE_OUTSTANDING)' for BD Interface 'eaxi'.

ERROR: [BD 41-1274] Set bus interface parameter, Invalid long/float value '' specified for parameter 'Num Read Outstanding(NUM_READ_OUTSTANDING)' for BD Interface 'eaxi'.

ERROR: [Common 17-39] 'set_property' failed due to earlier errors.
INFO: [Common 17-17] undo 'set_property -dict [list CONFIG.FREQ_HZ {16000000}] [get_bd_intf_pins e203_system_top_0/eaxi]'
ERROR: [Common 17-39] 'set_property' failed due to earlier errors.
ipx::edit_ip_in_project -upgrade true -name e203_system_top_v1_0_project -directory C:/Users/Zhangshi/Desktop/my_git/e203_zs/prj/sys_top_bd/sys_top_bd.tmp/e203_system_top_v1_0_project -use_archived_source_project true c:/Users/Zhangshi/Desktop/my_git/e203_zs/user_ip/e203_with_eaxi_ports/component.xml
ERROR: [Coretcl 2-101] Project 'c:/users/zhangshi/desktop/my_git/e203_zs/prj/sys_top_bd/sys_top_bd.tmp/e203_system_top_v1_0_project/e203_with_eaxi_ports/e203_with_eaxi_ports.xpr' is already open.
ERROR: [Ipptcl 7-1487] Archived source project corrupt: no .xpr file found. Please run without use_packaged_source_project option or repackage IP from original project.
ipx::edit_ip_in_project: Time (s): cpu = 00:00:02 ; elapsed = 00:00:07 . Memory (MB): peak = 2552.914 ; gain = 0.000
ERROR: [Common 17-39] 'ipx::edit_ip_in_project' failed due to earlier errors.
current_project e203_with_eaxi_ports
close_project
ipx::edit_ip_in_project -upgrade true -name e203_system_top_v1_0_project -directory C:/Users/Zhangshi/Desktop/my_git/e203_zs/prj/sys_top_bd/sys_top_bd.tmp/e203_system_top_v1_0_project -use_archived_source_project true c:/Users/Zhangshi/Desktop/my_git/e203_zs/user_ip/e203_with_eaxi_ports/component.xml
INFO: [ProjectBase 1-489] The host OS only allows 260 characters in a normal path. The project is stored in a path with more than 80 characters. If you experience issues with IP, Block Designs, or files not being found, please consider moving the project to a location with a shorter path. Alternately consider using the OS subst command to map part of the path to a drive letter.
Current project path is 'c:/users/zhangshi/desktop/my_git/e203_zs/prj/sys_top_bd/sys_top_bd.tmp/e203_system_top_v1_0_project/e203_with_eaxi_ports'
INFO: [Project 1-313] Project file moved from 'C:/Users/Zhangshi/Desktop/my_git/e203_zs/prj/sys_top_bd/.Xil/Vivado-19880-Lab/PrjAr/_X_' since last save.
INFO: [filemgmt 56-1] IP Repository Path: Directory not found as 'c:/users/zhangshi/desktop/my_git/user_ip/e203_with_eaxi_ports'; using path 'C:/Users/Zhangshi/Desktop/my_git/e203_zs/user_ip/e203_with_eaxi_ports' instead.
WARNING: [filemgmt 56-2] Default IP Output Path : Could not find the directory 'c:/users/zhangshi/desktop/my_git/e203_zs/prj/sys_top_bd/sys_top_bd.tmp/e203_system_top_v1_0_project/e203_with_eaxi_ports/e203_with_eaxi_ports.gen/sources_1', nor could it be found using path 'C:/Users/Zhangshi/Desktop/my_git/e203_zs/prj/sys_top_bd/.Xil/Vivado-19880-Lab/PrjAr/_X_/e203_with_eaxi_ports.gen/sources_1'.
Scanning sources...
Finished scanning sources
INFO: [IP_Flow 19-234] Refreshing IP repositories
INFO: [IP_Flow 19-1700] Loaded user IP repository 'c:/Users/Zhangshi/Desktop/my_git/e203_zs/user_ip/e203_with_eaxi_ports'.
INFO: [IP_Flow 19-2313] Loaded Vivado IP repository 'E:/Xilinx/Vivado/2020.2/data/ip'.
ERROR: [Common 17-680] Path length exceeds 260-Byte maximum allowed by Windows: c:\users\zhangshi\desktop\my_git\e203_zs\prj\sys_top_bd\sys_top_bd.tmp\e203_system_top_v1_0_project\e203_with_eaxi_ports\e203_with_eaxi_ports.gen\sources_1\ip\mig_7series_0\_tmp\/mig_7series_0/example_design/rtl/traffic_gen/mig_7series_v4_2_init_mem_pattern_ctr.v
Please consider using the OS subst command to shorten the path length by mapping part of the path to a virtual drive letter. See Answer Record AR52787 for more information.
Resolution: In Windows 7 or later, the mklink command can also be used to create a symbolic link and shorten the path.
ERROR: [IP_Flow 19-3475] Tcl error in ::ipgui_mig_7series_0::updateAllModelParams procedure for IP 'mig_7series_0'. ERROR: [Common 17-680] Path length exceeds 260-Byte maximum allowed by Windows: c:\users\zhangshi\desktop\my_git\e203_zs\prj\sys_top_bd\sys_top_bd.tmp\e203_system_top_v1_0_project\e203_with_eaxi_ports\e203_with_eaxi_ports.gen\sources_1\ip\mig_7series_0\_tmp\/mig_7series_0/example_design/rtl/traffic_gen/mig_7series_v4_2_init_mem_pattern_ctr.v
Please consider using the OS subst command to shorten the path length by mapping part of the path to a virtual drive letter. See Answer Record AR52787 for more information.
Resolution: In Windows 7 or later, the mklink command can also be used to create a symbolic link and shorten the path.

open_project: Time (s): cpu = 00:00:08 ; elapsed = 00:00:08 . Memory (MB): peak = 2552.914 ; gain = 0.000
ERROR: [Common 17-39] 'open_project' failed due to earlier errors.
ERROR: [Ipptcl 7-1487] Archived source project corrupt: no .xpr file found. Please run without use_packaged_source_project option or repackage IP from original project.
ipx::edit_ip_in_project: Time (s): cpu = 00:00:09 ; elapsed = 00:00:14 . Memory (MB): peak = 2552.914 ; gain = 0.000
ERROR: [Common 17-39] 'ipx::edit_ip_in_project' failed due to earlier errors.
update_compile_order -fileset sources_1
close_project
validate_bd_design
CRITICAL WARNING: [BD 41-1356] Slave segment </mig_7series_0/memmap/memaddr> is not assigned into address space </e203_system_top_0/eaxi>. Please use Address Editor to either assign or exclude it.
CRITICAL WARNING: [BD 41-967] AXI interface pin /e203_system_top_0/eaxi is not associated to any clock pin. It may not work correctly.
INFO: [xilinx.com:ip:clk_wiz:6.0-1] /clk_wiz_0 clk_wiz propagate
ERROR: [BD 41-237] Bus Interface property FREQ_HZ does not match between /axi_interconnect_0/s00_couplers/auto_cc/S_AXI(200000000) and /e203_system_top_0/eaxi(100000000)
ERROR: [Common 17-39] 'validate_bd_design' failed due to earlier errors.
delete_bd_objs [get_bd_nets clk_wiz_0_clk_out2]
delete_bd_objs [get_bd_nets clk_wiz_0_clk_out1]
connect_bd_net [get_bd_pins clk_wiz_0/clk_out2] [get_bd_pins e203_system_top_0/clk_16M]
connect_bd_net [get_bd_pins proc_sys_reset_0/slowest_sync_clk] [get_bd_pins clk_wiz_0/clk_out2]
connect_bd_net [get_bd_pins clk_wiz_0/clk_out1] [get_bd_pins mig_7series_0/clk_ref_i]
connect_bd_net [get_bd_pins mig_7series_0/sys_clk_i] [get_bd_pins clk_wiz_0/clk_out1]
validate_bd_design
ERROR: [BD 41-758] The following clock pins are not connected to a valid clock source: 
/axi_interconnect_0/ACLK
/axi_interconnect_0/S00_ACLK

ERROR: [Common 17-39] 'validate_bd_design' failed due to earlier errors.
connect_bd_net [get_bd_pins axi_interconnect_0/S00_ACLK] [get_bd_pins axi_interconnect_0/ACLK] -boundary_type upper
connect_bd_net [get_bd_pins clk_wiz_0/clk_out2] [get_bd_pins axi_interconnect_0/S00_ACLK]
validate_bd_design
CRITICAL WARNING: [BD 41-1356] Slave segment </mig_7series_0/memmap/memaddr> is not assigned into address space </e203_system_top_0/eaxi>. Please use Address Editor to either assign or exclude it.
CRITICAL WARNING: [BD 41-967] AXI interface pin /e203_system_top_0/eaxi is not associated to any clock pin. It may not work correctly.
INFO: [xilinx.com:ip:clk_wiz:6.0-1] /clk_wiz_0 clk_wiz propagate
ERROR: [BD 41-237] Bus Interface property FREQ_HZ does not match between /axi_interconnect_0/s00_couplers/auto_cc/S_AXI(16000000) and /e203_system_top_0/eaxi(100000000)
ERROR: [Common 17-39] 'validate_bd_design' failed due to earlier errors.
set_property CONFIG.FREQ_HZ 16000000 [get_bd_intf_pins /e203_system_top_0/eaxi]
ERROR: [BD 41-1274] Set bus interface parameter, Invalid long/float value '' specified for parameter 'Num Write Outstanding(NUM_WRITE_OUTSTANDING)' for BD Interface 'eaxi'.

ERROR: [BD 41-1274] Set bus interface parameter, Invalid long/float value '' specified for parameter 'Num Read Outstanding(NUM_READ_OUTSTANDING)' for BD Interface 'eaxi'.

ERROR: [Common 17-39] 'set_property' failed due to earlier errors.
validate_bd_design
CRITICAL WARNING: [BD 41-1356] Slave segment </mig_7series_0/memmap/memaddr> is not assigned into address space </e203_system_top_0/eaxi>. Please use Address Editor to either assign or exclude it.
CRITICAL WARNING: [BD 41-967] AXI interface pin /e203_system_top_0/eaxi is not associated to any clock pin. It may not work correctly.
INFO: [xilinx.com:ip:clk_wiz:6.0-1] /clk_wiz_0 clk_wiz propagate
ERROR: [BD 41-237] Bus Interface property FREQ_HZ does not match between /axi_interconnect_0/s00_couplers/auto_cc/S_AXI(16000000) and /e203_system_top_0/eaxi(100000000)
ERROR: [Common 17-39] 'validate_bd_design' failed due to earlier errors.
set_property CONFIG.FREQ_HZ 16000000 [get_bd_intf_pins /e203_system_top_0/eaxi]
ERROR: [BD 41-1274] Set bus interface parameter, Invalid long/float value '' specified for parameter 'Num Write Outstanding(NUM_WRITE_OUTSTANDING)' for BD Interface 'eaxi'.

ERROR: [BD 41-1274] Set bus interface parameter, Invalid long/float value '' specified for parameter 'Num Read Outstanding(NUM_READ_OUTSTANDING)' for BD Interface 'eaxi'.

ERROR: [Common 17-39] 'set_property' failed due to earlier errors.
set_property CONFIG.FREQ_HZ 16000000 [get_bd_intf_pins /e203_system_top_0/eaxi]
ERROR: [BD 41-1274] Set bus interface parameter, Invalid long/float value '' specified for parameter 'Num Write Outstanding(NUM_WRITE_OUTSTANDING)' for BD Interface 'eaxi'.

ERROR: [BD 41-1274] Set bus interface parameter, Invalid long/float value '' specified for parameter 'Num Read Outstanding(NUM_READ_OUTSTANDING)' for BD Interface 'eaxi'.

ERROR: [Common 17-39] 'set_property' failed due to earlier errors.
set_property -dict [list CONFIG.FREQ_HZ {16000000}] [get_bd_intf_pins e203_system_top_0/eaxi]
ERROR: [BD 41-1274] Set bus interface parameter, Invalid long/float value '' specified for parameter 'Num Write Outstanding(NUM_WRITE_OUTSTANDING)' for BD Interface 'eaxi'.

ERROR: [BD 41-1274] Set bus interface parameter, Invalid long/float value '' specified for parameter 'Num Read Outstanding(NUM_READ_OUTSTANDING)' for BD Interface 'eaxi'.

ERROR: [Common 17-39] 'set_property' failed due to earlier errors.
INFO: [Common 17-17] undo 'set_property -dict [list CONFIG.FREQ_HZ {16000000}] [get_bd_intf_pins e203_system_top_0/eaxi]'
ERROR: [Common 17-39] 'set_property' failed due to earlier errors.
report_ip_status -name ip_status 
ipx::edit_ip_in_project -upgrade true -name e203_system_top_v1_0_project -directory C:/Users/Zhangshi/Desktop/my_git/e203_zs/prj/sys_top_bd/sys_top_bd.tmp/e203_system_top_v1_0_project -use_archived_source_project true c:/Users/Zhangshi/Desktop/my_git/e203_zs/user_ip/e203_with_eaxi_ports/component.xml
INFO: [ProjectBase 1-489] The host OS only allows 260 characters in a normal path. The project is stored in a path with more than 80 characters. If you experience issues with IP, Block Designs, or files not being found, please consider moving the project to a location with a shorter path. Alternately consider using the OS subst command to map part of the path to a drive letter.
Current project path is 'c:/users/zhangshi/desktop/my_git/e203_zs/prj/sys_top_bd/sys_top_bd.tmp/e203_system_top_v1_0_project/e203_with_eaxi_ports'
INFO: [Project 1-313] Project file moved from 'C:/Users/Zhangshi/Desktop/my_git/e203_zs/prj/sys_top_bd/.Xil/Vivado-19880-Lab/PrjAr/_X_' since last save.
INFO: [filemgmt 56-1] IP Repository Path: Directory not found as 'c:/users/zhangshi/desktop/my_git/user_ip/e203_with_eaxi_ports'; using path 'C:/Users/Zhangshi/Desktop/my_git/e203_zs/user_ip/e203_with_eaxi_ports' instead.
WARNING: [filemgmt 56-2] Default IP Output Path : Could not find the directory 'c:/users/zhangshi/desktop/my_git/e203_zs/prj/sys_top_bd/sys_top_bd.tmp/e203_system_top_v1_0_project/e203_with_eaxi_ports/e203_with_eaxi_ports.gen/sources_1', nor could it be found using path 'C:/Users/Zhangshi/Desktop/my_git/e203_zs/prj/sys_top_bd/.Xil/Vivado-19880-Lab/PrjAr/_X_/e203_with_eaxi_ports.gen/sources_1'.
Scanning sources...
Finished scanning sources
INFO: [IP_Flow 19-234] Refreshing IP repositories
INFO: [IP_Flow 19-1700] Loaded user IP repository 'c:/Users/Zhangshi/Desktop/my_git/e203_zs/user_ip/e203_with_eaxi_ports'.
INFO: [IP_Flow 19-2313] Loaded Vivado IP repository 'E:/Xilinx/Vivado/2020.2/data/ip'.
ERROR: [Common 17-680] Path length exceeds 260-Byte maximum allowed by Windows: c:\users\zhangshi\desktop\my_git\e203_zs\prj\sys_top_bd\sys_top_bd.tmp\e203_system_top_v1_0_project\e203_with_eaxi_ports\e203_with_eaxi_ports.gen\sources_1\ip\mig_7series_0\_tmp\/mig_7series_0/example_design/rtl/traffic_gen/mig_7series_v4_2_init_mem_pattern_ctr.v
Please consider using the OS subst command to shorten the path length by mapping part of the path to a virtual drive letter. See Answer Record AR52787 for more information.
Resolution: In Windows 7 or later, the mklink command can also be used to create a symbolic link and shorten the path.
ERROR: [IP_Flow 19-3475] Tcl error in ::ipgui_mig_7series_0::updateAllModelParams procedure for IP 'mig_7series_0'. ERROR: [Common 17-680] Path length exceeds 260-Byte maximum allowed by Windows: c:\users\zhangshi\desktop\my_git\e203_zs\prj\sys_top_bd\sys_top_bd.tmp\e203_system_top_v1_0_project\e203_with_eaxi_ports\e203_with_eaxi_ports.gen\sources_1\ip\mig_7series_0\_tmp\/mig_7series_0/example_design/rtl/traffic_gen/mig_7series_v4_2_init_mem_pattern_ctr.v
Please consider using the OS subst command to shorten the path length by mapping part of the path to a virtual drive letter. See Answer Record AR52787 for more information.
Resolution: In Windows 7 or later, the mklink command can also be used to create a symbolic link and shorten the path.

open_project: Time (s): cpu = 00:00:08 ; elapsed = 00:00:08 . Memory (MB): peak = 2572.074 ; gain = 19.160
ERROR: [Common 17-39] 'open_project' failed due to earlier errors.
ERROR: [Ipptcl 7-1487] Archived source project corrupt: no .xpr file found. Please run without use_packaged_source_project option or repackage IP from original project.
ipx::edit_ip_in_project: Time (s): cpu = 00:00:10 ; elapsed = 00:00:15 . Memory (MB): peak = 2572.074 ; gain = 19.160
ERROR: [Common 17-39] 'ipx::edit_ip_in_project' failed due to earlier errors.
update_compile_order -fileset sources_1
close_project
save_bd_design
Wrote  : <C:\Users\Zhangshi\Desktop\my_git\e203_zs\prj\sys_top_bd\sys_top_bd.srcs\sources_1\bd\system_top\system_top.bd> 
Wrote  : <C:/Users/Zhangshi/Desktop/my_git/e203_zs/prj/sys_top_bd/sys_top_bd.srcs/sources_1/bd/system_top/ui/bd_9edf8fa5.ui> 
exit
INFO: [Common 17-206] Exiting Vivado at Tue Feb  4 14:30:35 2025...
