#-----------------------------------------------------------
# Vivado v2020.2 (64-bit)
# SW Build 3064766 on Wed Nov 18 09:12:45 MST 2020
# IP Build 3064653 on Wed Nov 18 14:17:31 MST 2020
# Start of session at: Tue Feb  4 14:30:41 2025
# Process ID: 3008
# Current directory: C:/Users/Zhangshi/Desktop/my_git/e203_zs/prj/sys_top_bd
# Command line: vivado.exe -gui_launcher_event rodinguilauncherevent34220 C:\Users\Zhangshi\Desktop\my_git\e203_zs\prj\sys_top_bd\sys_top_bd.xpr
# Log file: C:/Users/Zhangshi/Desktop/my_git/e203_zs/prj/sys_top_bd/vivado.log
# Journal file: C:/Users/Zhangshi/Desktop/my_git/e203_zs/prj/sys_top_bd\vivado.jou
#-----------------------------------------------------------
start_gui
open_project C:/Users/Zhangshi/Desktop/my_git/e203_zs/prj/sys_top_bd/sys_top_bd.xpr
Scanning sources...
Finished scanning sources
INFO: [IP_Flow 19-234] Refreshing IP repositories
INFO: [IP_Flow 19-1700] Loaded user IP repository 'c:/Users/Zhangshi/Desktop/my_git/e203_zs/user_ip'.
INFO: [IP_Flow 19-2313] Loaded Vivado IP repository 'E:/Xilinx/Vivado/2020.2/data/ip'.
open_project: Time (s): cpu = 00:00:10 ; elapsed = 00:00:05 . Memory (MB): peak = 1142.012 ; gain = 0.000
update_compile_order -fileset sources_1
open_bd_design {C:/Users/Zhangshi/Desktop/my_git/e203_zs/prj/sys_top_bd/sys_top_bd.srcs/sources_1/bd/system_top/system_top.bd}
Reading block design file <C:/Users/Zhangshi/Desktop/my_git/e203_zs/prj/sys_top_bd/sys_top_bd.srcs/sources_1/bd/system_top/system_top.bd>...
Adding component instance block -- xilinx.com:ip:axi_interconnect:2.1 - axi_interconnect_0
Adding component instance block -- xilinx.com:ip:axi_clock_converter:2.1 - auto_cc
Adding component instance block -- xilinx.com:ip:axi_protocol_converter:2.1 - auto_pc
Adding component instance block -- xilinx.com:ip:mig_7series:4.2 - mig_7series_0
Adding component instance block -- xilinx.com:ip:clk_wiz:6.0 - clk_wiz_0
Adding component instance block -- xilinx.com:ip:proc_sys_reset:5.0 - proc_sys_reset_1
Adding component instance block -- xilinx.com:ip:proc_sys_reset:5.0 - proc_sys_reset_0
Adding component instance block -- xilinx.com:user:e203_system_top:1.0 - e203_system_top_0
Successfully read diagram <system_top> from block design file <C:/Users/Zhangshi/Desktop/my_git/e203_zs/prj/sys_top_bd/sys_top_bd.srcs/sources_1/bd/system_top/system_top.bd>
set_property CONFIG.FREQ_HZ 16000000 [get_bd_intf_pins /e203_system_top_0/eaxi]
ERROR: [BD 41-1274] Set bus interface parameter, Invalid long/float value '' specified for parameter 'Num Read Outstanding(NUM_READ_OUTSTANDING)' for BD Interface 'eaxi'.

ERROR: [BD 41-1274] Set bus interface parameter, Invalid long/float value '' specified for parameter 'Num Write Outstanding(NUM_WRITE_OUTSTANDING)' for BD Interface 'eaxi'.

ERROR: [Common 17-39] 'set_property' failed due to earlier errors.
ipx::edit_ip_in_project -upgrade true -name temp -directory C:/Users/Zhangshi/Desktop/my_git/e203_zs/prj/sys_top_bd/sys_top_bd.tmp/temp -use_archived_source_project true c:/Users/Zhangshi/Desktop/my_git/e203_zs/user_ip/e203_with_eaxi_ports/component.xml
INFO: [ProjectBase 1-489] The host OS only allows 260 characters in a normal path. The project is stored in a path with more than 80 characters. If you experience issues with IP, Block Designs, or files not being found, please consider moving the project to a location with a shorter path. Alternately consider using the OS subst command to map part of the path to a drive letter.
Current project path is 'c:/users/zhangshi/desktop/my_git/e203_zs/prj/sys_top_bd/sys_top_bd.tmp/temp/e203_with_eaxi_ports'
INFO: [Project 1-313] Project file moved from 'C:/Users/Zhangshi/Desktop/my_git/e203_zs/prj/sys_top_bd/.Xil/Vivado-19880-Lab/PrjAr/_X_' since last save.
INFO: [filemgmt 56-1] IP Repository Path: Directory not found as 'c:/users/zhangshi/desktop/my_git/user_ip/e203_with_eaxi_ports'; using path 'C:/Users/Zhangshi/Desktop/my_git/e203_zs/user_ip/e203_with_eaxi_ports' instead.
WARNING: [filemgmt 56-2] Default IP Output Path : Could not find the directory 'c:/users/zhangshi/desktop/my_git/e203_zs/prj/sys_top_bd/sys_top_bd.tmp/temp/e203_with_eaxi_ports/e203_with_eaxi_ports.gen/sources_1', nor could it be found using path 'C:/Users/Zhangshi/Desktop/my_git/e203_zs/prj/sys_top_bd/.Xil/Vivado-19880-Lab/PrjAr/_X_/e203_with_eaxi_ports.gen/sources_1'.
Scanning sources...
Finished scanning sources
INFO: [IP_Flow 19-234] Refreshing IP repositories
INFO: [IP_Flow 19-1700] Loaded user IP repository 'c:/Users/Zhangshi/Desktop/my_git/e203_zs/user_ip/e203_with_eaxi_ports'.
INFO: [IP_Flow 19-2313] Loaded Vivado IP repository 'E:/Xilinx/Vivado/2020.2/data/ip'.
open_project: Time (s): cpu = 00:00:14 ; elapsed = 00:00:11 . Memory (MB): peak = 1557.031 ; gain = 260.430
INFO: [IP_Flow 19-795] Syncing license key meta-data
ipx::edit_ip_in_project: Time (s): cpu = 00:00:18 ; elapsed = 00:00:19 . Memory (MB): peak = 1591.125 ; gain = 294.535
update_compile_order -fileset sources_1
ipx::remove_bus_parameter NUM_READ_OUTSTANDING [ipx::get_bus_interfaces eaxi -of_objects [ipx::current_core]]
ipx::remove_bus_parameter NUM_WRITE_OUTSTANDING [ipx::get_bus_interfaces eaxi -of_objects [ipx::current_core]]
set_property core_revision 4 [ipx::current_core]
ipx::update_source_project_archive -component [ipx::current_core] -include
INFO: [Coretcl 2-137] starting archive...
INFO: [Coretcl 2-1499] Saving project copy to temporary location 'C:/Users/Zhangshi/Desktop/my_git/e203_zs/prj/sys_top_bd/.Xil/Vivado-3008-Lab' for archiving project
INFO: [ProjectBase 1-489] The host OS only allows 260 characters in a normal path. The project is stored in a path with more than 80 characters. If you experience issues with IP, Block Designs, or files not being found, please consider moving the project to a location with a shorter path. Alternately consider using the OS subst command to map part of the path to a drive letter.
Current project path is 'c:/users/zhangshi/desktop/my_git/e203_zs/prj/sys_top_bd/sys_top_bd.tmp/temp/e203_with_eaxi_ports'
Scanning sources...
Finished scanning sources
INFO: [IP_Flow 19-234] Refreshing IP repositories
INFO: [IP_Flow 19-1700] Loaded user IP repository 'c:/Users/Zhangshi/Desktop/my_git/e203_zs/user_ip/e203_with_eaxi_ports'.
INFO: [IP_Flow 19-2313] Loaded Vivado IP repository 'E:/Xilinx/Vivado/2020.2/data/ip'.
INFO: [Coretcl 2-1211] Creating project copy for archival...
INFO: [ProjectBase 1-495] The host OS only allows 260 characters in a normal path. The project is stored in a path with more than 80 characters. If you experience any problem with archiving the project, please consider setting environment variable $TEMP to a shorter path.
Current project path is 'C:/Users/Zhangshi/Desktop/my_git/e203_zs/prj/sys_top_bd/.Xil/Vivado-3008-Lab/PrjAr/_X_'.
INFO: [Coretcl 2-1213] Including run results for 'synth_1'
INFO: [Coretcl 2-1213] Including run results for 'reset_sys_synth_1'
INFO: [Coretcl 2-1213] Including run results for 'mmcm_synth_1'
INFO: [Coretcl 2-1213] Including run results for 'impl_1'
INFO: [Coretcl 2-133] re-setting run 'reset_sys_impl_1'...
INFO: [Coretcl 2-133] re-setting run 'mmcm_impl_1'...
INFO: [Coretcl 2-1212] Importing remotely added design sources and verilog include files (if any)...
INFO: [filemgmt 20-334] All file(s) are already imported in fileset: 'mmcm'
INFO: [filemgmt 20-348] Importing the appropriate files for fileset: 'mmcm'
INFO: [filemgmt 20-334] All file(s) are already imported in fileset: 'reset_sys'
INFO: [filemgmt 20-348] Importing the appropriate files for fileset: 'reset_sys'
INFO: [filemgmt 20-334] All file(s) are already imported in fileset: 'constrs_1'
INFO: [filemgmt 20-348] Importing the appropriate files for fileset: 'constrs_1'
INFO: [filemgmt 20-348] Importing the appropriate files for fileset: 'sources_1'
INFO: [Coretcl 2-1209] Adding archive summary file to the project...
INFO: [Coretcl 2-1214] Preparing project files for archive...
INFO: [Coretcl 2-1210] Compressing project files and data...
INFO: [Coretcl 2-1215] Project archived (c:/users/zhangshi/desktop/my_git/e203_zs/prj/sys_top_bd/sys_top_bd.tmp/temp/e203_with_eaxi_ports/e203_with_eaxi_ports.srcs/sources_1/ip_project_archive.zip)
INFO: [Coretcl 2-1216] To view the archive summary log in GUI, double click on 'Design Sources->Text->archive_project_summary.txt', or open this file from the archived project directory.
archive_project: Time (s): cpu = 00:00:12 ; elapsed = 00:00:18 . Memory (MB): peak = 1823.254 ; gain = 127.309
ipx::update_source_project_archive: Time (s): cpu = 00:00:12 ; elapsed = 00:00:18 . Memory (MB): peak = 1823.254 ; gain = 127.309
ipx::create_xgui_files [ipx::current_core]
ipx::update_checksums [ipx::current_core]
ipx::check_integrity [ipx::current_core]
WARNING: [IP_Flow 19-5905] All packaged files should be located below the IP definition file (xml)
WARNING: [IP_Flow 19-3158] Bus Interface 'eaxi': FREQ_HZ bus parameter missing from AXI interface when interface is not associated to a clock.
WARNING: [IP_Flow 19-991] Unrecognized or unsupported file 'src/mig_b.prj' found in file group 'Synthesis'.
Resolution: Remove the file from the specified file group.
WARNING: [IP_Flow 19-4816] The Synthesis file group has two include files that have the same base name. It is not guaranteed which of these two files will be picked up during synthesis/simulation:   imports/e203_zs/rtl/e203/perips/apb_i2c/i2c_master_defines.v
  src/i2c_master_defines.v
WARNING: [IP_Flow 19-4816] The Synthesis file group has two include files that have the same base name. It is not guaranteed which of these two files will be picked up during synthesis/simulation:   imports/e203_zs/rtl/e203/core/e203_defines.v
  src/e203_defines.v
WARNING: [IP_Flow 19-4816] The Synthesis file group has two include files that have the same base name. It is not guaranteed which of these two files will be picked up during synthesis/simulation:   imports/e203_zs/rtl/e203/core/config.v
  src/config.v
WARNING: [IP_Flow 19-991] Unrecognized or unsupported file 'imports/ip/mig_7series_0/mig_b.prj' found in file group 'Synthesis'.
Resolution: Remove the file from the specified file group.
WARNING: [IP_Flow 19-991] Unrecognized or unsupported file 'ip/mig_7series_0/mig_b.prj' found in file group 'Synthesis'.
Resolution: Remove the file from the specified file group.
WARNING: [IP_Flow 19-4816] The Simulation file group has two include files that have the same base name. It is not guaranteed which of these two files will be picked up during synthesis/simulation:   imports/e203_zs/rtl/e203/perips/apb_i2c/i2c_master_defines.v
  src/i2c_master_defines.v
WARNING: [IP_Flow 19-4816] The Simulation file group has two include files that have the same base name. It is not guaranteed which of these two files will be picked up during synthesis/simulation:   imports/e203_zs/rtl/e203/core/e203_defines.v
  src/e203_defines.v
WARNING: [IP_Flow 19-4816] The Simulation file group has two include files that have the same base name. It is not guaranteed which of these two files will be picked up during synthesis/simulation:   imports/e203_zs/rtl/e203/core/config.v
  src/config.v
INFO: [IP_Flow 19-2181] Payment Required is not set for this core.
INFO: [IP_Flow 19-2187] The Product Guide file is missing.
INFO: [Ipptcl 7-1486] check_integrity: Integrity check passed.
ipx::save_core [ipx::current_core]
ipx::check_integrity -quiet [ipx::current_core]
ipx::archive_core {c:\users\zhangshi\desktop\my_git\e203_zs\prj\sys_top_bd\sys_top_bd.tmp\temp\e203_with_eaxi_ports\e203_with_eaxi_ports.srcs\sources_1\xilinx.com_user_e203_system_top_1.0.zip} [ipx::current_core]
CRITICAL WARNING: [IP_Flow 19-5330] Component Referenced File 'c:/users/zhangshi/desktop/my_git/e203_zs/prj/sys_top_bd/sys_top_bd.tmp/temp/e203_with_eaxi_ports/e203_with_eaxi_ports.srcs/constrs_1/imports/constrs/nuclei-master.xdc' is outside of Component Directory: cannot archive the component.
close_project
report_ip_status -name ip_status 
set_property -dict [list CONFIG.FREQ_HZ {16000000}] [get_bd_intf_pins e203_system_top_0/eaxi]
ERROR: [BD 41-1274] Set bus interface parameter, Invalid long/float value '' specified for parameter 'Num Read Outstanding(NUM_READ_OUTSTANDING)' for BD Interface 'eaxi'.

ERROR: [BD 41-1274] Set bus interface parameter, Invalid long/float value '' specified for parameter 'Num Write Outstanding(NUM_WRITE_OUTSTANDING)' for BD Interface 'eaxi'.

ERROR: [Common 17-39] 'set_property' failed due to earlier errors.
INFO: [Common 17-17] undo 'set_property -dict [list CONFIG.FREQ_HZ {16000000}] [get_bd_intf_pins e203_system_top_0/eaxi]'
ERROR: [Common 17-39] 'set_property' failed due to earlier errors.
delete_bd_objs [get_bd_intf_nets e203_system_top_0_eaxi] [get_bd_nets CLK32768KHZ_0_1] [get_bd_nets fpga_rst_0_1] [get_bd_nets mcu_rst_0_1] [get_bd_cells e203_system_top_0]
undo
INFO: [Common 17-17] undo 'delete_bd_objs [get_bd_intf_nets e203_system_top_0_eaxi] [get_bd_nets CLK32768KHZ_0_1] [get_bd_nets fpga_rst_0_1] [get_bd_nets mcu_rst_0_1] [get_bd_cells e203_system_top_0]'
report_ip_status -name ip_status 
delete_bd_objs [get_bd_intf_nets e203_system_top_0_eaxi] [get_bd_nets CLK32768KHZ_0_1] [get_bd_nets fpga_rst_0_1] [get_bd_nets mcu_rst_0_1] [get_bd_cells e203_system_top_0]
report_ip_status -name ip_status 
startgroup
create_bd_cell -type ip -vlnv xilinx.com:user:e203_system_top:1.0 e203_system_top_0
endgroup
set_property location {3 133 41} [get_bd_cells e203_system_top_0]
connect_bd_intf_net [get_bd_intf_pins e203_system_top_0/eaxi] -boundary_type upper [get_bd_intf_pins axi_interconnect_0/S00_AXI]
connect_bd_net [get_bd_pins clk_wiz_0/clk_out2] [get_bd_pins e203_system_top_0/clk_16M]
connect_bd_net [get_bd_ports fpga_rst] [get_bd_pins e203_system_top_0/fpga_rst]
connect_bd_net [get_bd_ports mcu_rst] [get_bd_pins e203_system_top_0/mcu_rst]
connect_bd_net [get_bd_ports CLK32768KHZ] [get_bd_pins e203_system_top_0/CLK32768KHZ]
connect_bd_net [get_bd_pins e203_system_top_0/ck_rst] [get_bd_pins clk_wiz_0/resetn]
validate_bd_design
CRITICAL WARNING: [BD 41-1356] Slave segment </mig_7series_0/memmap/memaddr> is not assigned into address space </e203_system_top_0/eaxi>. Please use Address Editor to either assign or exclude it.
CRITICAL WARNING: [BD 41-967] AXI interface pin /e203_system_top_0/eaxi is not associated to any clock pin. It may not work correctly.
INFO: [xilinx.com:ip:clk_wiz:6.0-1] /clk_wiz_0 clk_wiz propagate
ERROR: [BD 41-237] Bus Interface property FREQ_HZ does not match between /axi_interconnect_0/s00_couplers/auto_cc/S_AXI(16000000) and /e203_system_top_0/eaxi(100000000)
ERROR: [Common 17-39] 'validate_bd_design' failed due to earlier errors.
set_property CONFIG.FREQ_HZ 16000000 [get_bd_intf_pins /e203_system_top_0/eaxi]
ERROR: [BD 41-1274] Set bus interface parameter, Invalid long/float value '' specified for parameter 'Num Read Outstanding(NUM_READ_OUTSTANDING)' for BD Interface 'eaxi'.

ERROR: [BD 41-1274] Set bus interface parameter, Invalid long/float value '' specified for parameter 'Num Write Outstanding(NUM_WRITE_OUTSTANDING)' for BD Interface 'eaxi'.

ERROR: [Common 17-39] 'set_property' failed due to earlier errors.
report_ip_status -name ip_status 
assign_bd_address -target_address_space /e203_system_top_0/eaxi [get_bd_addr_segs mig_7series_0/memmap/memaddr] -force
Slave segment '/mig_7series_0/memmap/memaddr' is being assigned into address space '/e203_system_top_0/eaxi' at <0x8000_0000 [ 512M ]>.
set_property range 1G [get_bd_addr_segs {e203_system_top_0/eaxi/SEG_mig_7series_0_memaddr}]
set_property range 2G [get_bd_addr_segs {e203_system_top_0/eaxi/SEG_mig_7series_0_memaddr}]
ipx::edit_ip_in_project -upgrade true -name e203_system_top_v1_0_project -directory C:/Users/Zhangshi/Desktop/my_git/e203_zs/prj/sys_top_bd/sys_top_bd.tmp/e203_system_top_v1_0_project -use_archived_source_project true c:/Users/Zhangshi/Desktop/my_git/e203_zs/user_ip/e203_with_eaxi_ports/component.xml
INFO: [ProjectBase 1-489] The host OS only allows 260 characters in a normal path. The project is stored in a path with more than 80 characters. If you experience issues with IP, Block Designs, or files not being found, please consider moving the project to a location with a shorter path. Alternately consider using the OS subst command to map part of the path to a drive letter.
Current project path is 'c:/users/zhangshi/desktop/my_git/e203_zs/prj/sys_top_bd/sys_top_bd.tmp/e203_system_top_v1_0_project/e203_with_eaxi_ports'
INFO: [Project 1-313] Project file moved from 'C:/Users/Zhangshi/Desktop/my_git/e203_zs/prj/sys_top_bd/.Xil/Vivado-19880-Lab/PrjAr/_X_' since last save.
INFO: [filemgmt 56-1] IP Repository Path: Directory not found as 'c:/users/zhangshi/desktop/my_git/user_ip/e203_with_eaxi_ports'; using path 'C:/Users/Zhangshi/Desktop/my_git/e203_zs/user_ip/e203_with_eaxi_ports' instead.
WARNING: [filemgmt 56-2] Default IP Output Path : Could not find the directory 'c:/users/zhangshi/desktop/my_git/e203_zs/prj/sys_top_bd/sys_top_bd.tmp/e203_system_top_v1_0_project/e203_with_eaxi_ports/e203_with_eaxi_ports.gen/sources_1', nor could it be found using path 'C:/Users/Zhangshi/Desktop/my_git/e203_zs/prj/sys_top_bd/.Xil/Vivado-19880-Lab/PrjAr/_X_/e203_with_eaxi_ports.gen/sources_1'.
Scanning sources...
Finished scanning sources
INFO: [IP_Flow 19-234] Refreshing IP repositories
INFO: [IP_Flow 19-1700] Loaded user IP repository 'c:/Users/Zhangshi/Desktop/my_git/e203_zs/user_ip/e203_with_eaxi_ports'.
INFO: [IP_Flow 19-2313] Loaded Vivado IP repository 'E:/Xilinx/Vivado/2020.2/data/ip'.
ERROR: [Common 17-680] Path length exceeds 260-Byte maximum allowed by Windows: c:\users\zhangshi\desktop\my_git\e203_zs\prj\sys_top_bd\sys_top_bd.tmp\e203_system_top_v1_0_project\e203_with_eaxi_ports\e203_with_eaxi_ports.gen\sources_1\ip\mig_7series_0\_tmp\/mig_7series_0/example_design/rtl/traffic_gen/mig_7series_v4_2_init_mem_pattern_ctr.v
Please consider using the OS subst command to shorten the path length by mapping part of the path to a virtual drive letter. See Answer Record AR52787 for more information.
Resolution: In Windows 7 or later, the mklink command can also be used to create a symbolic link and shorten the path.
ERROR: [IP_Flow 19-3475] Tcl error in ::ipgui_mig_7series_0::updateAllModelParams procedure for IP 'mig_7series_0'. ERROR: [Common 17-680] Path length exceeds 260-Byte maximum allowed by Windows: c:\users\zhangshi\desktop\my_git\e203_zs\prj\sys_top_bd\sys_top_bd.tmp\e203_system_top_v1_0_project\e203_with_eaxi_ports\e203_with_eaxi_ports.gen\sources_1\ip\mig_7series_0\_tmp\/mig_7series_0/example_design/rtl/traffic_gen/mig_7series_v4_2_init_mem_pattern_ctr.v
Please consider using the OS subst command to shorten the path length by mapping part of the path to a virtual drive letter. See Answer Record AR52787 for more information.
Resolution: In Windows 7 or later, the mklink command can also be used to create a symbolic link and shorten the path.

open_project: Time (s): cpu = 00:00:08 ; elapsed = 00:00:07 . Memory (MB): peak = 1880.566 ; gain = 31.996
ERROR: [Common 17-39] 'open_project' failed due to earlier errors.
ERROR: [Ipptcl 7-1487] Archived source project corrupt: no .xpr file found. Please run without use_packaged_source_project option or repackage IP from original project.
ipx::edit_ip_in_project: Time (s): cpu = 00:00:10 ; elapsed = 00:00:14 . Memory (MB): peak = 1880.566 ; gain = 31.996
ERROR: [Common 17-39] 'ipx::edit_ip_in_project' failed due to earlier errors.
update_compile_order -fileset sources_1
close_project
update_ip_catalog -rebuild
INFO: [IP_Flow 19-234] Refreshing IP repositories
INFO: [IP_Flow 19-1700] Loaded user IP repository 'c:/Users/Zhangshi/Desktop/my_git/e203_zs/user_ip'.
update_ip_catalog -rebuild
INFO: [IP_Flow 19-234] Refreshing IP repositories
INFO: [IP_Flow 19-1700] Loaded user IP repository 'c:/Users/Zhangshi/Desktop/my_git/e203_zs/user_ip'.
update_ip_catalog -rebuild
INFO: [IP_Flow 19-234] Refreshing IP repositories
INFO: [IP_Flow 19-1700] Loaded user IP repository 'c:/Users/Zhangshi/Desktop/my_git/e203_zs/user_ip'.
update_ip_catalog -rebuild
INFO: [IP_Flow 19-234] Refreshing IP repositories
INFO: [IP_Flow 19-1700] Loaded user IP repository 'c:/Users/Zhangshi/Desktop/my_git/e203_zs/user_ip'.
save_bd_design
Wrote  : <C:\Users\Zhangshi\Desktop\my_git\e203_zs\prj\sys_top_bd\sys_top_bd.srcs\sources_1\bd\system_top\system_top.bd> 
Wrote  : <C:/Users/Zhangshi/Desktop/my_git/e203_zs/prj/sys_top_bd/sys_top_bd.srcs/sources_1/bd/system_top/ui/bd_9edf8fa5.ui> 
set_property CONFIG.FREQ_HZ 16000000 [get_bd_intf_pins /e203_system_top_0/eaxi]
ERROR: [BD 41-1274] Set bus interface parameter, Invalid long/float value '' specified for parameter 'Num Read Outstanding(NUM_READ_OUTSTANDING)' for BD Interface 'eaxi'.

ERROR: [BD 41-1274] Set bus interface parameter, Invalid long/float value '' specified for parameter 'Num Write Outstanding(NUM_WRITE_OUTSTANDING)' for BD Interface 'eaxi'.

ERROR: [Common 17-39] 'set_property' failed due to earlier errors.
set_property -dict [list CONFIG.NUM_WRITE_OUTSTANDING {16} CONFIG.NUM_READ_OUTSTANDING {16}] [get_bd_intf_pins e203_system_top_0/eaxi]
CRITICAL WARNING: [BD 41-737] Cannot set the parameter NUM_WRITE_OUTSTANDING on /e203_system_top_0/eaxi. It is read-only.
CRITICAL WARNING: [BD 41-737] Cannot set the parameter NUM_READ_OUTSTANDING on /e203_system_top_0/eaxi. It is read-only.
validate_bd_design
CRITICAL WARNING: [BD 41-967] AXI interface pin /e203_system_top_0/eaxi is not associated to any clock pin. It may not work correctly.
INFO: [xilinx.com:ip:clk_wiz:6.0-1] /clk_wiz_0 clk_wiz propagate
ERROR: [BD 41-237] Bus Interface property FREQ_HZ does not match between /axi_interconnect_0/s00_couplers/auto_cc/S_AXI(16000000) and /e203_system_top_0/eaxi(100000000)
ERROR: [Common 17-39] 'validate_bd_design' failed due to earlier errors.
set_property CONFIG.FREQ_HZ 16000000 [get_bd_intf_pins /e203_system_top_0/eaxi]
ERROR: [BD 41-1274] Set bus interface parameter, Invalid long/float value '' specified for parameter 'Num Read Outstanding(NUM_READ_OUTSTANDING)' for BD Interface 'eaxi'.

ERROR: [BD 41-1274] Set bus interface parameter, Invalid long/float value '' specified for parameter 'Num Write Outstanding(NUM_WRITE_OUTSTANDING)' for BD Interface 'eaxi'.

ERROR: [Common 17-39] 'set_property' failed due to earlier errors.
update_ip_catalog -rebuild
INFO: [IP_Flow 19-234] Refreshing IP repositories
INFO: [IP_Flow 19-1700] Loaded user IP repository 'c:/Users/Zhangshi/Desktop/my_git/e203_zs/user_ip'.
startgroup
create_bd_cell -type ip -vlnv xilinx.com:user:system_top:1.0 system_top_0
WARNING: [IP_Flow 19-2162] IP 'system_top_system_top_0_0' is locked:
* IP definition 'system_top_v1_0 (1.0)' for IP 'system_top_system_top_0_0' has been replaced in the IP Catalog by 'e203_system_top (1.0)'.
ERROR: [IP_Flow 19-2322] Failed to set user parameter 'eaxi.ADDR_WIDTH' value '32' for IP 'system_top_0'.
ERROR: [Common 17-39] 'create_bd_cell' failed due to earlier errors.
endgroup
set_property location {1 -241 6} [get_bd_cells system_top_0]
delete_bd_objs [get_bd_intf_nets e203_system_top_0_eaxi] [get_bd_nets fpga_rst_1] [get_bd_nets mcu_rst_1] [get_bd_nets CLK32768KHZ_1] [get_bd_cells e203_system_top_0]
set_property location {1 -233 242} [get_bd_cells system_top_0]
connect_bd_net [get_bd_ports fpga_rst] [get_bd_pins system_top_0/fpga_rst]
set_property location {-599 332} [get_bd_ports mcu_rst]
connect_bd_net [get_bd_ports mcu_rst] [get_bd_pins system_top_0/mcu_rst]
connect_bd_net [get_bd_ports CLK32768KHZ] [get_bd_pins system_top_0/clk_16M]
set_property -dict [list CONFIG.FREQ_HZ {16000000}] [get_bd_intf_pins system_top_0/eaxi]
ERROR: [BD 41-1274] Set bus interface parameter, Invalid long/float value '' specified for parameter 'Num Read Outstanding(NUM_READ_OUTSTANDING)' for BD Interface 'eaxi'.

ERROR: [BD 41-1274] Set bus interface parameter, Invalid long/float value '' specified for parameter 'Num Write Outstanding(NUM_WRITE_OUTSTANDING)' for BD Interface 'eaxi'.

ERROR: [Common 17-39] 'set_property' failed due to earlier errors.
INFO: [Common 17-17] undo 'set_property -dict [list CONFIG.FREQ_HZ {16000000}] [get_bd_intf_pins system_top_0/eaxi]'
ERROR: [Common 17-39] 'set_property' failed due to earlier errors.
set_property -dict [list CONFIG.NUM_WRITE_OUTSTANDING {16} CONFIG.NUM_READ_OUTSTANDING {16}] [get_bd_intf_pins system_top_0/eaxi]
CRITICAL WARNING: [BD 41-737] Cannot set the parameter NUM_WRITE_OUTSTANDING on /system_top_0/eaxi. It is read-only.
CRITICAL WARNING: [BD 41-737] Cannot set the parameter NUM_READ_OUTSTANDING on /system_top_0/eaxi. It is read-only.
set_property CONFIG.FREQ_HZ 16000000 [get_bd_intf_pins /system_top_0/eaxi]
ERROR: [BD 41-1274] Set bus interface parameter, Invalid long/float value '' specified for parameter 'Num Read Outstanding(NUM_READ_OUTSTANDING)' for BD Interface 'eaxi'.

ERROR: [BD 41-1274] Set bus interface parameter, Invalid long/float value '' specified for parameter 'Num Write Outstanding(NUM_WRITE_OUTSTANDING)' for BD Interface 'eaxi'.

ERROR: [Common 17-39] 'set_property' failed due to earlier errors.
set_property -dict [list CONFIG.FREQ_HZ {16000000}] [get_bd_intf_pins system_top_0/eaxi]
ERROR: [BD 41-1274] Set bus interface parameter, Invalid long/float value '' specified for parameter 'Num Read Outstanding(NUM_READ_OUTSTANDING)' for BD Interface 'eaxi'.

ERROR: [BD 41-1274] Set bus interface parameter, Invalid long/float value '' specified for parameter 'Num Write Outstanding(NUM_WRITE_OUTSTANDING)' for BD Interface 'eaxi'.

ERROR: [Common 17-39] 'set_property' failed due to earlier errors.
INFO: [Common 17-17] undo 'set_property -dict [list CONFIG.FREQ_HZ {16000000}] [get_bd_intf_pins system_top_0/eaxi]'
ERROR: [Common 17-39] 'set_property' failed due to earlier errors.
connect_bd_intf_net -boundary_type upper [get_bd_intf_pins axi_interconnect_0/S00_AXI] [get_bd_intf_pins system_top_0/eaxi]
validate_bd_design
ERROR: [BD 5-336] This command cannot be run, as the BD-design is locked. Locked reason(s):
* Block design contains locked IPs. Please run report_ip_status for more details and recommendations on how to fix this issue. 
List of locked IPs: 
system_top_system_top_0_0

ERROR: [Common 17-39] 'validate_bd_design' failed due to earlier errors.
set_property CONFIG.FREQ_HZ 16000000 [get_bd_intf_pins /system_top_0/eaxi]
ERROR: [BD 41-1274] Set bus interface parameter, Invalid long/float value '' specified for parameter 'Num Read Outstanding(NUM_READ_OUTSTANDING)' for BD Interface 'eaxi'.

ERROR: [BD 41-1274] Set bus interface parameter, Invalid long/float value '' specified for parameter 'Num Write Outstanding(NUM_WRITE_OUTSTANDING)' for BD Interface 'eaxi'.

ERROR: [Common 17-39] 'set_property' failed due to earlier errors.
ipx::edit_ip_in_project -upgrade true -name system_top_v1_0_project -directory C:/Users/Zhangshi/Desktop/my_git/e203_zs/prj/sys_top_bd/sys_top_bd.tmp/system_top_v1_0_project -use_archived_source_project true c:/Users/Zhangshi/Desktop/my_git/e203_zs/user_ip/e203/component.xml
INFO: [ProjectBase 1-489] The host OS only allows 260 characters in a normal path. The project is stored in a path with more than 80 characters. If you experience issues with IP, Block Designs, or files not being found, please consider moving the project to a location with a shorter path. Alternately consider using the OS subst command to map part of the path to a drive letter.
Current project path is 'c:/users/zhangshi/desktop/my_git/e203_zs/prj/sys_top_bd/sys_top_bd.tmp/system_top_v1_0_project/tmp_edit_project'
INFO: [Project 1-313] Project file moved from 'C:/Users/Zhangshi/Desktop/my_git/e203_zs/prj/e203_with_eaxi_ports/.Xil/Vivado-684-Lab/PrjAr/_X_' since last save.
INFO: [filemgmt 56-1] IP Repository Path: Directory not found as 'c:/users/zhangshi/desktop/my_git/user_ip/e203_with_eaxi_ports'; using path 'C:/Users/Zhangshi/Desktop/my_git/e203_zs/user_ip/e203_with_eaxi_ports' instead.
Scanning sources...
Finished scanning sources
INFO: [IP_Flow 19-234] Refreshing IP repositories
INFO: [IP_Flow 19-1700] Loaded user IP repository 'c:/Users/Zhangshi/Desktop/my_git/e203_zs/user_ip/e203_with_eaxi_ports'.
INFO: [IP_Flow 19-2313] Loaded Vivado IP repository 'E:/Xilinx/Vivado/2020.2/data/ip'.
INFO: [IP_Flow 19-795] Syncing license key meta-data
update_compile_order -fileset sources_1
ipx::add_bus_parameter FREQ_HZ [ipx::get_bus_interfaces eaxi -of_objects [ipx::current_core]]
set_property core_revision 3 [ipx::current_core]
ipx::update_source_project_archive -component [ipx::current_core] -include
INFO: [Coretcl 2-137] starting archive...
INFO: [Coretcl 2-1499] Saving project copy to temporary location 'C:/Users/Zhangshi/Desktop/my_git/e203_zs/prj/sys_top_bd/.Xil/Vivado-3008-Lab' for archiving project
INFO: [ProjectBase 1-489] The host OS only allows 260 characters in a normal path. The project is stored in a path with more than 80 characters. If you experience issues with IP, Block Designs, or files not being found, please consider moving the project to a location with a shorter path. Alternately consider using the OS subst command to map part of the path to a drive letter.
Current project path is 'c:/users/zhangshi/desktop/my_git/e203_zs/prj/sys_top_bd/sys_top_bd.tmp/system_top_v1_0_project/tmp_edit_project'
Scanning sources...
Finished scanning sources
INFO: [IP_Flow 19-234] Refreshing IP repositories
INFO: [IP_Flow 19-1700] Loaded user IP repository 'c:/Users/Zhangshi/Desktop/my_git/e203_zs/user_ip/e203_with_eaxi_ports'.
INFO: [IP_Flow 19-2313] Loaded Vivado IP repository 'E:/Xilinx/Vivado/2020.2/data/ip'.
INFO: [Coretcl 2-1211] Creating project copy for archival...
INFO: [ProjectBase 1-495] The host OS only allows 260 characters in a normal path. The project is stored in a path with more than 80 characters. If you experience any problem with archiving the project, please consider setting environment variable $TEMP to a shorter path.
Current project path is 'C:/Users/Zhangshi/Desktop/my_git/e203_zs/prj/sys_top_bd/.Xil/Vivado-3008-Lab/PrjAr/_X_'.
INFO: [Coretcl 2-1213] Including run results for 'synth_1'
INFO: [Coretcl 2-1213] Including run results for 'impl_1'
INFO: [Coretcl 2-1212] Importing remotely added design sources and verilog include files (if any)...
INFO: [filemgmt 20-348] Importing the appropriate files for fileset: 'sources_1'
INFO: [Coretcl 2-1209] Adding archive summary file to the project...
INFO: [Coretcl 2-1214] Preparing project files for archive...
INFO: [Coretcl 2-1210] Compressing project files and data...
INFO: [Coretcl 2-1215] Project archived (c:/users/zhangshi/desktop/my_git/e203_zs/prj/sys_top_bd/sys_top_bd.tmp/system_top_v1_0_project/tmp_edit_project/tmp_edit_project.srcs/sources_1/imports/e203/ip_project_archive.zip)
INFO: [Coretcl 2-1216] To view the archive summary log in GUI, double click on 'Design Sources->Text->archive_project_summary.txt', or open this file from the archived project directory.
archive_project: Time (s): cpu = 00:00:02 ; elapsed = 00:00:05 . Memory (MB): peak = 2099.582 ; gain = 0.000
ipx::update_source_project_archive: Time (s): cpu = 00:00:02 ; elapsed = 00:00:05 . Memory (MB): peak = 2099.582 ; gain = 0.000
ipx::create_xgui_files [ipx::current_core]
ipx::update_checksums [ipx::current_core]
ipx::check_integrity [ipx::current_core]
INFO: [IP_Flow 19-7067] Note that bus interface 'eaxi' has a fixed FREQ_HZ of ''. This value will be respected whenever this IP is instantiated in IP Integrator.
WARNING: [IP_Flow 19-991] Unrecognized or unsupported file 'src/mig_b.prj' found in file group 'Synthesis'.
Resolution: Remove the file from the specified file group.
INFO: [IP_Flow 19-2181] Payment Required is not set for this core.
INFO: [IP_Flow 19-2187] The Product Guide file is missing.
INFO: [Ipptcl 7-1486] check_integrity: Integrity check passed.
ipx::save_core [ipx::current_core]
ipx::check_integrity -quiet [ipx::current_core]
ipx::archive_core {c:\users\zhangshi\desktop\my_git\e203_zs\prj\sys_top_bd\sys_top_bd.tmp\system_top_v1_0_project\tmp_edit_project\tmp_edit_project.srcs\sources_1\imports\e203\xilinx.com_user_system_top_1.0.zip} [ipx::current_core]
ipx::move_temp_component_back -component [ipx::current_core]
close_project -delete
update_ip_catalog -rebuild -repo_path c:/Users/Zhangshi/Desktop/my_git/e203_zs/user_ip
INFO: [IP_Flow 19-725] Reloaded user IP repository 'c:/Users/Zhangshi/Desktop/my_git/e203_zs/user_ip'
report_ip_status -name ip_status 
upgrade_ip [get_ips  system_top_system_top_0_0] -log ip_upgrade.log
Upgrading 'C:/Users/Zhangshi/Desktop/my_git/e203_zs/prj/sys_top_bd/sys_top_bd.srcs/sources_1/bd/system_top/system_top.bd'
INFO: [IP_Flow 19-3422] Upgraded system_top_system_top_0_0 (system_top_v1_1 1.0) from revision 2 to revision 3
WARNING: [IP_Flow 19-2162] IP 'system_top_system_top_0_0' is locked:
* IP definition 'system_top_v1_1 (1.0)' for IP 'system_top_system_top_0_0' has been replaced in the IP Catalog by 'e203_system_top (1.0)'.
ERROR: [IP_Flow 19-2322] Failed to set user parameter 'eaxi.ADDR_WIDTH' value '32' for IP 'system_top_0_upgraded_ipi'.
ERROR: [BD 41-542] Parameter cannot be set on a locked block. The block 'system_top_0_upgraded_ipi' is locked, because: * IP definition 'system_top_v1_1 (1.0)' for IP 'system_top_system_top_0_0' has been replaced in the IP Catalog by 'e203_system_top (1.0)'. 
CRITICAL WARNING: [filemgmt 20-1366] Unable to reset target(s) for the following file is locked: c:/Users/Zhangshi/Desktop/my_git/e203_zs/prj/sys_top_bd/sys_top_bd.srcs/sources_1/bd/system_top/ip/system_top_system_top_0_0/system_top_system_top_0_0.xci
Locked reason: 
* IP definition 'system_top_v1_1 (1.0)' for IP 'system_top_system_top_0_0' has been replaced in the IP Catalog by 'e203_system_top (1.0)'.
WARNING: [BD 41-597] NET <e203_system_top_0_ck_rst> has no source
Wrote  : <C:\Users\Zhangshi\Desktop\my_git\e203_zs\prj\sys_top_bd\sys_top_bd.srcs\sources_1\bd\system_top\system_top.bd> 
Wrote  : <C:/Users/Zhangshi/Desktop/my_git/e203_zs/prj/sys_top_bd/sys_top_bd.srcs/sources_1/bd/system_top/ui/bd_9edf8fa5.ui> 
INFO: [Coretcl 2-1525] Wrote upgrade log to 'C:/Users/Zhangshi/Desktop/my_git/e203_zs/prj/sys_top_bd/ip_upgrade.log'.
ERROR: [Common 17-39] 'upgrade_ip' failed due to earlier errors.
report_ip_status -name ip_status 
delete_bd_objs [get_bd_intf_nets S00_AXI_1] [get_bd_nets mcu_rst_1] [get_bd_nets CLK32768KHZ_1] [get_bd_nets fpga_rst_1] [get_bd_cells system_top_0]
startgroup
create_bd_cell -type ip -vlnv xilinx.com:user:system_top:1.0 system_top_0
WARNING: [IP_Flow 19-2162] IP 'system_top_system_top_0_1' is locked:
* IP definition 'system_top_v1_1 (1.0)' for IP 'system_top_system_top_0_1' has been replaced in the IP Catalog by 'e203_system_top (1.0)'.
ERROR: [IP_Flow 19-2322] Failed to set user parameter 'eaxi.ADDR_WIDTH' value '32' for IP 'system_top_0'.
ERROR: [Common 17-39] 'create_bd_cell' failed due to earlier errors.
endgroup
set_property location {1 -296 235} [get_bd_cells system_top_0]
update_ip_catalog -rebuild -scan_changes
INFO: [IP_Flow 19-234] Refreshing IP repositories
INFO: [IP_Flow 19-1700] Loaded user IP repository 'c:/Users/Zhangshi/Desktop/my_git/e203_zs/user_ip'.
report_ip_status -name ip_status
set_property -dict [list CONFIG.FREQ_HZ {16000000}] [get_bd_intf_pins system_top_0/eaxi]
CRITICAL WARNING: [BD 41-737] Cannot set the parameter FREQ_HZ on /system_top_0/eaxi. It is read-only.
upgrade_ip [get_ips  system_top_system_top_0_1] -log ip_upgrade.log
Upgrading 'C:/Users/Zhangshi/Desktop/my_git/e203_zs/prj/sys_top_bd/sys_top_bd.srcs/sources_1/bd/system_top/system_top.bd'
INFO: [IP_Flow 19-1972] Upgraded system_top_system_top_0_1 from system_top_v1_1 1.0 to system_top_v1_1 1.0
WARNING: [BD 41-597] NET <e203_system_top_0_ck_rst> has no source
Wrote  : <C:\Users\Zhangshi\Desktop\my_git\e203_zs\prj\sys_top_bd\sys_top_bd.srcs\sources_1\bd\system_top\system_top.bd> 
Wrote  : <C:/Users/Zhangshi/Desktop/my_git/e203_zs/prj/sys_top_bd/sys_top_bd.srcs/sources_1/bd/system_top/ui/bd_9edf8fa5.ui> 
INFO: [Coretcl 2-1525] Wrote upgrade log to 'C:/Users/Zhangshi/Desktop/my_git/e203_zs/prj/sys_top_bd/ip_upgrade.log'.
export_ip_user_files -of_objects [get_ips system_top_system_top_0_1] -no_script -sync -force -quiet
generate_target all [get_files  C:/Users/Zhangshi/Desktop/my_git/e203_zs/prj/sys_top_bd/sys_top_bd.srcs/sources_1/bd/system_top/system_top.bd]
INFO: [xilinx.com:ip:clk_wiz:6.0-1] /clk_wiz_0 clk_wiz propagate
CRITICAL WARNING: [BD 41-759] The input pins (listed below) are either not connected or do not have a source port, and they don't have a tie-off specified. These pins are tied-off to all 0's to avoid error in Implementation flow.
Please check your design and connect them as needed: 
/mig_7series_0/sys_rst
/clk_wiz_0/resetn
/proc_sys_reset_0/ext_reset_in
/system_top_0/clk_16M
/system_top_0/CLK32768KHZ
/system_top_0/fpga_rst
/system_top_0/mcu_rst

WARNING: [BD 41-597] NET <e203_system_top_0_ck_rst> has no source
Wrote  : <C:\Users\Zhangshi\Desktop\my_git\e203_zs\prj\sys_top_bd\sys_top_bd.srcs\sources_1\bd\system_top\system_top.bd> 
WARNING: [BD 41-166] Source port for the net:e203_system_top_0_ck_rst is NULL! Connection will be grounded!
VHDL Output written to : c:/Users/Zhangshi/Desktop/my_git/e203_zs/prj/sys_top_bd/sys_top_bd.gen/sources_1/bd/system_top/synth/system_top.v
WARNING: [BD 41-166] Source port for the net:e203_system_top_0_ck_rst is NULL! Connection will be grounded!
VHDL Output written to : c:/Users/Zhangshi/Desktop/my_git/e203_zs/prj/sys_top_bd/sys_top_bd.gen/sources_1/bd/system_top/sim/system_top.v
VHDL Output written to : c:/Users/Zhangshi/Desktop/my_git/e203_zs/prj/sys_top_bd/sys_top_bd.gen/sources_1/bd/system_top/hdl/system_top_wrapper.v
INFO: [BD 41-1029] Generation completed for the IP Integrator block mig_7series_0 .
INFO: [BD 41-1029] Generation completed for the IP Integrator block clk_wiz_0 .
INFO: [BD 41-1029] Generation completed for the IP Integrator block proc_sys_reset_1 .
INFO: [BD 41-1029] Generation completed for the IP Integrator block proc_sys_reset_0 .
INFO: [BD 41-1029] Generation completed for the IP Integrator block system_top_0 .
Exporting to file c:/Users/Zhangshi/Desktop/my_git/e203_zs/prj/sys_top_bd/sys_top_bd.gen/sources_1/bd/system_top/hw_handoff/system_top.hwh
Generated Block Design Tcl file c:/Users/Zhangshi/Desktop/my_git/e203_zs/prj/sys_top_bd/sys_top_bd.gen/sources_1/bd/system_top/hw_handoff/system_top_bd.tcl
Generated Hardware Definition File c:/Users/Zhangshi/Desktop/my_git/e203_zs/prj/sys_top_bd/sys_top_bd.gen/sources_1/bd/system_top/synth/system_top.hwdef
generate_target: Time (s): cpu = 00:00:20 ; elapsed = 00:00:27 . Memory (MB): peak = 2545.906 ; gain = 443.375
catch { config_ip_cache -export [get_ips -all system_top_mig_7series_0_0] }
catch { config_ip_cache -export [get_ips -all system_top_clk_wiz_0_0] }
catch { config_ip_cache -export [get_ips -all system_top_proc_sys_reset_0_1] }
catch { config_ip_cache -export [get_ips -all system_top_proc_sys_reset_0_0] }
catch { config_ip_cache -export [get_ips -all system_top_system_top_0_1] }
export_ip_user_files -of_objects [get_files C:/Users/Zhangshi/Desktop/my_git/e203_zs/prj/sys_top_bd/sys_top_bd.srcs/sources_1/bd/system_top/system_top.bd] -no_script -sync -force -quiet
create_ip_run [get_files -of_objects [get_fileset sources_1] C:/Users/Zhangshi/Desktop/my_git/e203_zs/prj/sys_top_bd/sys_top_bd.srcs/sources_1/bd/system_top/system_top.bd]
launch_runs system_top_mig_7series_0_0_synth_1 system_top_clk_wiz_0_0_synth_1 system_top_proc_sys_reset_0_1_synth_1 system_top_proc_sys_reset_0_0_synth_1 system_top_system_top_0_1_synth_1 -jobs 16
[Tue Feb  4 16:26:18 2025] Launched system_top_mig_7series_0_0_synth_1, system_top_clk_wiz_0_0_synth_1, system_top_proc_sys_reset_0_1_synth_1, system_top_proc_sys_reset_0_0_synth_1, system_top_system_top_0_1_synth_1...
Run output will be captured here:
system_top_mig_7series_0_0_synth_1: C:/Users/Zhangshi/Desktop/my_git/e203_zs/prj/sys_top_bd/sys_top_bd.runs/system_top_mig_7series_0_0_synth_1/runme.log
system_top_clk_wiz_0_0_synth_1: C:/Users/Zhangshi/Desktop/my_git/e203_zs/prj/sys_top_bd/sys_top_bd.runs/system_top_clk_wiz_0_0_synth_1/runme.log
system_top_proc_sys_reset_0_1_synth_1: C:/Users/Zhangshi/Desktop/my_git/e203_zs/prj/sys_top_bd/sys_top_bd.runs/system_top_proc_sys_reset_0_1_synth_1/runme.log
system_top_proc_sys_reset_0_0_synth_1: C:/Users/Zhangshi/Desktop/my_git/e203_zs/prj/sys_top_bd/sys_top_bd.runs/system_top_proc_sys_reset_0_0_synth_1/runme.log
system_top_system_top_0_1_synth_1: C:/Users/Zhangshi/Desktop/my_git/e203_zs/prj/sys_top_bd/sys_top_bd.runs/system_top_system_top_0_1_synth_1/runme.log
export_simulation -of_objects [get_files C:/Users/Zhangshi/Desktop/my_git/e203_zs/prj/sys_top_bd/sys_top_bd.srcs/sources_1/bd/system_top/system_top.bd] -directory C:/Users/Zhangshi/Desktop/my_git/e203_zs/prj/sys_top_bd/sys_top_bd.ip_user_files/sim_scripts -ip_user_files_dir C:/Users/Zhangshi/Desktop/my_git/e203_zs/prj/sys_top_bd/sys_top_bd.ip_user_files -ipstatic_source_dir C:/Users/Zhangshi/Desktop/my_git/e203_zs/prj/sys_top_bd/sys_top_bd.ip_user_files/ipstatic -lib_map_path [list {modelsim=C:/Users/Zhangshi/Desktop/my_git/e203_zs/prj/sys_top_bd/sys_top_bd.cache/compile_simlib/modelsim} {questa=C:/Users/Zhangshi/Desktop/my_git/e203_zs/prj/sys_top_bd/sys_top_bd.cache/compile_simlib/questa} {riviera=C:/Users/Zhangshi/Desktop/my_git/e203_zs/prj/sys_top_bd/sys_top_bd.cache/compile_simlib/riviera} {activehdl=C:/Users/Zhangshi/Desktop/my_git/e203_zs/prj/sys_top_bd/sys_top_bd.cache/compile_simlib/activehdl}] -use_ip_compiled_libs -force -quiet
report_ip_status -name ip_status 
set_property -dict [list CONFIG.FREQ_HZ {16000000}] [get_bd_intf_pins system_top_0/eaxi]
CRITICAL WARNING: [BD 41-737] Cannot set the parameter FREQ_HZ on /system_top_0/eaxi. It is read-only.
ipx::edit_ip_in_project -upgrade true -name system_top_v1_0_project -directory C:/Users/Zhangshi/Desktop/my_git/e203_zs/prj/sys_top_bd/sys_top_bd.tmp/system_top_v1_0_project -use_archived_source_project true c:/Users/Zhangshi/Desktop/my_git/e203_zs/user_ip/e203/component.xml
INFO: [ProjectBase 1-489] The host OS only allows 260 characters in a normal path. The project is stored in a path with more than 80 characters. If you experience issues with IP, Block Designs, or files not being found, please consider moving the project to a location with a shorter path. Alternately consider using the OS subst command to map part of the path to a drive letter.
Current project path is 'c:/users/zhangshi/desktop/my_git/e203_zs/prj/sys_top_bd/sys_top_bd.tmp/system_top_v1_0_project/tmp_edit_project'
INFO: [Project 1-313] Project file moved from 'C:/Users/Zhangshi/Desktop/my_git/e203_zs/prj/sys_top_bd/.Xil/Vivado-3008-Lab/PrjAr/_X_' since last save.
INFO: [filemgmt 56-1] IP Repository Path: Directory not found as 'c:/users/zhangshi/desktop/my_git/user_ip/e203_with_eaxi_ports'; using path 'C:/Users/Zhangshi/Desktop/my_git/e203_zs/user_ip/e203_with_eaxi_ports' instead.
Scanning sources...
Finished scanning sources
INFO: [IP_Flow 19-234] Refreshing IP repositories
INFO: [IP_Flow 19-1700] Loaded user IP repository 'c:/Users/Zhangshi/Desktop/my_git/e203_zs/user_ip/e203_with_eaxi_ports'.
INFO: [IP_Flow 19-2313] Loaded Vivado IP repository 'E:/Xilinx/Vivado/2020.2/data/ip'.
INFO: [IP_Flow 19-795] Syncing license key meta-data
update_compile_order -fileset sources_1
close_project
report_ip_status -name ip_status 
set_property -dict [list CONFIG.FREQ_HZ {16000000}] [get_bd_intf_pins system_top_0/eaxi]
CRITICAL WARNING: [BD 41-737] Cannot set the parameter FREQ_HZ on /system_top_0/eaxi. It is read-only.
validate_bd_design -force
INFO: [xilinx.com:ip:clk_wiz:6.0-1] /clk_wiz_0 clk_wiz propagate
CRITICAL WARNING: [BD 41-759] The input pins (listed below) are either not connected or do not have a source port, and they don't have a tie-off specified. These pins are tied-off to all 0's to avoid error in Implementation flow.
Please check your design and connect them as needed: 
/mig_7series_0/sys_rst
/clk_wiz_0/resetn
/proc_sys_reset_0/ext_reset_in
/system_top_0/clk_16M
/system_top_0/CLK32768KHZ
/system_top_0/fpga_rst
/system_top_0/mcu_rst

exit
INFO: [Common 17-206] Exiting Vivado at Tue Feb  4 17:39:56 2025...
