#-----------------------------------------------------------
# Vivado v2020.2 (64-bit)
# SW Build 3064766 on Wed Nov 18 09:12:47 MST 2020
# IP Build 3064653 on Wed Nov 18 14:17:31 MST 2020
# Start of session at: Wed Feb  5 16:37:56 2025
# Process ID: 12836
# Current directory: /home/oppenyes/workspace/my_git/e203_zs/prj/sys_top_bd
# Command line: vivado
# Log file: /home/oppenyes/workspace/my_git/e203_zs/prj/sys_top_bd/vivado.log
# Journal file: /home/oppenyes/workspace/my_git/e203_zs/prj/sys_top_bd/vivado.jou
#-----------------------------------------------------------
Sourcing tcl script '/tools/Xilinx/Vivado/2020.2/scripts/Vivado_init.tcl'
start_gui
open_project /home/oppenyes/workspace/my_git/e203_zs/prj/sys_top_bd/sys_top_bd.xpr
INFO: [Project 1-313] Project file moved from 'E:/my_git/e203_zs/prj/sys_top_bd' since last save.
WARNING: [BD 41-2576] File '/home/oppenyes/workspace/my_git/e203_zs/prj/sys_top_bd/sys_top_bd.srcs/sources_1/bd/system_top/ip\system_top_auto_cc_0\system_top_auto_cc_0.xci' referenced by design 'system_top' could not be found.
WARNING: [BD 41-2576] File '/home/oppenyes/workspace/my_git/e203_zs/prj/sys_top_bd/sys_top_bd.srcs/sources_1/bd/system_top/ip\system_top_auto_pc_0\system_top_auto_pc_0.xci' referenced by design 'system_top' could not be found.
WARNING: [BD 41-2576] File '/home/oppenyes/workspace/my_git/e203_zs/prj/sys_top_bd/sys_top_bd.srcs/sources_1/bd/system_top/ip\system_top_axi_interconnect_0_0\system_top_axi_interconnect_0_0.xci' referenced by design 'system_top' could not be found.
WARNING: [BD 41-2576] File '/home/oppenyes/workspace/my_git/e203_zs/prj/sys_top_bd/sys_top_bd.srcs/sources_1/bd/system_top/ip\system_top_clk_wiz_0_0\system_top_clk_wiz_0_0.xci' referenced by design 'system_top' could not be found.
WARNING: [BD 41-2576] File '/home/oppenyes/workspace/my_git/e203_zs/prj/sys_top_bd/sys_top_bd.srcs/sources_1/bd/system_top/ip\system_top_proc_sys_reset_0_1\system_top_proc_sys_reset_0_1.xci' referenced by design 'system_top' could not be found.
WARNING: [BD 41-2576] File '/home/oppenyes/workspace/my_git/e203_zs/prj/sys_top_bd/sys_top_bd.srcs/sources_1/bd/system_top/ip\system_top_proc_sys_reset_0_0\system_top_proc_sys_reset_0_0.xci' referenced by design 'system_top' could not be found.
WARNING: [BD 41-2576] File '/home/oppenyes/workspace/my_git/e203_zs/prj/sys_top_bd/sys_top_bd.srcs/sources_1/bd/system_top/ip\system_top_util_vector_logic_0_0\system_top_util_vector_logic_0_0.xci' referenced by design 'system_top' could not be found.
WARNING: [BD 41-2576] File '/home/oppenyes/workspace/my_git/e203_zs/prj/sys_top_bd/sys_top_bd.srcs/sources_1/bd/system_top/ip\system_top_system_e203_0_0\system_top_system_e203_0_0.xci' referenced by design 'system_top' could not be found.
WARNING: [BD 41-2576] File '/home/oppenyes/workspace/my_git/e203_zs/prj/sys_top_bd/sys_top_bd.srcs/sources_1/bd/system_top/ip\system_top_mig_7series_0_1\system_top_mig_7series_0_1.xci' referenced by design 'system_top' could not be found.
CRITICAL WARNING: [Project 1-311] Could not find the file '/home/oppenyes/workspace/my_git/e203_zs/prj/sys_top_bd/sys_top_bd.srcs/sources_1/bd/system_top/ip/system_top_mig_7series_0_0/mig_a.prj', nor could it be found using path '/home/oppenyes/workspace/my_git/e203_zs/prj/sys_top_bd/E:/my_git/e203_zs/prj/sys_top_bd/sys_top_bd.srcs/sources_1/bd/system_top/ip/system_top_mig_7series_0_0/mig_a.prj'.
Scanning sources...
Finished scanning sources
WARNING: [Project 1-533] File '/home/oppenyes/workspace/my_git/e203_zs/prj/sys_top_bd/sys_top_bd.srcs/sources_1/bd/system_top/ip/system_top_util_vector_logic_0_0/system_top_util_vector_logic_0_0.xci' could not be found in the subdesign '/home/oppenyes/workspace/my_git/e203_zs/prj/sys_top_bd/sys_top_bd.srcs/sources_1/bd/system_top/system_top.bd', but fileset 'system_top_util_vector_logic_0_0' still exists. The fileset and corresponding run(s) will be deleted the next time top-level synthesis is run.
WARNING: [Project 1-533] File '/home/oppenyes/workspace/my_git/e203_zs/prj/sys_top_bd/sys_top_bd.srcs/sources_1/bd/system_top/ip/system_top_clk_wiz_0_0/system_top_clk_wiz_0_0.xci' could not be found in the subdesign '/home/oppenyes/workspace/my_git/e203_zs/prj/sys_top_bd/sys_top_bd.srcs/sources_1/bd/system_top/system_top.bd', but fileset 'system_top_clk_wiz_0_0' still exists. The fileset and corresponding run(s) will be deleted the next time top-level synthesis is run.
WARNING: [Project 1-533] File '/home/oppenyes/workspace/my_git/e203_zs/prj/sys_top_bd/sys_top_bd.srcs/sources_1/bd/system_top/ip/system_top_proc_sys_reset_0_1/system_top_proc_sys_reset_0_1.xci' could not be found in the subdesign '/home/oppenyes/workspace/my_git/e203_zs/prj/sys_top_bd/sys_top_bd.srcs/sources_1/bd/system_top/system_top.bd', but fileset 'system_top_proc_sys_reset_0_1' still exists. The fileset and corresponding run(s) will be deleted the next time top-level synthesis is run.
WARNING: [Project 1-533] File '/home/oppenyes/workspace/my_git/e203_zs/prj/sys_top_bd/sys_top_bd.srcs/sources_1/bd/system_top/ip/system_top_system_e203_0_0/system_top_system_e203_0_0.xci' could not be found in the subdesign '/home/oppenyes/workspace/my_git/e203_zs/prj/sys_top_bd/sys_top_bd.srcs/sources_1/bd/system_top/system_top.bd', but fileset 'system_top_system_e203_0_0' still exists. The fileset and corresponding run(s) will be deleted the next time top-level synthesis is run.
WARNING: [Project 1-533] File '/home/oppenyes/workspace/my_git/e203_zs/prj/sys_top_bd/sys_top_bd.srcs/sources_1/bd/system_top/ip/system_top_proc_sys_reset_0_0/system_top_proc_sys_reset_0_0.xci' could not be found in the subdesign '/home/oppenyes/workspace/my_git/e203_zs/prj/sys_top_bd/sys_top_bd.srcs/sources_1/bd/system_top/system_top.bd', but fileset 'system_top_proc_sys_reset_0_0' still exists. The fileset and corresponding run(s) will be deleted the next time top-level synthesis is run.
WARNING: [Project 1-533] File '/home/oppenyes/workspace/my_git/e203_zs/prj/sys_top_bd/sys_top_bd.srcs/sources_1/bd/system_top/ip/system_top_mig_7series_0_1/system_top_mig_7series_0_1.xci' could not be found in the subdesign '/home/oppenyes/workspace/my_git/e203_zs/prj/sys_top_bd/sys_top_bd.srcs/sources_1/bd/system_top/system_top.bd', but fileset 'system_top_mig_7series_0_1' still exists. The fileset and corresponding run(s) will be deleted the next time top-level synthesis is run.
INFO: [IP_Flow 19-234] Refreshing IP repositories
INFO: [IP_Flow 19-1700] Loaded user IP repository '/home/oppenyes/workspace/my_git/e203_zs/user_ip'.
INFO: [IP_Flow 19-2313] Loaded Vivado IP repository '/tools/Xilinx/Vivado/2020.2/data/ip'.
INFO: [IP_Flow 19-3899] Cannot get the environment domain name variable for the component vendor name. Setting the vendor name to 'user.org'.
update_compile_order -fileset sources_1
open_bd_design {/home/oppenyes/workspace/my_git/e203_zs/prj/sys_top_bd/sys_top_bd.srcs/sources_1/bd/system_top/system_top.bd}
Reading block design file </home/oppenyes/workspace/my_git/e203_zs/prj/sys_top_bd/sys_top_bd.srcs/sources_1/bd/system_top/system_top.bd>...
Adding component instance block -- xilinx.com:ip:axi_interconnect:2.1 - axi_interconnect_0
INFO: [BD 41-434] Could not find an IP with XCI file by name: system_top_axi_interconnect_0_0 
Adding component instance block -- xilinx.com:ip:axi_clock_converter:2.1 - auto_cc
INFO: [BD 41-434] Could not find an IP with XCI file by name: system_top_auto_cc_0 
Adding component instance block -- xilinx.com:ip:axi_protocol_converter:2.1 - auto_pc
INFO: [BD 41-434] Could not find an IP with XCI file by name: system_top_auto_pc_0 
Adding component instance block -- xilinx.com:ip:clk_wiz:6.0 - clk_wiz_0
INFO: [BD 41-434] Could not find an IP with XCI file by name: system_top_clk_wiz_0_0 
Adding component instance block -- xilinx.com:ip:proc_sys_reset:5.0 - proc_sys_reset_1
INFO: [BD 41-434] Could not find an IP with XCI file by name: system_top_proc_sys_reset_0_1 
Adding component instance block -- xilinx.com:ip:proc_sys_reset:5.0 - proc_sys_reset_0
INFO: [BD 41-434] Could not find an IP with XCI file by name: system_top_proc_sys_reset_0_0 
Adding component instance block -- xilinx.com:ip:util_vector_logic:2.0 - util_vector_logic_0
INFO: [BD 41-434] Could not find an IP with XCI file by name: system_top_util_vector_logic_0_0 
Adding component instance block -- xilinx.com:user:system_e203:2.1 - system_e203_0
INFO: [BD 41-434] Could not find an IP with XCI file by name: system_top_system_e203_0_0 
Adding component instance block -- xilinx.com:ip:mig_7series:4.2 - mig_7series_0
INFO: [BD 41-434] Could not find an IP with XCI file by name: system_top_mig_7series_0_1 
ERROR: [IP_Flow 19-3460] Validation failed on parameter 'XML_INPUT_FILE(XML_INPUT_FILE)' for Specified PRJ file does not exist 'mig_a.prj'
. BD Cell 'mig_7series_0'
CRITICAL WARNING: [BD 41-2161] Unable to find interface <DDR3> in cell <mig_7series_0> while setting up interface connections during loading of BD file.
CRITICAL WARNING: [BD 41-2161] Unable to find interface <S_AXI> in cell <mig_7series_0> while setting up interface connections during loading of BD file.
CRITICAL WARNING: [BD 41-2162] Unable to find pin <ui_clk> in cell <mig_7series_0> while setting up net connections during loading of BD file.
CRITICAL WARNING: [BD 41-2162] Unable to find pin <aresetn> in cell <mig_7series_0> while setting up net connections during loading of BD file.
CRITICAL WARNING: [BD 41-2162] Unable to find pin <ui_clk_sync_rst> in cell <mig_7series_0> while setting up net connections during loading of BD file.
CRITICAL WARNING: [BD 41-2162] Unable to find pin <mmcm_locked> in cell <mig_7series_0> while setting up net connections during loading of BD file.
CRITICAL WARNING: [BD 41-2162] Unable to find pin <clk_ref_i> in cell <mig_7series_0> while setting up net connections during loading of BD file.
CRITICAL WARNING: [BD 41-2162] Unable to find pin <sys_clk_i> in cell <mig_7series_0> while setting up net connections during loading of BD file.
CRITICAL WARNING: [BD 41-1289] Cannot find slave segment </mig_7series_0/memmap/memaddr>. Cannot create segment <SEG_mig_7series_0_memaddr> at <0x4000_0000 [ 256M ]> in Address Space </system_e203_0/expl_axi>.
WARNING: [BD 41-705] Could not load assignment of slave segment '/mig_7series_0/memmap/memaddr' into address space '/system_e203_0/expl_axi'
Successfully read diagram <system_top> from block design file </home/oppenyes/workspace/my_git/e203_zs/prj/sys_top_bd/sys_top_bd.srcs/sources_1/bd/system_top/system_top.bd>
INFO: [BD 41-433] 
Design successfully migrated to use XCI files...
open_bd_design: Time (s): cpu = 00:00:11 ; elapsed = 00:00:07 . Memory (MB): peak = 8665.223 ; gain = 1089.473 ; free physical = 439 ; free virtual = 15944
ERROR: [Common 17-39] 'open_bd_design' failed due to earlier errors.
ERROR: [xilinx.com:ip:mig_7series:4.2-0] system_top_mig_7series_0_0: Recustomization aborted: Can not read PRJ file: /home/oppenyes/workspace/my_git/e203_zs/prj/sys_top_bd/.Xil/Vivado-12836-lab101/coregen/system_top_mig_7series_0_0/mig_a.prj
startgroup
create_bd_cell -type ip -vlnv xilinx.com:ip:mig_7series:4.2 mig_7series_1
endgroup
delete_bd_objs [get_bd_cells mig_7series_0]
startgroup
create_bd_cell -type ip -vlnv xilinx.com:ip:mig_7series:4.2 mig_7series_0
endgroup
delete_bd_objs [get_bd_cells mig_7series_1]
set_property -name {CONFIG.XML_INPUT_FILE} -value  {mig_a.prj} -objects [get_bd_cells mig_7series_0]
mig_a.prj
set_property -name {CONFIG.RESET_BOARD_INTERFACE} -value  {Custom} -objects [get_bd_cells mig_7series_0]
Custom
set_property -name {CONFIG.MIG_DONT_TOUCH_PARAM} -value  {Custom} -objects [get_bd_cells mig_7series_0]
Custom
set_property -name {CONFIG.BOARD_MIG_PARAM} -value  {Custom} -objects [get_bd_cells mig_7series_0]
Custom
set_property location {4 1646 527} [get_bd_cells mig_7series_0]
connect_bd_intf_net [get_bd_intf_ports DDR3] [get_bd_intf_pins mig_7series_0/DDR3]
connect_bd_net [get_bd_pins mig_7series_0/clk_ref_i] [get_bd_pins mig_7series_0/sys_clk_i]
connect_bd_net [get_bd_pins mig_7series_0/clk_ref_i] [get_bd_pins clk_wiz_0/clk_out1]
connect_bd_net [get_bd_pins mig_7series_0/ui_clk] [get_bd_pins proc_sys_reset_1/slowest_sync_clk]
connect_bd_net [get_bd_pins mig_7series_0/ui_clk_sync_rst] [get_bd_pins proc_sys_reset_1/ext_reset_in]
connect_bd_net [get_bd_pins mig_7series_0/mmcm_locked] [get_bd_pins proc_sys_reset_1/dcm_locked]
connect_bd_net [get_bd_pins mig_7series_0/sys_rst] [get_bd_pins util_vector_logic_0/Res]
connect_bd_net [get_bd_pins mig_7series_0/aresetn] [get_bd_pins proc_sys_reset_1/peripheral_aresetn]
save_bd_design
Wrote  : </home/oppenyes/workspace/my_git/e203_zs/prj/sys_top_bd/sys_top_bd.srcs/sources_1/bd/system_top/system_top.bd> 
Wrote  : </home/oppenyes/workspace/my_git/e203_zs/prj/sys_top_bd/sys_top_bd.srcs/sources_1/bd/system_top/ui/bd_9edf8fa5.ui> 
connect_bd_intf_net [get_bd_intf_pins mig_7series_0/S_AXI] -boundary_type upper [get_bd_intf_pins axi_interconnect_0/M00_AXI]
assign_bd_address -target_address_space /system_e203_0/expl_axi [get_bd_addr_segs mig_7series_0/memmap/memaddr] -force
Slave segment '/mig_7series_0/memmap/memaddr' is being assigned into address space '/system_e203_0/expl_axi' at <0x8000_0000 [ 512M ]>.
INFO: [Coretcl 2-12] '/system_e203_0/expl_axi' selected.
INFO: [Coretcl 2-12] '/mig_7series_0/S_AXI' selected.
INFO: [Coretcl 2-12] '/system_e203_0' selected.
INFO: [Coretcl 2-12] '/mig_7series_0/S_AXI' selected.
INFO: [Coretcl 2-12] '/system_e203_0' selected.
INFO: [Coretcl 2-12] '/mig_7series_0/S_AXI' selected.
INFO: [Coretcl 2-12] '/system_e203_0/expl_axi/SEG_mig_7series_0_memaddr' selected.
set_property offset 0x80000000 [get_bd_addr_segs {system_e203_0/expl_axi/SEG_mig_7series_0_memaddr}]
set_property offset 0x00000000 [get_bd_addr_segs {system_e203_0/expl_axi/SEG_mig_7series_0_memaddr}]
INFO: [Coretcl 2-12] '/mig_7series_0/S_AXI' selected.
INFO: [Coretcl 2-12] '/system_e203_0' selected.
INFO: [Coretcl 2-12] '/system_e203_0/expl_axi/SEG_mig_7series_0_memaddr' selected.
INFO: [Coretcl 2-12] '/system_e203_0/expl_axi/SEG_mig_7series_0_memaddr' selected.
INFO: [Coretcl 2-12] '/system_e203_0' selected.
INFO: [Coretcl 2-12] '/system_e203_0' selected.
set_property range 4G [get_bd_addr_segs {system_e203_0/expl_axi/SEG_mig_7series_0_memaddr}]
INFO: [Coretcl 2-12] '/system_e203_0' selected.
INFO: [Coretcl 2-12] '/system_e203_0/expl_axi' selected.
set_property offset 0x00000000 [get_bd_addr_segs {system_e203_0/expl_axi/SEG_mig_7series_0_memaddr}]
set_property range 4K [get_bd_addr_segs {system_e203_0/expl_axi/SEG_mig_7series_0_memaddr}]
save_bd_design
Wrote  : </home/oppenyes/workspace/my_git/e203_zs/prj/sys_top_bd/sys_top_bd.srcs/sources_1/bd/system_top/system_top.bd> 
Wrote  : </home/oppenyes/workspace/my_git/e203_zs/prj/sys_top_bd/sys_top_bd.srcs/sources_1/bd/system_top/ui/bd_9edf8fa5.ui> 
reset_run synth_1
launch_runs impl_1 -to_step write_bitstream -jobs 8
INFO: [xilinx.com:ip:clk_wiz:6.0-1] /clk_wiz_0 clk_wiz propagate
Wrote  : </home/oppenyes/workspace/my_git/e203_zs/prj/sys_top_bd/sys_top_bd.srcs/sources_1/bd/system_top/system_top.bd> 
VHDL Output written to : /home/oppenyes/workspace/my_git/e203_zs/prj/sys_top_bd/sys_top_bd.gen/sources_1/bd/system_top/synth/system_top.v
VHDL Output written to : /home/oppenyes/workspace/my_git/e203_zs/prj/sys_top_bd/sys_top_bd.gen/sources_1/bd/system_top/sim/system_top.v
VHDL Output written to : /home/oppenyes/workspace/my_git/e203_zs/prj/sys_top_bd/sys_top_bd.gen/sources_1/bd/system_top/hdl/system_top_wrapper.v
INFO: [BD 41-1029] Generation completed for the IP Integrator block clk_wiz_0 .
INFO: [BD 41-1029] Generation completed for the IP Integrator block proc_sys_reset_1 .
INFO: [BD 41-1029] Generation completed for the IP Integrator block proc_sys_reset_0 .
INFO: [BD 41-1029] Generation completed for the IP Integrator block util_vector_logic_0 .
INFO: [BD 41-1029] Generation completed for the IP Integrator block system_e203_0 .
INFO: [BD 41-1029] Generation completed for the IP Integrator block mig_7series_0 .
WARNING: [IP_Flow 19-4994] Overwriting existing constraint file '/home/oppenyes/workspace/my_git/e203_zs/prj/sys_top_bd/sys_top_bd.gen/sources_1/bd/system_top/ip/system_top_auto_cc_0_1/system_top_auto_cc_0_ooc.xdc'
WARNING: [IP_Flow 19-5611] Unable to find an associated reset port for the interface 'S_AXI'. A default connection has been created.
WARNING: [IP_Flow 19-5611] Unable to find an associated reset port for the interface 'M_AXI'. A default connection has been created.
INFO: [BD 41-1029] Generation completed for the IP Integrator block axi_interconnect_0/s00_couplers/auto_cc .
WARNING: [IP_Flow 19-4994] Overwriting existing constraint file '/home/oppenyes/workspace/my_git/e203_zs/prj/sys_top_bd/sys_top_bd.gen/sources_1/bd/system_top/ip/system_top_auto_pc_0_1/system_top_auto_pc_0_ooc.xdc'
INFO: [BD 41-1029] Generation completed for the IP Integrator block axi_interconnect_0/s00_couplers/auto_pc .
Exporting to file /home/oppenyes/workspace/my_git/e203_zs/prj/sys_top_bd/sys_top_bd.gen/sources_1/bd/system_top/hw_handoff/system_top.hwh
Generated Block Design Tcl file /home/oppenyes/workspace/my_git/e203_zs/prj/sys_top_bd/sys_top_bd.gen/sources_1/bd/system_top/hw_handoff/system_top_bd.tcl
Generated Hardware Definition File /home/oppenyes/workspace/my_git/e203_zs/prj/sys_top_bd/sys_top_bd.gen/sources_1/bd/system_top/synth/system_top.hwdef
INFO: [IP_Flow 19-7066] Running IP cache check for IP system_top_auto_cc_0
INFO: [IP_Flow 19-7066] Running IP cache check for IP system_top_auto_pc_0
INFO: [IP_Flow 19-7066] Running IP cache check for IP system_top_clk_wiz_0_0
INFO: [IP_Flow 19-7066] Running IP cache check for IP system_top_mig_7series_0_1
INFO: [IP_Flow 19-7066] Running IP cache check for IP system_top_proc_sys_reset_0_0
INFO: [IP_Flow 19-7066] Running IP cache check for IP system_top_proc_sys_reset_1_0
INFO: [IP_Flow 19-7066] Running IP cache check for IP system_top_system_e203_0_0
INFO: [IP_Flow 19-7066] Running IP cache check for IP system_top_util_vector_logic_0_0
INFO: [IP_Flow 19-4993] Using cached IP synthesis design for IP system_top_auto_cc_0, cache-ID = efe00a9a0575bdea; cache size = 81.812 MB.
INFO: [IP_Flow 19-4993] Using cached IP synthesis design for IP system_top_auto_pc_0, cache-ID = 9ae0e27e72a50df3; cache size = 81.812 MB.
INFO: [IP_Flow 19-4993] Using cached IP synthesis design for IP system_top_clk_wiz_0_0, cache-ID = 463124e248f44ca2; cache size = 81.812 MB.
INFO: [IP_Flow 19-4993] Using cached IP synthesis design for IP system_top_util_vector_logic_0_0, cache-ID = 3678f69577953c2f; cache size = 81.812 MB.
INFO: [IP_Flow 19-4993] Using cached IP synthesis design for IP system_top_proc_sys_reset_0_0, cache-ID = 50233ba2ee3a7a1d; cache size = 81.812 MB.
INFO: [IP_Flow 19-4993] Using cached IP synthesis design for IP system_top_proc_sys_reset_1_0, cache-ID = 6603f7136a020140; cache size = 81.812 MB.
INFO: [IP_Flow 19-4993] Using cached IP synthesis design for IP system_top_system_e203_0_0, cache-ID = a060050f99b61785; cache size = 81.812 MB.
[Wed Feb  5 17:04:50 2025] Launched system_top_mig_7series_0_1_synth_1, synth_1...
Run output will be captured here:
system_top_mig_7series_0_1_synth_1: /home/oppenyes/workspace/my_git/e203_zs/prj/sys_top_bd/sys_top_bd.runs/system_top_mig_7series_0_1_synth_1/runme.log
synth_1: /home/oppenyes/workspace/my_git/e203_zs/prj/sys_top_bd/sys_top_bd.runs/synth_1/runme.log
[Wed Feb  5 17:04:50 2025] Launched impl_1...
Run output will be captured here: /home/oppenyes/workspace/my_git/e203_zs/prj/sys_top_bd/sys_top_bd.runs/impl_1/runme.log
launch_runs: Time (s): cpu = 00:00:16 ; elapsed = 00:00:21 . Memory (MB): peak = 9316.234 ; gain = 237.344 ; free physical = 188 ; free virtual = 15132
open_hw_manager
connect_hw_server -allow_non_jtag
INFO: [Labtools 27-2285] Connecting to hw_server url TCP:localhost:3121
INFO: [Labtools 27-2222] Launching hw_server...
INFO: [Labtools 27-2221] Launch Output:

****** Xilinx hw_server v2020.2
  **** Build date : Nov 18 2020 at 09:50:49
    ** Copyright 1986-2020 Xilinx, Inc. All Rights Reserved.


INFO: [Labtools 27-3415] Connecting to cs_server url TCP:localhost:3042
INFO: [Labtools 27-3417] Launching cs_server...
INFO: [Labtools 27-2221] Launch Output:


******** Xilinx cs_server v2020.2
  ****** Build date   : Nov 04 2020-05:02:56
    **** Build number : 2020.2.1604437376
      ** Copyright 2017-2020 Xilinx, Inc. All Rights Reserved.



open_hw_target
INFO: [Labtoolstcl 44-466] Opening hw_target localhost:3121/xilinx_tcf/Digilent/210251A08870
set_property PROGRAM.FILE {/home/oppenyes/workspace/my_git/e203_zs/prj/sys_top_bd/sys_top_bd.runs/impl_1/system_top_wrapper.bit} [get_hw_devices xc7a200t_0]
current_hw_device [get_hw_devices xc7a200t_0]
refresh_hw_device -update_hw_probes false [lindex [get_hw_devices xc7a200t_0] 0]
INFO: [Labtools 27-1434] Device xc7a200t (JTAG device index = 0) is programmed with a design that has no supported debug core(s) in it.
set_property PROBES.FILE {} [get_hw_devices xc7a200t_0]
set_property FULL_PROBES.FILE {} [get_hw_devices xc7a200t_0]
set_property PROGRAM.FILE {/home/oppenyes/workspace/my_git/e203_zs/prj/sys_top_bd/sys_top_bd.runs/impl_1/system_top_wrapper.bit} [get_hw_devices xc7a200t_0]
program_hw_devices [get_hw_devices xc7a200t_0]
INFO: [Labtools 27-3164] End of startup status: HIGH
program_hw_devices: Time (s): cpu = 00:00:06 ; elapsed = 00:00:06 . Memory (MB): peak = 10567.512 ; gain = 0.000 ; free physical = 3130 ; free virtual = 13918
refresh_hw_device [lindex [get_hw_devices xc7a200t_0] 0]
INFO: [Labtools 27-1434] Device xc7a200t (JTAG device index = 0) is programmed with a design that has no supported debug core(s) in it.
open_bd_design {/home/oppenyes/workspace/my_git/e203_zs/prj/sys_top_bd/sys_top_bd.srcs/sources_1/bd/system_top/system_top.bd}
set_property offset 0x00000000 [get_bd_addr_segs {system_e203_0/expl_axi/SEG_mig_7series_0_memaddr}]
INFO: [Coretcl 2-12] '/mig_7series_0/S_AXI' selected.
INFO: [Coretcl 2-12] '/mig_7series_0/S_AXI' selected.
INFO: [Coretcl 2-12] '/mig_7series_0/S_AXI' selected.
set_property offset 0x00000000 [get_bd_addr_segs {system_e203_0/expl_axi/SEG_mig_7series_0_memaddr}]
INFO: [Coretcl 2-12] '/mig_7series_0/S_AXI' selected.
set_property offset 0x00000000 [get_bd_addr_segs {system_e203_0/expl_axi/SEG_mig_7series_0_memaddr}]
INFO: [Coretcl 2-12] '/system_e203_0' selected.
INFO: [Coretcl 2-12] '/system_e203_0/expl_axi' selected.
INFO: [Coretcl 2-12] '/system_e203_0' selected.
INFO: [Coretcl 2-12] '/mig_7series_0/S_AXI' selected.
INFO: [Coretcl 2-12] '/mig_7series_0/S_AXI' selected.
set_property offset 0x00000000 [get_bd_addr_segs {system_e203_0/expl_axi/SEG_mig_7series_0_memaddr}]
set_property range 4G [get_bd_addr_segs {system_e203_0/expl_axi/SEG_mig_7series_0_memaddr}]
INFO: [Coretcl 2-12] '/system_e203_0' selected.
INFO: [Coretcl 2-12] '/mig_7series_0/S_AXI' selected.
set_property offset 0x00000000 [get_bd_addr_segs {system_e203_0/expl_axi/SEG_mig_7series_0_memaddr}]
set_property range 2G [get_bd_addr_segs {system_e203_0/expl_axi/SEG_mig_7series_0_memaddr}]
set_property offset 0x00000000 [get_bd_addr_segs {system_e203_0/expl_axi/SEG_mig_7series_0_memaddr}]
set_property range 256M [get_bd_addr_segs {system_e203_0/expl_axi/SEG_mig_7series_0_memaddr}]
set_property range 2G [get_bd_addr_segs {system_e203_0/expl_axi/SEG_mig_7series_0_memaddr}]
set_property range 4G [get_bd_addr_segs {system_e203_0/expl_axi/SEG_mig_7series_0_memaddr}]
set_property range 2G [get_bd_addr_segs {system_e203_0/expl_axi/SEG_mig_7series_0_memaddr}]
set_property range 512M [get_bd_addr_segs {system_e203_0/expl_axi/SEG_mig_7series_0_memaddr}]
set_property range 2G [get_bd_addr_segs {system_e203_0/expl_axi/SEG_mig_7series_0_memaddr}]
INFO: [Coretcl 2-12] '/mig_7series_0/S_AXI' selected.
ERROR: [Labtoolstcl 44-513] HW Target shutdown. Closing target: localhost:3121/xilinx_tcf/Digilent/210251A08870
INFO: [Coretcl 2-12] '/mig_7series_0/S_AXI' selected.
INFO: [Coretcl 2-12] '/mig_7series_0/S_AXI' selected.
set_property range 256M [get_bd_addr_segs {system_e203_0/expl_axi/SEG_mig_7series_0_memaddr}]
set_property offset 0x80000000 [get_bd_addr_segs {system_e203_0/expl_axi/SEG_mig_7series_0_memaddr}]
save_bd_design
Wrote  : </home/oppenyes/workspace/my_git/e203_zs/prj/sys_top_bd/sys_top_bd.srcs/sources_1/bd/system_top/system_top.bd> 
Wrote  : </home/oppenyes/workspace/my_git/e203_zs/prj/sys_top_bd/sys_top_bd.srcs/sources_1/bd/system_top/ui/bd_9edf8fa5.ui> 
disconnect_bd_net /util_vector_logic_0_Res [get_bd_pins system_e203_0/ck_rst]
connect_bd_net [get_bd_pins system_e203_0/ck_rst] [get_bd_pins proc_sys_reset_0/mb_reset]
startgroup
create_bd_cell -type ip -vlnv xilinx.com:ip:util_vector_logic:2.0 util_vector_logic_1
endgroup
set_property -dict [list CONFIG.C_SIZE {1} CONFIG.C_OPERATION {not} CONFIG.LOGO_FILE {data/sym_notgate.png}] [get_bd_cells util_vector_logic_1]
delete_bd_objs [get_bd_nets proc_sys_reset_0_mb_reset]
connect_bd_net [get_bd_pins proc_sys_reset_0/mb_reset] [get_bd_pins util_vector_logic_1/Op1]
connect_bd_net [get_bd_pins util_vector_logic_1/Res] [get_bd_pins system_e203_0/ck_rst]
regenerate_bd_layout -routing
set_property location {1 209 562} [get_bd_cells util_vector_logic_1]
regenerate_bd_layout -routing
save_bd_design
Wrote  : </home/oppenyes/workspace/my_git/e203_zs/prj/sys_top_bd/sys_top_bd.srcs/sources_1/bd/system_top/system_top.bd> 
Wrote  : </home/oppenyes/workspace/my_git/e203_zs/prj/sys_top_bd/sys_top_bd.srcs/sources_1/bd/system_top/ui/bd_9edf8fa5.ui> 
reset_run synth_1
launch_runs impl_1 -to_step write_bitstream -jobs 8
INFO: [xilinx.com:ip:clk_wiz:6.0-1] /clk_wiz_0 clk_wiz propagate
Wrote  : </home/oppenyes/workspace/my_git/e203_zs/prj/sys_top_bd/sys_top_bd.srcs/sources_1/bd/system_top/system_top.bd> 
Wrote  : </home/oppenyes/workspace/my_git/e203_zs/prj/sys_top_bd/sys_top_bd.srcs/sources_1/bd/system_top/ui/bd_9edf8fa5.ui> 
VHDL Output written to : /home/oppenyes/workspace/my_git/e203_zs/prj/sys_top_bd/sys_top_bd.gen/sources_1/bd/system_top/synth/system_top.v
VHDL Output written to : /home/oppenyes/workspace/my_git/e203_zs/prj/sys_top_bd/sys_top_bd.gen/sources_1/bd/system_top/sim/system_top.v
VHDL Output written to : /home/oppenyes/workspace/my_git/e203_zs/prj/sys_top_bd/sys_top_bd.gen/sources_1/bd/system_top/hdl/system_top_wrapper.v
INFO: [BD 41-1029] Generation completed for the IP Integrator block util_vector_logic_1 .
WARNING: [IP_Flow 19-4994] Overwriting existing constraint file '/home/oppenyes/workspace/my_git/e203_zs/prj/sys_top_bd/sys_top_bd.gen/sources_1/bd/system_top/ip/system_top_auto_cc_0_1/system_top_auto_cc_0_ooc.xdc'
WARNING: [IP_Flow 19-5611] Unable to find an associated reset port for the interface 'S_AXI'. A default connection has been created.
WARNING: [IP_Flow 19-5611] Unable to find an associated reset port for the interface 'M_AXI'. A default connection has been created.
INFO: [BD 41-1029] Generation completed for the IP Integrator block axi_interconnect_0/s00_couplers/auto_cc .
WARNING: [IP_Flow 19-4994] Overwriting existing constraint file '/home/oppenyes/workspace/my_git/e203_zs/prj/sys_top_bd/sys_top_bd.gen/sources_1/bd/system_top/ip/system_top_auto_pc_0_1/system_top_auto_pc_0_ooc.xdc'
INFO: [BD 41-1029] Generation completed for the IP Integrator block axi_interconnect_0/s00_couplers/auto_pc .
Exporting to file /home/oppenyes/workspace/my_git/e203_zs/prj/sys_top_bd/sys_top_bd.gen/sources_1/bd/system_top/hw_handoff/system_top.hwh
Generated Block Design Tcl file /home/oppenyes/workspace/my_git/e203_zs/prj/sys_top_bd/sys_top_bd.gen/sources_1/bd/system_top/hw_handoff/system_top_bd.tcl
Generated Hardware Definition File /home/oppenyes/workspace/my_git/e203_zs/prj/sys_top_bd/sys_top_bd.gen/sources_1/bd/system_top/synth/system_top.hwdef
INFO: [IP_Flow 19-7066] Running IP cache check for IP system_top_auto_cc_0
INFO: [IP_Flow 19-7066] Running IP cache check for IP system_top_auto_pc_0
INFO: [IP_Flow 19-7066] Running IP cache check for IP system_top_util_vector_logic_1_0
INFO: [IP_Flow 19-4993] Using cached IP synthesis design for IP system_top_auto_cc_0, cache-ID = efe00a9a0575bdea; cache size = 100.935 MB.
INFO: [IP_Flow 19-4993] Using cached IP synthesis design for IP system_top_auto_pc_0, cache-ID = 9ae0e27e72a50df3; cache size = 100.935 MB.
[Wed Feb  5 23:16:48 2025] Launched system_top_util_vector_logic_1_0_synth_1, synth_1...
Run output will be captured here:
system_top_util_vector_logic_1_0_synth_1: /home/oppenyes/workspace/my_git/e203_zs/prj/sys_top_bd/sys_top_bd.runs/system_top_util_vector_logic_1_0_synth_1/runme.log
synth_1: /home/oppenyes/workspace/my_git/e203_zs/prj/sys_top_bd/sys_top_bd.runs/synth_1/runme.log
[Wed Feb  5 23:16:48 2025] Launched impl_1...
Run output will be captured here: /home/oppenyes/workspace/my_git/e203_zs/prj/sys_top_bd/sys_top_bd.runs/impl_1/runme.log
launch_runs: Time (s): cpu = 00:00:09 ; elapsed = 00:00:08 . Memory (MB): peak = 10922.910 ; gain = 112.039 ; free physical = 3128 ; free virtual = 13818
disconnect_hw_server localhost:3121
connect_hw_server -allow_non_jtag
INFO: [Labtools 27-2285] Connecting to hw_server url TCP:localhost:3121
INFO: [Labtools 27-3415] Connecting to cs_server url TCP:localhost:3042
INFO: [Labtools 27-3414] Connected to existing cs_server.
ERROR: [Labtoolstcl 44-494] There is no active target available for server at localhost.
 Targets(s) ", jsn-JTAG-SMT2-210251A08870" may be locked by another hw_server.
disconnect_hw_server localhost:3121
connect_hw_server -allow_non_jtag
INFO: [Labtools 27-2285] Connecting to hw_server url TCP:localhost:3121
INFO: [Labtools 27-3415] Connecting to cs_server url TCP:localhost:3042
INFO: [Labtools 27-3414] Connected to existing cs_server.
ERROR: [Labtoolstcl 44-494] There is no active target available for server at localhost.
 Targets(s) ", jsn-JTAG-SMT2-210251A08870" may be locked by another hw_server.
disconnect_hw_server localhost:3121
connect_hw_server -allow_non_jtag
INFO: [Labtools 27-2285] Connecting to hw_server url TCP:localhost:3121
INFO: [Labtools 27-3415] Connecting to cs_server url TCP:localhost:3042
INFO: [Labtools 27-3414] Connected to existing cs_server.
ERROR: [Labtoolstcl 44-494] There is no active target available for server at localhost.
 Targets(s) ", jsn-JTAG-SMT2-210251A08870" may be locked by another hw_server.
disconnect_hw_server localhost:3121
connect_hw_server -allow_non_jtag
INFO: [Labtools 27-2285] Connecting to hw_server url TCP:localhost:3121
INFO: [Labtools 27-3415] Connecting to cs_server url TCP:localhost:3042
INFO: [Labtools 27-3414] Connected to existing cs_server.
open_hw_target
INFO: [Labtoolstcl 44-466] Opening hw_target localhost:3121/xilinx_tcf/Digilent/210251A08870
set_property PROGRAM.FILE {/home/oppenyes/workspace/my_git/e203_zs/prj/sys_top_bd/sys_top_bd.runs/impl_1/system_top_wrapper.bit} [get_hw_devices xc7a200t_0]
current_hw_device [get_hw_devices xc7a200t_0]
refresh_hw_device -update_hw_probes false [lindex [get_hw_devices xc7a200t_0] 0]
INFO: [Labtools 27-1434] Device xc7a200t (JTAG device index = 0) is programmed with a design that has no supported debug core(s) in it.
set_property PROBES.FILE {} [get_hw_devices xc7a200t_0]
set_property FULL_PROBES.FILE {} [get_hw_devices xc7a200t_0]
set_property PROGRAM.FILE {/home/oppenyes/workspace/my_git/e203_zs/prj/sys_top_bd/sys_top_bd.runs/impl_1/system_top_wrapper.bit} [get_hw_devices xc7a200t_0]
program_hw_devices [get_hw_devices xc7a200t_0]
INFO: [Labtools 27-3164] End of startup status: HIGH
program_hw_devices: Time (s): cpu = 00:00:06 ; elapsed = 00:00:06 . Memory (MB): peak = 10938.918 ; gain = 0.000 ; free physical = 3059 ; free virtual = 13849
refresh_hw_device [lindex [get_hw_devices xc7a200t_0] 0]
INFO: [Labtools 27-1434] Device xc7a200t (JTAG device index = 0) is programmed with a design that has no supported debug core(s) in it.
open_bd_design {/home/oppenyes/workspace/my_git/e203_zs/prj/sys_top_bd/sys_top_bd.srcs/sources_1/bd/system_top/system_top.bd}
INFO: [Coretcl 2-12] '/mig_7series_0/S_AXI' selected.
set_property offset 0x80000000 [get_bd_addr_segs {system_e203_0/expl_axi/SEG_mig_7series_0_memaddr}]
startgroup
set_property -dict [list CONFIG.NUM_MI {2}] [get_bd_cells axi_interconnect_0]
endgroup
startgroup
create_bd_cell -type ip -vlnv xilinx.com:ip:axi_gpio:2.0 axi_gpio_0
endgroup
set_property location {5.5 2087 232} [get_bd_cells axi_gpio_0]
set_property location {4.5 1965 286} [get_bd_cells axi_gpio_0]
set_property -dict [list CONFIG.C_GPIO_WIDTH {4} CONFIG.C_IS_DUAL {0}] [get_bd_cells axi_gpio_0]
connect_bd_intf_net -boundary_type upper [get_bd_intf_pins axi_interconnect_0/M01_AXI] [get_bd_intf_pins axi_gpio_0/S_AXI]
startgroup
apply_bd_automation -rule xilinx.com:bd_rule:board -config { Manual_Source {Auto}}  [get_bd_intf_pins axi_gpio_0/GPIO]
INFO: [BoardRule 102-8] create_bd_intf_port -mode Master -vlnv xilinx.com:interface:gpio_rtl:1.0 gpio_rtl_0
INFO: [BoardRule 102-9] connect_bd_intf_net /gpio_rtl_0 /axi_gpio_0/GPIO
apply_bd_automation -rule xilinx.com:bd_rule:clkrst -config { Clk {/clk_wiz_0/clk_out1 (200 MHz)} Freq {100} Ref_Clk0 {} Ref_Clk1 {} Ref_Clk2 {}}  [get_bd_pins axi_gpio_0/s_axi_aclk]
endgroup
set_property name LED [get_bd_intf_ports gpio_rtl_0]
validate_bd_design
CRITICAL WARNING: [BD 41-1356] Slave segment </axi_gpio_0/S_AXI/Reg> is not assigned into address space </system_e203_0/expl_axi>. Please use Address Editor to either assign or exclude it.
INFO: [xilinx.com:ip:clk_wiz:6.0-1] /clk_wiz_0 clk_wiz propagate
assign_bd_address -target_address_space /system_e203_0/expl_axi [get_bd_addr_segs axi_gpio_0/S_AXI/Reg] -force
Slave segment '/axi_gpio_0/S_AXI/Reg' is being assigned into address space '/system_e203_0/expl_axi' at <0x4000_0000 [ 64K ]>.
validate_bd_design
INFO: [xilinx.com:ip:clk_wiz:6.0-1] /clk_wiz_0 clk_wiz propagate
generate_target all [get_files  /home/oppenyes/workspace/my_git/e203_zs/prj/sys_top_bd/sys_top_bd.srcs/sources_1/bd/system_top/system_top.bd]
INFO: [BD 41-1662] The design 'system_top.bd' is already validated. Therefore parameter propagation will not be re-run.
Wrote  : </home/oppenyes/workspace/my_git/e203_zs/prj/sys_top_bd/sys_top_bd.srcs/sources_1/bd/system_top/system_top.bd> 
Wrote  : </home/oppenyes/workspace/my_git/e203_zs/prj/sys_top_bd/sys_top_bd.srcs/sources_1/bd/system_top/ui/bd_9edf8fa5.ui> 
VHDL Output written to : /home/oppenyes/workspace/my_git/e203_zs/prj/sys_top_bd/sys_top_bd.gen/sources_1/bd/system_top/synth/system_top.v
VHDL Output written to : /home/oppenyes/workspace/my_git/e203_zs/prj/sys_top_bd/sys_top_bd.gen/sources_1/bd/system_top/sim/system_top.v
VHDL Output written to : /home/oppenyes/workspace/my_git/e203_zs/prj/sys_top_bd/sys_top_bd.gen/sources_1/bd/system_top/hdl/system_top_wrapper.v
INFO: [BD 41-1029] Generation completed for the IP Integrator block axi_interconnect_0/xbar .
WARNING: [IP_Flow 19-4994] Overwriting existing constraint file '/home/oppenyes/workspace/my_git/e203_zs/prj/sys_top_bd/sys_top_bd.gen/sources_1/bd/system_top/ip/system_top_auto_pc_1/system_top_auto_pc_1_ooc.xdc'
INFO: [BD 41-1029] Generation completed for the IP Integrator block axi_interconnect_0/s00_couplers/auto_pc .
WARNING: [IP_Flow 19-4994] Overwriting existing constraint file '/home/oppenyes/workspace/my_git/e203_zs/prj/sys_top_bd/sys_top_bd.gen/sources_1/bd/system_top/ip/system_top_auto_cc_0_1/system_top_auto_cc_0_ooc.xdc'
WARNING: [IP_Flow 19-5611] Unable to find an associated reset port for the interface 'S_AXI'. A default connection has been created.
WARNING: [IP_Flow 19-5611] Unable to find an associated reset port for the interface 'M_AXI'. A default connection has been created.
INFO: [BD 41-1029] Generation completed for the IP Integrator block axi_interconnect_0/m00_couplers/auto_cc .
WARNING: [IP_Flow 19-4994] Overwriting existing constraint file '/home/oppenyes/workspace/my_git/e203_zs/prj/sys_top_bd/sys_top_bd.gen/sources_1/bd/system_top/ip/system_top_auto_cc_1/system_top_auto_cc_1_ooc.xdc'
WARNING: [IP_Flow 19-5611] Unable to find an associated reset port for the interface 'S_AXI'. A default connection has been created.
WARNING: [IP_Flow 19-5611] Unable to find an associated reset port for the interface 'M_AXI'. A default connection has been created.
INFO: [BD 41-1029] Generation completed for the IP Integrator block axi_interconnect_0/m01_couplers/auto_cc .
WARNING: [IP_Flow 19-4994] Overwriting existing constraint file '/home/oppenyes/workspace/my_git/e203_zs/prj/sys_top_bd/sys_top_bd.gen/sources_1/bd/system_top/ip/system_top_auto_pc_0_1/system_top_auto_pc_0_ooc.xdc'
INFO: [BD 41-1029] Generation completed for the IP Integrator block axi_interconnect_0/m01_couplers/auto_pc .
INFO: [BD 41-1029] Generation completed for the IP Integrator block axi_gpio_0 .
INFO: [BD 41-1029] Generation completed for the IP Integrator block rst_clk_wiz_0_200M .
Exporting to file /home/oppenyes/workspace/my_git/e203_zs/prj/sys_top_bd/sys_top_bd.gen/sources_1/bd/system_top/hw_handoff/system_top.hwh
Generated Block Design Tcl file /home/oppenyes/workspace/my_git/e203_zs/prj/sys_top_bd/sys_top_bd.gen/sources_1/bd/system_top/hw_handoff/system_top_bd.tcl
Generated Hardware Definition File /home/oppenyes/workspace/my_git/e203_zs/prj/sys_top_bd/sys_top_bd.gen/sources_1/bd/system_top/synth/system_top.hwdef
catch { config_ip_cache -export [get_ips -all system_top_xbar_0] }
catch { config_ip_cache -export [get_ips -all system_top_auto_pc_1] }
catch { config_ip_cache -export [get_ips -all system_top_auto_cc_0] }
catch { config_ip_cache -export [get_ips -all system_top_auto_cc_1] }
catch { config_ip_cache -export [get_ips -all system_top_auto_pc_0] }
catch { config_ip_cache -export [get_ips -all system_top_axi_gpio_0_0] }
catch { config_ip_cache -export [get_ips -all system_top_rst_clk_wiz_0_200M_0] }
export_ip_user_files -of_objects [get_files /home/oppenyes/workspace/my_git/e203_zs/prj/sys_top_bd/sys_top_bd.srcs/sources_1/bd/system_top/system_top.bd] -no_script -sync -force -quiet
create_ip_run [get_files -of_objects [get_fileset sources_1] /home/oppenyes/workspace/my_git/e203_zs/prj/sys_top_bd/sys_top_bd.srcs/sources_1/bd/system_top/system_top.bd]
launch_runs system_top_xbar_0_synth_1 system_top_auto_pc_1_synth_1 system_top_auto_cc_0_synth_1 system_top_auto_cc_1_synth_1 system_top_auto_pc_0_synth_1 system_top_axi_gpio_0_0_synth_1 system_top_rst_clk_wiz_0_200M_0_synth_1 -jobs 8
[Thu Feb  6 00:13:50 2025] Launched system_top_xbar_0_synth_1, system_top_auto_pc_1_synth_1, system_top_auto_cc_0_synth_1, system_top_auto_cc_1_synth_1, system_top_auto_pc_0_synth_1, system_top_axi_gpio_0_0_synth_1, system_top_rst_clk_wiz_0_200M_0_synth_1...
Run output will be captured here:
system_top_xbar_0_synth_1: /home/oppenyes/workspace/my_git/e203_zs/prj/sys_top_bd/sys_top_bd.runs/system_top_xbar_0_synth_1/runme.log
system_top_auto_pc_1_synth_1: /home/oppenyes/workspace/my_git/e203_zs/prj/sys_top_bd/sys_top_bd.runs/system_top_auto_pc_1_synth_1/runme.log
system_top_auto_cc_0_synth_1: /home/oppenyes/workspace/my_git/e203_zs/prj/sys_top_bd/sys_top_bd.runs/system_top_auto_cc_0_synth_1/runme.log
system_top_auto_cc_1_synth_1: /home/oppenyes/workspace/my_git/e203_zs/prj/sys_top_bd/sys_top_bd.runs/system_top_auto_cc_1_synth_1/runme.log
system_top_auto_pc_0_synth_1: /home/oppenyes/workspace/my_git/e203_zs/prj/sys_top_bd/sys_top_bd.runs/system_top_auto_pc_0_synth_1/runme.log
system_top_axi_gpio_0_0_synth_1: /home/oppenyes/workspace/my_git/e203_zs/prj/sys_top_bd/sys_top_bd.runs/system_top_axi_gpio_0_0_synth_1/runme.log
system_top_rst_clk_wiz_0_200M_0_synth_1: /home/oppenyes/workspace/my_git/e203_zs/prj/sys_top_bd/sys_top_bd.runs/system_top_rst_clk_wiz_0_200M_0_synth_1/runme.log
export_simulation -of_objects [get_files /home/oppenyes/workspace/my_git/e203_zs/prj/sys_top_bd/sys_top_bd.srcs/sources_1/bd/system_top/system_top.bd] -directory /home/oppenyes/workspace/my_git/e203_zs/prj/sys_top_bd/sys_top_bd.ip_user_files/sim_scripts -ip_user_files_dir /home/oppenyes/workspace/my_git/e203_zs/prj/sys_top_bd/sys_top_bd.ip_user_files -ipstatic_source_dir /home/oppenyes/workspace/my_git/e203_zs/prj/sys_top_bd/sys_top_bd.ip_user_files/ipstatic -lib_map_path [list {modelsim=/home/oppenyes/workspace/my_git/e203_zs/prj/sys_top_bd/sys_top_bd.cache/compile_simlib/modelsim} {questa=/home/oppenyes/workspace/my_git/e203_zs/prj/sys_top_bd/sys_top_bd.cache/compile_simlib/questa} {ies=/home/oppenyes/workspace/my_git/e203_zs/prj/sys_top_bd/sys_top_bd.cache/compile_simlib/ies} {xcelium=/home/oppenyes/workspace/my_git/e203_zs/prj/sys_top_bd/sys_top_bd.cache/compile_simlib/xcelium} {vcs=/home/oppenyes/workspace/my_git/e203_zs/prj/sys_top_bd/sys_top_bd.cache/compile_simlib/vcs} {riviera=/home/oppenyes/workspace/my_git/e203_zs/prj/sys_top_bd/sys_top_bd.cache/compile_simlib/riviera}] -use_ip_compiled_libs -force -quiet
reset_run synth_1
launch_runs impl_1 -jobs 8
[Thu Feb  6 00:24:15 2025] Launched synth_1...
Run output will be captured here: /home/oppenyes/workspace/my_git/e203_zs/prj/sys_top_bd/sys_top_bd.runs/synth_1/runme.log
[Thu Feb  6 00:24:15 2025] Launched impl_1...
Run output will be captured here: /home/oppenyes/workspace/my_git/e203_zs/prj/sys_top_bd/sys_top_bd.runs/impl_1/runme.log
reset_run synth_1
launch_runs impl_1 -jobs 8
[Thu Feb  6 00:30:37 2025] Launched synth_1...
Run output will be captured here: /home/oppenyes/workspace/my_git/e203_zs/prj/sys_top_bd/sys_top_bd.runs/synth_1/runme.log
[Thu Feb  6 00:30:37 2025] Launched impl_1...
Run output will be captured here: /home/oppenyes/workspace/my_git/e203_zs/prj/sys_top_bd/sys_top_bd.runs/impl_1/runme.log
reset_run synth_1
launch_runs impl_1 -jobs 8
[Thu Feb  6 00:34:33 2025] Launched synth_1...
Run output will be captured here: /home/oppenyes/workspace/my_git/e203_zs/prj/sys_top_bd/sys_top_bd.runs/synth_1/runme.log
[Thu Feb  6 00:34:33 2025] Launched impl_1...
Run output will be captured here: /home/oppenyes/workspace/my_git/e203_zs/prj/sys_top_bd/sys_top_bd.runs/impl_1/runme.log
reset_run synth_1
launch_runs impl_1 -jobs 8
[Thu Feb  6 00:38:17 2025] Launched synth_1...
Run output will be captured here: /home/oppenyes/workspace/my_git/e203_zs/prj/sys_top_bd/sys_top_bd.runs/synth_1/runme.log
[Thu Feb  6 00:38:17 2025] Launched impl_1...
Run output will be captured here: /home/oppenyes/workspace/my_git/e203_zs/prj/sys_top_bd/sys_top_bd.runs/impl_1/runme.log
reset_run synth_1
launch_runs impl_1 -jobs 8
[Thu Feb  6 00:43:18 2025] Launched synth_1...
Run output will be captured here: /home/oppenyes/workspace/my_git/e203_zs/prj/sys_top_bd/sys_top_bd.runs/synth_1/runme.log
[Thu Feb  6 00:43:18 2025] Launched impl_1...
Run output will be captured here: /home/oppenyes/workspace/my_git/e203_zs/prj/sys_top_bd/sys_top_bd.runs/impl_1/runme.log
reset_run synth_1
launch_runs impl_1 -jobs 8
[Thu Feb  6 00:45:21 2025] Launched synth_1...
Run output will be captured here: /home/oppenyes/workspace/my_git/e203_zs/prj/sys_top_bd/sys_top_bd.runs/synth_1/runme.log
[Thu Feb  6 00:45:21 2025] Launched impl_1...
Run output will be captured here: /home/oppenyes/workspace/my_git/e203_zs/prj/sys_top_bd/sys_top_bd.runs/impl_1/runme.log
reset_run synth_1
launch_runs impl_1 -jobs 8
[Thu Feb  6 00:54:22 2025] Launched synth_1...
Run output will be captured here: /home/oppenyes/workspace/my_git/e203_zs/prj/sys_top_bd/sys_top_bd.runs/synth_1/runme.log
[Thu Feb  6 00:54:22 2025] Launched impl_1...
Run output will be captured here: /home/oppenyes/workspace/my_git/e203_zs/prj/sys_top_bd/sys_top_bd.runs/impl_1/runme.log
startgroup
set_property -dict [list CONFIG.C_GPIO_WIDTH {2}] [get_bd_cells axi_gpio_0]
endgroup
save_bd_design
Wrote  : </home/oppenyes/workspace/my_git/e203_zs/prj/sys_top_bd/sys_top_bd.srcs/sources_1/bd/system_top/system_top.bd> 
Wrote  : </home/oppenyes/workspace/my_git/e203_zs/prj/sys_top_bd/sys_top_bd.srcs/sources_1/bd/system_top/ui/bd_9edf8fa5.ui> 
reset_run system_top_axi_gpio_0_0_synth_1
reset_run synth_1
launch_runs impl_1 -jobs 8
INFO: [xilinx.com:ip:clk_wiz:6.0-1] /clk_wiz_0 clk_wiz propagate
Wrote  : </home/oppenyes/workspace/my_git/e203_zs/prj/sys_top_bd/sys_top_bd.srcs/sources_1/bd/system_top/system_top.bd> 
VHDL Output written to : /home/oppenyes/workspace/my_git/e203_zs/prj/sys_top_bd/sys_top_bd.gen/sources_1/bd/system_top/synth/system_top.v
VHDL Output written to : /home/oppenyes/workspace/my_git/e203_zs/prj/sys_top_bd/sys_top_bd.gen/sources_1/bd/system_top/sim/system_top.v
VHDL Output written to : /home/oppenyes/workspace/my_git/e203_zs/prj/sys_top_bd/sys_top_bd.gen/sources_1/bd/system_top/hdl/system_top_wrapper.v
INFO: [BD 41-1029] Generation completed for the IP Integrator block axi_gpio_0 .
WARNING: [IP_Flow 19-4994] Overwriting existing constraint file '/home/oppenyes/workspace/my_git/e203_zs/prj/sys_top_bd/sys_top_bd.gen/sources_1/bd/system_top/ip/system_top_auto_pc_1/system_top_auto_pc_1_ooc.xdc'
INFO: [BD 41-1029] Generation completed for the IP Integrator block axi_interconnect_0/s00_couplers/auto_pc .
WARNING: [IP_Flow 19-4994] Overwriting existing constraint file '/home/oppenyes/workspace/my_git/e203_zs/prj/sys_top_bd/sys_top_bd.gen/sources_1/bd/system_top/ip/system_top_auto_cc_0_1/system_top_auto_cc_0_ooc.xdc'
WARNING: [IP_Flow 19-5611] Unable to find an associated reset port for the interface 'S_AXI'. A default connection has been created.
WARNING: [IP_Flow 19-5611] Unable to find an associated reset port for the interface 'M_AXI'. A default connection has been created.
INFO: [BD 41-1029] Generation completed for the IP Integrator block axi_interconnect_0/m00_couplers/auto_cc .
WARNING: [IP_Flow 19-4994] Overwriting existing constraint file '/home/oppenyes/workspace/my_git/e203_zs/prj/sys_top_bd/sys_top_bd.gen/sources_1/bd/system_top/ip/system_top_auto_cc_1/system_top_auto_cc_1_ooc.xdc'
WARNING: [IP_Flow 19-5611] Unable to find an associated reset port for the interface 'S_AXI'. A default connection has been created.
WARNING: [IP_Flow 19-5611] Unable to find an associated reset port for the interface 'M_AXI'. A default connection has been created.
INFO: [BD 41-1029] Generation completed for the IP Integrator block axi_interconnect_0/m01_couplers/auto_cc .
WARNING: [IP_Flow 19-4994] Overwriting existing constraint file '/home/oppenyes/workspace/my_git/e203_zs/prj/sys_top_bd/sys_top_bd.gen/sources_1/bd/system_top/ip/system_top_auto_pc_0_1/system_top_auto_pc_0_ooc.xdc'
INFO: [BD 41-1029] Generation completed for the IP Integrator block axi_interconnect_0/m01_couplers/auto_pc .
Exporting to file /home/oppenyes/workspace/my_git/e203_zs/prj/sys_top_bd/sys_top_bd.gen/sources_1/bd/system_top/hw_handoff/system_top.hwh
Generated Block Design Tcl file /home/oppenyes/workspace/my_git/e203_zs/prj/sys_top_bd/sys_top_bd.gen/sources_1/bd/system_top/hw_handoff/system_top_bd.tcl
Generated Hardware Definition File /home/oppenyes/workspace/my_git/e203_zs/prj/sys_top_bd/sys_top_bd.gen/sources_1/bd/system_top/synth/system_top.hwdef
INFO: [IP_Flow 19-7066] Running IP cache check for IP system_top_auto_cc_0
INFO: [IP_Flow 19-7066] Running IP cache check for IP system_top_auto_cc_1
INFO: [IP_Flow 19-7066] Running IP cache check for IP system_top_auto_pc_0
INFO: [IP_Flow 19-7066] Running IP cache check for IP system_top_auto_pc_1
INFO: [IP_Flow 19-7066] Running IP cache check for IP system_top_axi_gpio_0_0
INFO: [IP_Flow 19-4993] Using cached IP synthesis design for IP system_top_auto_cc_0, cache-ID = 4371307b86152534; cache size = 107.120 MB.
INFO: [IP_Flow 19-4993] Using cached IP synthesis design for IP system_top_auto_cc_1, cache-ID = 19c2eae62a88a723; cache size = 107.120 MB.
INFO: [IP_Flow 19-4993] Using cached IP synthesis design for IP system_top_auto_pc_0, cache-ID = d7994702b1cfb63e; cache size = 107.120 MB.
INFO: [IP_Flow 19-4993] Using cached IP synthesis design for IP system_top_auto_pc_1, cache-ID = 6899be0996a73f82; cache size = 107.120 MB.
[Thu Feb  6 01:06:20 2025] Launched system_top_axi_gpio_0_0_synth_1, synth_1...
Run output will be captured here:
system_top_axi_gpio_0_0_synth_1: /home/oppenyes/workspace/my_git/e203_zs/prj/sys_top_bd/sys_top_bd.runs/system_top_axi_gpio_0_0_synth_1/runme.log
synth_1: /home/oppenyes/workspace/my_git/e203_zs/prj/sys_top_bd/sys_top_bd.runs/synth_1/runme.log
[Thu Feb  6 01:06:20 2025] Launched impl_1...
Run output will be captured here: /home/oppenyes/workspace/my_git/e203_zs/prj/sys_top_bd/sys_top_bd.runs/impl_1/runme.log
launch_runs: Time (s): cpu = 00:00:10 ; elapsed = 00:00:11 . Memory (MB): peak = 11369.699 ; gain = 48.992 ; free physical = 9049 ; free virtual = 13800
launch_runs impl_1 -to_step write_bitstream -jobs 8
[Thu Feb  6 01:11:53 2025] Launched impl_1...
Run output will be captured here: /home/oppenyes/workspace/my_git/e203_zs/prj/sys_top_bd/sys_top_bd.runs/impl_1/runme.log
set_property PROBES.FILE {} [get_hw_devices xc7a200t_0]
set_property FULL_PROBES.FILE {} [get_hw_devices xc7a200t_0]
set_property PROGRAM.FILE {/home/oppenyes/workspace/my_git/e203_zs/prj/sys_top_bd/sys_top_bd.runs/impl_1/system_top_wrapper.bit} [get_hw_devices xc7a200t_0]
program_hw_devices [get_hw_devices xc7a200t_0]
INFO: [Labtools 27-3164] End of startup status: HIGH
program_hw_devices: Time (s): cpu = 00:00:07 ; elapsed = 00:00:06 . Memory (MB): peak = 11388.820 ; gain = 0.000 ; free physical = 8946 ; free virtual = 13833
refresh_hw_device [lindex [get_hw_devices xc7a200t_0] 0]
INFO: [Labtools 27-1434] Device xc7a200t (JTAG device index = 0) is programmed with a design that has no supported debug core(s) in it.
open_bd_design {/home/oppenyes/workspace/my_git/e203_zs/prj/sys_top_bd/sys_top_bd.srcs/sources_1/bd/system_top/system_top.bd}
INFO: [Coretcl 2-12] '/mig_7series_0/S_AXI' selected.
set_property offset 0xA0000000 [get_bd_addr_segs {system_e203_0/expl_axi/SEG_mig_7series_0_memaddr}]
save_bd_design
Wrote  : </home/oppenyes/workspace/my_git/e203_zs/prj/sys_top_bd/sys_top_bd.srcs/sources_1/bd/system_top/system_top.bd> 
reset_run synth_1
launch_runs impl_1 -to_step write_bitstream -jobs 8
INFO: [xilinx.com:ip:clk_wiz:6.0-1] /clk_wiz_0 clk_wiz propagate
Wrote  : </home/oppenyes/workspace/my_git/e203_zs/prj/sys_top_bd/sys_top_bd.srcs/sources_1/bd/system_top/system_top.bd> 
VHDL Output written to : /home/oppenyes/workspace/my_git/e203_zs/prj/sys_top_bd/sys_top_bd.gen/sources_1/bd/system_top/synth/system_top.v
VHDL Output written to : /home/oppenyes/workspace/my_git/e203_zs/prj/sys_top_bd/sys_top_bd.gen/sources_1/bd/system_top/sim/system_top.v
VHDL Output written to : /home/oppenyes/workspace/my_git/e203_zs/prj/sys_top_bd/sys_top_bd.gen/sources_1/bd/system_top/hdl/system_top_wrapper.v
INFO: [BD 41-1029] Generation completed for the IP Integrator block axi_interconnect_0/xbar .
WARNING: [IP_Flow 19-4994] Overwriting existing constraint file '/home/oppenyes/workspace/my_git/e203_zs/prj/sys_top_bd/sys_top_bd.gen/sources_1/bd/system_top/ip/system_top_auto_pc_1/system_top_auto_pc_1_ooc.xdc'
INFO: [BD 41-1029] Generation completed for the IP Integrator block axi_interconnect_0/s00_couplers/auto_pc .
WARNING: [IP_Flow 19-4994] Overwriting existing constraint file '/home/oppenyes/workspace/my_git/e203_zs/prj/sys_top_bd/sys_top_bd.gen/sources_1/bd/system_top/ip/system_top_auto_cc_0_1/system_top_auto_cc_0_ooc.xdc'
WARNING: [IP_Flow 19-5611] Unable to find an associated reset port for the interface 'S_AXI'. A default connection has been created.
WARNING: [IP_Flow 19-5611] Unable to find an associated reset port for the interface 'M_AXI'. A default connection has been created.
INFO: [BD 41-1029] Generation completed for the IP Integrator block axi_interconnect_0/m00_couplers/auto_cc .
WARNING: [IP_Flow 19-4994] Overwriting existing constraint file '/home/oppenyes/workspace/my_git/e203_zs/prj/sys_top_bd/sys_top_bd.gen/sources_1/bd/system_top/ip/system_top_auto_cc_1/system_top_auto_cc_1_ooc.xdc'
WARNING: [IP_Flow 19-5611] Unable to find an associated reset port for the interface 'S_AXI'. A default connection has been created.
WARNING: [IP_Flow 19-5611] Unable to find an associated reset port for the interface 'M_AXI'. A default connection has been created.
INFO: [BD 41-1029] Generation completed for the IP Integrator block axi_interconnect_0/m01_couplers/auto_cc .
WARNING: [IP_Flow 19-4994] Overwriting existing constraint file '/home/oppenyes/workspace/my_git/e203_zs/prj/sys_top_bd/sys_top_bd.gen/sources_1/bd/system_top/ip/system_top_auto_pc_0_1/system_top_auto_pc_0_ooc.xdc'
INFO: [BD 41-1029] Generation completed for the IP Integrator block axi_interconnect_0/m01_couplers/auto_pc .
Exporting to file /home/oppenyes/workspace/my_git/e203_zs/prj/sys_top_bd/sys_top_bd.gen/sources_1/bd/system_top/hw_handoff/system_top.hwh
Generated Block Design Tcl file /home/oppenyes/workspace/my_git/e203_zs/prj/sys_top_bd/sys_top_bd.gen/sources_1/bd/system_top/hw_handoff/system_top_bd.tcl
Generated Hardware Definition File /home/oppenyes/workspace/my_git/e203_zs/prj/sys_top_bd/sys_top_bd.gen/sources_1/bd/system_top/synth/system_top.hwdef
INFO: [IP_Flow 19-7066] Running IP cache check for IP system_top_auto_cc_0
INFO: [IP_Flow 19-7066] Running IP cache check for IP system_top_auto_cc_1
INFO: [IP_Flow 19-7066] Running IP cache check for IP system_top_auto_pc_0
INFO: [IP_Flow 19-7066] Running IP cache check for IP system_top_auto_pc_1
INFO: [IP_Flow 19-7066] Running IP cache check for IP system_top_xbar_0
INFO: [IP_Flow 19-4993] Using cached IP synthesis design for IP system_top_auto_cc_0, cache-ID = 4371307b86152534; cache size = 107.290 MB.
INFO: [IP_Flow 19-4993] Using cached IP synthesis design for IP system_top_auto_cc_1, cache-ID = 19c2eae62a88a723; cache size = 107.290 MB.
INFO: [IP_Flow 19-4993] Using cached IP synthesis design for IP system_top_auto_pc_0, cache-ID = d7994702b1cfb63e; cache size = 107.290 MB.
INFO: [IP_Flow 19-4993] Using cached IP synthesis design for IP system_top_auto_pc_1, cache-ID = 6899be0996a73f82; cache size = 107.290 MB.
[Thu Feb  6 01:25:11 2025] Launched system_top_xbar_0_synth_1, synth_1...
Run output will be captured here:
system_top_xbar_0_synth_1: /home/oppenyes/workspace/my_git/e203_zs/prj/sys_top_bd/sys_top_bd.runs/system_top_xbar_0_synth_1/runme.log
synth_1: /home/oppenyes/workspace/my_git/e203_zs/prj/sys_top_bd/sys_top_bd.runs/synth_1/runme.log
[Thu Feb  6 01:25:11 2025] Launched impl_1...
Run output will be captured here: /home/oppenyes/workspace/my_git/e203_zs/prj/sys_top_bd/sys_top_bd.runs/impl_1/runme.log
launch_runs: Time (s): cpu = 00:00:13 ; elapsed = 00:00:11 . Memory (MB): peak = 11502.781 ; gain = 113.961 ; free physical = 8936 ; free virtual = 13721
set_property PROBES.FILE {} [get_hw_devices xc7a200t_0]
set_property FULL_PROBES.FILE {} [get_hw_devices xc7a200t_0]
set_property PROGRAM.FILE {/home/oppenyes/workspace/my_git/e203_zs/prj/sys_top_bd/sys_top_bd.runs/impl_1/system_top_wrapper.bit} [get_hw_devices xc7a200t_0]
program_hw_devices [get_hw_devices xc7a200t_0]
INFO: [Labtools 27-3164] End of startup status: HIGH
program_hw_devices: Time (s): cpu = 00:00:06 ; elapsed = 00:00:06 . Memory (MB): peak = 11503.789 ; gain = 0.000 ; free physical = 8928 ; free virtual = 13821
refresh_hw_device [lindex [get_hw_devices xc7a200t_0] 0]
INFO: [Labtools 27-1434] Device xc7a200t (JTAG device index = 0) is programmed with a design that has no supported debug core(s) in it.
open_bd_design {/home/oppenyes/workspace/my_git/e203_zs/prj/sys_top_bd/sys_top_bd.srcs/sources_1/bd/system_top/system_top.bd}
INFO: [Coretcl 2-12] '/mig_7series_0/S_AXI' selected.
set_property range 128M [get_bd_addr_segs {system_e203_0/expl_axi/SEG_mig_7series_0_memaddr}]
save_bd_design
Wrote  : </home/oppenyes/workspace/my_git/e203_zs/prj/sys_top_bd/sys_top_bd.srcs/sources_1/bd/system_top/system_top.bd> 
set_property range 16M [get_bd_addr_segs {system_e203_0/expl_axi/SEG_mig_7series_0_memaddr}]
set_property offset 0x41000000 [get_bd_addr_segs {system_e203_0/expl_axi/SEG_mig_7series_0_memaddr}]
save_bd_design
Wrote  : </home/oppenyes/workspace/my_git/e203_zs/prj/sys_top_bd/sys_top_bd.srcs/sources_1/bd/system_top/system_top.bd> 
reset_run synth_1
launch_runs impl_1 -to_step write_bitstream -jobs 8
INFO: [xilinx.com:ip:clk_wiz:6.0-1] /clk_wiz_0 clk_wiz propagate
Wrote  : </home/oppenyes/workspace/my_git/e203_zs/prj/sys_top_bd/sys_top_bd.srcs/sources_1/bd/system_top/system_top.bd> 
VHDL Output written to : /home/oppenyes/workspace/my_git/e203_zs/prj/sys_top_bd/sys_top_bd.gen/sources_1/bd/system_top/synth/system_top.v
VHDL Output written to : /home/oppenyes/workspace/my_git/e203_zs/prj/sys_top_bd/sys_top_bd.gen/sources_1/bd/system_top/sim/system_top.v
VHDL Output written to : /home/oppenyes/workspace/my_git/e203_zs/prj/sys_top_bd/sys_top_bd.gen/sources_1/bd/system_top/hdl/system_top_wrapper.v
INFO: [BD 41-1029] Generation completed for the IP Integrator block axi_interconnect_0/xbar .
WARNING: [IP_Flow 19-4994] Overwriting existing constraint file '/home/oppenyes/workspace/my_git/e203_zs/prj/sys_top_bd/sys_top_bd.gen/sources_1/bd/system_top/ip/system_top_auto_pc_1/system_top_auto_pc_1_ooc.xdc'
INFO: [BD 41-1029] Generation completed for the IP Integrator block axi_interconnect_0/s00_couplers/auto_pc .
WARNING: [IP_Flow 19-4994] Overwriting existing constraint file '/home/oppenyes/workspace/my_git/e203_zs/prj/sys_top_bd/sys_top_bd.gen/sources_1/bd/system_top/ip/system_top_auto_cc_0_1/system_top_auto_cc_0_ooc.xdc'
WARNING: [IP_Flow 19-5611] Unable to find an associated reset port for the interface 'S_AXI'. A default connection has been created.
WARNING: [IP_Flow 19-5611] Unable to find an associated reset port for the interface 'M_AXI'. A default connection has been created.
INFO: [BD 41-1029] Generation completed for the IP Integrator block axi_interconnect_0/m00_couplers/auto_cc .
WARNING: [IP_Flow 19-4994] Overwriting existing constraint file '/home/oppenyes/workspace/my_git/e203_zs/prj/sys_top_bd/sys_top_bd.gen/sources_1/bd/system_top/ip/system_top_auto_cc_1/system_top_auto_cc_1_ooc.xdc'
WARNING: [IP_Flow 19-5611] Unable to find an associated reset port for the interface 'S_AXI'. A default connection has been created.
WARNING: [IP_Flow 19-5611] Unable to find an associated reset port for the interface 'M_AXI'. A default connection has been created.
INFO: [BD 41-1029] Generation completed for the IP Integrator block axi_interconnect_0/m01_couplers/auto_cc .
WARNING: [IP_Flow 19-4994] Overwriting existing constraint file '/home/oppenyes/workspace/my_git/e203_zs/prj/sys_top_bd/sys_top_bd.gen/sources_1/bd/system_top/ip/system_top_auto_pc_0_1/system_top_auto_pc_0_ooc.xdc'
INFO: [BD 41-1029] Generation completed for the IP Integrator block axi_interconnect_0/m01_couplers/auto_pc .
Exporting to file /home/oppenyes/workspace/my_git/e203_zs/prj/sys_top_bd/sys_top_bd.gen/sources_1/bd/system_top/hw_handoff/system_top.hwh
Generated Block Design Tcl file /home/oppenyes/workspace/my_git/e203_zs/prj/sys_top_bd/sys_top_bd.gen/sources_1/bd/system_top/hw_handoff/system_top_bd.tcl
Generated Hardware Definition File /home/oppenyes/workspace/my_git/e203_zs/prj/sys_top_bd/sys_top_bd.gen/sources_1/bd/system_top/synth/system_top.hwdef
INFO: [IP_Flow 19-7066] Running IP cache check for IP system_top_auto_cc_0
INFO: [IP_Flow 19-7066] Running IP cache check for IP system_top_auto_cc_1
INFO: [IP_Flow 19-7066] Running IP cache check for IP system_top_auto_pc_0
INFO: [IP_Flow 19-7066] Running IP cache check for IP system_top_auto_pc_1
INFO: [IP_Flow 19-7066] Running IP cache check for IP system_top_xbar_0
INFO: [IP_Flow 19-4993] Using cached IP synthesis design for IP system_top_auto_cc_0, cache-ID = 4371307b86152534; cache size = 108.190 MB.
INFO: [IP_Flow 19-4993] Using cached IP synthesis design for IP system_top_auto_cc_1, cache-ID = 19c2eae62a88a723; cache size = 108.190 MB.
INFO: [IP_Flow 19-4993] Using cached IP synthesis design for IP system_top_auto_pc_0, cache-ID = d7994702b1cfb63e; cache size = 108.190 MB.
INFO: [IP_Flow 19-4993] Using cached IP synthesis design for IP system_top_auto_pc_1, cache-ID = 6899be0996a73f82; cache size = 108.190 MB.
[Thu Feb  6 01:37:50 2025] Launched system_top_xbar_0_synth_1, synth_1...
Run output will be captured here:
system_top_xbar_0_synth_1: /home/oppenyes/workspace/my_git/e203_zs/prj/sys_top_bd/sys_top_bd.runs/system_top_xbar_0_synth_1/runme.log
synth_1: /home/oppenyes/workspace/my_git/e203_zs/prj/sys_top_bd/sys_top_bd.runs/synth_1/runme.log
[Thu Feb  6 01:37:50 2025] Launched impl_1...
Run output will be captured here: /home/oppenyes/workspace/my_git/e203_zs/prj/sys_top_bd/sys_top_bd.runs/impl_1/runme.log
launch_runs: Time (s): cpu = 00:00:13 ; elapsed = 00:00:12 . Memory (MB): peak = 11636.766 ; gain = 81.117 ; free physical = 8980 ; free virtual = 13769
set_property PROBES.FILE {} [get_hw_devices xc7a200t_0]
set_property FULL_PROBES.FILE {} [get_hw_devices xc7a200t_0]
set_property PROGRAM.FILE {/home/oppenyes/workspace/my_git/e203_zs/prj/sys_top_bd/sys_top_bd.runs/impl_1/system_top_wrapper.bit} [get_hw_devices xc7a200t_0]
program_hw_devices [get_hw_devices xc7a200t_0]
INFO: [Labtools 27-3164] End of startup status: HIGH
program_hw_devices: Time (s): cpu = 00:00:06 ; elapsed = 00:00:06 . Memory (MB): peak = 11639.770 ; gain = 0.000 ; free physical = 8910 ; free virtual = 13806
refresh_hw_device [lindex [get_hw_devices xc7a200t_0] 0]
INFO: [Labtools 27-1434] Device xc7a200t (JTAG device index = 0) is programmed with a design that has no supported debug core(s) in it.
set_property PROBES.FILE {} [get_hw_devices xc7a200t_0]
set_property FULL_PROBES.FILE {} [get_hw_devices xc7a200t_0]
set_property PROGRAM.FILE {/home/oppenyes/workspace/my_git/e203_zs/prj/sys_top_bd/sys_top_bd.runs/impl_1/system_top_wrapper.bit} [get_hw_devices xc7a200t_0]
program_hw_devices [get_hw_devices xc7a200t_0]
ERROR: [Labtools 27-3165] End of startup status: LOW
ERROR: [Common 17-39] 'program_hw_devices' failed due to earlier errors.
set_property PROBES.FILE {} [get_hw_devices xc7a200t_0]
set_property FULL_PROBES.FILE {} [get_hw_devices xc7a200t_0]
set_property PROGRAM.FILE {/home/oppenyes/workspace/my_git/e203_zs/prj/sys_top_bd/sys_top_bd.runs/impl_1/system_top_wrapper.bit} [get_hw_devices xc7a200t_0]
program_hw_devices [get_hw_devices xc7a200t_0]
INFO: [Labtools 27-3164] End of startup status: HIGH
program_hw_devices: Time (s): cpu = 00:00:06 ; elapsed = 00:00:06 . Memory (MB): peak = 11639.770 ; gain = 0.000 ; free physical = 7047 ; free virtual = 13582
refresh_hw_device [lindex [get_hw_devices xc7a200t_0] 0]
INFO: [Labtools 27-1434] Device xc7a200t (JTAG device index = 0) is programmed with a design that has no supported debug core(s) in it.
open_bd_design {/home/oppenyes/workspace/my_git/e203_zs/prj/sys_top_bd/sys_top_bd.srcs/sources_1/bd/system_top/system_top.bd}
exit
INFO: [Common 17-206] Exiting Vivado at Thu Feb  6 11:47:15 2025...
