#-----------------------------------------------------------
# Vivado v2020.2 (64-bit)
# SW Build 3064766 on Wed Nov 18 09:12:45 MST 2020
# IP Build 3064653 on Wed Nov 18 14:17:31 MST 2020
# Start of session at: Tue Feb 11 11:56:46 2025
# Process ID: 23812
# Current directory: E:/Desktop/my_git/e203_zs/prj/sys_top_bd
# Command line: vivado.exe -gui_launcher_event rodinguilauncherevent1636 E:\Desktop\my_git\e203_zs\prj\sys_top_bd\sys_top_bd.xpr
# Log file: E:/Desktop/my_git/e203_zs/prj/sys_top_bd/vivado.log
# Journal file: E:/Desktop/my_git/e203_zs/prj/sys_top_bd\vivado.jou
#-----------------------------------------------------------
start_gui
open_project E:/Desktop/my_git/e203_zs/prj/sys_top_bd/sys_top_bd.xpr
INFO: [Project 1-313] Project file moved from '/home/oppenyes/workspace/my_git/e203_zs/prj/sys_top_bd' since last save.
Scanning sources...
Finished scanning sources
INFO: [IP_Flow 19-234] Refreshing IP repositories
INFO: [IP_Flow 19-1700] Loaded user IP repository 'e:/Desktop/my_git/e203_zs/user_ip'.
INFO: [IP_Flow 19-2313] Loaded Vivado IP repository 'E:/Xilinx/Vivado/2020.2/data/ip'.
open_project: Time (s): cpu = 00:00:17 ; elapsed = 00:00:13 . Memory (MB): peak = 1119.586 ; gain = 0.000
update_compile_order -fileset sources_1
open_bd_design {E:/Desktop/my_git/e203_zs/prj/sys_top_bd/sys_top_bd.srcs/sources_1/bd/system_top/system_top.bd}
Reading block design file <E:/Desktop/my_git/e203_zs/prj/sys_top_bd/sys_top_bd.srcs/sources_1/bd/system_top/system_top.bd>...
Adding component instance block -- xilinx.com:ip:axi_interconnect:2.1 - axi_interconnect_0
Adding component instance block -- xilinx.com:ip:axi_crossbar:2.1 - xbar
Adding component instance block -- xilinx.com:ip:axi_protocol_converter:2.1 - auto_pc
Adding component instance block -- xilinx.com:ip:axi_clock_converter:2.1 - auto_cc
Adding component instance block -- xilinx.com:ip:axi_clock_converter:2.1 - auto_cc
Adding component instance block -- xilinx.com:ip:axi_protocol_converter:2.1 - auto_pc
Adding component instance block -- xilinx.com:ip:clk_wiz:6.0 - clk_wiz_0
Adding component instance block -- xilinx.com:ip:proc_sys_reset:5.0 - proc_sys_reset_1
Adding component instance block -- xilinx.com:ip:proc_sys_reset:5.0 - proc_sys_reset_0
Adding component instance block -- xilinx.com:ip:util_vector_logic:2.0 - util_vector_logic_0
Adding component instance block -- xilinx.com:ip:mig_7series:4.2 - mig_7series_0
Adding component instance block -- xilinx.com:ip:util_vector_logic:2.0 - util_vector_logic_1
Adding component instance block -- xilinx.com:ip:axi_gpio:2.0 - axi_gpio_0
Adding component instance block -- xilinx.com:ip:proc_sys_reset:5.0 - rst_clk_wiz_0_200M
Adding component instance block -- xilinx.com:user:system_e203:3.0 - system_e203_0
Successfully read diagram <system_top> from block design file <E:/Desktop/my_git/e203_zs/prj/sys_top_bd/sys_top_bd.srcs/sources_1/bd/system_top/system_top.bd>
open_bd_design: Time (s): cpu = 00:00:09 ; elapsed = 00:00:06 . Memory (MB): peak = 1175.453 ; gain = 23.418
exit
INFO: [Common 17-206] Exiting Vivado at Tue Feb 11 11:57:43 2025...
