#-----------------------------------------------------------
# Vivado v2020.2 (64-bit)
# SW Build 3064766 on Wed Nov 18 09:12:45 MST 2020
# IP Build 3064653 on Wed Nov 18 14:17:31 MST 2020
# Start of session at: Wed Feb  5 00:24:24 2025
# Process ID: 3144
# Current directory: E:/my_git/e203_zs/prj/sys_top_bd
# Command line: vivado.exe -gui_launcher_event rodinguilauncherevent11560 E:\my_git\e203_zs\prj\sys_top_bd\sys_top_bd.xpr
# Log file: E:/my_git/e203_zs/prj/sys_top_bd/vivado.log
# Journal file: E:/my_git/e203_zs/prj/sys_top_bd\vivado.jou
#-----------------------------------------------------------
start_gui
open_project E:/my_git/e203_zs/prj/sys_top_bd/sys_top_bd.xpr
Scanning sources...
Finished scanning sources
WARNING: [Project 1-509] GeneratedRun file for 'synth_1' not found
WARNING: [Project 1-509] GeneratedRun file for 'system_top_clk_wiz_0_0_synth_1' not found
WARNING: [Project 1-509] GeneratedRun file for 'system_top_proc_sys_reset_0_1_synth_1' not found
WARNING: [Project 1-509] GeneratedRun file for 'system_top_proc_sys_reset_0_0_synth_1' not found
WARNING: [Project 1-509] GeneratedRun file for 'system_top_util_vector_logic_0_0_synth_1' not found
WARNING: [Project 1-509] GeneratedRun file for 'system_top_system_e203_0_0_synth_1' not found
WARNING: [Project 1-509] GeneratedRun file for 'impl_1' not found
INFO: [IP_Flow 19-234] Refreshing IP repositories
INFO: [IP_Flow 19-1700] Loaded user IP repository 'e:/my_git/e203_zs/user_ip'.
INFO: [IP_Flow 19-2313] Loaded Vivado IP repository 'E:/Xilinx/Vivado/2020.2/data/ip'.
WARNING: [IP_Flow 19-3664] IP 'system_top_mig_7series_0_0' generated file not found 'e:AppData/Roaming/Xilinx/Vivado/.Xil/Vivado-10692-Lab/coregen/system_top_mig_7series_0_0/system_top_mig_7series_0_0.dcp'. Please regenerate to continue.
WARNING: [IP_Flow 19-3664] IP 'system_top_mig_7series_0_0' generated file not found 'e:AppData/Roaming/Xilinx/Vivado/.Xil/Vivado-10692-Lab/coregen/system_top_mig_7series_0_0/system_top_mig_7series_0_0_sim_netlist.v'. Please regenerate to continue.
WARNING: [IP_Flow 19-3664] IP 'system_top_mig_7series_0_0' generated file not found 'e:AppData/Roaming/Xilinx/Vivado/.Xil/Vivado-10692-Lab/coregen/system_top_mig_7series_0_0/system_top_mig_7series_0_0_sim_netlist.vhdl'. Please regenerate to continue.
WARNING: [IP_Flow 19-3664] IP 'system_top_mig_7series_0_0' generated file not found 'e:AppData/Roaming/Xilinx/Vivado/.Xil/Vivado-10692-Lab/coregen/system_top_mig_7series_0_0/system_top_mig_7series_0_0_stub.v'. Please regenerate to continue.
WARNING: [IP_Flow 19-3664] IP 'system_top_mig_7series_0_0' generated file not found 'e:AppData/Roaming/Xilinx/Vivado/.Xil/Vivado-10692-Lab/coregen/system_top_mig_7series_0_0/system_top_mig_7series_0_0_stub.vhdl'. Please regenerate to continue.
WARNING: [IP_Flow 19-3664] IP 'system_top_mig_7series_0_0' generated file not found 'e:/my_git/e203_zs/prj/sys_top_bd/.Xil/Vivado-13340-Lab/coregen/system_top_mig_7series_0_0/system_top_mig_7series_0_0.dcp'. Please regenerate to continue.
WARNING: [IP_Flow 19-3664] IP 'system_top_mig_7series_0_0' generated file not found 'e:/my_git/e203_zs/prj/sys_top_bd/.Xil/Vivado-13340-Lab/coregen/system_top_mig_7series_0_0/system_top_mig_7series_0_0_stub.v'. Please regenerate to continue.
WARNING: [IP_Flow 19-3664] IP 'system_top_mig_7series_0_0' generated file not found 'e:/my_git/e203_zs/prj/sys_top_bd/.Xil/Vivado-13340-Lab/coregen/system_top_mig_7series_0_0/system_top_mig_7series_0_0_stub.vhdl'. Please regenerate to continue.
WARNING: [IP_Flow 19-3664] IP 'system_top_mig_7series_0_0' generated file not found 'e:/my_git/e203_zs/prj/sys_top_bd/.Xil/Vivado-13340-Lab/coregen/system_top_mig_7series_0_0/system_top_mig_7series_0_0_sim_netlist.v'. Please regenerate to continue.
WARNING: [IP_Flow 19-3664] IP 'system_top_mig_7series_0_0' generated file not found 'e:/my_git/e203_zs/prj/sys_top_bd/.Xil/Vivado-13340-Lab/coregen/system_top_mig_7series_0_0/system_top_mig_7series_0_0_sim_netlist.vhdl'. Please regenerate to continue.
WARNING: [IP_Flow 19-3664] IP 'system_top_mig_7series_0_0' generated file not found 'e:/my_git/e203_zs/prj/sys_top_bd/.Xil/Vivado-13340-Lab/coregen/system_top_mig_7series_0_0/system_top_mig_7series_0_0/user_design/rtl/axi/mig_7series_v4_2_axi_ctrl_addr_decode.v'. Please regenerate to continue.
WARNING: [IP_Flow 19-3664] IP 'system_top_mig_7series_0_0' generated file not found 'e:/my_git/e203_zs/prj/sys_top_bd/.Xil/Vivado-13340-Lab/coregen/system_top_mig_7series_0_0/system_top_mig_7series_0_0/user_design/rtl/axi/mig_7series_v4_2_axi_ctrl_read.v'. Please regenerate to continue.
WARNING: [IP_Flow 19-3664] IP 'system_top_mig_7series_0_0' generated file not found 'e:/my_git/e203_zs/prj/sys_top_bd/.Xil/Vivado-13340-Lab/coregen/system_top_mig_7series_0_0/system_top_mig_7series_0_0/user_design/rtl/axi/mig_7series_v4_2_axi_ctrl_reg.v'. Please regenerate to continue.
WARNING: [IP_Flow 19-3664] IP 'system_top_mig_7series_0_0' generated file not found 'e:/my_git/e203_zs/prj/sys_top_bd/.Xil/Vivado-13340-Lab/coregen/system_top_mig_7series_0_0/system_top_mig_7series_0_0/user_design/rtl/axi/mig_7series_v4_2_axi_ctrl_reg_bank.v'. Please regenerate to continue.
WARNING: [IP_Flow 19-3664] IP 'system_top_mig_7series_0_0' generated file not found 'e:/my_git/e203_zs/prj/sys_top_bd/.Xil/Vivado-13340-Lab/coregen/system_top_mig_7series_0_0/system_top_mig_7series_0_0/user_design/rtl/axi/mig_7series_v4_2_axi_ctrl_top.v'. Please regenerate to continue.
WARNING: [IP_Flow 19-3664] IP 'system_top_mig_7series_0_0' generated file not found 'e:/my_git/e203_zs/prj/sys_top_bd/.Xil/Vivado-13340-Lab/coregen/system_top_mig_7series_0_0/system_top_mig_7series_0_0/user_design/rtl/axi/mig_7series_v4_2_axi_ctrl_write.v'. Please regenerate to continue.
WARNING: [IP_Flow 19-3664] IP 'system_top_mig_7series_0_0' generated file not found 'e:/my_git/e203_zs/prj/sys_top_bd/.Xil/Vivado-13340-Lab/coregen/system_top_mig_7series_0_0/system_top_mig_7series_0_0/user_design/rtl/axi/mig_7series_v4_2_axi_mc.v'. Please regenerate to continue.
WARNING: [IP_Flow 19-3664] IP 'system_top_mig_7series_0_0' generated file not found 'e:/my_git/e203_zs/prj/sys_top_bd/.Xil/Vivado-13340-Lab/coregen/system_top_mig_7series_0_0/system_top_mig_7series_0_0/user_design/rtl/axi/mig_7series_v4_2_axi_mc_ar_channel.v'. Please regenerate to continue.
WARNING: [IP_Flow 19-3664] IP 'system_top_mig_7series_0_0' generated file not found 'e:/my_git/e203_zs/prj/sys_top_bd/.Xil/Vivado-13340-Lab/coregen/system_top_mig_7series_0_0/system_top_mig_7series_0_0/user_design/rtl/axi/mig_7series_v4_2_axi_mc_aw_channel.v'. Please regenerate to continue.
WARNING: [IP_Flow 19-3664] IP 'system_top_mig_7series_0_0' generated file not found 'e:/my_git/e203_zs/prj/sys_top_bd/.Xil/Vivado-13340-Lab/coregen/system_top_mig_7series_0_0/system_top_mig_7series_0_0/user_design/rtl/axi/mig_7series_v4_2_axi_mc_b_channel.v'. Please regenerate to continue.
WARNING: [IP_Flow 19-3664] IP 'system_top_mig_7series_0_0' generated file not found 'e:/my_git/e203_zs/prj/sys_top_bd/.Xil/Vivado-13340-Lab/coregen/system_top_mig_7series_0_0/system_top_mig_7series_0_0/user_design/rtl/axi/mig_7series_v4_2_axi_mc_cmd_arbiter.v'. Please regenerate to continue.
WARNING: [IP_Flow 19-3664] IP 'system_top_mig_7series_0_0' generated file not found 'e:/my_git/e203_zs/prj/sys_top_bd/.Xil/Vivado-13340-Lab/coregen/system_top_mig_7series_0_0/system_top_mig_7series_0_0/user_design/rtl/axi/mig_7series_v4_2_axi_mc_cmd_fsm.v'. Please regenerate to continue.
WARNING: [IP_Flow 19-3664] IP 'system_top_mig_7series_0_0' generated file not found 'e:/my_git/e203_zs/prj/sys_top_bd/.Xil/Vivado-13340-Lab/coregen/system_top_mig_7series_0_0/system_top_mig_7series_0_0/user_design/rtl/axi/mig_7series_v4_2_axi_mc_cmd_translator.v'. Please regenerate to continue.
WARNING: [IP_Flow 19-3664] IP 'system_top_mig_7series_0_0' generated file not found 'e:/my_git/e203_zs/prj/sys_top_bd/.Xil/Vivado-13340-Lab/coregen/system_top_mig_7series_0_0/system_top_mig_7series_0_0/user_design/rtl/axi/mig_7series_v4_2_axi_mc_fifo.v'. Please regenerate to continue.
WARNING: [IP_Flow 19-3664] IP 'system_top_mig_7series_0_0' generated file not found 'e:/my_git/e203_zs/prj/sys_top_bd/.Xil/Vivado-13340-Lab/coregen/system_top_mig_7series_0_0/system_top_mig_7series_0_0/user_design/rtl/axi/mig_7series_v4_2_axi_mc_incr_cmd.v'. Please regenerate to continue.
WARNING: [IP_Flow 19-3664] IP 'system_top_mig_7series_0_0' generated file not found 'e:/my_git/e203_zs/prj/sys_top_bd/.Xil/Vivado-13340-Lab/coregen/system_top_mig_7series_0_0/system_top_mig_7series_0_0/user_design/rtl/axi/mig_7series_v4_2_axi_mc_r_channel.v'. Please regenerate to continue.
WARNING: [IP_Flow 19-3664] IP 'system_top_mig_7series_0_0' generated file not found 'e:/my_git/e203_zs/prj/sys_top_bd/.Xil/Vivado-13340-Lab/coregen/system_top_mig_7series_0_0/system_top_mig_7series_0_0/user_design/rtl/axi/mig_7series_v4_2_axi_mc_simple_fifo.v'. Please regenerate to continue.
WARNING: [IP_Flow 19-3664] IP 'system_top_mig_7series_0_0' generated file not found 'e:/my_git/e203_zs/prj/sys_top_bd/.Xil/Vivado-13340-Lab/coregen/system_top_mig_7series_0_0/system_top_mig_7series_0_0/user_design/rtl/axi/mig_7series_v4_2_axi_mc_wrap_cmd.v'. Please regenerate to continue.
WARNING: [IP_Flow 19-3664] IP 'system_top_mig_7series_0_0' generated file not found 'e:/my_git/e203_zs/prj/sys_top_bd/.Xil/Vivado-13340-Lab/coregen/system_top_mig_7series_0_0/system_top_mig_7series_0_0/user_design/rtl/axi/mig_7series_v4_2_axi_mc_wr_cmd_fsm.v'. Please regenerate to continue.
WARNING: [IP_Flow 19-3664] IP 'system_top_mig_7series_0_0' generated file not found 'e:/my_git/e203_zs/prj/sys_top_bd/.Xil/Vivado-13340-Lab/coregen/system_top_mig_7series_0_0/system_top_mig_7series_0_0/user_design/rtl/axi/mig_7series_v4_2_axi_mc_w_channel.v'. Please regenerate to continue.
WARNING: [IP_Flow 19-3664] IP 'system_top_mig_7series_0_0' generated file not found 'e:/my_git/e203_zs/prj/sys_top_bd/.Xil/Vivado-13340-Lab/coregen/system_top_mig_7series_0_0/system_top_mig_7series_0_0/user_design/rtl/axi/mig_7series_v4_2_ddr_axic_register_slice.v'. Please regenerate to continue.
WARNING: [IP_Flow 19-3664] IP 'system_top_mig_7series_0_0' generated file not found 'e:/my_git/e203_zs/prj/sys_top_bd/.Xil/Vivado-13340-Lab/coregen/system_top_mig_7series_0_0/system_top_mig_7series_0_0/user_design/rtl/axi/mig_7series_v4_2_ddr_axi_register_slice.v'. Please regenerate to continue.
WARNING: [IP_Flow 19-3664] IP 'system_top_mig_7series_0_0' generated file not found 'e:/my_git/e203_zs/prj/sys_top_bd/.Xil/Vivado-13340-Lab/coregen/system_top_mig_7series_0_0/system_top_mig_7series_0_0/user_design/rtl/axi/mig_7series_v4_2_ddr_axi_upsizer.v'. Please regenerate to continue.
WARNING: [IP_Flow 19-3664] IP 'system_top_mig_7series_0_0' generated file not found 'e:/my_git/e203_zs/prj/sys_top_bd/.Xil/Vivado-13340-Lab/coregen/system_top_mig_7series_0_0/system_top_mig_7series_0_0/user_design/rtl/axi/mig_7series_v4_2_ddr_a_upsizer.v'. Please regenerate to continue.
WARNING: [IP_Flow 19-3664] IP 'system_top_mig_7series_0_0' generated file not found 'e:/my_git/e203_zs/prj/sys_top_bd/.Xil/Vivado-13340-Lab/coregen/system_top_mig_7series_0_0/system_top_mig_7series_0_0/user_design/rtl/axi/mig_7series_v4_2_ddr_carry_and.v'. Please regenerate to continue.
WARNING: [IP_Flow 19-3664] IP 'system_top_mig_7series_0_0' generated file not found 'e:/my_git/e203_zs/prj/sys_top_bd/.Xil/Vivado-13340-Lab/coregen/system_top_mig_7series_0_0/system_top_mig_7series_0_0/user_design/rtl/axi/mig_7series_v4_2_ddr_carry_latch_and.v'. Please regenerate to continue.
WARNING: [IP_Flow 19-3664] IP 'system_top_mig_7series_0_0' generated file not found 'e:/my_git/e203_zs/prj/sys_top_bd/.Xil/Vivado-13340-Lab/coregen/system_top_mig_7series_0_0/system_top_mig_7series_0_0/user_design/rtl/axi/mig_7series_v4_2_ddr_carry_latch_or.v'. Please regenerate to continue.
WARNING: [IP_Flow 19-3664] IP 'system_top_mig_7series_0_0' generated file not found 'e:/my_git/e203_zs/prj/sys_top_bd/.Xil/Vivado-13340-Lab/coregen/system_top_mig_7series_0_0/system_top_mig_7series_0_0/user_design/rtl/axi/mig_7series_v4_2_ddr_carry_or.v'. Please regenerate to continue.
WARNING: [IP_Flow 19-3664] IP 'system_top_mig_7series_0_0' generated file not found 'e:/my_git/e203_zs/prj/sys_top_bd/.Xil/Vivado-13340-Lab/coregen/system_top_mig_7series_0_0/system_top_mig_7series_0_0/user_design/rtl/axi/mig_7series_v4_2_ddr_command_fifo.v'. Please regenerate to continue.
WARNING: [IP_Flow 19-3664] IP 'system_top_mig_7series_0_0' generated file not found 'e:/my_git/e203_zs/prj/sys_top_bd/.Xil/Vivado-13340-Lab/coregen/system_top_mig_7series_0_0/system_top_mig_7series_0_0/user_design/rtl/axi/mig_7series_v4_2_ddr_comparator.v'. Please regenerate to continue.
WARNING: [IP_Flow 19-3664] IP 'system_top_mig_7series_0_0' generated file not found 'e:/my_git/e203_zs/prj/sys_top_bd/.Xil/Vivado-13340-Lab/coregen/system_top_mig_7series_0_0/system_top_mig_7series_0_0/user_design/rtl/axi/mig_7series_v4_2_ddr_comparator_sel.v'. Please regenerate to continue.
WARNING: [IP_Flow 19-3664] IP 'system_top_mig_7series_0_0' generated file not found 'e:/my_git/e203_zs/prj/sys_top_bd/.Xil/Vivado-13340-Lab/coregen/system_top_mig_7series_0_0/system_top_mig_7series_0_0/user_design/rtl/axi/mig_7series_v4_2_ddr_comparator_sel_static.v'. Please regenerate to continue.
WARNING: [IP_Flow 19-3664] IP 'system_top_mig_7series_0_0' generated file not found 'e:/my_git/e203_zs/prj/sys_top_bd/.Xil/Vivado-13340-Lab/coregen/system_top_mig_7series_0_0/system_top_mig_7series_0_0/user_design/rtl/axi/mig_7series_v4_2_ddr_r_upsizer.v'. Please regenerate to continue.
WARNING: [IP_Flow 19-3664] IP 'system_top_mig_7series_0_0' generated file not found 'e:/my_git/e203_zs/prj/sys_top_bd/.Xil/Vivado-13340-Lab/coregen/system_top_mig_7series_0_0/system_top_mig_7series_0_0/user_design/rtl/axi/mig_7series_v4_2_ddr_w_upsizer.v'. Please regenerate to continue.
WARNING: [IP_Flow 19-3664] IP 'system_top_mig_7series_0_0' generated file not found 'e:/my_git/e203_zs/prj/sys_top_bd/.Xil/Vivado-13340-Lab/coregen/system_top_mig_7series_0_0/system_top_mig_7series_0_0/user_design/rtl/clocking/mig_7series_v4_2_clk_ibuf.v'. Please regenerate to continue.
WARNING: [IP_Flow 19-3664] IP 'system_top_mig_7series_0_0' generated file not found 'e:/my_git/e203_zs/prj/sys_top_bd/.Xil/Vivado-13340-Lab/coregen/system_top_mig_7series_0_0/system_top_mig_7series_0_0/user_design/rtl/clocking/mig_7series_v4_2_infrastructure.v'. Please regenerate to continue.
WARNING: [IP_Flow 19-3664] IP 'system_top_mig_7series_0_0' generated file not found 'e:/my_git/e203_zs/prj/sys_top_bd/.Xil/Vivado-13340-Lab/coregen/system_top_mig_7series_0_0/system_top_mig_7series_0_0/user_design/rtl/clocking/mig_7series_v4_2_iodelay_ctrl.v'. Please regenerate to continue.
WARNING: [IP_Flow 19-3664] IP 'system_top_mig_7series_0_0' generated file not found 'e:/my_git/e203_zs/prj/sys_top_bd/.Xil/Vivado-13340-Lab/coregen/system_top_mig_7series_0_0/system_top_mig_7series_0_0/user_design/rtl/clocking/mig_7series_v4_2_tempmon.v'. Please regenerate to continue.
WARNING: [IP_Flow 19-3664] IP 'system_top_mig_7series_0_0' generated file not found 'e:/my_git/e203_zs/prj/sys_top_bd/.Xil/Vivado-13340-Lab/coregen/system_top_mig_7series_0_0/system_top_mig_7series_0_0/user_design/rtl/controller/mig_7series_v4_2_arb_mux.v'. Please regenerate to continue.
WARNING: [IP_Flow 19-3664] IP 'system_top_mig_7series_0_0' generated file not found 'e:/my_git/e203_zs/prj/sys_top_bd/.Xil/Vivado-13340-Lab/coregen/system_top_mig_7series_0_0/system_top_mig_7series_0_0/user_design/rtl/controller/mig_7series_v4_2_arb_row_col.v'. Please regenerate to continue.
WARNING: [IP_Flow 19-3664] IP 'system_top_mig_7series_0_0' generated file not found 'e:/my_git/e203_zs/prj/sys_top_bd/.Xil/Vivado-13340-Lab/coregen/system_top_mig_7series_0_0/system_top_mig_7series_0_0/user_design/rtl/controller/mig_7series_v4_2_arb_select.v'. Please regenerate to continue.
WARNING: [IP_Flow 19-3664] IP 'system_top_mig_7series_0_0' generated file not found 'e:/my_git/e203_zs/prj/sys_top_bd/.Xil/Vivado-13340-Lab/coregen/system_top_mig_7series_0_0/system_top_mig_7series_0_0/user_design/rtl/controller/mig_7series_v4_2_bank_cntrl.v'. Please regenerate to continue.
WARNING: [IP_Flow 19-3664] IP 'system_top_mig_7series_0_0' generated file not found 'e:/my_git/e203_zs/prj/sys_top_bd/.Xil/Vivado-13340-Lab/coregen/system_top_mig_7series_0_0/system_top_mig_7series_0_0/user_design/rtl/controller/mig_7series_v4_2_bank_common.v'. Please regenerate to continue.
WARNING: [IP_Flow 19-3664] IP 'system_top_mig_7series_0_0' generated file not found 'e:/my_git/e203_zs/prj/sys_top_bd/.Xil/Vivado-13340-Lab/coregen/system_top_mig_7series_0_0/system_top_mig_7series_0_0/user_design/rtl/controller/mig_7series_v4_2_bank_compare.v'. Please regenerate to continue.
WARNING: [IP_Flow 19-3664] IP 'system_top_mig_7series_0_0' generated file not found 'e:/my_git/e203_zs/prj/sys_top_bd/.Xil/Vivado-13340-Lab/coregen/system_top_mig_7series_0_0/system_top_mig_7series_0_0/user_design/rtl/controller/mig_7series_v4_2_bank_mach.v'. Please regenerate to continue.
WARNING: [IP_Flow 19-3664] IP 'system_top_mig_7series_0_0' generated file not found 'e:/my_git/e203_zs/prj/sys_top_bd/.Xil/Vivado-13340-Lab/coregen/system_top_mig_7series_0_0/system_top_mig_7series_0_0/user_design/rtl/controller/mig_7series_v4_2_bank_queue.v'. Please regenerate to continue.
WARNING: [IP_Flow 19-3664] IP 'system_top_mig_7series_0_0' generated file not found 'e:/my_git/e203_zs/prj/sys_top_bd/.Xil/Vivado-13340-Lab/coregen/system_top_mig_7series_0_0/system_top_mig_7series_0_0/user_design/rtl/controller/mig_7series_v4_2_bank_state.v'. Please regenerate to continue.
WARNING: [IP_Flow 19-3664] IP 'system_top_mig_7series_0_0' generated file not found 'e:/my_git/e203_zs/prj/sys_top_bd/.Xil/Vivado-13340-Lab/coregen/system_top_mig_7series_0_0/system_top_mig_7series_0_0/user_design/rtl/controller/mig_7series_v4_2_col_mach.v'. Please regenerate to continue.
WARNING: [IP_Flow 19-3664] IP 'system_top_mig_7series_0_0' generated file not found 'e:/my_git/e203_zs/prj/sys_top_bd/.Xil/Vivado-13340-Lab/coregen/system_top_mig_7series_0_0/system_top_mig_7series_0_0/user_design/rtl/controller/mig_7series_v4_2_mc.v'. Please regenerate to continue.
WARNING: [IP_Flow 19-3664] IP 'system_top_mig_7series_0_0' generated file not found 'e:/my_git/e203_zs/prj/sys_top_bd/.Xil/Vivado-13340-Lab/coregen/system_top_mig_7series_0_0/system_top_mig_7series_0_0/user_design/rtl/controller/mig_7series_v4_2_rank_cntrl.v'. Please regenerate to continue.
WARNING: [IP_Flow 19-3664] IP 'system_top_mig_7series_0_0' generated file not found 'e:/my_git/e203_zs/prj/sys_top_bd/.Xil/Vivado-13340-Lab/coregen/system_top_mig_7series_0_0/system_top_mig_7series_0_0/user_design/rtl/controller/mig_7series_v4_2_rank_common.v'. Please regenerate to continue.
WARNING: [IP_Flow 19-3664] IP 'system_top_mig_7series_0_0' generated file not found 'e:/my_git/e203_zs/prj/sys_top_bd/.Xil/Vivado-13340-Lab/coregen/system_top_mig_7series_0_0/system_top_mig_7series_0_0/user_design/rtl/controller/mig_7series_v4_2_rank_mach.v'. Please regenerate to continue.
WARNING: [IP_Flow 19-3664] IP 'system_top_mig_7series_0_0' generated file not found 'e:/my_git/e203_zs/prj/sys_top_bd/.Xil/Vivado-13340-Lab/coregen/system_top_mig_7series_0_0/system_top_mig_7series_0_0/user_design/rtl/controller/mig_7series_v4_2_round_robin_arb.v'. Please regenerate to continue.
WARNING: [IP_Flow 19-3664] IP 'system_top_mig_7series_0_0' generated file not found 'e:/my_git/e203_zs/prj/sys_top_bd/.Xil/Vivado-13340-Lab/coregen/system_top_mig_7series_0_0/system_top_mig_7series_0_0/user_design/rtl/ecc/mig_7series_v4_2_ecc_buf.v'. Please regenerate to continue.
WARNING: [IP_Flow 19-3664] IP 'system_top_mig_7series_0_0' generated file not found 'e:/my_git/e203_zs/prj/sys_top_bd/.Xil/Vivado-13340-Lab/coregen/system_top_mig_7series_0_0/system_top_mig_7series_0_0/user_design/rtl/ecc/mig_7series_v4_2_ecc_dec_fix.v'. Please regenerate to continue.
WARNING: [IP_Flow 19-3664] IP 'system_top_mig_7series_0_0' generated file not found 'e:/my_git/e203_zs/prj/sys_top_bd/.Xil/Vivado-13340-Lab/coregen/system_top_mig_7series_0_0/system_top_mig_7series_0_0/user_design/rtl/ecc/mig_7series_v4_2_ecc_gen.v'. Please regenerate to continue.
WARNING: [IP_Flow 19-3664] IP 'system_top_mig_7series_0_0' generated file not found 'e:/my_git/e203_zs/prj/sys_top_bd/.Xil/Vivado-13340-Lab/coregen/system_top_mig_7series_0_0/system_top_mig_7series_0_0/user_design/rtl/ecc/mig_7series_v4_2_ecc_merge_enc.v'. Please regenerate to continue.
WARNING: [IP_Flow 19-3664] IP 'system_top_mig_7series_0_0' generated file not found 'e:/my_git/e203_zs/prj/sys_top_bd/.Xil/Vivado-13340-Lab/coregen/system_top_mig_7series_0_0/system_top_mig_7series_0_0/user_design/rtl/ecc/mig_7series_v4_2_fi_xor.v'. Please regenerate to continue.
WARNING: [IP_Flow 19-3664] IP 'system_top_mig_7series_0_0' generated file not found 'e:/my_git/e203_zs/prj/sys_top_bd/.Xil/Vivado-13340-Lab/coregen/system_top_mig_7series_0_0/system_top_mig_7series_0_0/user_design/rtl/ip_top/mig_7series_v4_2_memc_ui_top_axi.v'. Please regenerate to continue.
WARNING: [IP_Flow 19-3664] IP 'system_top_mig_7series_0_0' generated file not found 'e:/my_git/e203_zs/prj/sys_top_bd/.Xil/Vivado-13340-Lab/coregen/system_top_mig_7series_0_0/system_top_mig_7series_0_0/user_design/rtl/ip_top/mig_7series_v4_2_mem_intfc.v'. Please regenerate to continue.
WARNING: [IP_Flow 19-3664] IP 'system_top_mig_7series_0_0' generated file not found 'e:/my_git/e203_zs/prj/sys_top_bd/.Xil/Vivado-13340-Lab/coregen/system_top_mig_7series_0_0/system_top_mig_7series_0_0/user_design/rtl/phy/mig_7series_v4_2_ddr_byte_group_io.v'. Please regenerate to continue.
WARNING: [IP_Flow 19-3664] IP 'system_top_mig_7series_0_0' generated file not found 'e:/my_git/e203_zs/prj/sys_top_bd/.Xil/Vivado-13340-Lab/coregen/system_top_mig_7series_0_0/system_top_mig_7series_0_0/user_design/rtl/phy/mig_7series_v4_2_ddr_byte_lane.v'. Please regenerate to continue.
WARNING: [IP_Flow 19-3664] IP 'system_top_mig_7series_0_0' generated file not found 'e:/my_git/e203_zs/prj/sys_top_bd/.Xil/Vivado-13340-Lab/coregen/system_top_mig_7series_0_0/system_top_mig_7series_0_0/user_design/rtl/phy/mig_7series_v4_2_ddr_calib_top.v'. Please regenerate to continue.
WARNING: [IP_Flow 19-3664] IP 'system_top_mig_7series_0_0' generated file not found 'e:/my_git/e203_zs/prj/sys_top_bd/.Xil/Vivado-13340-Lab/coregen/system_top_mig_7series_0_0/system_top_mig_7series_0_0/user_design/rtl/phy/mig_7series_v4_2_ddr_if_post_fifo.v'. Please regenerate to continue.
WARNING: [IP_Flow 19-3664] IP 'system_top_mig_7series_0_0' generated file not found 'e:/my_git/e203_zs/prj/sys_top_bd/.Xil/Vivado-13340-Lab/coregen/system_top_mig_7series_0_0/system_top_mig_7series_0_0/user_design/rtl/phy/mig_7series_v4_2_ddr_mc_phy.v'. Please regenerate to continue.
WARNING: [IP_Flow 19-3664] IP 'system_top_mig_7series_0_0' generated file not found 'e:/my_git/e203_zs/prj/sys_top_bd/.Xil/Vivado-13340-Lab/coregen/system_top_mig_7series_0_0/system_top_mig_7series_0_0/user_design/rtl/phy/mig_7series_v4_2_ddr_mc_phy_wrapper.v'. Please regenerate to continue.
WARNING: [IP_Flow 19-3664] IP 'system_top_mig_7series_0_0' generated file not found 'e:/my_git/e203_zs/prj/sys_top_bd/.Xil/Vivado-13340-Lab/coregen/system_top_mig_7series_0_0/system_top_mig_7series_0_0/user_design/rtl/phy/mig_7series_v4_2_ddr_of_pre_fifo.v'. Please regenerate to continue.
WARNING: [IP_Flow 19-3664] IP 'system_top_mig_7series_0_0' generated file not found 'e:/my_git/e203_zs/prj/sys_top_bd/.Xil/Vivado-13340-Lab/coregen/system_top_mig_7series_0_0/system_top_mig_7series_0_0/user_design/rtl/phy/mig_7series_v4_2_ddr_phy_4lanes.v'. Please regenerate to continue.
WARNING: [IP_Flow 19-3664] IP 'system_top_mig_7series_0_0' generated file not found 'e:/my_git/e203_zs/prj/sys_top_bd/.Xil/Vivado-13340-Lab/coregen/system_top_mig_7series_0_0/system_top_mig_7series_0_0/user_design/rtl/phy/mig_7series_v4_2_ddr_phy_ck_addr_cmd_delay.v'. Please regenerate to continue.
WARNING: [IP_Flow 19-3664] IP 'system_top_mig_7series_0_0' generated file not found 'e:/my_git/e203_zs/prj/sys_top_bd/.Xil/Vivado-13340-Lab/coregen/system_top_mig_7series_0_0/system_top_mig_7series_0_0/user_design/rtl/phy/mig_7series_v4_2_ddr_phy_dqs_found_cal.v'. Please regenerate to continue.
WARNING: [IP_Flow 19-3664] IP 'system_top_mig_7series_0_0' generated file not found 'e:/my_git/e203_zs/prj/sys_top_bd/.Xil/Vivado-13340-Lab/coregen/system_top_mig_7series_0_0/system_top_mig_7series_0_0/user_design/rtl/phy/mig_7series_v4_2_ddr_phy_dqs_found_cal_hr.v'. Please regenerate to continue.
WARNING: [IP_Flow 19-3664] IP 'system_top_mig_7series_0_0' generated file not found 'e:/my_git/e203_zs/prj/sys_top_bd/.Xil/Vivado-13340-Lab/coregen/system_top_mig_7series_0_0/system_top_mig_7series_0_0/user_design/rtl/phy/mig_7series_v4_2_ddr_phy_init.v'. Please regenerate to continue.
WARNING: [IP_Flow 19-3664] IP 'system_top_mig_7series_0_0' generated file not found 'e:/my_git/e203_zs/prj/sys_top_bd/.Xil/Vivado-13340-Lab/coregen/system_top_mig_7series_0_0/system_top_mig_7series_0_0/user_design/rtl/phy/mig_7series_v4_2_ddr_phy_ocd_cntlr.v'. Please regenerate to continue.
WARNING: [IP_Flow 19-3664] IP 'system_top_mig_7series_0_0' generated file not found 'e:/my_git/e203_zs/prj/sys_top_bd/.Xil/Vivado-13340-Lab/coregen/system_top_mig_7series_0_0/system_top_mig_7series_0_0/user_design/rtl/phy/mig_7series_v4_2_ddr_phy_ocd_data.v'. Please regenerate to continue.
WARNING: [IP_Flow 19-3664] IP 'system_top_mig_7series_0_0' generated file not found 'e:/my_git/e203_zs/prj/sys_top_bd/.Xil/Vivado-13340-Lab/coregen/system_top_mig_7series_0_0/system_top_mig_7series_0_0/user_design/rtl/phy/mig_7series_v4_2_ddr_phy_ocd_edge.v'. Please regenerate to continue.
WARNING: [IP_Flow 19-3664] IP 'system_top_mig_7series_0_0' generated file not found 'e:/my_git/e203_zs/prj/sys_top_bd/.Xil/Vivado-13340-Lab/coregen/system_top_mig_7series_0_0/system_top_mig_7series_0_0/user_design/rtl/phy/mig_7series_v4_2_ddr_phy_ocd_lim.v'. Please regenerate to continue.
WARNING: [IP_Flow 19-3664] IP 'system_top_mig_7series_0_0' generated file not found 'e:/my_git/e203_zs/prj/sys_top_bd/.Xil/Vivado-13340-Lab/coregen/system_top_mig_7series_0_0/system_top_mig_7series_0_0/user_design/rtl/phy/mig_7series_v4_2_ddr_phy_ocd_mux.v'. Please regenerate to continue.
WARNING: [IP_Flow 19-3664] IP 'system_top_mig_7series_0_0' generated file not found 'e:/my_git/e203_zs/prj/sys_top_bd/.Xil/Vivado-13340-Lab/coregen/system_top_mig_7series_0_0/system_top_mig_7series_0_0/user_design/rtl/phy/mig_7series_v4_2_ddr_phy_ocd_po_cntlr.v'. Please regenerate to continue.
WARNING: [IP_Flow 19-3664] IP 'system_top_mig_7series_0_0' generated file not found 'e:/my_git/e203_zs/prj/sys_top_bd/.Xil/Vivado-13340-Lab/coregen/system_top_mig_7series_0_0/system_top_mig_7series_0_0/user_design/rtl/phy/mig_7series_v4_2_ddr_phy_ocd_samp.v'. Please regenerate to continue.
WARNING: [IP_Flow 19-3664] IP 'system_top_mig_7series_0_0' generated file not found 'e:/my_git/e203_zs/prj/sys_top_bd/.Xil/Vivado-13340-Lab/coregen/system_top_mig_7series_0_0/system_top_mig_7series_0_0/user_design/rtl/phy/mig_7series_v4_2_ddr_phy_oclkdelay_cal.v'. Please regenerate to continue.
WARNING: [IP_Flow 19-3664] IP 'system_top_mig_7series_0_0' generated file not found 'e:/my_git/e203_zs/prj/sys_top_bd/.Xil/Vivado-13340-Lab/coregen/system_top_mig_7series_0_0/system_top_mig_7series_0_0/user_design/rtl/phy/mig_7series_v4_2_ddr_phy_prbs_rdlvl.v'. Please regenerate to continue.
WARNING: [IP_Flow 19-3664] IP 'system_top_mig_7series_0_0' generated file not found 'e:/my_git/e203_zs/prj/sys_top_bd/.Xil/Vivado-13340-Lab/coregen/system_top_mig_7series_0_0/system_top_mig_7series_0_0/user_design/rtl/phy/mig_7series_v4_2_ddr_phy_rdlvl.v'. Please regenerate to continue.
WARNING: [IP_Flow 19-3664] IP 'system_top_mig_7series_0_0' generated file not found 'e:/my_git/e203_zs/prj/sys_top_bd/.Xil/Vivado-13340-Lab/coregen/system_top_mig_7series_0_0/system_top_mig_7series_0_0/user_design/rtl/phy/mig_7series_v4_2_ddr_phy_tempmon.v'. Please regenerate to continue.
WARNING: [IP_Flow 19-3664] IP 'system_top_mig_7series_0_0' generated file not found 'e:/my_git/e203_zs/prj/sys_top_bd/.Xil/Vivado-13340-Lab/coregen/system_top_mig_7series_0_0/system_top_mig_7series_0_0/user_design/rtl/phy/mig_7series_v4_2_ddr_phy_top.v'. Please regenerate to continue.
WARNING: [IP_Flow 19-3664] IP 'system_top_mig_7series_0_0' generated file not found 'e:/my_git/e203_zs/prj/sys_top_bd/.Xil/Vivado-13340-Lab/coregen/system_top_mig_7series_0_0/system_top_mig_7series_0_0/user_design/rtl/phy/mig_7series_v4_2_ddr_phy_wrcal.v'. Please regenerate to continue.
WARNING: [IP_Flow 19-3664] IP 'system_top_mig_7series_0_0' generated file not found 'e:/my_git/e203_zs/prj/sys_top_bd/.Xil/Vivado-13340-Lab/coregen/system_top_mig_7series_0_0/system_top_mig_7series_0_0/user_design/rtl/phy/mig_7series_v4_2_ddr_phy_wrlvl.v'. Please regenerate to continue.
WARNING: [IP_Flow 19-3664] IP 'system_top_mig_7series_0_0' generated file not found 'e:/my_git/e203_zs/prj/sys_top_bd/.Xil/Vivado-13340-Lab/coregen/system_top_mig_7series_0_0/system_top_mig_7series_0_0/user_design/rtl/phy/mig_7series_v4_2_ddr_phy_wrlvl_off_delay.v'. Please regenerate to continue.
WARNING: [IP_Flow 19-3664] IP 'system_top_mig_7series_0_0' generated file not found 'e:/my_git/e203_zs/prj/sys_top_bd/.Xil/Vivado-13340-Lab/coregen/system_top_mig_7series_0_0/system_top_mig_7series_0_0/user_design/rtl/phy/mig_7series_v4_2_ddr_prbs_gen.v'. Please regenerate to continue.
WARNING: [IP_Flow 19-3664] IP 'system_top_mig_7series_0_0' generated file not found 'e:/my_git/e203_zs/prj/sys_top_bd/.Xil/Vivado-13340-Lab/coregen/system_top_mig_7series_0_0/system_top_mig_7series_0_0/user_design/rtl/phy/mig_7series_v4_2_ddr_skip_calib_tap.v'. Please regenerate to continue.
WARNING: [IP_Flow 19-3664] IP 'system_top_mig_7series_0_0' generated file not found 'e:/my_git/e203_zs/prj/sys_top_bd/.Xil/Vivado-13340-Lab/coregen/system_top_mig_7series_0_0/system_top_mig_7series_0_0/user_design/rtl/phy/mig_7series_v4_2_poc_cc.v'. Please regenerate to continue.
INFO: [Common 17-14] Message 'IP_Flow 19-3664' appears 100 times and further instances of the messages will be disabled. Use the Tcl command set_msg_config to change the current settings.
open_project: Time (s): cpu = 00:00:11 ; elapsed = 00:00:06 . Memory (MB): peak = 1140.672 ; gain = 0.000
launch_runs impl_1 -jobs 16
INFO: [IP_Flow 19-4993] Using cached IP synthesis design for IP system_top_mig_7series_0_0, cache-ID = c0e3a8e59e7a213d; cache size = 66.385 MB.
[Wed Feb  5 00:24:47 2025] Launched system_top_clk_wiz_0_0_synth_1, system_top_proc_sys_reset_0_1_synth_1, system_top_proc_sys_reset_0_0_synth_1, system_top_util_vector_logic_0_0_synth_1, system_top_system_e203_0_0_synth_1, system_top_mig_7series_0_0_synth_1, synth_1...
Run output will be captured here:
system_top_clk_wiz_0_0_synth_1: E:/my_git/e203_zs/prj/sys_top_bd/sys_top_bd.runs/system_top_clk_wiz_0_0_synth_1/runme.log
system_top_proc_sys_reset_0_1_synth_1: E:/my_git/e203_zs/prj/sys_top_bd/sys_top_bd.runs/system_top_proc_sys_reset_0_1_synth_1/runme.log
system_top_proc_sys_reset_0_0_synth_1: E:/my_git/e203_zs/prj/sys_top_bd/sys_top_bd.runs/system_top_proc_sys_reset_0_0_synth_1/runme.log
system_top_util_vector_logic_0_0_synth_1: E:/my_git/e203_zs/prj/sys_top_bd/sys_top_bd.runs/system_top_util_vector_logic_0_0_synth_1/runme.log
system_top_system_e203_0_0_synth_1: E:/my_git/e203_zs/prj/sys_top_bd/sys_top_bd.runs/system_top_system_e203_0_0_synth_1/runme.log
system_top_mig_7series_0_0_synth_1: E:/my_git/e203_zs/prj/sys_top_bd/sys_top_bd.runs/system_top_mig_7series_0_0_synth_1/runme.log
synth_1: E:/my_git/e203_zs/prj/sys_top_bd/sys_top_bd.runs/synth_1/runme.log
[Wed Feb  5 00:24:48 2025] Launched impl_1...
Run output will be captured here: E:/my_git/e203_zs/prj/sys_top_bd/sys_top_bd.runs/impl_1/runme.log
update_compile_order -fileset sources_1
exit
INFO: [Common 17-206] Exiting Vivado at Wed Feb  5 00:27:32 2025...
