#-----------------------------------------------------------
# Vivado v2020.2 (64-bit)
# SW Build 3064766 on Wed Nov 18 09:12:45 MST 2020
# IP Build 3064653 on Wed Nov 18 14:17:31 MST 2020
# Start of session at: Wed Feb  5 00:27:43 2025
# Process ID: 16756
# Current directory: E:/my_git/e203_zs/prj/sys_top_bd
# Command line: vivado.exe -gui_launcher_event rodinguilauncherevent1384 E:\my_git\e203_zs\prj\sys_top_bd\sys_top_bd.xpr
# Log file: E:/my_git/e203_zs/prj/sys_top_bd/vivado.log
# Journal file: E:/my_git/e203_zs/prj/sys_top_bd\vivado.jou
#-----------------------------------------------------------
start_gui
open_project E:/my_git/e203_zs/prj/sys_top_bd/sys_top_bd.xpr
Scanning sources...
Finished scanning sources
WARNING: [Project 1-509] GeneratedRun file for 'synth_1' not found
WARNING: [Project 1-509] GeneratedRun file for 'system_top_clk_wiz_0_0_synth_1' not found
WARNING: [Project 1-509] GeneratedRun file for 'system_top_proc_sys_reset_0_1_synth_1' not found
WARNING: [Project 1-509] GeneratedRun file for 'system_top_proc_sys_reset_0_0_synth_1' not found
WARNING: [Project 1-509] GeneratedRun file for 'system_top_util_vector_logic_0_0_synth_1' not found
WARNING: [Project 1-509] GeneratedRun file for 'system_top_system_e203_0_0_synth_1' not found
WARNING: [Project 1-509] GeneratedRun file for 'system_top_mig_7series_0_0_synth_1' not found
WARNING: [Project 1-509] GeneratedRun file for 'impl_1' not found
INFO: [IP_Flow 19-234] Refreshing IP repositories
INFO: [IP_Flow 19-1700] Loaded user IP repository 'e:/my_git/e203_zs/user_ip'.
INFO: [IP_Flow 19-2313] Loaded Vivado IP repository 'E:/Xilinx/Vivado/2020.2/data/ip'.
WARNING: [IP_Flow 19-3664] IP 'system_top_mig_7series_0_0' generated file not found 'e:AppData/Roaming/Xilinx/Vivado/.Xil/Vivado-10692-Lab/coregen/system_top_mig_7series_0_0/system_top_mig_7series_0_0.dcp'. Please regenerate to continue.
WARNING: [IP_Flow 19-3664] IP 'system_top_mig_7series_0_0' generated file not found 'e:AppData/Roaming/Xilinx/Vivado/.Xil/Vivado-10692-Lab/coregen/system_top_mig_7series_0_0/system_top_mig_7series_0_0_sim_netlist.v'. Please regenerate to continue.
WARNING: [IP_Flow 19-3664] IP 'system_top_mig_7series_0_0' generated file not found 'e:AppData/Roaming/Xilinx/Vivado/.Xil/Vivado-10692-Lab/coregen/system_top_mig_7series_0_0/system_top_mig_7series_0_0_sim_netlist.vhdl'. Please regenerate to continue.
WARNING: [IP_Flow 19-3664] IP 'system_top_mig_7series_0_0' generated file not found 'e:AppData/Roaming/Xilinx/Vivado/.Xil/Vivado-10692-Lab/coregen/system_top_mig_7series_0_0/system_top_mig_7series_0_0_stub.v'. Please regenerate to continue.
WARNING: [IP_Flow 19-3664] IP 'system_top_mig_7series_0_0' generated file not found 'e:AppData/Roaming/Xilinx/Vivado/.Xil/Vivado-10692-Lab/coregen/system_top_mig_7series_0_0/system_top_mig_7series_0_0_stub.vhdl'. Please regenerate to continue.
WARNING: [IP_Flow 19-3664] IP 'system_top_mig_7series_0_0' generated file not found 'e:/my_git/e203_zs/prj/sys_top_bd/.Xil/Vivado-13340-Lab/coregen/system_top_mig_7series_0_0/system_top_mig_7series_0_0/user_design/rtl/axi/mig_7series_v4_2_axi_ctrl_addr_decode.v'. Please regenerate to continue.
WARNING: [IP_Flow 19-3664] IP 'system_top_mig_7series_0_0' generated file not found 'e:/my_git/e203_zs/prj/sys_top_bd/.Xil/Vivado-13340-Lab/coregen/system_top_mig_7series_0_0/system_top_mig_7series_0_0/user_design/rtl/axi/mig_7series_v4_2_axi_ctrl_read.v'. Please regenerate to continue.
WARNING: [IP_Flow 19-3664] IP 'system_top_mig_7series_0_0' generated file not found 'e:/my_git/e203_zs/prj/sys_top_bd/.Xil/Vivado-13340-Lab/coregen/system_top_mig_7series_0_0/system_top_mig_7series_0_0/user_design/rtl/axi/mig_7series_v4_2_axi_ctrl_reg.v'. Please regenerate to continue.
WARNING: [IP_Flow 19-3664] IP 'system_top_mig_7series_0_0' generated file not found 'e:/my_git/e203_zs/prj/sys_top_bd/.Xil/Vivado-13340-Lab/coregen/system_top_mig_7series_0_0/system_top_mig_7series_0_0/user_design/rtl/axi/mig_7series_v4_2_axi_ctrl_reg_bank.v'. Please regenerate to continue.
WARNING: [IP_Flow 19-3664] IP 'system_top_mig_7series_0_0' generated file not found 'e:/my_git/e203_zs/prj/sys_top_bd/.Xil/Vivado-13340-Lab/coregen/system_top_mig_7series_0_0/system_top_mig_7series_0_0/user_design/rtl/axi/mig_7series_v4_2_axi_ctrl_top.v'. Please regenerate to continue.
WARNING: [IP_Flow 19-3664] IP 'system_top_mig_7series_0_0' generated file not found 'e:/my_git/e203_zs/prj/sys_top_bd/.Xil/Vivado-13340-Lab/coregen/system_top_mig_7series_0_0/system_top_mig_7series_0_0/user_design/rtl/axi/mig_7series_v4_2_axi_ctrl_write.v'. Please regenerate to continue.
WARNING: [IP_Flow 19-3664] IP 'system_top_mig_7series_0_0' generated file not found 'e:/my_git/e203_zs/prj/sys_top_bd/.Xil/Vivado-13340-Lab/coregen/system_top_mig_7series_0_0/system_top_mig_7series_0_0/user_design/rtl/axi/mig_7series_v4_2_axi_mc.v'. Please regenerate to continue.
WARNING: [IP_Flow 19-3664] IP 'system_top_mig_7series_0_0' generated file not found 'e:/my_git/e203_zs/prj/sys_top_bd/.Xil/Vivado-13340-Lab/coregen/system_top_mig_7series_0_0/system_top_mig_7series_0_0/user_design/rtl/axi/mig_7series_v4_2_axi_mc_ar_channel.v'. Please regenerate to continue.
WARNING: [IP_Flow 19-3664] IP 'system_top_mig_7series_0_0' generated file not found 'e:/my_git/e203_zs/prj/sys_top_bd/.Xil/Vivado-13340-Lab/coregen/system_top_mig_7series_0_0/system_top_mig_7series_0_0/user_design/rtl/axi/mig_7series_v4_2_axi_mc_aw_channel.v'. Please regenerate to continue.
WARNING: [IP_Flow 19-3664] IP 'system_top_mig_7series_0_0' generated file not found 'e:/my_git/e203_zs/prj/sys_top_bd/.Xil/Vivado-13340-Lab/coregen/system_top_mig_7series_0_0/system_top_mig_7series_0_0/user_design/rtl/axi/mig_7series_v4_2_axi_mc_b_channel.v'. Please regenerate to continue.
WARNING: [IP_Flow 19-3664] IP 'system_top_mig_7series_0_0' generated file not found 'e:/my_git/e203_zs/prj/sys_top_bd/.Xil/Vivado-13340-Lab/coregen/system_top_mig_7series_0_0/system_top_mig_7series_0_0/user_design/rtl/axi/mig_7series_v4_2_axi_mc_cmd_arbiter.v'. Please regenerate to continue.
WARNING: [IP_Flow 19-3664] IP 'system_top_mig_7series_0_0' generated file not found 'e:/my_git/e203_zs/prj/sys_top_bd/.Xil/Vivado-13340-Lab/coregen/system_top_mig_7series_0_0/system_top_mig_7series_0_0/user_design/rtl/axi/mig_7series_v4_2_axi_mc_cmd_fsm.v'. Please regenerate to continue.
WARNING: [IP_Flow 19-3664] IP 'system_top_mig_7series_0_0' generated file not found 'e:/my_git/e203_zs/prj/sys_top_bd/.Xil/Vivado-13340-Lab/coregen/system_top_mig_7series_0_0/system_top_mig_7series_0_0/user_design/rtl/axi/mig_7series_v4_2_axi_mc_cmd_translator.v'. Please regenerate to continue.
WARNING: [IP_Flow 19-3664] IP 'system_top_mig_7series_0_0' generated file not found 'e:/my_git/e203_zs/prj/sys_top_bd/.Xil/Vivado-13340-Lab/coregen/system_top_mig_7series_0_0/system_top_mig_7series_0_0/user_design/rtl/axi/mig_7series_v4_2_axi_mc_fifo.v'. Please regenerate to continue.
WARNING: [IP_Flow 19-3664] IP 'system_top_mig_7series_0_0' generated file not found 'e:/my_git/e203_zs/prj/sys_top_bd/.Xil/Vivado-13340-Lab/coregen/system_top_mig_7series_0_0/system_top_mig_7series_0_0/user_design/rtl/axi/mig_7series_v4_2_axi_mc_incr_cmd.v'. Please regenerate to continue.
WARNING: [IP_Flow 19-3664] IP 'system_top_mig_7series_0_0' generated file not found 'e:/my_git/e203_zs/prj/sys_top_bd/.Xil/Vivado-13340-Lab/coregen/system_top_mig_7series_0_0/system_top_mig_7series_0_0/user_design/rtl/axi/mig_7series_v4_2_axi_mc_r_channel.v'. Please regenerate to continue.
WARNING: [IP_Flow 19-3664] IP 'system_top_mig_7series_0_0' generated file not found 'e:/my_git/e203_zs/prj/sys_top_bd/.Xil/Vivado-13340-Lab/coregen/system_top_mig_7series_0_0/system_top_mig_7series_0_0/user_design/rtl/axi/mig_7series_v4_2_axi_mc_simple_fifo.v'. Please regenerate to continue.
WARNING: [IP_Flow 19-3664] IP 'system_top_mig_7series_0_0' generated file not found 'e:/my_git/e203_zs/prj/sys_top_bd/.Xil/Vivado-13340-Lab/coregen/system_top_mig_7series_0_0/system_top_mig_7series_0_0/user_design/rtl/axi/mig_7series_v4_2_axi_mc_wrap_cmd.v'. Please regenerate to continue.
WARNING: [IP_Flow 19-3664] IP 'system_top_mig_7series_0_0' generated file not found 'e:/my_git/e203_zs/prj/sys_top_bd/.Xil/Vivado-13340-Lab/coregen/system_top_mig_7series_0_0/system_top_mig_7series_0_0/user_design/rtl/axi/mig_7series_v4_2_axi_mc_wr_cmd_fsm.v'. Please regenerate to continue.
WARNING: [IP_Flow 19-3664] IP 'system_top_mig_7series_0_0' generated file not found 'e:/my_git/e203_zs/prj/sys_top_bd/.Xil/Vivado-13340-Lab/coregen/system_top_mig_7series_0_0/system_top_mig_7series_0_0/user_design/rtl/axi/mig_7series_v4_2_axi_mc_w_channel.v'. Please regenerate to continue.
WARNING: [IP_Flow 19-3664] IP 'system_top_mig_7series_0_0' generated file not found 'e:/my_git/e203_zs/prj/sys_top_bd/.Xil/Vivado-13340-Lab/coregen/system_top_mig_7series_0_0/system_top_mig_7series_0_0/user_design/rtl/axi/mig_7series_v4_2_ddr_axic_register_slice.v'. Please regenerate to continue.
WARNING: [IP_Flow 19-3664] IP 'system_top_mig_7series_0_0' generated file not found 'e:/my_git/e203_zs/prj/sys_top_bd/.Xil/Vivado-13340-Lab/coregen/system_top_mig_7series_0_0/system_top_mig_7series_0_0/user_design/rtl/axi/mig_7series_v4_2_ddr_axi_register_slice.v'. Please regenerate to continue.
WARNING: [IP_Flow 19-3664] IP 'system_top_mig_7series_0_0' generated file not found 'e:/my_git/e203_zs/prj/sys_top_bd/.Xil/Vivado-13340-Lab/coregen/system_top_mig_7series_0_0/system_top_mig_7series_0_0/user_design/rtl/axi/mig_7series_v4_2_ddr_axi_upsizer.v'. Please regenerate to continue.
WARNING: [IP_Flow 19-3664] IP 'system_top_mig_7series_0_0' generated file not found 'e:/my_git/e203_zs/prj/sys_top_bd/.Xil/Vivado-13340-Lab/coregen/system_top_mig_7series_0_0/system_top_mig_7series_0_0/user_design/rtl/axi/mig_7series_v4_2_ddr_a_upsizer.v'. Please regenerate to continue.
WARNING: [IP_Flow 19-3664] IP 'system_top_mig_7series_0_0' generated file not found 'e:/my_git/e203_zs/prj/sys_top_bd/.Xil/Vivado-13340-Lab/coregen/system_top_mig_7series_0_0/system_top_mig_7series_0_0/user_design/rtl/axi/mig_7series_v4_2_ddr_carry_and.v'. Please regenerate to continue.
WARNING: [IP_Flow 19-3664] IP 'system_top_mig_7series_0_0' generated file not found 'e:/my_git/e203_zs/prj/sys_top_bd/.Xil/Vivado-13340-Lab/coregen/system_top_mig_7series_0_0/system_top_mig_7series_0_0/user_design/rtl/axi/mig_7series_v4_2_ddr_carry_latch_and.v'. Please regenerate to continue.
WARNING: [IP_Flow 19-3664] IP 'system_top_mig_7series_0_0' generated file not found 'e:/my_git/e203_zs/prj/sys_top_bd/.Xil/Vivado-13340-Lab/coregen/system_top_mig_7series_0_0/system_top_mig_7series_0_0/user_design/rtl/axi/mig_7series_v4_2_ddr_carry_latch_or.v'. Please regenerate to continue.
WARNING: [IP_Flow 19-3664] IP 'system_top_mig_7series_0_0' generated file not found 'e:/my_git/e203_zs/prj/sys_top_bd/.Xil/Vivado-13340-Lab/coregen/system_top_mig_7series_0_0/system_top_mig_7series_0_0/user_design/rtl/axi/mig_7series_v4_2_ddr_carry_or.v'. Please regenerate to continue.
WARNING: [IP_Flow 19-3664] IP 'system_top_mig_7series_0_0' generated file not found 'e:/my_git/e203_zs/prj/sys_top_bd/.Xil/Vivado-13340-Lab/coregen/system_top_mig_7series_0_0/system_top_mig_7series_0_0/user_design/rtl/axi/mig_7series_v4_2_ddr_command_fifo.v'. Please regenerate to continue.
WARNING: [IP_Flow 19-3664] IP 'system_top_mig_7series_0_0' generated file not found 'e:/my_git/e203_zs/prj/sys_top_bd/.Xil/Vivado-13340-Lab/coregen/system_top_mig_7series_0_0/system_top_mig_7series_0_0/user_design/rtl/axi/mig_7series_v4_2_ddr_comparator.v'. Please regenerate to continue.
WARNING: [IP_Flow 19-3664] IP 'system_top_mig_7series_0_0' generated file not found 'e:/my_git/e203_zs/prj/sys_top_bd/.Xil/Vivado-13340-Lab/coregen/system_top_mig_7series_0_0/system_top_mig_7series_0_0/user_design/rtl/axi/mig_7series_v4_2_ddr_comparator_sel.v'. Please regenerate to continue.
WARNING: [IP_Flow 19-3664] IP 'system_top_mig_7series_0_0' generated file not found 'e:/my_git/e203_zs/prj/sys_top_bd/.Xil/Vivado-13340-Lab/coregen/system_top_mig_7series_0_0/system_top_mig_7series_0_0/user_design/rtl/axi/mig_7series_v4_2_ddr_comparator_sel_static.v'. Please regenerate to continue.
WARNING: [IP_Flow 19-3664] IP 'system_top_mig_7series_0_0' generated file not found 'e:/my_git/e203_zs/prj/sys_top_bd/.Xil/Vivado-13340-Lab/coregen/system_top_mig_7series_0_0/system_top_mig_7series_0_0/user_design/rtl/axi/mig_7series_v4_2_ddr_r_upsizer.v'. Please regenerate to continue.
WARNING: [IP_Flow 19-3664] IP 'system_top_mig_7series_0_0' generated file not found 'e:/my_git/e203_zs/prj/sys_top_bd/.Xil/Vivado-13340-Lab/coregen/system_top_mig_7series_0_0/system_top_mig_7series_0_0/user_design/rtl/axi/mig_7series_v4_2_ddr_w_upsizer.v'. Please regenerate to continue.
WARNING: [IP_Flow 19-3664] IP 'system_top_mig_7series_0_0' generated file not found 'e:/my_git/e203_zs/prj/sys_top_bd/.Xil/Vivado-13340-Lab/coregen/system_top_mig_7series_0_0/system_top_mig_7series_0_0/user_design/rtl/clocking/mig_7series_v4_2_clk_ibuf.v'. Please regenerate to continue.
WARNING: [IP_Flow 19-3664] IP 'system_top_mig_7series_0_0' generated file not found 'e:/my_git/e203_zs/prj/sys_top_bd/.Xil/Vivado-13340-Lab/coregen/system_top_mig_7series_0_0/system_top_mig_7series_0_0/user_design/rtl/clocking/mig_7series_v4_2_infrastructure.v'. Please regenerate to continue.
WARNING: [IP_Flow 19-3664] IP 'system_top_mig_7series_0_0' generated file not found 'e:/my_git/e203_zs/prj/sys_top_bd/.Xil/Vivado-13340-Lab/coregen/system_top_mig_7series_0_0/system_top_mig_7series_0_0/user_design/rtl/clocking/mig_7series_v4_2_iodelay_ctrl.v'. Please regenerate to continue.
WARNING: [IP_Flow 19-3664] IP 'system_top_mig_7series_0_0' generated file not found 'e:/my_git/e203_zs/prj/sys_top_bd/.Xil/Vivado-13340-Lab/coregen/system_top_mig_7series_0_0/system_top_mig_7series_0_0/user_design/rtl/clocking/mig_7series_v4_2_tempmon.v'. Please regenerate to continue.
WARNING: [IP_Flow 19-3664] IP 'system_top_mig_7series_0_0' generated file not found 'e:/my_git/e203_zs/prj/sys_top_bd/.Xil/Vivado-13340-Lab/coregen/system_top_mig_7series_0_0/system_top_mig_7series_0_0/user_design/rtl/controller/mig_7series_v4_2_arb_mux.v'. Please regenerate to continue.
WARNING: [IP_Flow 19-3664] IP 'system_top_mig_7series_0_0' generated file not found 'e:/my_git/e203_zs/prj/sys_top_bd/.Xil/Vivado-13340-Lab/coregen/system_top_mig_7series_0_0/system_top_mig_7series_0_0/user_design/rtl/controller/mig_7series_v4_2_arb_row_col.v'. Please regenerate to continue.
WARNING: [IP_Flow 19-3664] IP 'system_top_mig_7series_0_0' generated file not found 'e:/my_git/e203_zs/prj/sys_top_bd/.Xil/Vivado-13340-Lab/coregen/system_top_mig_7series_0_0/system_top_mig_7series_0_0/user_design/rtl/controller/mig_7series_v4_2_arb_select.v'. Please regenerate to continue.
WARNING: [IP_Flow 19-3664] IP 'system_top_mig_7series_0_0' generated file not found 'e:/my_git/e203_zs/prj/sys_top_bd/.Xil/Vivado-13340-Lab/coregen/system_top_mig_7series_0_0/system_top_mig_7series_0_0/user_design/rtl/controller/mig_7series_v4_2_bank_cntrl.v'. Please regenerate to continue.
WARNING: [IP_Flow 19-3664] IP 'system_top_mig_7series_0_0' generated file not found 'e:/my_git/e203_zs/prj/sys_top_bd/.Xil/Vivado-13340-Lab/coregen/system_top_mig_7series_0_0/system_top_mig_7series_0_0/user_design/rtl/controller/mig_7series_v4_2_bank_common.v'. Please regenerate to continue.
WARNING: [IP_Flow 19-3664] IP 'system_top_mig_7series_0_0' generated file not found 'e:/my_git/e203_zs/prj/sys_top_bd/.Xil/Vivado-13340-Lab/coregen/system_top_mig_7series_0_0/system_top_mig_7series_0_0/user_design/rtl/controller/mig_7series_v4_2_bank_compare.v'. Please regenerate to continue.
WARNING: [IP_Flow 19-3664] IP 'system_top_mig_7series_0_0' generated file not found 'e:/my_git/e203_zs/prj/sys_top_bd/.Xil/Vivado-13340-Lab/coregen/system_top_mig_7series_0_0/system_top_mig_7series_0_0/user_design/rtl/controller/mig_7series_v4_2_bank_mach.v'. Please regenerate to continue.
WARNING: [IP_Flow 19-3664] IP 'system_top_mig_7series_0_0' generated file not found 'e:/my_git/e203_zs/prj/sys_top_bd/.Xil/Vivado-13340-Lab/coregen/system_top_mig_7series_0_0/system_top_mig_7series_0_0/user_design/rtl/controller/mig_7series_v4_2_bank_queue.v'. Please regenerate to continue.
WARNING: [IP_Flow 19-3664] IP 'system_top_mig_7series_0_0' generated file not found 'e:/my_git/e203_zs/prj/sys_top_bd/.Xil/Vivado-13340-Lab/coregen/system_top_mig_7series_0_0/system_top_mig_7series_0_0/user_design/rtl/controller/mig_7series_v4_2_bank_state.v'. Please regenerate to continue.
WARNING: [IP_Flow 19-3664] IP 'system_top_mig_7series_0_0' generated file not found 'e:/my_git/e203_zs/prj/sys_top_bd/.Xil/Vivado-13340-Lab/coregen/system_top_mig_7series_0_0/system_top_mig_7series_0_0/user_design/rtl/controller/mig_7series_v4_2_col_mach.v'. Please regenerate to continue.
WARNING: [IP_Flow 19-3664] IP 'system_top_mig_7series_0_0' generated file not found 'e:/my_git/e203_zs/prj/sys_top_bd/.Xil/Vivado-13340-Lab/coregen/system_top_mig_7series_0_0/system_top_mig_7series_0_0/user_design/rtl/controller/mig_7series_v4_2_mc.v'. Please regenerate to continue.
WARNING: [IP_Flow 19-3664] IP 'system_top_mig_7series_0_0' generated file not found 'e:/my_git/e203_zs/prj/sys_top_bd/.Xil/Vivado-13340-Lab/coregen/system_top_mig_7series_0_0/system_top_mig_7series_0_0/user_design/rtl/controller/mig_7series_v4_2_rank_cntrl.v'. Please regenerate to continue.
WARNING: [IP_Flow 19-3664] IP 'system_top_mig_7series_0_0' generated file not found 'e:/my_git/e203_zs/prj/sys_top_bd/.Xil/Vivado-13340-Lab/coregen/system_top_mig_7series_0_0/system_top_mig_7series_0_0/user_design/rtl/controller/mig_7series_v4_2_rank_common.v'. Please regenerate to continue.
WARNING: [IP_Flow 19-3664] IP 'system_top_mig_7series_0_0' generated file not found 'e:/my_git/e203_zs/prj/sys_top_bd/.Xil/Vivado-13340-Lab/coregen/system_top_mig_7series_0_0/system_top_mig_7series_0_0/user_design/rtl/controller/mig_7series_v4_2_rank_mach.v'. Please regenerate to continue.
WARNING: [IP_Flow 19-3664] IP 'system_top_mig_7series_0_0' generated file not found 'e:/my_git/e203_zs/prj/sys_top_bd/.Xil/Vivado-13340-Lab/coregen/system_top_mig_7series_0_0/system_top_mig_7series_0_0/user_design/rtl/controller/mig_7series_v4_2_round_robin_arb.v'. Please regenerate to continue.
WARNING: [IP_Flow 19-3664] IP 'system_top_mig_7series_0_0' generated file not found 'e:/my_git/e203_zs/prj/sys_top_bd/.Xil/Vivado-13340-Lab/coregen/system_top_mig_7series_0_0/system_top_mig_7series_0_0/user_design/rtl/ecc/mig_7series_v4_2_ecc_buf.v'. Please regenerate to continue.
WARNING: [IP_Flow 19-3664] IP 'system_top_mig_7series_0_0' generated file not found 'e:/my_git/e203_zs/prj/sys_top_bd/.Xil/Vivado-13340-Lab/coregen/system_top_mig_7series_0_0/system_top_mig_7series_0_0/user_design/rtl/ecc/mig_7series_v4_2_ecc_dec_fix.v'. Please regenerate to continue.
WARNING: [IP_Flow 19-3664] IP 'system_top_mig_7series_0_0' generated file not found 'e:/my_git/e203_zs/prj/sys_top_bd/.Xil/Vivado-13340-Lab/coregen/system_top_mig_7series_0_0/system_top_mig_7series_0_0/user_design/rtl/ecc/mig_7series_v4_2_ecc_gen.v'. Please regenerate to continue.
WARNING: [IP_Flow 19-3664] IP 'system_top_mig_7series_0_0' generated file not found 'e:/my_git/e203_zs/prj/sys_top_bd/.Xil/Vivado-13340-Lab/coregen/system_top_mig_7series_0_0/system_top_mig_7series_0_0/user_design/rtl/ecc/mig_7series_v4_2_ecc_merge_enc.v'. Please regenerate to continue.
WARNING: [IP_Flow 19-3664] IP 'system_top_mig_7series_0_0' generated file not found 'e:/my_git/e203_zs/prj/sys_top_bd/.Xil/Vivado-13340-Lab/coregen/system_top_mig_7series_0_0/system_top_mig_7series_0_0/user_design/rtl/ecc/mig_7series_v4_2_fi_xor.v'. Please regenerate to continue.
WARNING: [IP_Flow 19-3664] IP 'system_top_mig_7series_0_0' generated file not found 'e:/my_git/e203_zs/prj/sys_top_bd/.Xil/Vivado-13340-Lab/coregen/system_top_mig_7series_0_0/system_top_mig_7series_0_0/user_design/rtl/ip_top/mig_7series_v4_2_memc_ui_top_axi.v'. Please regenerate to continue.
WARNING: [IP_Flow 19-3664] IP 'system_top_mig_7series_0_0' generated file not found 'e:/my_git/e203_zs/prj/sys_top_bd/.Xil/Vivado-13340-Lab/coregen/system_top_mig_7series_0_0/system_top_mig_7series_0_0/user_design/rtl/ip_top/mig_7series_v4_2_mem_intfc.v'. Please regenerate to continue.
WARNING: [IP_Flow 19-3664] IP 'system_top_mig_7series_0_0' generated file not found 'e:/my_git/e203_zs/prj/sys_top_bd/.Xil/Vivado-13340-Lab/coregen/system_top_mig_7series_0_0/system_top_mig_7series_0_0/user_design/rtl/phy/mig_7series_v4_2_ddr_byte_group_io.v'. Please regenerate to continue.
WARNING: [IP_Flow 19-3664] IP 'system_top_mig_7series_0_0' generated file not found 'e:/my_git/e203_zs/prj/sys_top_bd/.Xil/Vivado-13340-Lab/coregen/system_top_mig_7series_0_0/system_top_mig_7series_0_0/user_design/rtl/phy/mig_7series_v4_2_ddr_byte_lane.v'. Please regenerate to continue.
WARNING: [IP_Flow 19-3664] IP 'system_top_mig_7series_0_0' generated file not found 'e:/my_git/e203_zs/prj/sys_top_bd/.Xil/Vivado-13340-Lab/coregen/system_top_mig_7series_0_0/system_top_mig_7series_0_0/user_design/rtl/phy/mig_7series_v4_2_ddr_calib_top.v'. Please regenerate to continue.
WARNING: [IP_Flow 19-3664] IP 'system_top_mig_7series_0_0' generated file not found 'e:/my_git/e203_zs/prj/sys_top_bd/.Xil/Vivado-13340-Lab/coregen/system_top_mig_7series_0_0/system_top_mig_7series_0_0/user_design/rtl/phy/mig_7series_v4_2_ddr_if_post_fifo.v'. Please regenerate to continue.
WARNING: [IP_Flow 19-3664] IP 'system_top_mig_7series_0_0' generated file not found 'e:/my_git/e203_zs/prj/sys_top_bd/.Xil/Vivado-13340-Lab/coregen/system_top_mig_7series_0_0/system_top_mig_7series_0_0/user_design/rtl/phy/mig_7series_v4_2_ddr_mc_phy.v'. Please regenerate to continue.
WARNING: [IP_Flow 19-3664] IP 'system_top_mig_7series_0_0' generated file not found 'e:/my_git/e203_zs/prj/sys_top_bd/.Xil/Vivado-13340-Lab/coregen/system_top_mig_7series_0_0/system_top_mig_7series_0_0/user_design/rtl/phy/mig_7series_v4_2_ddr_mc_phy_wrapper.v'. Please regenerate to continue.
WARNING: [IP_Flow 19-3664] IP 'system_top_mig_7series_0_0' generated file not found 'e:/my_git/e203_zs/prj/sys_top_bd/.Xil/Vivado-13340-Lab/coregen/system_top_mig_7series_0_0/system_top_mig_7series_0_0/user_design/rtl/phy/mig_7series_v4_2_ddr_of_pre_fifo.v'. Please regenerate to continue.
WARNING: [IP_Flow 19-3664] IP 'system_top_mig_7series_0_0' generated file not found 'e:/my_git/e203_zs/prj/sys_top_bd/.Xil/Vivado-13340-Lab/coregen/system_top_mig_7series_0_0/system_top_mig_7series_0_0/user_design/rtl/phy/mig_7series_v4_2_ddr_phy_4lanes.v'. Please regenerate to continue.
WARNING: [IP_Flow 19-3664] IP 'system_top_mig_7series_0_0' generated file not found 'e:/my_git/e203_zs/prj/sys_top_bd/.Xil/Vivado-13340-Lab/coregen/system_top_mig_7series_0_0/system_top_mig_7series_0_0/user_design/rtl/phy/mig_7series_v4_2_ddr_phy_ck_addr_cmd_delay.v'. Please regenerate to continue.
WARNING: [IP_Flow 19-3664] IP 'system_top_mig_7series_0_0' generated file not found 'e:/my_git/e203_zs/prj/sys_top_bd/.Xil/Vivado-13340-Lab/coregen/system_top_mig_7series_0_0/system_top_mig_7series_0_0/user_design/rtl/phy/mig_7series_v4_2_ddr_phy_dqs_found_cal.v'. Please regenerate to continue.
WARNING: [IP_Flow 19-3664] IP 'system_top_mig_7series_0_0' generated file not found 'e:/my_git/e203_zs/prj/sys_top_bd/.Xil/Vivado-13340-Lab/coregen/system_top_mig_7series_0_0/system_top_mig_7series_0_0/user_design/rtl/phy/mig_7series_v4_2_ddr_phy_dqs_found_cal_hr.v'. Please regenerate to continue.
WARNING: [IP_Flow 19-3664] IP 'system_top_mig_7series_0_0' generated file not found 'e:/my_git/e203_zs/prj/sys_top_bd/.Xil/Vivado-13340-Lab/coregen/system_top_mig_7series_0_0/system_top_mig_7series_0_0/user_design/rtl/phy/mig_7series_v4_2_ddr_phy_init.v'. Please regenerate to continue.
WARNING: [IP_Flow 19-3664] IP 'system_top_mig_7series_0_0' generated file not found 'e:/my_git/e203_zs/prj/sys_top_bd/.Xil/Vivado-13340-Lab/coregen/system_top_mig_7series_0_0/system_top_mig_7series_0_0/user_design/rtl/phy/mig_7series_v4_2_ddr_phy_ocd_cntlr.v'. Please regenerate to continue.
WARNING: [IP_Flow 19-3664] IP 'system_top_mig_7series_0_0' generated file not found 'e:/my_git/e203_zs/prj/sys_top_bd/.Xil/Vivado-13340-Lab/coregen/system_top_mig_7series_0_0/system_top_mig_7series_0_0/user_design/rtl/phy/mig_7series_v4_2_ddr_phy_ocd_data.v'. Please regenerate to continue.
WARNING: [IP_Flow 19-3664] IP 'system_top_mig_7series_0_0' generated file not found 'e:/my_git/e203_zs/prj/sys_top_bd/.Xil/Vivado-13340-Lab/coregen/system_top_mig_7series_0_0/system_top_mig_7series_0_0/user_design/rtl/phy/mig_7series_v4_2_ddr_phy_ocd_edge.v'. Please regenerate to continue.
WARNING: [IP_Flow 19-3664] IP 'system_top_mig_7series_0_0' generated file not found 'e:/my_git/e203_zs/prj/sys_top_bd/.Xil/Vivado-13340-Lab/coregen/system_top_mig_7series_0_0/system_top_mig_7series_0_0/user_design/rtl/phy/mig_7series_v4_2_ddr_phy_ocd_lim.v'. Please regenerate to continue.
WARNING: [IP_Flow 19-3664] IP 'system_top_mig_7series_0_0' generated file not found 'e:/my_git/e203_zs/prj/sys_top_bd/.Xil/Vivado-13340-Lab/coregen/system_top_mig_7series_0_0/system_top_mig_7series_0_0/user_design/rtl/phy/mig_7series_v4_2_ddr_phy_ocd_mux.v'. Please regenerate to continue.
WARNING: [IP_Flow 19-3664] IP 'system_top_mig_7series_0_0' generated file not found 'e:/my_git/e203_zs/prj/sys_top_bd/.Xil/Vivado-13340-Lab/coregen/system_top_mig_7series_0_0/system_top_mig_7series_0_0/user_design/rtl/phy/mig_7series_v4_2_ddr_phy_ocd_po_cntlr.v'. Please regenerate to continue.
WARNING: [IP_Flow 19-3664] IP 'system_top_mig_7series_0_0' generated file not found 'e:/my_git/e203_zs/prj/sys_top_bd/.Xil/Vivado-13340-Lab/coregen/system_top_mig_7series_0_0/system_top_mig_7series_0_0/user_design/rtl/phy/mig_7series_v4_2_ddr_phy_ocd_samp.v'. Please regenerate to continue.
WARNING: [IP_Flow 19-3664] IP 'system_top_mig_7series_0_0' generated file not found 'e:/my_git/e203_zs/prj/sys_top_bd/.Xil/Vivado-13340-Lab/coregen/system_top_mig_7series_0_0/system_top_mig_7series_0_0/user_design/rtl/phy/mig_7series_v4_2_ddr_phy_oclkdelay_cal.v'. Please regenerate to continue.
WARNING: [IP_Flow 19-3664] IP 'system_top_mig_7series_0_0' generated file not found 'e:/my_git/e203_zs/prj/sys_top_bd/.Xil/Vivado-13340-Lab/coregen/system_top_mig_7series_0_0/system_top_mig_7series_0_0/user_design/rtl/phy/mig_7series_v4_2_ddr_phy_prbs_rdlvl.v'. Please regenerate to continue.
WARNING: [IP_Flow 19-3664] IP 'system_top_mig_7series_0_0' generated file not found 'e:/my_git/e203_zs/prj/sys_top_bd/.Xil/Vivado-13340-Lab/coregen/system_top_mig_7series_0_0/system_top_mig_7series_0_0/user_design/rtl/phy/mig_7series_v4_2_ddr_phy_rdlvl.v'. Please regenerate to continue.
WARNING: [IP_Flow 19-3664] IP 'system_top_mig_7series_0_0' generated file not found 'e:/my_git/e203_zs/prj/sys_top_bd/.Xil/Vivado-13340-Lab/coregen/system_top_mig_7series_0_0/system_top_mig_7series_0_0/user_design/rtl/phy/mig_7series_v4_2_ddr_phy_tempmon.v'. Please regenerate to continue.
WARNING: [IP_Flow 19-3664] IP 'system_top_mig_7series_0_0' generated file not found 'e:/my_git/e203_zs/prj/sys_top_bd/.Xil/Vivado-13340-Lab/coregen/system_top_mig_7series_0_0/system_top_mig_7series_0_0/user_design/rtl/phy/mig_7series_v4_2_ddr_phy_top.v'. Please regenerate to continue.
WARNING: [IP_Flow 19-3664] IP 'system_top_mig_7series_0_0' generated file not found 'e:/my_git/e203_zs/prj/sys_top_bd/.Xil/Vivado-13340-Lab/coregen/system_top_mig_7series_0_0/system_top_mig_7series_0_0/user_design/rtl/phy/mig_7series_v4_2_ddr_phy_wrcal.v'. Please regenerate to continue.
WARNING: [IP_Flow 19-3664] IP 'system_top_mig_7series_0_0' generated file not found 'e:/my_git/e203_zs/prj/sys_top_bd/.Xil/Vivado-13340-Lab/coregen/system_top_mig_7series_0_0/system_top_mig_7series_0_0/user_design/rtl/phy/mig_7series_v4_2_ddr_phy_wrlvl.v'. Please regenerate to continue.
WARNING: [IP_Flow 19-3664] IP 'system_top_mig_7series_0_0' generated file not found 'e:/my_git/e203_zs/prj/sys_top_bd/.Xil/Vivado-13340-Lab/coregen/system_top_mig_7series_0_0/system_top_mig_7series_0_0/user_design/rtl/phy/mig_7series_v4_2_ddr_phy_wrlvl_off_delay.v'. Please regenerate to continue.
WARNING: [IP_Flow 19-3664] IP 'system_top_mig_7series_0_0' generated file not found 'e:/my_git/e203_zs/prj/sys_top_bd/.Xil/Vivado-13340-Lab/coregen/system_top_mig_7series_0_0/system_top_mig_7series_0_0/user_design/rtl/phy/mig_7series_v4_2_ddr_prbs_gen.v'. Please regenerate to continue.
WARNING: [IP_Flow 19-3664] IP 'system_top_mig_7series_0_0' generated file not found 'e:/my_git/e203_zs/prj/sys_top_bd/.Xil/Vivado-13340-Lab/coregen/system_top_mig_7series_0_0/system_top_mig_7series_0_0/user_design/rtl/phy/mig_7series_v4_2_ddr_skip_calib_tap.v'. Please regenerate to continue.
WARNING: [IP_Flow 19-3664] IP 'system_top_mig_7series_0_0' generated file not found 'e:/my_git/e203_zs/prj/sys_top_bd/.Xil/Vivado-13340-Lab/coregen/system_top_mig_7series_0_0/system_top_mig_7series_0_0/user_design/rtl/phy/mig_7series_v4_2_poc_cc.v'. Please regenerate to continue.
WARNING: [IP_Flow 19-3664] IP 'system_top_mig_7series_0_0' generated file not found 'e:/my_git/e203_zs/prj/sys_top_bd/.Xil/Vivado-13340-Lab/coregen/system_top_mig_7series_0_0/system_top_mig_7series_0_0/user_design/rtl/phy/mig_7series_v4_2_poc_edge_store.v'. Please regenerate to continue.
WARNING: [IP_Flow 19-3664] IP 'system_top_mig_7series_0_0' generated file not found 'e:/my_git/e203_zs/prj/sys_top_bd/.Xil/Vivado-13340-Lab/coregen/system_top_mig_7series_0_0/system_top_mig_7series_0_0/user_design/rtl/phy/mig_7series_v4_2_poc_meta.v'. Please regenerate to continue.
WARNING: [IP_Flow 19-3664] IP 'system_top_mig_7series_0_0' generated file not found 'e:/my_git/e203_zs/prj/sys_top_bd/.Xil/Vivado-13340-Lab/coregen/system_top_mig_7series_0_0/system_top_mig_7series_0_0/user_design/rtl/phy/mig_7series_v4_2_poc_pd.v'. Please regenerate to continue.
WARNING: [IP_Flow 19-3664] IP 'system_top_mig_7series_0_0' generated file not found 'e:/my_git/e203_zs/prj/sys_top_bd/.Xil/Vivado-13340-Lab/coregen/system_top_mig_7series_0_0/system_top_mig_7series_0_0/user_design/rtl/phy/mig_7series_v4_2_poc_tap_base.v'. Please regenerate to continue.
WARNING: [IP_Flow 19-3664] IP 'system_top_mig_7series_0_0' generated file not found 'e:/my_git/e203_zs/prj/sys_top_bd/.Xil/Vivado-13340-Lab/coregen/system_top_mig_7series_0_0/system_top_mig_7series_0_0/user_design/rtl/phy/mig_7series_v4_2_poc_top.v'. Please regenerate to continue.
INFO: [Common 17-14] Message 'IP_Flow 19-3664' appears 100 times and further instances of the messages will be disabled. Use the Tcl command set_msg_config to change the current settings.
open_project: Time (s): cpu = 00:00:10 ; elapsed = 00:00:06 . Memory (MB): peak = 1142.344 ; gain = 0.000
update_compile_order -fileset sources_1
launch_runs impl_1 -jobs 16
INFO: [IP_Flow 19-4993] Using cached IP synthesis design for IP system_top_mig_7series_0_0, cache-ID = c0e3a8e59e7a213d; cache size = 66.386 MB.
[Wed Feb  5 00:29:53 2025] Launched system_top_clk_wiz_0_0_synth_1, system_top_proc_sys_reset_0_1_synth_1, system_top_proc_sys_reset_0_0_synth_1, system_top_util_vector_logic_0_0_synth_1, system_top_system_e203_0_0_synth_1, system_top_mig_7series_0_0_synth_1, synth_1...
Run output will be captured here:
system_top_clk_wiz_0_0_synth_1: E:/my_git/e203_zs/prj/sys_top_bd/sys_top_bd.runs/system_top_clk_wiz_0_0_synth_1/runme.log
system_top_proc_sys_reset_0_1_synth_1: E:/my_git/e203_zs/prj/sys_top_bd/sys_top_bd.runs/system_top_proc_sys_reset_0_1_synth_1/runme.log
system_top_proc_sys_reset_0_0_synth_1: E:/my_git/e203_zs/prj/sys_top_bd/sys_top_bd.runs/system_top_proc_sys_reset_0_0_synth_1/runme.log
system_top_util_vector_logic_0_0_synth_1: E:/my_git/e203_zs/prj/sys_top_bd/sys_top_bd.runs/system_top_util_vector_logic_0_0_synth_1/runme.log
system_top_system_e203_0_0_synth_1: E:/my_git/e203_zs/prj/sys_top_bd/sys_top_bd.runs/system_top_system_e203_0_0_synth_1/runme.log
system_top_mig_7series_0_0_synth_1: E:/my_git/e203_zs/prj/sys_top_bd/sys_top_bd.runs/system_top_mig_7series_0_0_synth_1/runme.log
synth_1: E:/my_git/e203_zs/prj/sys_top_bd/sys_top_bd.runs/synth_1/runme.log
[Wed Feb  5 00:29:53 2025] Launched impl_1...
Run output will be captured here: E:/my_git/e203_zs/prj/sys_top_bd/sys_top_bd.runs/impl_1/runme.log
open_bd_design {E:/my_git/e203_zs/prj/sys_top_bd/sys_top_bd.srcs/sources_1/bd/system_top/system_top.bd}
Reading block design file <E:/my_git/e203_zs/prj/sys_top_bd/sys_top_bd.srcs/sources_1/bd/system_top/system_top.bd>...
Adding component instance block -- xilinx.com:ip:axi_interconnect:2.1 - axi_interconnect_0
Adding component instance block -- xilinx.com:ip:axi_clock_converter:2.1 - auto_cc
Adding component instance block -- xilinx.com:ip:axi_protocol_converter:2.1 - auto_pc
Adding component instance block -- xilinx.com:ip:mig_7series:4.2 - mig_7series_0
Adding component instance block -- xilinx.com:ip:clk_wiz:6.0 - clk_wiz_0
Adding component instance block -- xilinx.com:ip:proc_sys_reset:5.0 - proc_sys_reset_1
Adding component instance block -- xilinx.com:ip:proc_sys_reset:5.0 - proc_sys_reset_0
Adding component instance block -- xilinx.com:ip:util_vector_logic:2.0 - util_vector_logic_0
Adding component instance block -- xilinx.com:user:system_e203:2.1 - system_e203_0
Successfully read diagram <system_top> from block design file <E:/my_git/e203_zs/prj/sys_top_bd/sys_top_bd.srcs/sources_1/bd/system_top/system_top.bd>
delete_bd_objs [get_bd_intf_nets mig_7series_0_DDR3] [get_bd_intf_nets axi_interconnect_0_M00_AXI] [get_bd_nets clk_wiz_0_clk_out1] [get_bd_nets mig_7series_0_ui_clk_sync_rst] [get_bd_nets mig_7series_0_mmcm_locked] [get_bd_cells mig_7series_0]
startgroup
create_bd_cell -type ip -vlnv xilinx.com:ip:mig_7series:4.2 mig_7series_0
endgroup
set_property -name {CONFIG.XML_INPUT_FILE} -value  {mig_a.prj} -objects [get_bd_cells mig_7series_0]
mig_a.prj
set_property -name {CONFIG.RESET_BOARD_INTERFACE} -value  {Custom} -objects [get_bd_cells mig_7series_0]
Custom
set_property -name {CONFIG.MIG_DONT_TOUCH_PARAM} -value  {Custom} -objects [get_bd_cells mig_7series_0]
Custom
set_property -name {CONFIG.BOARD_MIG_PARAM} -value  {Custom} -objects [get_bd_cells mig_7series_0]
Custom
set_property location {5.5 2293 187} [get_bd_cells mig_7series_0]
set_property location {2482 152} [get_bd_intf_ports DDR3]
connect_bd_intf_net [get_bd_intf_ports DDR3] [get_bd_intf_pins mig_7series_0/DDR3]
connect_bd_net [get_bd_pins axi_interconnect_0/M00_ACLK] [get_bd_pins mig_7series_0/clk_ref_i]
connect_bd_net [get_bd_pins mig_7series_0/sys_clk_i] [get_bd_pins proc_sys_reset_1/slowest_sync_clk]
connect_bd_net [get_bd_pins mig_7series_0/sys_rst] [get_bd_pins util_vector_logic_0/Res]
set_property location {4 1578 524} [get_bd_cells mig_7series_0]
connect_bd_net [get_bd_pins mig_7series_0/ui_clk] [get_bd_pins proc_sys_reset_1/slowest_sync_clk]
connect_bd_net [get_bd_pins proc_sys_reset_1/ext_reset_in] [get_bd_pins mig_7series_0/ui_clk_sync_rst]
connect_bd_net [get_bd_pins mig_7series_0/mmcm_locked] [get_bd_pins proc_sys_reset_1/dcm_locked]
connect_bd_intf_net -boundary_type upper [get_bd_intf_pins axi_interconnect_0/M00_AXI] [get_bd_intf_pins mig_7series_0/S_AXI]
connect_bd_net [get_bd_pins proc_sys_reset_1/peripheral_aresetn] [get_bd_pins mig_7series_0/aresetn]
validate_bd_design
CRITICAL WARNING: [BD 41-1356] Slave segment </mig_7series_0/memmap/memaddr> is not assigned into address space </system_e203_0/expl_axi>. Please use Address Editor to either assign or exclude it.
INFO: [xilinx.com:ip:clk_wiz:6.0-1] /clk_wiz_0 clk_wiz propagate
assign_bd_address -target_address_space /system_e203_0/expl_axi [get_bd_addr_segs mig_7series_0/memmap/memaddr] -force
Slave segment '/mig_7series_0/memmap/memaddr' is being assigned into address space '/system_e203_0/expl_axi' at <0x8000_0000 [ 256M ]>.
set_property offset 0x40000000 [get_bd_addr_segs {system_e203_0/expl_axi/SEG_mig_7series_0_memaddr}]
validate_bd_design
INFO: [xilinx.com:ip:clk_wiz:6.0-1] /clk_wiz_0 clk_wiz propagate
reset_run synth_1
save_bd_design
Wrote  : <E:\my_git\e203_zs\prj\sys_top_bd\sys_top_bd.srcs\sources_1\bd\system_top\system_top.bd> 
Wrote  : <E:/my_git/e203_zs/prj/sys_top_bd/sys_top_bd.srcs/sources_1/bd/system_top/ui/bd_9edf8fa5.ui> 
launch_runs impl_1 -jobs 16
INFO: [BD 41-1662] The design 'system_top.bd' is already validated. Therefore parameter propagation will not be re-run.
Wrote  : <E:/my_git/e203_zs/prj/sys_top_bd/sys_top_bd.srcs/sources_1/bd/system_top/ui/bd_9edf8fa5.ui> 
VHDL Output written to : e:/my_git/e203_zs/prj/sys_top_bd/sys_top_bd.gen/sources_1/bd/system_top/synth/system_top.v
VHDL Output written to : e:/my_git/e203_zs/prj/sys_top_bd/sys_top_bd.gen/sources_1/bd/system_top/sim/system_top.v
VHDL Output written to : e:/my_git/e203_zs/prj/sys_top_bd/sys_top_bd.gen/sources_1/bd/system_top/hdl/system_top_wrapper.v
WARNING: [IP_Flow 19-4994] Overwriting existing constraint file 'e:/my_git/e203_zs/prj/sys_top_bd/sys_top_bd.gen/sources_1/bd/system_top/ip/system_top_auto_cc_0/system_top_auto_cc_0_ooc.xdc'
WARNING: [IP_Flow 19-5611] Unable to find an associated reset port for the interface 'S_AXI'. A default connection has been created.
WARNING: [IP_Flow 19-5611] Unable to find an associated reset port for the interface 'M_AXI'. A default connection has been created.
INFO: [BD 41-1029] Generation completed for the IP Integrator block axi_interconnect_0/s00_couplers/auto_cc .
WARNING: [IP_Flow 19-4994] Overwriting existing constraint file 'e:/my_git/e203_zs/prj/sys_top_bd/sys_top_bd.gen/sources_1/bd/system_top/ip/system_top_auto_pc_0/system_top_auto_pc_0_ooc.xdc'
INFO: [BD 41-1029] Generation completed for the IP Integrator block axi_interconnect_0/s00_couplers/auto_pc .
INFO: [BD 41-1029] Generation completed for the IP Integrator block mig_7series_0 .
Exporting to file e:/my_git/e203_zs/prj/sys_top_bd/sys_top_bd.gen/sources_1/bd/system_top/hw_handoff/system_top.hwh
Generated Block Design Tcl file e:/my_git/e203_zs/prj/sys_top_bd/sys_top_bd.gen/sources_1/bd/system_top/hw_handoff/system_top_bd.tcl
Generated Hardware Definition File e:/my_git/e203_zs/prj/sys_top_bd/sys_top_bd.gen/sources_1/bd/system_top/synth/system_top.hwdef
INFO: [IP_Flow 19-7066] Running IP cache check for IP system_top_auto_cc_0
INFO: [IP_Flow 19-7066] Running IP cache check for IP system_top_auto_pc_0
INFO: [IP_Flow 19-7066] Running IP cache check for IP system_top_mig_7series_0_1
INFO: [IP_Flow 19-4993] Using cached IP synthesis design for IP system_top_auto_cc_0, cache-ID = efe00a9a0575bdea; cache size = 66.386 MB.
INFO: [IP_Flow 19-4993] Using cached IP synthesis design for IP system_top_auto_pc_0, cache-ID = 9ae0e27e72a50df3; cache size = 66.386 MB.
[Wed Feb  5 00:57:27 2025] Launched system_top_mig_7series_0_1_synth_1, synth_1...
Run output will be captured here:
system_top_mig_7series_0_1_synth_1: E:/my_git/e203_zs/prj/sys_top_bd/sys_top_bd.runs/system_top_mig_7series_0_1_synth_1/runme.log
synth_1: E:/my_git/e203_zs/prj/sys_top_bd/sys_top_bd.runs/synth_1/runme.log
[Wed Feb  5 00:57:27 2025] Launched impl_1...
Run output will be captured here: E:/my_git/e203_zs/prj/sys_top_bd/sys_top_bd.runs/impl_1/runme.log
launch_runs: Time (s): cpu = 00:00:18 ; elapsed = 00:00:22 . Memory (MB): peak = 2219.945 ; gain = 495.703
launch_runs impl_1 -to_step write_bitstream -jobs 16
[Wed Feb  5 01:05:00 2025] Launched impl_1...
Run output will be captured here: E:/my_git/e203_zs/prj/sys_top_bd/sys_top_bd.runs/impl_1/runme.log
open_hw_manager
open_bd_design {E:/my_git/e203_zs/prj/sys_top_bd/sys_top_bd.srcs/sources_1/bd/system_top/system_top.bd}
connect_hw_server -allow_non_jtag
INFO: [Labtools 27-2285] Connecting to hw_server url TCP:localhost:3121
INFO: [Labtools 27-2222] Launching hw_server...
INFO: [Labtools 27-2221] Launch Output:

****** Xilinx hw_server v2020.2
  **** Build date : Nov 18 2020 at 10:01:48
    ** Copyright 1986-2020 Xilinx, Inc. All Rights Reserved.


INFO: [Labtools 27-3415] Connecting to cs_server url TCP:localhost:3042
INFO: [Labtools 27-3417] Launching cs_server...
INFO: [Labtools 27-2221] Launch Output:


******** Xilinx cs_server v2020.2
  ****** Build date   : Nov 04 2020-05:02:56
    **** Build number : 2020.2.1604437376
      ** Copyright 2017-2020 Xilinx, Inc. All Rights Reserved.



connect_hw_server: Time (s): cpu = 00:00:01 ; elapsed = 00:00:13 . Memory (MB): peak = 2253.820 ; gain = 8.797
open_hw_target
INFO: [Labtoolstcl 44-466] Opening hw_target localhost:3121/xilinx_tcf/Digilent/210251A08870
open_hw_target: Time (s): cpu = 00:00:04 ; elapsed = 00:00:05 . Memory (MB): peak = 3827.523 ; gain = 1573.703
set_property PROGRAM.FILE {E:/my_git/e203_zs/prj/sys_top_bd/sys_top_bd.runs/impl_1/system_top_wrapper.bit} [get_hw_devices xc7a200t_0]
current_hw_device [get_hw_devices xc7a200t_0]
refresh_hw_device -update_hw_probes false [lindex [get_hw_devices xc7a200t_0] 0]
INFO: [Labtools 27-1434] Device xc7a200t (JTAG device index = 0) is programmed with a design that has no supported debug core(s) in it.
set_property PROBES.FILE {} [get_hw_devices xc7a200t_0]
set_property FULL_PROBES.FILE {} [get_hw_devices xc7a200t_0]
set_property PROGRAM.FILE {E:/my_git/e203_zs/prj/sys_top_bd/sys_top_bd.runs/impl_1/system_top_wrapper.bit} [get_hw_devices xc7a200t_0]
program_hw_devices [get_hw_devices xc7a200t_0]
INFO: [Labtools 27-3164] End of startup status: HIGH
program_hw_devices: Time (s): cpu = 00:00:05 ; elapsed = 00:00:06 . Memory (MB): peak = 3862.391 ; gain = 0.000
refresh_hw_device [lindex [get_hw_devices xc7a200t_0] 0]
INFO: [Labtools 27-1434] Device xc7a200t (JTAG device index = 0) is programmed with a design that has no supported debug core(s) in it.
ERROR: [Labtoolstcl 44-513] HW Target shutdown. Closing target: localhost:3121/xilinx_tcf/Digilent/210251A08870
disconnect_hw_server localhost:3121
connect_hw_server -allow_non_jtag
INFO: [Labtools 27-2285] Connecting to hw_server url TCP:localhost:3121
INFO: [Labtools 27-3415] Connecting to cs_server url TCP:localhost:3042
INFO: [Labtools 27-3417] Launching cs_server...
INFO: [Labtools 27-2221] Launch Output:


******** Xilinx cs_server v2020.2
  ****** Build date   : Nov 04 2020-05:02:56
    **** Build number : 2020.2.1604437376
      ** Copyright 2017-2020 Xilinx, Inc. All Rights Reserved.



connect_hw_server: Time (s): cpu = 00:00:01 ; elapsed = 00:00:32 . Memory (MB): peak = 3869.352 ; gain = 0.000
open_hw_target
INFO: [Labtoolstcl 44-466] Opening hw_target localhost:3121/xilinx_tcf/Digilent/210251A08870
ERROR: [Labtools 27-2269] No devices detected on target localhost:3121/xilinx_tcf/Digilent/210251A08870.
Check cable connectivity and that the target board is powered up then
use the disconnect_hw_server and connect_hw_server to re-register this hardware target.
ERROR: [Common 17-39] 'open_hw_target' failed due to earlier errors.
ERROR: [Labtoolstcl 44-513] HW Target shutdown. Closing target: localhost:3121/xilinx_tcf/Digilent/210251A08870
disconnect_hw_server localhost:3121
connect_hw_server -allow_non_jtag
INFO: [Labtools 27-2285] Connecting to hw_server url TCP:localhost:3121
INFO: [Labtools 27-3415] Connecting to cs_server url TCP:localhost:3042
INFO: [Labtools 27-3414] Connected to existing cs_server.
ERROR: [Labtoolstcl 44-494] There is no active target available for server at localhost.
 Targets(s) ", jsn-JTAG-SMT2-210251A08870" may be locked by another hw_server.
disconnect_hw_server localhost:3121
connect_hw_server -allow_non_jtag
INFO: [Labtools 27-2285] Connecting to hw_server url TCP:localhost:3121
INFO: [Labtools 27-3415] Connecting to cs_server url TCP:localhost:3042
INFO: [Labtools 27-3414] Connected to existing cs_server.
ERROR: [Labtoolstcl 44-494] There is no active target available for server at localhost.
 Targets(s) ", jsn-JTAG-SMT2-210251A08870" may be locked by another hw_server.
disconnect_hw_server localhost:3121
connect_hw_server -allow_non_jtag
INFO: [Labtools 27-2285] Connecting to hw_server url TCP:localhost:3121
INFO: [Labtools 27-3415] Connecting to cs_server url TCP:localhost:3042
INFO: [Labtools 27-3414] Connected to existing cs_server.
open_hw_target
INFO: [Labtoolstcl 44-466] Opening hw_target localhost:3121/xilinx_tcf/Digilent/210251A08870
set_property PROGRAM.FILE {E:/my_git/e203_zs/prj/sys_top_bd/sys_top_bd.runs/impl_1/system_top_wrapper.bit} [get_hw_devices xc7a200t_0]
current_hw_device [get_hw_devices xc7a200t_0]
refresh_hw_device -update_hw_probes false [lindex [get_hw_devices xc7a200t_0] 0]
INFO: [Labtools 27-1434] Device xc7a200t (JTAG device index = 0) is programmed with a design that has no supported debug core(s) in it.
set_property PROBES.FILE {} [get_hw_devices xc7a200t_0]
set_property FULL_PROBES.FILE {} [get_hw_devices xc7a200t_0]
set_property PROGRAM.FILE {E:/my_git/e203_zs/prj/sys_top_bd/sys_top_bd.runs/impl_1/system_top_wrapper.bit} [get_hw_devices xc7a200t_0]
program_hw_devices [get_hw_devices xc7a200t_0]
INFO: [Labtools 27-3164] End of startup status: HIGH
program_hw_devices: Time (s): cpu = 00:00:07 ; elapsed = 00:00:06 . Memory (MB): peak = 3897.414 ; gain = 0.000
refresh_hw_device [lindex [get_hw_devices xc7a200t_0] 0]
INFO: [Labtools 27-1434] Device xc7a200t (JTAG device index = 0) is programmed with a design that has no supported debug core(s) in it.
open_bd_design {E:/my_git/e203_zs/prj/sys_top_bd/sys_top_bd.srcs/sources_1/bd/system_top/system_top.bd}
set_property location {2 437 810} [get_bd_cells clk_wiz_0]
disconnect_bd_net /mig_7series_0_ui_clk [get_bd_pins mig_7series_0/clk_ref_i]
disconnect_bd_net /mig_7series_0_ui_clk [get_bd_pins mig_7series_0/sys_clk_i]
connect_bd_net [get_bd_pins mig_7series_0/clk_ref_i] [get_bd_pins mig_7series_0/sys_clk_i]
connect_bd_net [get_bd_pins clk_wiz_0/clk_out1] [get_bd_pins mig_7series_0/clk_ref_i]
save_bd_design
Wrote  : <E:\my_git\e203_zs\prj\sys_top_bd\sys_top_bd.srcs\sources_1\bd\system_top\system_top.bd> 
Wrote  : <E:/my_git/e203_zs/prj/sys_top_bd/sys_top_bd.srcs/sources_1/bd/system_top/ui/bd_9edf8fa5.ui> 
validate_bd_design
INFO: [xilinx.com:ip:clk_wiz:6.0-1] /clk_wiz_0 clk_wiz propagate
reset_run synth_1
save_bd_design
Wrote  : <E:\my_git\e203_zs\prj\sys_top_bd\sys_top_bd.srcs\sources_1\bd\system_top\system_top.bd> 
launch_runs impl_1 -jobs 16
INFO: [BD 41-1662] The design 'system_top.bd' is already validated. Therefore parameter propagation will not be re-run.
VHDL Output written to : e:/my_git/e203_zs/prj/sys_top_bd/sys_top_bd.gen/sources_1/bd/system_top/synth/system_top.v
VHDL Output written to : e:/my_git/e203_zs/prj/sys_top_bd/sys_top_bd.gen/sources_1/bd/system_top/sim/system_top.v
VHDL Output written to : e:/my_git/e203_zs/prj/sys_top_bd/sys_top_bd.gen/sources_1/bd/system_top/hdl/system_top_wrapper.v
WARNING: [IP_Flow 19-4994] Overwriting existing constraint file 'e:/my_git/e203_zs/prj/sys_top_bd/sys_top_bd.gen/sources_1/bd/system_top/ip/system_top_auto_cc_0/system_top_auto_cc_0_ooc.xdc'
WARNING: [IP_Flow 19-5611] Unable to find an associated reset port for the interface 'S_AXI'. A default connection has been created.
WARNING: [IP_Flow 19-5611] Unable to find an associated reset port for the interface 'M_AXI'. A default connection has been created.
INFO: [BD 41-1029] Generation completed for the IP Integrator block axi_interconnect_0/s00_couplers/auto_cc .
WARNING: [IP_Flow 19-4994] Overwriting existing constraint file 'e:/my_git/e203_zs/prj/sys_top_bd/sys_top_bd.gen/sources_1/bd/system_top/ip/system_top_auto_pc_0/system_top_auto_pc_0_ooc.xdc'
INFO: [BD 41-1029] Generation completed for the IP Integrator block axi_interconnect_0/s00_couplers/auto_pc .
Exporting to file e:/my_git/e203_zs/prj/sys_top_bd/sys_top_bd.gen/sources_1/bd/system_top/hw_handoff/system_top.hwh
Generated Block Design Tcl file e:/my_git/e203_zs/prj/sys_top_bd/sys_top_bd.gen/sources_1/bd/system_top/hw_handoff/system_top_bd.tcl
Generated Hardware Definition File e:/my_git/e203_zs/prj/sys_top_bd/sys_top_bd.gen/sources_1/bd/system_top/synth/system_top.hwdef
INFO: [IP_Flow 19-7066] Running IP cache check for IP system_top_auto_cc_0
INFO: [IP_Flow 19-7066] Running IP cache check for IP system_top_auto_pc_0
INFO: [IP_Flow 19-4993] Using cached IP synthesis design for IP system_top_auto_cc_0, cache-ID = efe00a9a0575bdea; cache size = 81.812 MB.
INFO: [IP_Flow 19-4993] Using cached IP synthesis design for IP system_top_auto_pc_0, cache-ID = 9ae0e27e72a50df3; cache size = 81.812 MB.
[Wed Feb  5 01:26:50 2025] Launched synth_1...
Run output will be captured here: E:/my_git/e203_zs/prj/sys_top_bd/sys_top_bd.runs/synth_1/runme.log
[Wed Feb  5 01:26:50 2025] Launched impl_1...
Run output will be captured here: E:/my_git/e203_zs/prj/sys_top_bd/sys_top_bd.runs/impl_1/runme.log
set_property location {1 90 340} [get_bd_cells util_vector_logic_0]
set_property location {2 447 331} [get_bd_cells system_e203_0]
set_property location {2 441 576} [get_bd_cells clk_wiz_0]
launch_runs impl_1 -to_step write_bitstream -jobs 16
[Wed Feb  5 01:32:04 2025] Launched impl_1...
Run output will be captured here: E:/my_git/e203_zs/prj/sys_top_bd/sys_top_bd.runs/impl_1/runme.log
set_property PROBES.FILE {} [get_hw_devices xc7a200t_0]
set_property FULL_PROBES.FILE {} [get_hw_devices xc7a200t_0]
set_property PROGRAM.FILE {E:/my_git/e203_zs/prj/sys_top_bd/sys_top_bd.runs/impl_1/system_top_wrapper.bit} [get_hw_devices xc7a200t_0]
program_hw_devices [get_hw_devices xc7a200t_0]
INFO: [Labtools 27-3164] End of startup status: HIGH
program_hw_devices: Time (s): cpu = 00:00:06 ; elapsed = 00:00:06 . Memory (MB): peak = 3912.641 ; gain = 0.000
refresh_hw_device [lindex [get_hw_devices xc7a200t_0] 0]
INFO: [Labtools 27-1434] Device xc7a200t (JTAG device index = 0) is programmed with a design that has no supported debug core(s) in it.
exit
INFO: [Common 17-206] Exiting Vivado at Wed Feb  5 01:35:02 2025...
