#-----------------------------------------------------------
# Vivado v2020.2 (64-bit)
# SW Build 3064766 on Wed Nov 18 09:12:47 MST 2020
# IP Build 3064653 on Wed Nov 18 14:17:31 MST 2020
# Start of session at: Thu Feb  6 13:18:50 2025
# Process ID: 3242
# Current directory: /home/oppenyes/vmshare/my_git/e203_zs/prj/sys_top_bd
# Command line: vivado
# Log file: /home/oppenyes/vmshare/my_git/e203_zs/prj/sys_top_bd/vivado.log
# Journal file: /home/oppenyes/vmshare/my_git/e203_zs/prj/sys_top_bd/vivado.jou
#-----------------------------------------------------------
start_gui
open_project /home/oppenyes/vmshare/my_git/e203_zs/prj/sys_top_bd/sys_top_bd.xpr
update_compile_order -fileset sources_1
open_bd_design {/home/oppenyes/vmshare/my_git/e203_zs/prj/sys_top_bd/sys_top_bd.srcs/sources_1/bd/system_top/system_top.bd}
set_property location {3 925 211} [get_bd_cells proc_sys_reset_0]
set_property location {3 939 441} [get_bd_cells rst_clk_wiz_0_200M]
set_property location {3 925 622} [get_bd_cells proc_sys_reset_1]
set_property location {3 943 243} [get_bd_cells proc_sys_reset_0]
