#-----------------------------------------------------------
# Vivado v2020.2 (64-bit)
# SW Build 3064766 on Wed Nov 18 09:12:47 MST 2020
# IP Build 3064653 on Wed Nov 18 14:17:31 MST 2020
# Start of session at: Thu Feb 13 01:20:23 2025
# Process ID: 544878
# Current directory: /home/oppenyes/workspace/my_git/e203_zs/prj/sys_top_bd
# Command line: vivado
# Log file: /home/oppenyes/workspace/my_git/e203_zs/prj/sys_top_bd/vivado.log
# Journal file: /home/oppenyes/workspace/my_git/e203_zs/prj/sys_top_bd/vivado.jou
#-----------------------------------------------------------
start_gui
open_project /home/oppenyes/workspace/my_git/e203_zs/prj/sys_top_bd/sys_top_bd.xpr
update_compile_order -fileset sources_1
open_bd_design {/home/oppenyes/workspace/my_git/e203_zs/prj/sys_top_bd/sys_top_bd.srcs/sources_1/bd/system_top/system_top.bd}
copy_bd_objs /  [get_bd_cells {axi_gpio_0}]
set_property -dict [list CONFIG.C_GPIO_WIDTH {1} CONFIG.C_IS_DUAL {0}] [get_bd_cells axi_gpio_1]
set_property location {5 1395 410} [get_bd_cells axi_gpio_1]
startgroup
set_property -dict [list CONFIG.C_IS_DUAL {0} CONFIG.C_INTERRUPT_PRESENT {0}] [get_bd_cells axi_gpio_0]
endgroup
delete_bd_objs [get_bd_nets axi_gpio_0_ip2intc_irpt] [get_bd_intf_nets axi_gpio_0_GPIO2] [get_bd_cells system_ila_0]
set_property location {1644 419} [get_bd_intf_ports BTN1_1_C_AA6]
connect_bd_intf_net [get_bd_intf_ports BTN1_1_C_AA6] [get_bd_intf_pins axi_gpio_1/GPIO]
connect_bd_net [get_bd_pins system_e203_0/user_irq_0] [get_bd_pins axi_gpio_1/ip2intc_irpt]
startgroup
set_property -dict [list CONFIG.NUM_MI {3}] [get_bd_cells axi_interconnect_0]
endgroup
connect_bd_intf_net [get_bd_intf_pins axi_gpio_1/S_AXI] -boundary_type upper [get_bd_intf_pins axi_interconnect_0/M02_AXI]
connect_bd_net [get_bd_pins axi_gpio_1/s_axi_aclk] [get_bd_pins clk_wiz_0/clk_out2]
connect_bd_net [get_bd_pins axi_gpio_1/s_axi_aresetn] [get_bd_pins proc_sys_reset_16M/peripheral_aresetn]
validate_bd_design
connect_bd_net [get_bd_pins axi_interconnect_0/M02_ARESETN] [get_bd_pins proc_sys_reset_16M/interconnect_aresetn]
connect_bd_net [get_bd_pins axi_interconnect_0/M02_ACLK] [get_bd_pins clk_wiz_0/clk_out2]
validate_bd_design
assign_bd_address -target_address_space /system_e203_0/expl_axi [get_bd_addr_segs axi_gpio_1/S_AXI/Reg] -force
set_property HDL_ATTRIBUTE.DEBUG true [get_bd_nets {axi_gpio_1_ip2intc_irpt }]
set_property HDL_ATTRIBUTE.DEBUG true [get_bd_intf_nets {axi_gpio_1_GPIO}]
startgroup
apply_bd_automation -rule xilinx.com:bd_rule:debug -dict [list \
                                                          [get_bd_intf_nets axi_gpio_1_GPIO] {NON_AXI_SIGNALS "Data and Trigger" CLK_SRC "/clk_wiz_0/clk_out2" SYSTEM_ILA "Auto" } \
                                                          [get_bd_nets axi_gpio_1_ip2intc_irpt] {PROBE_TYPE "Data and Trigger" CLK_SRC "/clk_wiz_0/clk_out2" SYSTEM_ILA "Auto" } \
                                                         ]
endgroup
save_bd_design
reset_run synth_1
reset_run system_top_axi_gpio_0_0_synth_1
launch_runs impl_1 -to_step write_bitstream -jobs 8
wait_on_run impl_1
disconnect_bd_net /clk_wiz_0_clk_out2 [get_bd_pins system_ila_0/clk]
connect_bd_net [get_bd_pins system_ila_0/clk] [get_bd_pins clk_wiz_0/clk_out1]
save_bd_design
reset_run synth_1
launch_runs impl_1 -to_step write_bitstream -jobs 8
wait_on_run impl_1
