#-----------------------------------------------------------
# Vivado v2020.2 (64-bit)
# SW Build 3064766 on Wed Nov 18 09:12:45 MST 2020
# IP Build 3064653 on Wed Nov 18 14:17:31 MST 2020
# Start of session at: Wed Feb  5 01:44:22 2025
# Process ID: 4928
# Current directory: C:/Users/Zhangshi/Desktop/my_git/e203_zs/prj/sys_top_bd
# Command line: vivado.exe -gui_launcher_event rodinguilauncherevent7808 C:\Users\Zhangshi\Desktop\my_git\e203_zs\prj\sys_top_bd\sys_top_bd.xpr
# Log file: C:/Users/Zhangshi/Desktop/my_git/e203_zs/prj/sys_top_bd/vivado.log
# Journal file: C:/Users/Zhangshi/Desktop/my_git/e203_zs/prj/sys_top_bd\vivado.jou
#-----------------------------------------------------------
start_gui
open_project C:/Users/Zhangshi/Desktop/my_git/e203_zs/prj/sys_top_bd/sys_top_bd.xpr
update_compile_order -fileset sources_1
open_hw_manager
connect_hw_server -allow_non_jtag
open_hw_target
set_property PROGRAM.FILE {C:/Users/Zhangshi/Desktop/my_git/e203_zs/prj/sys_top_bd/sys_top_bd.runs/impl_1/system_top_wrapper.bit} [get_hw_devices xc7a200t_0]
current_hw_device [get_hw_devices xc7a200t_0]
refresh_hw_device -update_hw_probes false [lindex [get_hw_devices xc7a200t_0] 0]
set_property PROBES.FILE {} [get_hw_devices xc7a200t_0]
set_property FULL_PROBES.FILE {} [get_hw_devices xc7a200t_0]
set_property PROGRAM.FILE {C:/Users/Zhangshi/Desktop/my_git/e203_zs/prj/sys_top_bd/sys_top_bd.runs/impl_1/system_top_wrapper.bit} [get_hw_devices xc7a200t_0]
program_hw_devices [get_hw_devices xc7a200t_0]
refresh_hw_device [lindex [get_hw_devices xc7a200t_0] 0]
