#-----------------------------------------------------------
# Vivado v2020.2 (64-bit)
# SW Build 3064766 on Wed Nov 18 09:12:47 MST 2020
# IP Build 3064653 on Wed Nov 18 14:17:31 MST 2020
# Start of session at: Thu Feb  6 13:18:50 2025
# Process ID: 3242
# Current directory: /home/oppenyes/vmshare/my_git/e203_zs/prj/sys_top_bd
# Command line: vivado
# Log file: /home/oppenyes/vmshare/my_git/e203_zs/prj/sys_top_bd/vivado.log
# Journal file: /home/oppenyes/vmshare/my_git/e203_zs/prj/sys_top_bd/vivado.jou
#-----------------------------------------------------------
Sourcing tcl script '/tools/Xilinx/Vivado/2020.2/scripts/Vivado_init.tcl'
start_gui
open_project /home/oppenyes/vmshare/my_git/e203_zs/prj/sys_top_bd/sys_top_bd.xpr
INFO: [Project 1-313] Project file moved from '/home/oppenyes/workspace/my_git/e203_zs/prj/sys_top_bd' since last save.
WARNING: [BD 41-2576] File '/home/oppenyes/vmshare/my_git/e203_zs/prj/sys_top_bd/sys_top_bd.srcs/sources_1/bd/system_top/ip/system_top_auto_pc_1/system_top_auto_pc_1.xci' referenced by design 'system_top' could not be found.
WARNING: [BD 41-2576] File '/home/oppenyes/vmshare/my_git/e203_zs/prj/sys_top_bd/sys_top_bd.srcs/sources_1/bd/system_top/ip/system_top_auto_cc_0_1/system_top_auto_cc_0.xci' referenced by design 'system_top' could not be found.
WARNING: [BD 41-2576] File '/home/oppenyes/vmshare/my_git/e203_zs/prj/sys_top_bd/sys_top_bd.srcs/sources_1/bd/system_top/ip/system_top_auto_cc_1/system_top_auto_cc_1.xci' referenced by design 'system_top' could not be found.
WARNING: [BD 41-2576] File '/home/oppenyes/vmshare/my_git/e203_zs/prj/sys_top_bd/sys_top_bd.srcs/sources_1/bd/system_top/ip/system_top_auto_pc_0_1/system_top_auto_pc_0.xci' referenced by design 'system_top' could not be found.
Scanning sources...
Finished scanning sources
INFO: [IP_Flow 19-234] Refreshing IP repositories
INFO: [IP_Flow 19-1700] Loaded user IP repository '/home/oppenyes/vmshare/my_git/e203_zs/user_ip'.
INFO: [IP_Flow 19-2313] Loaded Vivado IP repository '/tools/Xilinx/Vivado/2020.2/data/ip'.
INFO: [IP_Flow 19-3899] Cannot get the environment domain name variable for the component vendor name. Setting the vendor name to 'user.org'.
open_project: Time (s): cpu = 00:00:12 ; elapsed = 00:00:06 . Memory (MB): peak = 7300.094 ; gain = 67.023 ; free physical = 11298 ; free virtual = 17670
update_compile_order -fileset sources_1
open_bd_design {/home/oppenyes/vmshare/my_git/e203_zs/prj/sys_top_bd/sys_top_bd.srcs/sources_1/bd/system_top/system_top.bd}
Reading block design file </home/oppenyes/vmshare/my_git/e203_zs/prj/sys_top_bd/sys_top_bd.srcs/sources_1/bd/system_top/system_top.bd>...
Adding component instance block -- xilinx.com:ip:axi_interconnect:2.1 - axi_interconnect_0
Adding component instance block -- xilinx.com:ip:axi_crossbar:2.1 - xbar
Adding component instance block -- xilinx.com:ip:axi_protocol_converter:2.1 - auto_pc
INFO: [BD 41-434] Could not find an IP with XCI file by name: system_top_auto_pc_1 
Adding component instance block -- xilinx.com:ip:axi_clock_converter:2.1 - auto_cc
INFO: [BD 41-434] Could not find an IP with XCI file by name: system_top_auto_cc_0 
Adding component instance block -- xilinx.com:ip:axi_clock_converter:2.1 - auto_cc
INFO: [BD 41-434] Could not find an IP with XCI file by name: system_top_auto_cc_1 
Adding component instance block -- xilinx.com:ip:axi_protocol_converter:2.1 - auto_pc
Adding component instance block -- xilinx.com:ip:clk_wiz:6.0 - clk_wiz_0
Adding component instance block -- xilinx.com:ip:proc_sys_reset:5.0 - proc_sys_reset_1
Adding component instance block -- xilinx.com:ip:proc_sys_reset:5.0 - proc_sys_reset_0
Adding component instance block -- xilinx.com:ip:util_vector_logic:2.0 - util_vector_logic_0
Adding component instance block -- xilinx.com:user:system_e203:2.1 - system_e203_0
Adding component instance block -- xilinx.com:ip:mig_7series:4.2 - mig_7series_0
Adding component instance block -- xilinx.com:ip:util_vector_logic:2.0 - util_vector_logic_1
Adding component instance block -- xilinx.com:ip:axi_gpio:2.0 - axi_gpio_0
Adding component instance block -- xilinx.com:ip:proc_sys_reset:5.0 - rst_clk_wiz_0_200M
Successfully read diagram <system_top> from block design file </home/oppenyes/vmshare/my_git/e203_zs/prj/sys_top_bd/sys_top_bd.srcs/sources_1/bd/system_top/system_top.bd>
INFO: [BD 41-433] 
Design successfully migrated to use XCI files...
set_property location {3 925 211} [get_bd_cells proc_sys_reset_0]
set_property location {3 939 441} [get_bd_cells rst_clk_wiz_0_200M]
set_property location {3 925 622} [get_bd_cells proc_sys_reset_1]
set_property location {3 943 243} [get_bd_cells proc_sys_reset_0]
exit
INFO: [Common 17-206] Exiting Vivado at Thu Feb  6 13:20:03 2025...
